 hvh

 Timestamp is 5eb695fc (Sat May  9 14:37:32 2020)

 Preferred load address is 10000000

 Start         Length     Name                   Class
 0001:00000000 000008a0H .text$di                CODE
 0001:000008a0 00064dd0H .text$mn                CODE
 0001:00065670 00001fc0H .text$x                 CODE
 0001:00067630 00000099H .text$yd                CODE
 0002:00000000 0000036cH .idata$5                DATA
 0002:0000036c 00000004H .00cfg                  DATA
 0002:00000370 00000004H .CRT$XCA                DATA
 0002:00000374 00000004H .CRT$XCL                DATA
 0002:00000378 000000e0H .CRT$XCU                DATA
 0002:00000458 00000004H .CRT$XCZ                DATA
 0002:0000045c 00000004H .CRT$XIA                DATA
 0002:00000460 00000004H .CRT$XIC                DATA
 0002:00000464 00000004H .CRT$XIZ                DATA
 0002:00000468 00000004H .CRT$XLA                DATA
 0002:0000046c 00000004H .CRT$XLZ                DATA
 0002:00000470 00000004H .CRT$XPA                DATA
 0002:00000474 00000004H .CRT$XPZ                DATA
 0002:00000478 00000004H .CRT$XTA                DATA
 0002:0000047c 00000004H .CRT$XTZ                DATA
 0002:00000480 00000000H .gfids$y                DATA
 0002:00000480 00009b78H .rdata                  DATA
 0002:00009ff8 00000018H .rdata$T                DATA
 0002:0000a010 00000850H .rdata$r                DATA
 0002:0000a860 00000260H .rdata$sxdata           DATA
 0002:0000aac0 00000390H .rdata$zzzdbg           DATA
 0002:0000ae50 00000004H .rtc$IAA                DATA
 0002:0000ae54 00000004H .rtc$IZZ                DATA
 0002:0000ae58 00000004H .rtc$TAA                DATA
 0002:0000ae5c 00000004H .rtc$TZZ                DATA
 0002:0000ae60 00000004H .tls                    DATA
 0002:0000ae64 00000004H .tls$                   DATA
 0002:0000ae68 00000008H .tls$ZZZ                DATA
 0002:0000ae70 00001fc0H .xdata$x                DATA
 0002:0000ce30 00000000H .edata                  DATA
 0002:0000ce30 00000140H .idata$2                DATA
 0002:0000cf70 00000014H .idata$3                DATA
 0002:0000cf84 0000036cH .idata$4                DATA
 0002:0000d2f0 00001934H .idata$6                DATA
 0003:00000000 00000078H .data                   DATA
 0003:00000078 00000488H .data$r                 DATA
 0003:00000500 0007036cH .bss                    DATA
 0004:00000000 00000060H .rsrc$01                DATA
 0004:00000060 00000180H .rsrc$02                DATA

  Address         Publics by Value              Rva+Base       Lib:Object

 0000:00000000       ___guard_fids_table        00000000     <absolute>
 0000:00000000       ___guard_iat_table         00000000     <absolute>
 0000:00000000       ___hybrid_code_map_count   00000000     <absolute>
 0000:00000000       ___guard_longjmp_table     00000000     <absolute>
 0000:00000000       ___guard_fids_count        00000000     <absolute>
 0000:00000000       ___guard_iat_count         00000000     <absolute>
 0000:00000000       ___hybrid_code_map         00000000     <absolute>
 0000:00000000       ___dynamic_value_reloc_table 00000000     <absolute>
 0000:00000000       ___guard_longjmp_count     00000000     <absolute>
 0000:00000000       ___enclave_config          00000000     <absolute>
 0000:00000000       ___hybrid_auxiliary_iat    00000000     <absolute>
 0000:00000000       ___volatile_metadata       00000000     <absolute>
 0000:0000002c       __tls_array                0000002c     <absolute>
 0000:00000098       ___safe_se_handler_count   00000098     <absolute>
 0000:00000100       ___guard_flags             00000100     <absolute>
 0000:00000000       ___ImageBase               10000000     <linker-defined>
 0001:000008a0       ??$?0$$QAV?$basic_string@DU?$char_traits@D@std@@V?$allocator@D@2@@std@@$$Z$$V@?$pair@$$CBV?$basic_string@DU?$char_traits@D@std@@V?$allocator@D@2@@std@@V?$shared_ptr@UNode@NetvarTree@@@2@@std@@QAE@Upiecewise_construct_t@1@V?$tuple@$$QAV?$basic_string@DU?$char_traits@D@std@@V?$allocator@D@2@@std@@@1@V?$tuple@$$V@1@@Z 100018a0 f i animation_system.obj
 0001:000008d0       ??$?0$$V@?$_Compressed_pair@V?$allocator@D@std@@V?$_String_val@U?$_Simple_types@D@std@@@2@$00@std@@QAE@U_Zero_then_variadic_args_t@1@@Z 100018d0 f i animation_system.obj
 0001:000008d0       ??$?0$$V@?$_Compressed_pair@V?$allocator@_W@std@@V?$_String_val@U?$_Simple_types@_W@std@@@2@$00@std@@QAE@U_Zero_then_variadic_args_t@1@@Z 100018d0 f i config_system.obj
 0001:000008f0       ??$?0$$V@?$_Compressed_pair@V?$allocator@H@std@@V?$_Vector_val@U?$_Simple_types@H@std@@@2@$00@std@@QAE@U_Zero_then_variadic_args_t@1@@Z 100018f0 f i animation_system.obj
 0001:000008f0       ??$?0$$V@?$_Compressed_pair@V?$allocator@V?$basic_string@DU?$char_traits@D@std@@V?$allocator@D@2@@std@@@std@@V?$_Vector_val@U?$_Simple_types@V?$basic_string@DU?$char_traits@D@std@@V?$allocator@D@2@@std@@@std@@@2@$00@std@@QAE@U_Zero_then_variadic_args_t@1@@Z 100018f0 f i config_system.obj
 0001:00000910       ??$?0AAV?$_List_iterator@V?$_List_val@U?$_List_simple_types@U?$pair@$$CBV?$basic_string@DU?$char_traits@D@std@@V?$allocator@D@2@@std@@V?$shared_ptr@UNode@NetvarTree@@@2@@std@@@std@@@std@@@std@@_N$0A@@?$pair@V?$_List_iterator@V?$_List_val@U?$_List_simple_types@U?$pair@$$CBV?$basic_string@DU?$char_traits@D@std@@V?$allocator@D@2@@std@@V?$shared_ptr@UNode@NetvarTree@@@2@@std@@@std@@@std@@@std@@_N@std@@QAE@AAV?$_List_iterator@V?$_List_val@U?$_List_simple_types@U?$pair@$$CBV?$basic_string@DU?$char_traits@D@std@@V?$allocator@D@2@@std@@V?$shared_ptr@UNode@NetvarTree@@@2@@std@@@std@@@std@@@1@$$QA_N@Z 10001910 f i animation_system.obj
 0001:00000910       ??$?0V?$_List_iterator@V?$_List_val@U?$_List_simple_types@U?$pair@$$CBV?$basic_string@DU?$char_traits@D@std@@V?$allocator@D@2@@std@@V?$shared_ptr@UNode@NetvarTree@@@2@@std@@@std@@@std@@@std@@_N$0A@@?$pair@V?$_List_iterator@V?$_List_val@U?$_List_simple_types@U?$pair@$$CBV?$basic_string@DU?$char_traits@D@std@@V?$allocator@D@2@@std@@V?$shared_ptr@UNode@NetvarTree@@@2@@std@@@std@@@std@@@std@@_N@std@@QAE@$$QAV?$_List_iterator@V?$_List_val@U?$_List_simple_types@U?$pair@$$CBV?$basic_string@DU?$char_traits@D@std@@V?$allocator@D@2@@std@@V?$shared_ptr@UNode@NetvarTree@@@2@@std@@@std@@@std@@@1@$$QA_N@Z 10001910 f i animation_system.obj
 0001:00000950       ??$?0U?$pair@$$CBV?$basic_string@DU?$char_traits@D@std@@V?$allocator@D@2@@std@@V?$shared_ptr@UNode@NetvarTree@@@2@@std@@@?$allocator@V?$_List_unchecked_iterator@V?$_List_val@U?$_List_simple_types@U?$pair@$$CBV?$basic_string@DU?$char_traits@D@std@@V?$allocator@D@2@@std@@V?$shared_ptr@UNode@NetvarTree@@@2@@std@@@std@@@std@@@std@@@std@@QAE@ABV?$allocator@U?$pair@$$CBV?$basic_string@DU?$char_traits@D@std@@V?$allocator@D@2@@std@@V?$shared_ptr@UNode@NetvarTree@@@2@@std@@@1@@Z 10001950 f i NetvarManager.obj
 0001:00000950       ??$?0UPlayerRecords@@@?$allocator@U_Container_proxy@std@@@std@@QAE@ABV?$allocator@UPlayerRecords@@@1@@Z 10001950 f i LagComp.obj
 0001:00000950       ??0?$tuple@$$V@std@@QAE@ABV01@@Z 10001950 f i animation_system.obj
 0001:00000950       ??$?0U?$integral_constant@_N$00@std@@@_Unused_parameter@std@@QAE@$$QAU?$integral_constant@_N$00@1@@Z 10001950 f i animation_system.obj
 0001:00000950       ??$?0ULegitPlayerRecords@@@?$allocator@PAULegitPlayerRecords@@@std@@QAE@ABV?$allocator@ULegitPlayerRecords@@@1@@Z 10001950 f i Legitbot.obj
 0001:00000950       ??$?0ULegitPlayerRecords@@@?$allocator@U_Container_proxy@std@@@std@@QAE@ABV?$allocator@ULegitPlayerRecords@@@1@@Z 10001950 f i Legitbot.obj
 0001:00000950       ??$?0U_Exact_args_t@std@@$0A@@?$tuple@$$V@std@@QAE@U_Exact_args_t@1@@Z 10001950 f i animation_system.obj
 0001:00000950       ??$?0U?$pair@$$CBV?$basic_string@DU?$char_traits@D@std@@V?$allocator@D@2@@std@@V?$shared_ptr@UNode@NetvarTree@@@2@@std@@@?$allocator@U?$_List_node@U?$pair@$$CBV?$basic_string@DU?$char_traits@D@std@@V?$allocator@D@2@@std@@V?$shared_ptr@UNode@NetvarTree@@@2@@std@@PAX@std@@@std@@QAE@ABV?$allocator@U?$pair@$$CBV?$basic_string@DU?$char_traits@D@std@@V?$allocator@D@2@@std@@V?$shared_ptr@UNode@NetvarTree@@@2@@std@@@1@@Z 10001950 f i NetvarManager.obj
 0001:00000950       ??$?0UPlayerRecords@@@?$allocator@PAUPlayerRecords@@@std@@QAE@ABV?$allocator@UPlayerRecords@@@1@@Z 10001950 f i LagComp.obj
 0001:00000960       ??$?0U_Exact_args_t@std@@V?$basic_string@DU?$char_traits@D@std@@V?$allocator@D@2@@1@$$V$0A@@?$tuple@$$QAV?$basic_string@DU?$char_traits@D@std@@V?$allocator@D@2@@std@@@std@@QAE@U_Exact_args_t@1@$$QAV?$basic_string@DU?$char_traits@D@std@@V?$allocator@D@2@@1@@Z 10001960 f i animation_system.obj
 0001:000009a0       ??$?0ABV?$allocator@D@std@@$$V@?$_Compressed_pair@V?$allocator@D@std@@V?$_String_val@U?$_Simple_types@D@std@@@2@$00@std@@QAE@U_One_then_variadic_args_t@1@ABV?$allocator@D@1@@Z 100019a0 f i c_esp.obj
 0001:000009a0       ??$?0ABV?$allocator@_W@std@@$$V@?$_Compressed_pair@V?$allocator@_W@std@@V?$_String_val@U?$_Simple_types@_W@std@@@2@$00@std@@QAE@U_One_then_variadic_args_t@1@ABV?$allocator@_W@1@@Z 100019a0 f i config_system.obj
 0001:000009a0       ??$?0V?$allocator@_W@std@@$$V@?$_Compressed_pair@V?$allocator@_W@std@@V?$_String_val@U?$_Simple_types@_W@std@@@2@$00@std@@QAE@U_One_then_variadic_args_t@1@$$QAV?$allocator@_W@1@@Z 100019a0 f i config_system.obj
 0001:000009a0       ??$?0V?$allocator@D@std@@$$V@?$_Compressed_pair@V?$allocator@D@std@@V?$_String_val@U?$_Simple_types@D@std@@@2@$00@std@@QAE@U_One_then_variadic_args_t@1@$$QAV?$allocator@D@1@@Z 100019a0 f i animation_system.obj
 0001:000009d0       ??$?0ABV?$allocator@_W@std@@X@?$_String_alloc@U?$_String_base_types@_WV?$allocator@_W@std@@@std@@@std@@QAE@ABV?$allocator@_W@1@@Z 100019d0 f i config_system.obj
 0001:000009d0       ??$?0V?$allocator@_W@std@@X@?$_String_alloc@U?$_String_base_types@_WV?$allocator@_W@std@@@std@@@std@@QAE@$$QAV?$allocator@_W@1@@Z 100019d0 f i config_system.obj
 0001:000009d0       ??$?0V?$allocator@D@std@@X@?$_String_alloc@U?$_String_base_types@DV?$allocator@D@std@@@std@@@std@@QAE@$$QAV?$allocator@D@1@@Z 100019d0 f i animation_system.obj
 0001:000009d0       ??$?0ABV?$allocator@D@std@@X@?$_String_alloc@U?$_String_base_types@DV?$allocator@D@std@@@std@@@std@@QAE@ABV?$allocator@D@1@@Z 100019d0 f i c_esp.obj
 0001:00000a10       ??$?0ABV?$allocator@V?$_List_unchecked_iterator@V?$_List_val@U?$_List_simple_types@U?$pair@$$CBV?$basic_string@DU?$char_traits@D@std@@V?$allocator@D@2@@std@@V?$shared_ptr@UNode@NetvarTree@@@2@@std@@@std@@@std@@@std@@@std@@$$V@?$_Compressed_pair@V?$allocator@V?$_List_unchecked_iterator@V?$_List_val@U?$_List_simple_types@U?$pair@$$CBV?$basic_string@DU?$char_traits@D@std@@V?$allocator@D@2@@std@@V?$shared_ptr@UNode@NetvarTree@@@2@@std@@@std@@@std@@@std@@@std@@V?$_Vector_val@U?$_Simple_types@V?$_List_unchecked_iterator@V?$_List_val@U?$_List_simple_types@U?$pair@$$CBV?$basic_string@DU?$char_traits@D@std@@V?$allocator@D@2@@std@@V?$shared_ptr@UNode@NetvarTree@@@2@@std@@@std@@@std@@@std@@@std@@@2@$00@std@@QAE@U_One_then_variadic_args_t@1@ABV?$allocator@V?$_List_unchecked_iterator@V?$_List_val@U?$_List_simple_types@U?$pair@$$CBV?$basic_string@DU?$char_traits@D@std@@V?$allocator@D@2@@std@@V?$shared_ptr@UNode@NetvarTree@@@2@@std@@@std@@@std@@@std@@@1@@Z 10001a10 f i NetvarManager.obj
 0001:00000a10       ??$?0V?$allocator@H@std@@$$V@?$_Compressed_pair@V?$allocator@H@std@@V?$_Vector_val@U?$_Simple_types@H@std@@@2@$00@std@@QAE@U_One_then_variadic_args_t@1@$$QAV?$allocator@H@1@@Z 10001a10 f i animation_system.obj
 0001:00000a40       ??$?0ABV?$allocator@V?$_List_unchecked_iterator@V?$_List_val@U?$_List_simple_types@U?$pair@$$CBV?$basic_string@DU?$char_traits@D@std@@V?$allocator@D@2@@std@@V?$shared_ptr@UNode@NetvarTree@@@2@@std@@@std@@@std@@@std@@@std@@X@?$_Vector_alloc@U?$_Vec_base_types@V?$_List_unchecked_iterator@V?$_List_val@U?$_List_simple_types@U?$pair@$$CBV?$basic_string@DU?$char_traits@D@std@@V?$allocator@D@2@@std@@V?$shared_ptr@UNode@NetvarTree@@@2@@std@@@std@@@std@@@std@@V?$allocator@V?$_List_unchecked_iterator@V?$_List_val@U?$_List_simple_types@U?$pair@$$CBV?$basic_string@DU?$char_traits@D@std@@V?$allocator@D@2@@std@@V?$shared_ptr@UNode@NetvarTree@@@2@@std@@@std@@@std@@@std@@@2@@std@@@std@@QAE@ABV?$allocator@V?$_List_unchecked_iterator@V?$_List_val@U?$_List_simple_types@U?$pair@$$CBV?$basic_string@DU?$char_traits@D@std@@V?$allocator@D@2@@std@@V?$shared_ptr@UNode@NetvarTree@@@2@@std@@@std@@@std@@@std@@@1@@Z 10001a40 f i NetvarManager.obj
 0001:00000a40       ??$?0V?$allocator@H@std@@X@?$_Vector_alloc@U?$_Vec_base_types@HV?$allocator@H@std@@@std@@@std@@QAE@$$QAV?$allocator@H@1@@Z 10001a40 f i animation_system.obj
 0001:00000a80       ??$?0V?$basic_string@DU?$char_traits@D@std@@V?$allocator@D@2@@std@@$$V$0A@@?$tuple@$$QAV?$basic_string@DU?$char_traits@D@std@@V?$allocator@D@2@@std@@@std@@QAE@$$QAV?$basic_string@DU?$char_traits@D@std@@V?$allocator@D@2@@1@@Z 10001a80 f i animation_system.obj
 0001:00000af0       ??0?$back_insert_iterator@V?$vector@V?$basic_string@DU?$char_traits@D@std@@V?$allocator@D@2@@std@@V?$allocator@V?$basic_string@DU?$char_traits@D@std@@V?$allocator@D@2@@std@@@2@@std@@@std@@QAE@AAV?$vector@V?$basic_string@DU?$char_traits@D@std@@V?$allocator@D@2@@std@@V?$allocator@V?$basic_string@DU?$char_traits@D@std@@V?$allocator@D@2@@std@@@2@@1@@Z 10001af0 f i config_system.obj
 0001:00000af0       ??$?0V?$basic_string@DU?$char_traits@D@std@@V?$allocator@D@2@@std@@@?$_Tuple_val@$$QAV?$basic_string@DU?$char_traits@D@std@@V?$allocator@D@2@@std@@@std@@QAE@$$QAV?$basic_string@DU?$char_traits@D@std@@V?$allocator@D@2@@1@@Z 10001af0 f i animation_system.obj
 0001:00000b20       ??$?0V?$tuple@$$QAV?$basic_string@DU?$char_traits@D@std@@V?$allocator@D@2@@std@@@std@@V?$tuple@$$V@1@$0A@$$Z$S@?$pair@$$CBV?$basic_string@DU?$char_traits@D@std@@V?$allocator@D@2@@std@@V?$shared_ptr@UNode@NetvarTree@@@2@@std@@QAE@AAV?$tuple@$$QAV?$basic_string@DU?$char_traits@D@std@@V?$allocator@D@2@@std@@@1@AAV?$tuple@$$V@1@U?$integer_sequence@I$0A@@1@U?$integer_sequence@I$S@1@@Z 10001b20 f i animation_system.obj
 0001:00000b70       ??$?8DU?$char_traits@D@std@@V?$allocator@D@1@@std@@YA_NABV?$basic_string@DU?$char_traits@D@std@@V?$allocator@D@2@@0@0@Z 10001b70 f i animation_system.obj
 0001:00000b90       ??$?CU_Dir_enum_impl@filesystem@std@@$0A@@?$shared_ptr@U_Dir_enum_impl@filesystem@std@@@std@@QBEPAU_Dir_enum_impl@filesystem@1@XZ 10001b90 f i config_system.obj
 0001:00000b90       ??$?DU_Dir_enum_impl@filesystem@std@@$0A@@?$shared_ptr@U_Dir_enum_impl@filesystem@std@@@std@@QBEAAU_Dir_enum_impl@filesystem@1@XZ 10001b90 f i config_system.obj
 0001:00000b90       ??D?$_String_iterator@V?$_String_val@U?$_Simple_types@D@std@@@std@@@std@@QBEAADXZ 10001b90 f i config_system.obj
 0001:00000b90       ??$?CUNode@NetvarTree@@$0A@@?$shared_ptr@UNode@NetvarTree@@@std@@QBEPAUNode@NetvarTree@@XZ 10001b90 f i animation_system.obj
 0001:00000bb0       ??$CallVFunction@P6EAAVVector@@PAX@Z@C_BaseEntity@@SAP6EAAVVector@@PAX@Z0H@Z 10001bb0 f i animation_system.obj
 0001:00000be0       ??$GetOffset@PBD@NetvarTree@@QAEHPBD0@Z 10001be0 f i animation_system.obj
 0001:00000c90       ??$GetOffset@PBDPBD@NetvarTree@@QAEHPBD00@Z 10001c90 f i animation_system.obj
 0001:00000d40       ??$GetOffsetRecursive@PBD@NetvarTree@@AAEHAAV?$unordered_map@V?$basic_string@DU?$char_traits@D@std@@V?$allocator@D@2@@std@@V?$shared_ptr@UNode@NetvarTree@@@2@U?$hash@V?$basic_string@DU?$char_traits@D@std@@V?$allocator@D@2@@std@@@2@U?$equal_to@V?$basic_string@DU?$char_traits@D@std@@V?$allocator@D@2@@std@@@2@V?$allocator@U?$pair@$$CBV?$basic_string@DU?$char_traits@D@std@@V?$allocator@D@2@@std@@V?$shared_ptr@UNode@NetvarTree@@@2@@std@@@2@@std@@HPBD1@Z 10001d40 f i animation_system.obj
 0001:00000df0       ??$GetVFunc@P6EXPAXKPBDHHHHHHH@Z@Utils@@SAP6EXPAXKPBDHHHHHHH@Z0I@Z 10001df0 f i hooking_init.obj
 0001:00000df0       ??$GetVFunc@P6EXPAXPB_WHH@Z@Utils@@SAP6EXPAXPB_WHH@Z0I@Z 10001df0 f i other_esp.obj
 0001:00000df0       ??$GetVFunc@P6EXPAX@Z@Utils@@SAP6EXPAX@Z0I@Z 10001df0 f i animation_system.obj
 0001:00000df0       ??$DUMBNIGGERSLOL@P6EPAVNetChannel@@PAX@Z@IVEngineClient@@SAP6EPAVNetChannel@@PAX@Z0I@Z 10001df0 f i c_antiaim.obj
 0001:00000df0       ??$GetVFunc@P6EPAVIMaterial@@PAXG@Z@Utils@@SAP6EPAVIMaterial@@PAXG@Z0I@Z 10001df0 f i other_esp.obj
 0001:00000df0       ??$GetVFunc@P6EPBDPAVIPanel@@I@Z@Utils@@SAP6EPBDPAVIPanel@@I@ZPAXI@Z 10001df0 f i painttraverse_hook.obj
 0001:00000df0       ??$GetVFunc@P6EXPAXPAVIMaterial@@W4OverrideType_t@@H@Z@Utils@@SAP6EXPAXPAVIMaterial@@W4OverrideType_t@@H@Z0I@Z 10001df0 f i dme_hook.obj
 0001:00000df0       ??$GetVFunc@P6EXPAXK@Z@Utils@@SAP6EXPAXK@Z0I@Z 10001df0 f i other_esp.obj
 0001:00000df0       ??$GetVFunc@P6EXPAXH@Z@Utils@@SAP6EXPAXH@Z0I@Z 10001df0 f i other_esp.obj
 0001:00000df0       ??$GetVFunc@P6EAAVVector@@PAX@Z@Utils@@SAP6EAAVVector@@PAX@Z0I@Z 10001df0 f i animation_system.obj
 0001:00000df0       ??$GetVFunc@P6EXPAXHHHH@Z@Utils@@SAP6EXPAXHHHH@Z0I@Z 10001df0 f i other_esp.obj
 0001:00000df0       ??$GetVFunc@P6EXPAXAAVVector@@@Z@Utils@@SAP6EXPAXAAVVector@@@Z0I@Z 10001df0 f i c_ragebot.obj
 0001:00000df0       ??$GetVFunc@P6EPAVIMaterial@@PAXPBD1_N1@Z@Utils@@SAP6EPAVIMaterial@@PAXPBD1_N1@Z0I@Z 10001df0 f i dme_hook.obj
 0001:00000df0       ??$GetVFunc@P6EGPAX@Z@Utils@@SAP6EGPAX@Z0I@Z 10001df0 f i other_esp.obj
 0001:00000df0       ??$GetVFunc@P6EGPAXG@Z@Utils@@SAP6EGPAXG@Z0I@Z 10001df0 f i other_esp.obj
 0001:00000df0       ??$GetVFunc@P6EXPAXKPB_WAAH2@Z@Utils@@SAP6EXPAXKPB_WAAH2@Z0I@Z 10001df0 f i other_esp.obj
 0001:00000df0       ??$GetVFunc@P6EMPAX@Z@Utils@@SAP6EMPAX@Z0I@Z 10001df0 f i c_ragebot.obj
 0001:00000df0       ??$GetVFunc@P6EIPAX@Z@Utils@@SAP6EIPAX@Z0I@Z 10001df0 f i hooking_init.obj
 0001:00000df0       ??$GetVFunc@P6EXPAXHH@Z@Utils@@SAP6EXPAXHH@Z0I@Z 10001df0 f i other_esp.obj
 0001:00000e00       ??$GetValue@W4EntityFlags@@@C_BaseEntity@@AAE?AW4EntityFlags@@H@Z 10001e00 f i exploits.obj
 0001:00000e00       ??$GetValue@W4MoveType_t@@@C_BaseEntity@@AAE?AW4MoveType_t@@H@Z 10001e00 f i c_antiaim.obj
 0001:00000e00       ??$GetValue@H@C_BaseCombatWeapon@@AAEHH@Z 10001e00 f i c_esp.obj
 0001:00000e00       ??$GetValue@H@C_BaseEntity@@AAEHH@Z 10001e00 f i animation_system.obj
 0001:00000e20       ??$GetValue@M@C_BaseEntity@@AAEMH@Z 10001e20 f i animation_system.obj
 0001:00000e20       ??$GetValue@M@C_BaseCombatWeapon@@AAEMH@Z 10001e20 f i c_ragebot.obj
 0001:00000e40       ??$GetValue@VVector@@@C_BaseEntity@@AAE?AVVector@@H@Z 10001e40 f i animation_system.obj
 0001:00000e70       ??$GetValue@_N@C_BaseEntity@@AAE_NH@Z 10001e70 f i animation_system.obj
 0001:00000e90       ??$_Allocate@$07U_Default_allocate_traits@std@@$0A@@std@@YAPAXI@Z 10001e90 f i animation_system.obj
 0001:00000ed0       ??$_Allocate_manually_vector_aligned@U_Default_allocate_traits@std@@@std@@YAPAXI@Z 10001ed0 f i animation_system.obj
 0001:00000f40       ??$_Buy_if_not_node@AAU?$pair@$$CBV?$basic_string@DU?$char_traits@D@std@@V?$allocator@D@2@@std@@V?$shared_ptr@UNode@NetvarTree@@@2@@std@@@?$_Hash@V?$_Umap_traits@V?$basic_string@DU?$char_traits@D@std@@V?$allocator@D@2@@std@@V?$shared_ptr@UNode@NetvarTree@@@2@V?$_Uhash_compare@V?$basic_string@DU?$char_traits@D@std@@V?$allocator@D@2@@std@@U?$hash@V?$basic_string@DU?$char_traits@D@std@@V?$allocator@D@2@@std@@@2@U?$equal_to@V?$basic_string@DU?$char_traits@D@std@@V?$allocator@D@2@@std@@@2@@2@V?$allocator@U?$pair@$$CBV?$basic_string@DU?$char_traits@D@std@@V?$allocator@D@2@@std@@V?$shared_ptr@UNode@NetvarTree@@@2@@std@@@2@$0A@@std@@@std@@IAE?AV?$_List_unchecked_iterator@V?$_List_val@U?$_List_simple_types@U?$pair@$$CBV?$basic_string@DU?$char_traits@D@std@@V?$allocator@D@2@@std@@V?$shared_ptr@UNode@NetvarTree@@@2@@std@@@std@@@std@@@1@AAU?$pair@$$CBV?$basic_string@DU?$char_traits@D@std@@V?$allocator@D@2@@std@@V?$shared_ptr@UNode@NetvarTree@@@2@@1@V21@@Z 10001f40 f i animation_system.obj
 0001:00000f60       ??$_Buynode@ABUpiecewise_construct_t@std@@V?$tuple@$$QAV?$basic_string@DU?$char_traits@D@std@@V?$allocator@D@2@@std@@@2@V?$tuple@$$V@2@@?$_List_buy@U?$pair@$$CBV?$basic_string@DU?$char_traits@D@std@@V?$allocator@D@2@@std@@V?$shared_ptr@UNode@NetvarTree@@@2@@std@@V?$allocator@U?$pair@$$CBV?$basic_string@DU?$char_traits@D@std@@V?$allocator@D@2@@std@@V?$shared_ptr@UNode@NetvarTree@@@2@@std@@@2@@std@@QAEPAU?$_List_node@U?$pair@$$CBV?$basic_string@DU?$char_traits@D@std@@V?$allocator@D@2@@std@@V?$shared_ptr@UNode@NetvarTree@@@2@@std@@PAX@1@PAU21@0ABUpiecewise_construct_t@1@$$QAV?$tuple@$$QAV?$basic_string@DU?$char_traits@D@std@@V?$allocator@D@2@@std@@@1@$$QAV?$tuple@$$V@1@@Z 10001f60 f i animation_system.obj
 0001:00001060       ??$forward@AAPAVIBaseClientDLL@@@std@@YAAAPAVIBaseClientDLL@@AAPAV1@@Z 10002060 f i c_hooks.obj
 0001:00001060       ??$move@AAU_Creator@_Dir_enum_impl@filesystem@std@@@std@@YA$$QAU_Creator@_Dir_enum_impl@filesystem@0@AAU1230@@Z 10002060 f i config_system.obj
 0001:00001060       ??$addressof@$$CBV?$_Deque_val@U?$_Deque_simple_types@UPlayerRecords@@@std@@@std@@@std@@YAPBV?$_Deque_val@U?$_Deque_simple_types@UPlayerRecords@@@std@@@0@ABV10@@Z 10002060 f i LagComp.obj
 0001:00001060       ??$move@AAV?$basic_ofstream@DU?$char_traits@D@std@@@std@@@std@@YA$$QAV?$basic_ofstream@DU?$char_traits@D@std@@@0@AAV10@@Z 10002060 f i Interfaces.obj
 0001:00001060       ??$_Get_unwrapped@$$CB_W@std@@YAPB_WQB_W@Z 10002060 f i config_system.obj
 0001:00001060       ??$forward@ABQA_W@std@@YAABQA_WABQA_W@Z 10002060 f i config_system.obj
 0001:00001060       ??$forward@U_One_then_variadic_args_t@std@@@std@@YA$$QAU_One_then_variadic_args_t@0@AAU10@@Z 10002060 f i NetvarManager.obj
 0001:00001060       ??$forward@AAU?$hash@V?$basic_string@DU?$char_traits@D@std@@V?$allocator@D@2@@std@@@std@@@std@@YAAAU?$hash@V?$basic_string@DU?$char_traits@D@std@@V?$allocator@D@2@@std@@@0@AAU10@@Z 10002060 f i NetvarManager.obj
 0001:00001060       ??$_Unfancy@U_Container_proxy@std@@@std@@YAPAU_Container_proxy@0@PAU10@@Z 10002060 f i LagComp.obj
 0001:00001060       ??$addressof@V?$_String_val@U?$_Simple_types@_W@std@@@std@@@std@@YAPAV?$_String_val@U?$_Simple_types@_W@std@@@0@AAV10@@Z 10002060 f i config_system.obj
 0001:00001060       ??$_Get_unwrapped@H@std@@YAPAHQAH@Z 10002060 f i animation_system.obj
 0001:00001060       ??$forward@_N@std@@YA$$QA_NAA_N@Z 10002060 f i animation_system.obj
 0001:00001060       ??$forward@AAPAVNetvarTree@@@std@@YAAAPAVNetvarTree@@AAPAV1@@Z 10002060 f i c_hooks.obj
 0001:00001060       ??$forward@ABUPlayerRecords@@@std@@YAABUPlayerRecords@@ABU1@@Z 10002060 f i LagComp.obj
 0001:00001060       ??$_Get_unwrapped@V?$_List_unchecked_iterator@V?$_List_val@U?$_List_simple_types@U?$pair@$$CBV?$basic_string@DU?$char_traits@D@std@@V?$allocator@D@2@@std@@V?$shared_ptr@UNode@NetvarTree@@@2@@std@@@std@@@std@@@std@@@std@@YAPAV?$_List_unchecked_iterator@V?$_List_val@U?$_List_simple_types@U?$pair@$$CBV?$basic_string@DU?$char_traits@D@std@@V?$allocator@D@2@@std@@V?$shared_ptr@UNode@NetvarTree@@@2@@std@@@std@@@std@@@0@QAV10@@Z 10002060 f i animation_system.obj
 0001:00001060       ??$forward@V?$basic_string@DU?$char_traits@D@std@@V?$allocator@D@2@@std@@@std@@YA$$QAV?$basic_string@DU?$char_traits@D@std@@V?$allocator@D@2@@0@AAV10@@Z 10002060 f i animation_system.obj
 0001:00001060       ??$addressof@$$CBV?$_List_val@U?$_List_simple_types@U?$pair@$$CBV?$basic_string@DU?$char_traits@D@std@@V?$allocator@D@2@@std@@V?$shared_ptr@UNode@NetvarTree@@@2@@std@@@std@@@std@@@std@@YAPBV?$_List_val@U?$_List_simple_types@U?$pair@$$CBV?$basic_string@DU?$char_traits@D@std@@V?$allocator@D@2@@std@@V?$shared_ptr@UNode@NetvarTree@@@2@@std@@@std@@@0@ABV10@@Z 10002060 f i animation_system.obj
 0001:00001060       ??$addressof@PA_W@std@@YAPAPA_WAAPA_W@Z 10002060 f i config_system.obj
 0001:00001060       ??$move@AAUPlayerRecords@@@std@@YA$$QAUPlayerRecords@@AAU1@@Z 10002060 f i LagComp.obj
 0001:00001060       ??$forward@ABV?$allocator@_W@std@@@std@@YAABV?$allocator@_W@0@ABV10@@Z 10002060 f i config_system.obj
 0001:00001060       ??$move@AAW4__std_fs_dir_handle@@@std@@YA$$QAW4__std_fs_dir_handle@@AAW41@@Z 10002060 f i config_system.obj
 0001:00001060       ??$_Get_unwrapped_unverified@$$CBD@std@@YAPBDQBD@Z 10002060 f i config_system.obj
 0001:00001060       ??$forward@ABV?$allocator@U?$pair@$$CBV?$basic_string@DU?$char_traits@D@std@@V?$allocator@D@2@@std@@V?$shared_ptr@UNode@NetvarTree@@@2@@std@@@std@@@std@@YAABV?$allocator@U?$pair@$$CBV?$basic_string@DU?$char_traits@D@std@@V?$allocator@D@2@@std@@V?$shared_ptr@UNode@NetvarTree@@@2@@std@@@0@ABV10@@Z 10002060 f i NetvarManager.obj
 0001:00001060       ??$forward@V?$allocator@H@std@@@std@@YA$$QAV?$allocator@H@0@AAV10@@Z 10002060 f i animation_system.obj
 0001:00001060       ??$_Get_unwrapped_n@V?$basic_string@DU?$char_traits@D@std@@V?$allocator@D@2@@std@@H$0A@@std@@YAPAV?$basic_string@DU?$char_traits@D@std@@V?$allocator@D@2@@0@QAV10@H@Z 10002060 f i config_system.obj
 0001:00001060       ??$_Get_unwrapped_n@PAUPlayerRecords@@H$0A@@std@@YAPAPAUPlayerRecords@@QAPAU1@H@Z 10002060 f i LagComp.obj
 0001:00001060       ?select_on_container_copy_construction@?$_Default_allocator_traits@V?$allocator@_W@std@@@std@@SA?AV?$allocator@_W@2@ABV32@@Z 10002060 f i config_system.obj
 0001:00001060       ??$addressof@PAULegitPlayerRecords@@@std@@YAPAPAULegitPlayerRecords@@AAPAU1@@Z 10002060 f i Legitbot.obj
 0001:00001060       ??$_Refancy@PAD$0A@@std@@YAPADPAD@Z 10002060 f i c_esp.obj
 0001:00001060       ??$forward@AAPAVISurface@@@std@@YAAAPAVISurface@@AAPAV1@@Z 10002060 f i c_hooks.obj
 0001:00001060       ??$forward@H@std@@YA$$QAHAAH@Z 10002060 f i animation_system.obj
 0001:00001060       ??$_Unfancy_maybe_null@H@std@@YAPAHPAH@Z 10002060 f i animation_system.obj
 0001:00001060       ??$move@AAV?$shared_ptr@UNode@NetvarTree@@@std@@@std@@YA$$QAV?$shared_ptr@UNode@NetvarTree@@@0@AAV10@@Z 10002060 f i NetvarManager.obj
 0001:00001060       ??$addressof@PAD@std@@YAPAPADAAPAD@Z 10002060 f i animation_system.obj
 0001:00001060       ??$addressof@V?$unique_ptr@VVMTHook@@U?$default_delete@VVMTHook@@@std@@@std@@@std@@YAPAV?$unique_ptr@VVMTHook@@U?$default_delete@VVMTHook@@@std@@@0@AAV10@@Z 10002060 f i c_hooks.obj
 0001:00001060       ??$_Kfn@$$CBV?$basic_string@DU?$char_traits@D@std@@V?$allocator@D@2@@std@@V?$shared_ptr@UNode@NetvarTree@@@2@@?$_Umap_traits@V?$basic_string@DU?$char_traits@D@std@@V?$allocator@D@2@@std@@V?$shared_ptr@UNode@NetvarTree@@@2@V?$_Uhash_compare@V?$basic_string@DU?$char_traits@D@std@@V?$allocator@D@2@@std@@U?$hash@V?$basic_string@DU?$char_traits@D@std@@V?$allocator@D@2@@std@@@2@U?$equal_to@V?$basic_string@DU?$char_traits@D@std@@V?$allocator@D@2@@std@@@2@@2@V?$allocator@U?$pair@$$CBV?$basic_string@DU?$char_traits@D@std@@V?$allocator@D@2@@std@@V?$shared_ptr@UNode@NetvarTree@@@2@@std@@@2@$0A@@std@@SAABV?$basic_string@DU?$char_traits@D@std@@V?$allocator@D@2@@1@ABU?$pair@$$CBV?$basic_string@DU?$char_traits@D@std@@V?$allocator@D@2@@std@@V?$shared_ptr@UNode@NetvarTree@@@2@@1@@Z 10002060 f i animation_system.obj
 0001:00001060       ??$move@AAV?$_List_unchecked_iterator@V?$_List_val@U?$_List_simple_types@U?$pair@$$CBV?$basic_string@DU?$char_traits@D@std@@V?$allocator@D@2@@std@@V?$shared_ptr@UNode@NetvarTree@@@2@@std@@@std@@@std@@@std@@@std@@YA$$QAV?$_List_unchecked_iterator@V?$_List_val@U?$_List_simple_types@U?$pair@$$CBV?$basic_string@DU?$char_traits@D@std@@V?$allocator@D@2@@std@@V?$shared_ptr@UNode@NetvarTree@@@2@@std@@@std@@@std@@@0@AAV10@@Z 10002060 f i animation_system.obj
 0001:00001060       ??$addressof@V?$basic_string@_WU?$char_traits@_W@std@@V?$allocator@_W@2@@std@@@std@@YAPAV?$basic_string@_WU?$char_traits@_W@std@@V?$allocator@_W@2@@0@AAV10@@Z 10002060 f i config_system.obj
 0001:00001060       ??$forward@ABV?$allocator@D@std@@@std@@YAABV?$allocator@D@0@ABV10@@Z 10002060 f i c_esp.obj
 0001:00001060       ??$move@AAV?$tuple@$$QAV?$basic_string@DU?$char_traits@D@std@@V?$allocator@D@2@@std@@@std@@@std@@YA$$QAV?$tuple@$$QAV?$basic_string@DU?$char_traits@D@std@@V?$allocator@D@2@@std@@@0@AAV10@@Z 10002060 f i animation_system.obj
 0001:00001060       ??$forward@V?$tuple@$$V@std@@@std@@YA$$QAV?$tuple@$$V@0@AAV10@@Z 10002060 f i animation_system.obj
 0001:00001060       ??$move@AAV?$allocator@H@std@@@std@@YA$$QAV?$allocator@H@0@AAV10@@Z 10002060 f i animation_system.obj
 0001:00001060       ??$_Get_unwrapped_n@V?$_List_unchecked_iterator@V?$_List_val@U?$_List_simple_types@U?$pair@$$CBV?$basic_string@DU?$char_traits@D@std@@V?$allocator@D@2@@std@@V?$shared_ptr@UNode@NetvarTree@@@2@@std@@@std@@@std@@@std@@H$0A@@std@@YAPAV?$_List_unchecked_iterator@V?$_List_val@U?$_List_simple_types@U?$pair@$$CBV?$basic_string@DU?$char_traits@D@std@@V?$allocator@D@2@@std@@V?$shared_ptr@UNode@NetvarTree@@@2@@std@@@std@@@std@@@0@QAV10@H@Z 10002060 f i animation_system.obj
 0001:00001060       ??$forward@ABV?$shared_ptr@UNode@NetvarTree@@@std@@@std@@YAABV?$shared_ptr@UNode@NetvarTree@@@0@ABV10@@Z 10002060 f i NetvarManager.obj
 0001:00001060       ??$forward@AAPAVVMTHook@@@std@@YAAAPAVVMTHook@@AAPAV1@@Z 10002060 f i c_hooks.obj
 0001:00001060       ??$forward@AAPAVIPanel@@@std@@YAAAPAVIPanel@@AAPAV1@@Z 10002060 f i c_hooks.obj
 0001:00001060       ??$forward@ABQAD@std@@YAABQADABQAD@Z 10002060 f i animation_system.obj
 0001:00001060       ??$move@AAPAU_Dir_enum_impl@filesystem@std@@@std@@YA$$QAPAU_Dir_enum_impl@filesystem@0@AAPAU120@@Z 10002060 f i config_system.obj
 0001:00001060       ??$forward@U?$default_delete@VShadowVTManager@@@std@@@std@@YA$$QAU?$default_delete@VShadowVTManager@@@0@AAU10@@Z 10002060 f i bone_processing_hook.obj
 0001:00001060       ??$_Get_unwrapped@PAUPlayerRecords@@@std@@YAPAPAUPlayerRecords@@QAPAU1@@Z 10002060 f i LagComp.obj
 0001:00001060       ??$forward@AAPAV_Facet_base@std@@@std@@YAAAPAV_Facet_base@0@AAPAV10@@Z 10002060 f i config_system.obj
 0001:00001060       ??$addressof@$$CBV?$codecvt@DDU_Mbstatet@@@std@@@std@@YAPBV?$codecvt@DDU_Mbstatet@@@0@ABV10@@Z 10002060 f i config_system.obj
 0001:00001060       ??$forward@ABW4directory_options@filesystem@std@@@std@@YAABW4directory_options@filesystem@0@ABW4120@@Z 10002060 f i config_system.obj
 0001:00001060       ??$forward@M@std@@YA$$QAMAAM@Z 10002060 f i NetvarManager.obj
 0001:00001060       ??$forward@ABV?$allocator@V?$_List_unchecked_iterator@V?$_List_val@U?$_List_simple_types@U?$pair@$$CBV?$basic_string@DU?$char_traits@D@std@@V?$allocator@D@2@@std@@V?$shared_ptr@UNode@NetvarTree@@@2@@std@@@std@@@std@@@std@@@std@@@std@@YAABV?$allocator@V?$_List_unchecked_iterator@V?$_List_val@U?$_List_simple_types@U?$pair@$$CBV?$basic_string@DU?$char_traits@D@std@@V?$allocator@D@2@@std@@V?$shared_ptr@UNode@NetvarTree@@@2@@std@@@std@@@std@@@std@@@0@ABV10@@Z 10002060 f i NetvarManager.obj
 0001:00001060       ??$_Unfancy@UPlayerRecords@@@std@@YAPAUPlayerRecords@@PAU1@@Z 10002060 f i LagComp.obj
 0001:00001060       ??$forward@V?$_List_iterator@V?$_List_val@U?$_List_simple_types@U?$pair@$$CBV?$basic_string@DU?$char_traits@D@std@@V?$allocator@D@2@@std@@V?$shared_ptr@UNode@NetvarTree@@@2@@std@@@std@@@std@@@std@@@std@@YA$$QAV?$_List_iterator@V?$_List_val@U?$_List_simple_types@U?$pair@$$CBV?$basic_string@DU?$char_traits@D@std@@V?$allocator@D@2@@std@@V?$shared_ptr@UNode@NetvarTree@@@2@@std@@@std@@@std@@@0@AAV10@@Z 10002060 f i animation_system.obj
 0001:00001060       ??$move@AAU_Find_file_handle@filesystem@std@@@std@@YA$$QAU_Find_file_handle@filesystem@0@AAU120@@Z 10002060 f i config_system.obj
 0001:00001060       ??$addressof@V?$vector@V?$basic_string@DU?$char_traits@D@std@@V?$allocator@D@2@@std@@V?$allocator@V?$basic_string@DU?$char_traits@D@std@@V?$allocator@D@2@@std@@@2@@std@@@std@@YAPAV?$vector@V?$basic_string@DU?$char_traits@D@std@@V?$allocator@D@2@@std@@V?$allocator@V?$basic_string@DU?$char_traits@D@std@@V?$allocator@D@2@@std@@@2@@0@AAV10@@Z 10002060 f i config_system.obj
 0001:00001060       ??$addressof@V?$_String_val@U?$_Simple_types@D@std@@@std@@@std@@YAPAV?$_String_val@U?$_Simple_types@D@std@@@0@AAV10@@Z 10002060 f i animation_system.obj
 0001:00001060       ??$move@AAVpath@filesystem@std@@@std@@YA$$QAVpath@filesystem@0@AAV120@@Z 10002060 f i config_system.obj
 0001:00001060       ??$forward@AAU?$pair@$$CBV?$basic_string@DU?$char_traits@D@std@@V?$allocator@D@2@@std@@V?$shared_ptr@UNode@NetvarTree@@@2@@std@@@std@@YAAAU?$pair@$$CBV?$basic_string@DU?$char_traits@D@std@@V?$allocator@D@2@@std@@V?$shared_ptr@UNode@NetvarTree@@@2@@0@AAU10@@Z 10002060 f i animation_system.obj
 0001:00001060       ??$addressof@PAUPlayerRecords@@@std@@YAPAPAUPlayerRecords@@AAPAU1@@Z 10002060 f i LagComp.obj
 0001:00001060       ??$forward@V?$allocator@_W@std@@@std@@YA$$QAV?$allocator@_W@0@AAV10@@Z 10002060 f i config_system.obj
 0001:00001060       ??$forward@PAPAK@std@@YA$$QAPAPAKAAPAPAK@Z 10002060 f i c_hooks.obj
 0001:00001060       ??$move@AAV?$vector@HV?$allocator@H@std@@@std@@@std@@YA$$QAV?$vector@HV?$allocator@H@std@@@0@AAV10@@Z 10002060 f i animation_system.obj
 0001:00001060       ??$move@AAV?$allocator@D@std@@@std@@YA$$QAV?$allocator@D@0@AAV10@@Z 10002060 f i animation_system.obj
 0001:00001060       ??$_Unfancy@_W@std@@YAPA_WPA_W@Z 10002060 f i config_system.obj
 0001:00001060       ??$forward@AAPAVIClientMode@@@std@@YAAAPAVIClientMode@@AAPAV1@@Z 10002060 f i c_hooks.obj
 0001:00001060       ??$forward@ABV?$_List_unchecked_iterator@V?$_List_val@U?$_List_simple_types@U?$pair@$$CBV?$basic_string@DU?$char_traits@D@std@@V?$allocator@D@2@@std@@V?$shared_ptr@UNode@NetvarTree@@@2@@std@@@std@@@std@@@std@@@std@@YAABV?$_List_unchecked_iterator@V?$_List_val@U?$_List_simple_types@U?$pair@$$CBV?$basic_string@DU?$char_traits@D@std@@V?$allocator@D@2@@std@@V?$shared_ptr@UNode@NetvarTree@@@2@@std@@@std@@@std@@@0@ABV10@@Z 10002060 f i animation_system.obj
 0001:00001060       ??$addressof@V?$_Vector_val@U?$_Simple_types@V?$basic_string@DU?$char_traits@D@std@@V?$allocator@D@2@@std@@@std@@@std@@@std@@YAPAV?$_Vector_val@U?$_Simple_types@V?$basic_string@DU?$char_traits@D@std@@V?$allocator@D@2@@std@@@std@@@0@AAV10@@Z 10002060 f i config_system.obj
 0001:00001060       ??$move@AAV?$shared_ptr@U_Dir_enum_impl@filesystem@std@@@std@@@std@@YA$$QAV?$shared_ptr@U_Dir_enum_impl@filesystem@std@@@0@AAV10@@Z 10002060 f i config_system.obj
 0001:00001060       ??$_Const_cast@$$CBV?$basic_string@DU?$char_traits@D@std@@V?$allocator@D@2@@std@@@std@@YAPAV?$basic_string@DU?$char_traits@D@std@@V?$allocator@D@2@@0@PBV10@@Z 10002060 f i config_system.obj
 0001:00001060       ??$_Get_unwrapped@V?$basic_string@DU?$char_traits@D@std@@V?$allocator@D@2@@std@@@std@@YAPAV?$basic_string@DU?$char_traits@D@std@@V?$allocator@D@2@@0@QAV10@@Z 10002060 f i config_system.obj
 0001:00001060       ??$forward@U_Container_proxy@std@@@std@@YA$$QAU_Container_proxy@0@AAU10@@Z 10002060 f i LagComp.obj
 0001:00001060       ??$_Get_unwrapped@PAULegitPlayerRecords@@@std@@YAPAPAULegitPlayerRecords@@QAPAU1@@Z 10002060 f i Legitbot.obj
 0001:00001060       ??$forward@AAU?$equal_to@V?$basic_string@DU?$char_traits@D@std@@V?$allocator@D@2@@std@@@std@@@std@@YAAAU?$equal_to@V?$basic_string@DU?$char_traits@D@std@@V?$allocator@D@2@@std@@@0@AAU10@@Z 10002060 f i NetvarManager.obj
 0001:00001060       ??$move@AAPAV_Ref_count_base@std@@@std@@YA$$QAPAV_Ref_count_base@0@AAPAV10@@Z 10002060 f i config_system.obj
 0001:00001060       ??$addressof@V?$_Deque_val@U?$_Deque_simple_types@ULegitPlayerRecords@@@std@@@std@@@std@@YAPAV?$_Deque_val@U?$_Deque_simple_types@ULegitPlayerRecords@@@std@@@0@AAV10@@Z 10002060 f i Legitbot.obj
 0001:00001060       ??$addressof@V?$unique_ptr@$$BY0A@IU?$default_delete@$$BY0A@I@std@@@std@@@std@@YAPAV?$unique_ptr@$$BY0A@IU?$default_delete@$$BY0A@I@std@@@0@AAV10@@Z 10002060 f i c_hooks.obj
 0001:00001060       ??$addressof@V?$_List_val@U?$_List_simple_types@U?$pair@$$CBV?$basic_string@DU?$char_traits@D@std@@V?$allocator@D@2@@std@@V?$shared_ptr@UNode@NetvarTree@@@2@@std@@@std@@@std@@@std@@YAPAV?$_List_val@U?$_List_simple_types@U?$pair@$$CBV?$basic_string@DU?$char_traits@D@std@@V?$allocator@D@2@@std@@V?$shared_ptr@UNode@NetvarTree@@@2@@std@@@std@@@0@AAV10@@Z 10002060 f i animation_system.obj
 0001:00001060       ??$addressof@$$CBV?$_Deque_val@U?$_Deque_simple_types@ULegitPlayerRecords@@@std@@@std@@@std@@YAPBV?$_Deque_val@U?$_Deque_simple_types@ULegitPlayerRecords@@@std@@@0@ABV10@@Z 10002060 f i Legitbot.obj
 0001:00001060       ??$forward@W4__std_fs_dir_handle@@@std@@YA$$QAW4__std_fs_dir_handle@@AAW41@@Z 10002060 f i config_system.obj
 0001:00001060       ??$move@AAULegitPlayerRecords@@@std@@YA$$QAULegitPlayerRecords@@AAU1@@Z 10002060 f i Legitbot.obj
 0001:00001060       ??$forward@V?$_List_unchecked_iterator@V?$_List_val@U?$_List_simple_types@U?$pair@$$CBV?$basic_string@DU?$char_traits@D@std@@V?$allocator@D@2@@std@@V?$shared_ptr@UNode@NetvarTree@@@2@@std@@@std@@@std@@@std@@@std@@YA$$QAV?$_List_unchecked_iterator@V?$_List_val@U?$_List_simple_types@U?$pair@$$CBV?$basic_string@DU?$char_traits@D@std@@V?$allocator@D@2@@std@@V?$shared_ptr@UNode@NetvarTree@@@2@@std@@@std@@@std@@@0@AAV10@@Z 10002060 f i animation_system.obj
 0001:00001060       ??$addressof@U?$pair@$$CBV?$basic_string@DU?$char_traits@D@std@@V?$allocator@D@2@@std@@V?$shared_ptr@UNode@NetvarTree@@@2@@std@@@std@@YAPAU?$pair@$$CBV?$basic_string@DU?$char_traits@D@std@@V?$allocator@D@2@@std@@V?$shared_ptr@UNode@NetvarTree@@@2@@0@AAU10@@Z 10002060 f i animation_system.obj
 0001:00001060       ??$forward@U_Creator@_Dir_enum_impl@filesystem@std@@@std@@YA$$QAU_Creator@_Dir_enum_impl@filesystem@0@AAU1230@@Z 10002060 f i config_system.obj
 0001:00001060       ??$addressof@V?$basic_string@DU?$char_traits@D@std@@V?$allocator@D@2@@std@@@std@@YAPAV?$basic_string@DU?$char_traits@D@std@@V?$allocator@D@2@@0@AAV10@@Z 10002060 f i imgui.obj
 0001:00001060       ??$_Unfancy@V?$basic_string@DU?$char_traits@D@std@@V?$allocator@D@2@@std@@@std@@YAPAV?$basic_string@DU?$char_traits@D@std@@V?$allocator@D@2@@0@PAV10@@Z 10002060 f i config_system.obj
 0001:00001060       ??$forward@AAPAI@std@@YAAAPAIAAPAI@Z 10002060 f i c_hooks.obj
 0001:00001060       ??$addressof@PAU?$_List_node@U?$pair@$$CBV?$basic_string@DU?$char_traits@D@std@@V?$allocator@D@2@@std@@V?$shared_ptr@UNode@NetvarTree@@@2@@std@@PAX@std@@@std@@YAPAPAU?$_List_node@U?$pair@$$CBV?$basic_string@DU?$char_traits@D@std@@V?$allocator@D@2@@std@@V?$shared_ptr@UNode@NetvarTree@@@2@@std@@PAX@0@AAPAU10@@Z 10002060 f i animation_system.obj
 0001:00001060       ??$_Unfancy@D@std@@YAPADPAD@Z 10002060 f i animation_system.obj
 0001:00001060       ??$forward@U?$default_delete@VNetvarTree@@@std@@@std@@YA$$QAU?$default_delete@VNetvarTree@@@0@AAU10@@Z 10002060 f i c_hooks.obj
 0001:00001060       ??$move@AAV?$basic_string@DU?$char_traits@D@std@@V?$allocator@D@2@@std@@@std@@YA$$QAV?$basic_string@DU?$char_traits@D@std@@V?$allocator@D@2@@0@AAV10@@Z 10002060 f i animation_system.obj
 0001:00001060       ??$_Unfancy@H@std@@YAPAHPAH@Z 10002060 f i animation_system.obj
 0001:00001060       ??$_Unfancy@V?$_List_unchecked_iterator@V?$_List_val@U?$_List_simple_types@U?$pair@$$CBV?$basic_string@DU?$char_traits@D@std@@V?$allocator@D@2@@std@@V?$shared_ptr@UNode@NetvarTree@@@2@@std@@@std@@@std@@@std@@@std@@YAPAV?$_List_unchecked_iterator@V?$_List_val@U?$_List_simple_types@U?$pair@$$CBV?$basic_string@DU?$char_traits@D@std@@V?$allocator@D@2@@std@@V?$shared_ptr@UNode@NetvarTree@@@2@@std@@@std@@@std@@@0@PAV10@@Z 10002060 f i animation_system.obj
 0001:00001060       ??$move@AAV?$basic_string@_WU?$char_traits@_W@std@@V?$allocator@_W@2@@std@@@std@@YA$$QAV?$basic_string@_WU?$char_traits@_W@std@@V?$allocator@_W@2@@0@AAV10@@Z 10002060 f i config_system.obj
 0001:00001060       ??$forward@V?$tuple@$$QAV?$basic_string@DU?$char_traits@D@std@@V?$allocator@D@2@@std@@@std@@@std@@YA$$QAV?$tuple@$$QAV?$basic_string@DU?$char_traits@D@std@@V?$allocator@D@2@@std@@@0@AAV10@@Z 10002060 f i animation_system.obj
 0001:00001060       ??$forward@ABUpiecewise_construct_t@std@@@std@@YAABUpiecewise_construct_t@0@ABU10@@Z 10002060 f i animation_system.obj
 0001:00001060       ??$forward@AAV?$_List_iterator@V?$_List_val@U?$_List_simple_types@U?$pair@$$CBV?$basic_string@DU?$char_traits@D@std@@V?$allocator@D@2@@std@@V?$shared_ptr@UNode@NetvarTree@@@2@@std@@@std@@@std@@@std@@@std@@YAAAV?$_List_iterator@V?$_List_val@U?$_List_simple_types@U?$pair@$$CBV?$basic_string@DU?$char_traits@D@std@@V?$allocator@D@2@@std@@V?$shared_ptr@UNode@NetvarTree@@@2@@std@@@std@@@std@@@0@AAV10@@Z 10002060 f i animation_system.obj
 0001:00001060       ??$forward@AAPAVIVRenderView@@@std@@YAAAPAVIVRenderView@@AAPAV1@@Z 10002060 f i c_hooks.obj
 0001:00001060       ??$addressof@V?$unique_ptr@VShadowVTManager@@U?$default_delete@VShadowVTManager@@@std@@@std@@@std@@YAPAV?$unique_ptr@VShadowVTManager@@U?$default_delete@VShadowVTManager@@@std@@@0@AAV10@@Z 10002060 f i bone_processing_hook.obj
 0001:00001060       ??$_Get_unwrapped_n@HH$0A@@std@@YAPAHQAHH@Z 10002060 f i animation_system.obj
 0001:00001060       ??$forward@ABULegitPlayerRecords@@@std@@YAABULegitPlayerRecords@@ABU1@@Z 10002060 f i Legitbot.obj
 0001:00001060       ??$_Convert_size@I@std@@YAII@Z 10002060 f i animation_system.obj
 0001:00001060       ??$_Unfancy@ULegitPlayerRecords@@@std@@YAPAULegitPlayerRecords@@PAU1@@Z 10002060 f i Legitbot.obj
 0001:00001060       ??$forward@$$QAV?$basic_string@DU?$char_traits@D@std@@V?$allocator@D@2@@std@@@std@@YA$$QAV?$basic_string@DU?$char_traits@D@std@@V?$allocator@D@2@@0@AAV10@@Z 10002060 f i animation_system.obj
 0001:00001060       ??$_Get_unwrapped_n@PAULegitPlayerRecords@@H$0A@@std@@YAPAPAULegitPlayerRecords@@QAPAU1@H@Z 10002060 f i Legitbot.obj
 0001:00001060       ??$_Get_unwrapped@D@std@@YAPADQAD@Z 10002060 f i c_esp.obj
 0001:00001060       ??$_Get_unwrapped@Vdirectory_iterator@filesystem@std@@$0A@@std@@YAABVdirectory_iterator@filesystem@0@ABV120@@Z 10002060 f i config_system.obj
 0001:00001060       ??$forward@AAPAVShadowVTManager@@@std@@YAAAPAVShadowVTManager@@AAPAV1@@Z 10002060 f i c_hooks.obj
 0001:00001060       ??$_Get_unwrapped_n@V?$back_insert_iterator@V?$vector@V?$basic_string@DU?$char_traits@D@std@@V?$allocator@D@2@@std@@V?$allocator@V?$basic_string@DU?$char_traits@D@std@@V?$allocator@D@2@@std@@@2@@std@@@std@@U_Distance_unknown@2@$0A@@std@@YAABV?$back_insert_iterator@V?$vector@V?$basic_string@DU?$char_traits@D@std@@V?$allocator@D@2@@std@@V?$allocator@V?$basic_string@DU?$char_traits@D@std@@V?$allocator@D@2@@std@@@2@@std@@@0@ABV10@U_Distance_unknown@0@@Z 10002060 f i config_system.obj
 0001:00001060       ??$_Const_cast@$$CBD@std@@YAPADPBD@Z 10002060 f i c_esp.obj
 0001:00001060       ??$move@AAV?$allocator@_W@std@@@std@@YA$$QAV?$allocator@_W@0@AAV10@@Z 10002060 f i config_system.obj
 0001:00001060       ??$move@AAU?$default_delete@$$BY0A@I@std@@@std@@YA$$QAU?$default_delete@$$BY0A@I@0@AAU10@@Z 10002060 f i c_hooks.obj
 0001:00001060       ??$forward@V?$allocator@D@std@@@std@@YA$$QAV?$allocator@D@0@AAV10@@Z 10002060 f i animation_system.obj
 0001:00001060       ??$_Get_unwrapped_unverified@_W@std@@YAPA_WQA_W@Z 10002060 f i config_system.obj
 0001:00001060       ??$addressof@$$CBV?$_Vector_val@U?$_Simple_types@V?$basic_string@DU?$char_traits@D@std@@V?$allocator@D@2@@std@@@std@@@std@@@std@@YAPBV?$_Vector_val@U?$_Simple_types@V?$basic_string@DU?$char_traits@D@std@@V?$allocator@D@2@@std@@@std@@@0@ABV10@@Z 10002060 f i config_system.obj
 0001:00001060       ?select_on_container_copy_construction@?$_Default_allocator_traits@V?$allocator@D@std@@@std@@SA?AV?$allocator@D@2@ABV32@@Z 10002060 f i c_esp.obj
 0001:00001060       ??$addressof@$$CBV?$basic_string@_WU?$char_traits@_W@std@@V?$allocator@_W@2@@std@@@std@@YAPBV?$basic_string@_WU?$char_traits@_W@std@@V?$allocator@_W@2@@0@ABV10@@Z 10002060 f i config_system.obj
 0001:00001060       ??$forward@AAPAVCModelRender@@@std@@YAAAPAVCModelRender@@AAPAV1@@Z 10002060 f i c_hooks.obj
 0001:00001060       ??$addressof@V?$unique_ptr@VNetvarTree@@U?$default_delete@VNetvarTree@@@std@@@std@@@std@@YAPAV?$unique_ptr@VNetvarTree@@U?$default_delete@VNetvarTree@@@std@@@0@AAV10@@Z 10002060 f i c_hooks.obj
 0001:00001060       ??$forward@PBD@std@@YA$$QAPBDAAPBD@Z 10002060 f i NetvarManager.obj
 0001:00001060       ??$forward@AAPAU?$_List_node@U?$pair@$$CBV?$basic_string@DU?$char_traits@D@std@@V?$allocator@D@2@@std@@V?$shared_ptr@UNode@NetvarTree@@@2@@std@@PAX@std@@@std@@YAAAPAU?$_List_node@U?$pair@$$CBV?$basic_string@DU?$char_traits@D@std@@V?$allocator@D@2@@std@@V?$shared_ptr@UNode@NetvarTree@@@2@@std@@PAX@0@AAPAU10@@Z 10002060 f i animation_system.obj
 0001:00001060       ??$move@AAH@std@@YA$$QAHAAH@Z 10002060 f i animation_system.obj
 0001:00001060       ??$_Get_size_of_n@$00@std@@YAII@Z 10002060 f i animation_system.obj
 0001:00001060       ??$forward@AAPBD@std@@YAAAPBDAAPBD@Z 10002060 f i config_system.obj
 0001:00001060       ??$addressof@V?$_Deque_val@U?$_Deque_simple_types@UPlayerRecords@@@std@@@std@@@std@@YAPAV?$_Deque_val@U?$_Deque_simple_types@UPlayerRecords@@@std@@@0@AAV10@@Z 10002060 f i c_ragebot.obj
 0001:00001060       ??$forward@U?$default_delete@VVMTHook@@@std@@@std@@YA$$QAU?$default_delete@VVMTHook@@@0@AAU10@@Z 10002060 f i c_hooks.obj
 0001:00001070       ??$_Copy_memmove@PAPAULegitPlayerRecords@@PAPAU1@@std@@YAPAPAULegitPlayerRecords@@PAPAU1@00@Z 10002070 f i Legitbot.obj
 0001:00001070       ??$_Copy_memmove@PAHPAH@std@@YAPAHPAH00@Z 10002070 f i animation_system.obj
 0001:00001070       ??$_Copy_memmove@PAPAUPlayerRecords@@PAPAU1@@std@@YAPAPAUPlayerRecords@@PAPAU1@00@Z 10002070 f i LagComp.obj
 0001:000010b0       ??$_Deallocate@$07$0A@@std@@YAXPAXI@Z 100020b0 f i animation_system.obj
 0001:000010e0       ??$destroy@PAUPlayerRecords@@@?$_Default_allocator_traits@V?$allocator@PAUPlayerRecords@@@std@@@std@@SAXAAV?$allocator@PAUPlayerRecords@@@1@QAPAUPlayerRecords@@@Z 100020e0 f i LagComp.obj
 0001:000010e0       ??$_Adl_verify_range@V?$_String_iterator@V?$_String_val@U?$_Simple_types@D@std@@@std@@@std@@V12@@std@@YAXABV?$_String_iterator@V?$_String_val@U?$_Simple_types@D@std@@@std@@@0@0@Z 100020e0 f i c_esp.obj
 0001:000010e0       ??$_Adl_verify_range@V?$_String_const_iterator@V?$_String_val@U?$_Simple_types@D@std@@@std@@@std@@V12@@std@@YAXABV?$_String_const_iterator@V?$_String_val@U?$_Simple_types@D@std@@@std@@@0@0@Z 100020e0 f i c_esp.obj
 0001:000010e0       ??$_Adl_verify_range@PADPAD@std@@YAXABQAD0@Z 100020e0 f i c_esp.obj
 0001:000010e0       ??$_Enable_shared_from_this1@UNode@NetvarTree@@U12@@std@@YAXABV?$shared_ptr@UNode@NetvarTree@@@0@PAUNode@NetvarTree@@U?$integral_constant@_N$0A@@0@@Z 100020e0 f i NetvarManager.obj
 0001:000010e0       ??$destroy@PAULegitPlayerRecords@@@?$_Default_allocator_traits@V?$allocator@PAULegitPlayerRecords@@@std@@@std@@SAXAAV?$allocator@PAULegitPlayerRecords@@@1@QAPAULegitPlayerRecords@@@Z 100020e0 f i Legitbot.obj
 0001:000010e0       ??$_Destroy_range1@V?$allocator@PAULegitPlayerRecords@@@std@@@std@@YAXPAPAULegitPlayerRecords@@0AAV?$allocator@PAULegitPlayerRecords@@@0@U?$integral_constant@_N$00@0@@Z 100020e0 f i Legitbot.obj
 0001:000010e0       ??$destroy@PAD@?$_Default_allocator_traits@V?$allocator@D@std@@@std@@SAXAAV?$allocator@D@1@QAPAD@Z 100020e0 f i animation_system.obj
 0001:000010e0       ??$destroy@U_Container_proxy@std@@@?$_Default_allocator_traits@V?$allocator@U_Container_proxy@std@@@std@@@std@@SAXAAV?$allocator@U_Container_proxy@std@@@1@QAU_Container_proxy@1@@Z 100020e0 f i LagComp.obj
 0001:000010e0       ??$_Destroy_range1@V?$allocator@PAUPlayerRecords@@@std@@@std@@YAXPAPAUPlayerRecords@@0AAV?$allocator@PAUPlayerRecords@@@0@U?$integral_constant@_N$00@0@@Z 100020e0 f i LagComp.obj
 0001:000010e0       ??$destroy@UPlayerRecords@@@?$_Default_allocator_traits@V?$allocator@UPlayerRecords@@@std@@@std@@SAXAAV?$allocator@UPlayerRecords@@@1@QAUPlayerRecords@@@Z 100020e0 f i LagComp.obj
 0001:000010e0       ??$_Adl_verify_range@V?$_Vector_const_iterator@V?$_Vector_val@U?$_Simple_types@V?$basic_string@DU?$char_traits@D@std@@V?$allocator@D@2@@std@@@std@@@std@@@std@@V12@@std@@YAXABV?$_Vector_const_iterator@V?$_Vector_val@U?$_Simple_types@V?$basic_string@DU?$char_traits@D@std@@V?$allocator@D@2@@std@@@std@@@std@@@0@0@Z 100020e0 f i config_system.obj
 0001:000010e0       ??$_Destroy_range1@V?$allocator@V?$_List_unchecked_iterator@V?$_List_val@U?$_List_simple_types@U?$pair@$$CBV?$basic_string@DU?$char_traits@D@std@@V?$allocator@D@2@@std@@V?$shared_ptr@UNode@NetvarTree@@@2@@std@@@std@@@std@@@std@@@std@@@std@@YAXPAV?$_List_unchecked_iterator@V?$_List_val@U?$_List_simple_types@U?$pair@$$CBV?$basic_string@DU?$char_traits@D@std@@V?$allocator@D@2@@std@@V?$shared_ptr@UNode@NetvarTree@@@2@@std@@@std@@@std@@@0@0AAV?$allocator@V?$_List_unchecked_iterator@V?$_List_val@U?$_List_simple_types@U?$pair@$$CBV?$basic_string@DU?$char_traits@D@std@@V?$allocator@D@2@@std@@V?$shared_ptr@UNode@NetvarTree@@@2@@std@@@std@@@std@@@std@@@0@U?$integral_constant@_N$00@0@@Z 100020e0 f i animation_system.obj
 0001:000010e0       ??$_Destroy_range1@V?$allocator@H@std@@@std@@YAXPAH0AAV?$allocator@H@0@U?$integral_constant@_N$00@0@@Z 100020e0 f i animation_system.obj
 0001:000010e0       ??$_Adl_verify_range@Vdirectory_iterator@filesystem@std@@V123@@std@@YAXABVdirectory_iterator@filesystem@0@0@Z 100020e0 f i config_system.obj
 0001:000010e0       ??$_Adl_verify_range@V?$_Deque_iterator@V?$_Deque_val@U?$_Deque_simple_types@UPlayerRecords@@@std@@@std@@@std@@V12@@std@@YAXABV?$_Deque_iterator@V?$_Deque_val@U?$_Deque_simple_types@UPlayerRecords@@@std@@@std@@@0@0@Z 100020e0 f i LagComp.obj
 0001:000010e0       ??$destroy@PAU?$_List_node@U?$pair@$$CBV?$basic_string@DU?$char_traits@D@std@@V?$allocator@D@2@@std@@V?$shared_ptr@UNode@NetvarTree@@@2@@std@@PAX@std@@@?$_Default_allocator_traits@V?$allocator@U?$_List_node@U?$pair@$$CBV?$basic_string@DU?$char_traits@D@std@@V?$allocator@D@2@@std@@V?$shared_ptr@UNode@NetvarTree@@@2@@std@@PAX@std@@@std@@@std@@SAXAAV?$allocator@U?$_List_node@U?$pair@$$CBV?$basic_string@DU?$char_traits@D@std@@V?$allocator@D@2@@std@@V?$shared_ptr@UNode@NetvarTree@@@2@@std@@PAX@std@@@1@QAPAU?$_List_node@U?$pair@$$CBV?$basic_string@DU?$char_traits@D@std@@V?$allocator@D@2@@std@@V?$shared_ptr@UNode@NetvarTree@@@2@@std@@PAX@1@@Z 100020e0 f i animation_system.obj
 0001:000010e0       ?Log@Utils@@SAXABV?$basic_string@DU?$char_traits@D@std@@V?$allocator@D@2@@std@@ZZ 100020e0 f i c_hooks.obj
 0001:000010e0       ??$_Adl_verify_range@PB_WPB_W@std@@YAXABQB_W0@Z 100020e0 f i config_system.obj
 0001:000010e0       ??$_Pocca@V?$allocator@_W@std@@@std@@YAXAAV?$allocator@_W@0@ABV10@U?$integral_constant@_N$0A@@0@@Z 100020e0 f i config_system.obj
 0001:000010e0       ??$_Adl_verify_range@V?$_Deque_iterator@V?$_Deque_val@U?$_Deque_simple_types@ULegitPlayerRecords@@@std@@@std@@@std@@V12@@std@@YAXABV?$_Deque_iterator@V?$_Deque_val@U?$_Deque_simple_types@ULegitPlayerRecords@@@std@@@std@@@0@0@Z 100020e0 f i Legitbot.obj
 0001:000010e0       ??$destroy@PA_W@?$_Default_allocator_traits@V?$allocator@_W@std@@@std@@SAXAAV?$allocator@_W@1@QAPA_W@Z 100020e0 f i config_system.obj
 0001:000010e0       ??3@YAXPAXUImPlacementNewDummy@@0@Z 100020e0 f i imgui.obj
 0001:000010e0       ??$destroy@ULegitPlayerRecords@@@?$_Default_allocator_traits@V?$allocator@ULegitPlayerRecords@@@std@@@std@@SAXAAV?$allocator@ULegitPlayerRecords@@@1@QAULegitPlayerRecords@@@Z 100020e0 f i Legitbot.obj
 0001:000010e0       ??$_Enable_shared_from_this1@U_Dir_enum_impl@filesystem@std@@U123@@std@@YAXABV?$shared_ptr@U_Dir_enum_impl@filesystem@std@@@0@PAU_Dir_enum_impl@filesystem@0@U?$integral_constant@_N$0A@@0@@Z 100020e0 f i config_system.obj
 0001:000010f0       ??$_Destroy_range@V?$allocator@PAUPlayerRecords@@@std@@@std@@YAXPAPAUPlayerRecords@@0AAV?$allocator@PAUPlayerRecords@@@0@@Z 100020f0 f i LagComp.obj
 0001:000010f0       ??$_Destroy_range@V?$allocator@V?$_List_unchecked_iterator@V?$_List_val@U?$_List_simple_types@U?$pair@$$CBV?$basic_string@DU?$char_traits@D@std@@V?$allocator@D@2@@std@@V?$shared_ptr@UNode@NetvarTree@@@2@@std@@@std@@@std@@@std@@@std@@@std@@YAXPAV?$_List_unchecked_iterator@V?$_List_val@U?$_List_simple_types@U?$pair@$$CBV?$basic_string@DU?$char_traits@D@std@@V?$allocator@D@2@@std@@V?$shared_ptr@UNode@NetvarTree@@@2@@std@@@std@@@std@@@0@0AAV?$allocator@V?$_List_unchecked_iterator@V?$_List_val@U?$_List_simple_types@U?$pair@$$CBV?$basic_string@DU?$char_traits@D@std@@V?$allocator@D@2@@std@@V?$shared_ptr@UNode@NetvarTree@@@2@@std@@@std@@@std@@@std@@@0@@Z 100020f0 f i animation_system.obj
 0001:000010f0       ??$_Destroy_range@V?$allocator@PAULegitPlayerRecords@@@std@@@std@@YAXPAPAULegitPlayerRecords@@0AAV?$allocator@PAULegitPlayerRecords@@@0@@Z 100020f0 f i Legitbot.obj
 0001:000010f0       ??$_Destroy_range@V?$allocator@H@std@@@std@@YAXPAH0AAV?$allocator@H@0@@Z 100020f0 f i animation_system.obj
 0001:00001120       ??$_Emplace_back@ABV?$_List_unchecked_iterator@V?$_List_val@U?$_List_simple_types@U?$pair@$$CBV?$basic_string@DU?$char_traits@D@std@@V?$allocator@D@2@@std@@V?$shared_ptr@UNode@NetvarTree@@@2@@std@@@std@@@std@@@std@@@?$_Uninitialized_backout_al@PAV?$_List_unchecked_iterator@V?$_List_val@U?$_List_simple_types@U?$pair@$$CBV?$basic_string@DU?$char_traits@D@std@@V?$allocator@D@2@@std@@V?$shared_ptr@UNode@NetvarTree@@@2@@std@@@std@@@std@@@std@@V?$allocator@V?$_List_unchecked_iterator@V?$_List_val@U?$_List_simple_types@U?$pair@$$CBV?$basic_string@DU?$char_traits@D@std@@V?$allocator@D@2@@std@@V?$shared_ptr@UNode@NetvarTree@@@2@@std@@@std@@@std@@@std@@@2@@std@@QAEXABV?$_List_unchecked_iterator@V?$_List_val@U?$_List_simple_types@U?$pair@$$CBV?$basic_string@DU?$char_traits@D@std@@V?$allocator@D@2@@std@@V?$shared_ptr@UNode@NetvarTree@@@2@@std@@@std@@@std@@@1@@Z 10002120 f i animation_system.obj
 0001:00001120       ??$_Emplace_back@V?$_List_unchecked_iterator@V?$_List_val@U?$_List_simple_types@U?$pair@$$CBV?$basic_string@DU?$char_traits@D@std@@V?$allocator@D@2@@std@@V?$shared_ptr@UNode@NetvarTree@@@2@@std@@@std@@@std@@@std@@@?$_Uninitialized_backout_al@PAV?$_List_unchecked_iterator@V?$_List_val@U?$_List_simple_types@U?$pair@$$CBV?$basic_string@DU?$char_traits@D@std@@V?$allocator@D@2@@std@@V?$shared_ptr@UNode@NetvarTree@@@2@@std@@@std@@@std@@@std@@V?$allocator@V?$_List_unchecked_iterator@V?$_List_val@U?$_List_simple_types@U?$pair@$$CBV?$basic_string@DU?$char_traits@D@std@@V?$allocator@D@2@@std@@V?$shared_ptr@UNode@NetvarTree@@@2@@std@@@std@@@std@@@std@@@2@@std@@QAEX$$QAV?$_List_unchecked_iterator@V?$_List_val@U?$_List_simple_types@U?$pair@$$CBV?$basic_string@DU?$char_traits@D@std@@V?$allocator@D@2@@std@@V?$shared_ptr@UNode@NetvarTree@@@2@@std@@@std@@@std@@@1@@Z 10002120 f i animation_system.obj
 0001:00001180       ??$_Emplace_back_with_unused_capacity@H@?$vector@HV?$allocator@H@std@@@std@@AAEAAH$$QAH@Z 10002180 f i animation_system.obj
 0001:00001230       ??$_Emplace_reallocate@H@?$vector@HV?$allocator@H@std@@@std@@QAEPAHQAH$$QAH@Z 10002230 f i animation_system.obj
 0001:00001420       ??$_Ptr_move_cat@V?$basic_string@DU?$char_traits@D@std@@V?$allocator@D@2@@std@@V12@@std@@YA?AU_General_ptr_iterator_tag@0@ABQAV?$basic_string@DU?$char_traits@D@std@@V?$allocator@D@2@@0@0@Z 10002420 f i config_system.obj
 0001:00001420       ??$_Ptr_move_cat@V?$_Deque_unchecked_iterator@V?$_Deque_val@U?$_Deque_simple_types@ULegitPlayerRecords@@@std@@@std@@@std@@V12@@std@@YA?AU_General_ptr_iterator_tag@0@ABV?$_Deque_unchecked_iterator@V?$_Deque_val@U?$_Deque_simple_types@ULegitPlayerRecords@@@std@@@std@@@0@0@Z 10002420 f i Legitbot.obj
 0001:00001420       ??$_Fill_memset_is_safe@PAV?$_List_unchecked_iterator@V?$_List_val@U?$_List_simple_types@U?$pair@$$CBV?$basic_string@DU?$char_traits@D@std@@V?$allocator@D@2@@std@@V?$shared_ptr@UNode@NetvarTree@@@2@@std@@@std@@@std@@@std@@V12@@std@@YA?AU?$integral_constant@_N$0A@@0@ABQAV?$_List_unchecked_iterator@V?$_List_val@U?$_List_simple_types@U?$pair@$$CBV?$basic_string@DU?$char_traits@D@std@@V?$allocator@D@2@@std@@V?$shared_ptr@UNode@NetvarTree@@@2@@std@@@std@@@std@@@0@ABV20@@Z 10002420 f i animation_system.obj
 0001:00001420       ??$_Idl_distance@Vdirectory_iterator@filesystem@std@@V123@@std@@YA?AU_Distance_unknown@0@ABVdirectory_iterator@filesystem@0@0@Z 10002420 f i config_system.obj
 0001:00001420       ??$_Ptr_move_cat@V?$_Deque_unchecked_iterator@V?$_Deque_val@U?$_Deque_simple_types@UPlayerRecords@@@std@@@std@@@std@@V12@@std@@YA?AU_General_ptr_iterator_tag@0@ABV?$_Deque_unchecked_iterator@V?$_Deque_val@U?$_Deque_simple_types@UPlayerRecords@@@std@@@std@@@0@0@Z 10002420 f i LagComp.obj
 0001:00001430       ??$_Fill_unchecked1@PAV?$_List_unchecked_iterator@V?$_List_val@U?$_List_simple_types@U?$pair@$$CBV?$basic_string@DU?$char_traits@D@std@@V?$allocator@D@2@@std@@V?$shared_ptr@UNode@NetvarTree@@@2@@std@@@std@@@std@@@std@@V12@@std@@YAXPAV?$_List_unchecked_iterator@V?$_List_val@U?$_List_simple_types@U?$pair@$$CBV?$basic_string@DU?$char_traits@D@std@@V?$allocator@D@2@@std@@V?$shared_ptr@UNode@NetvarTree@@@2@@std@@@std@@@std@@@0@0ABV10@U?$integral_constant@_N$0A@@0@@Z 10002430 f i animation_system.obj
 0001:00001460       ??$_Fill_unchecked@PAV?$_List_unchecked_iterator@V?$_List_val@U?$_List_simple_types@U?$pair@$$CBV?$basic_string@DU?$char_traits@D@std@@V?$allocator@D@2@@std@@V?$shared_ptr@UNode@NetvarTree@@@2@@std@@@std@@@std@@@std@@V12@@std@@YAXPAV?$_List_unchecked_iterator@V?$_List_val@U?$_List_simple_types@U?$pair@$$CBV?$basic_string@DU?$char_traits@D@std@@V?$allocator@D@2@@std@@V?$shared_ptr@UNode@NetvarTree@@@2@@std@@@std@@@std@@@0@0ABV10@@Z 10002460 f i animation_system.obj
 0001:000014a0       ??$_Freenode0@V?$allocator@U?$_List_node@U?$pair@$$CBV?$basic_string@DU?$char_traits@D@std@@V?$allocator@D@2@@std@@V?$shared_ptr@UNode@NetvarTree@@@2@@std@@PAX@std@@@std@@@?$_List_node@U?$pair@$$CBV?$basic_string@DU?$char_traits@D@std@@V?$allocator@D@2@@std@@V?$shared_ptr@UNode@NetvarTree@@@2@@std@@PAX@std@@SAXAAV?$allocator@U?$_List_node@U?$pair@$$CBV?$basic_string@DU?$char_traits@D@std@@V?$allocator@D@2@@std@@V?$shared_ptr@UNode@NetvarTree@@@2@@std@@PAX@std@@@1@PAU01@@Z 100024a0 f i animation_system.obj
 0001:00001520       ??$_Get_size_of_n@$03@std@@YAII@Z 10002520 f i animation_system.obj
 0001:00001550       ??$_Get_size_of_n@$0CI@@std@@YAII@Z 10002550 f i animation_system.obj
 0001:00001580       ??$_Hash_array_representation@D@std@@YAIQBDI@Z 10002580 f i animation_system.obj
 0001:000015a0       ??$_Idl_distance@PAPAUPlayerRecords@@PAPAU1@@std@@YAHABQAPAUPlayerRecords@@0@Z 100025a0 f i LagComp.obj
 0001:000015a0       ??$_Idl_distance@PAV?$_List_unchecked_iterator@V?$_List_val@U?$_List_simple_types@U?$pair@$$CBV?$basic_string@DU?$char_traits@D@std@@V?$allocator@D@2@@std@@V?$shared_ptr@UNode@NetvarTree@@@2@@std@@@std@@@std@@@std@@PAV12@@std@@YAHABQAV?$_List_unchecked_iterator@V?$_List_val@U?$_List_simple_types@U?$pair@$$CBV?$basic_string@DU?$char_traits@D@std@@V?$allocator@D@2@@std@@V?$shared_ptr@UNode@NetvarTree@@@2@@std@@@std@@@std@@@0@0@Z 100025a0 f i animation_system.obj
 0001:000015a0       ??$_Idl_distance@PAHPAH@std@@YAHABQAH0@Z 100025a0 f i animation_system.obj
 0001:000015a0       ??$_Idl_distance@PAPAULegitPlayerRecords@@PAPAU1@@std@@YAHABQAPAULegitPlayerRecords@@0@Z 100025a0 f i Legitbot.obj
 0001:000015c0       ??$_Insert@AAU?$pair@$$CBV?$basic_string@DU?$char_traits@D@std@@V?$allocator@D@2@@std@@V?$shared_ptr@UNode@NetvarTree@@@2@@std@@V?$_List_unchecked_iterator@V?$_List_val@U?$_List_simple_types@U?$pair@$$CBV?$basic_string@DU?$char_traits@D@std@@V?$allocator@D@2@@std@@V?$shared_ptr@UNode@NetvarTree@@@2@@std@@@std@@@std@@@2@@?$_Hash@V?$_Umap_traits@V?$basic_string@DU?$char_traits@D@std@@V?$allocator@D@2@@std@@V?$shared_ptr@UNode@NetvarTree@@@2@V?$_Uhash_compare@V?$basic_string@DU?$char_traits@D@std@@V?$allocator@D@2@@std@@U?$hash@V?$basic_string@DU?$char_traits@D@std@@V?$allocator@D@2@@std@@@2@U?$equal_to@V?$basic_string@DU?$char_traits@D@std@@V?$allocator@D@2@@std@@@2@@2@V?$allocator@U?$pair@$$CBV?$basic_string@DU?$char_traits@D@std@@V?$allocator@D@2@@std@@V?$shared_ptr@UNode@NetvarTree@@@2@@std@@@2@$0A@@std@@@std@@IAE?AU?$pair@V?$_List_iterator@V?$_List_val@U?$_List_simple_types@U?$pair@$$CBV?$basic_string@DU?$char_traits@D@std@@V?$allocator@D@2@@std@@V?$shared_ptr@UNode@NetvarTree@@@2@@std@@@std@@@std@@@std@@_N@1@AAU?$pair@$$CBV?$basic_string@DU?$char_traits@D@std@@V?$allocator@D@2@@std@@V?$shared_ptr@UNode@NetvarTree@@@2@@1@V?$_List_unchecked_iterator@V?$_List_val@U?$_List_simple_types@U?$pair@$$CBV?$basic_string@DU?$char_traits@D@std@@V?$allocator@D@2@@std@@V?$shared_ptr@UNode@NetvarTree@@@2@@std@@@std@@@std@@@1@@Z 100025c0 f i animation_system.obj
 0001:00001870       ??$_Insert@ABUpiecewise_construct_t@std@@V?$tuple@$$QAV?$basic_string@DU?$char_traits@D@std@@V?$allocator@D@2@@std@@@2@V?$tuple@$$V@2@@?$list@U?$pair@$$CBV?$basic_string@DU?$char_traits@D@std@@V?$allocator@D@2@@std@@V?$shared_ptr@UNode@NetvarTree@@@2@@std@@V?$allocator@U?$pair@$$CBV?$basic_string@DU?$char_traits@D@std@@V?$allocator@D@2@@std@@V?$shared_ptr@UNode@NetvarTree@@@2@@std@@@2@@std@@QAEXV?$_List_unchecked_const_iterator@V?$_List_val@U?$_List_simple_types@U?$pair@$$CBV?$basic_string@DU?$char_traits@D@std@@V?$allocator@D@2@@std@@V?$shared_ptr@UNode@NetvarTree@@@2@@std@@@std@@@std@@U_Iterator_base0@2@@1@ABUpiecewise_construct_t@1@$$QAV?$tuple@$$QAV?$basic_string@DU?$char_traits@D@std@@V?$allocator@D@2@@std@@@1@$$QAV?$tuple@$$V@1@@Z 10002870 f i animation_system.obj
 0001:00001900       ??$_Max_value@I@std@@YAABIABI0@Z 10002900 f i animation_system.obj
 0001:00001930       ??$_Min_value@I@std@@YAABIABI0@Z 10002930 f i animation_system.obj
 0001:00001960       ??$_Ptr_copy_cat@PAULegitPlayerRecords@@PAU1@@std@@YA?AU_Really_trivial_ptr_iterator_tag@0@ABQAPAULegitPlayerRecords@@0@Z 10002960 f i Legitbot.obj
 0001:00001960       ??$_Ptr_move_cat@V?$_List_unchecked_iterator@V?$_List_val@U?$_List_simple_types@U?$pair@$$CBV?$basic_string@DU?$char_traits@D@std@@V?$allocator@D@2@@std@@V?$shared_ptr@UNode@NetvarTree@@@2@@std@@@std@@@std@@@std@@V12@@std@@YA?AU_Trivially_copyable_ptr_iterator_tag@0@ABQAV?$_List_unchecked_iterator@V?$_List_val@U?$_List_simple_types@U?$pair@$$CBV?$basic_string@DU?$char_traits@D@std@@V?$allocator@D@2@@std@@V?$shared_ptr@UNode@NetvarTree@@@2@@std@@@std@@@std@@@0@0@Z 10002960 f i animation_system.obj
 0001:00001960       ??$_Ptr_copy_cat@PAUPlayerRecords@@PAU1@@std@@YA?AU_Really_trivial_ptr_iterator_tag@0@ABQAPAUPlayerRecords@@0@Z 10002960 f i LagComp.obj
 0001:00001960       ??$_Ptr_move_cat@HH@std@@YA?AU_Really_trivial_ptr_iterator_tag@0@ABQAH0@Z 10002960 f i animation_system.obj
 0001:00001970       ??$_Reallocate_for@V<lambda_9366063389c5f42a00a5088cf24e69de>@@PBD@?$basic_string@DU?$char_traits@D@std@@V?$allocator@D@2@@std@@QAEAAV01@IV<lambda_9366063389c5f42a00a5088cf24e69de>@@PBD@Z 10002970 f i animation_system.obj
 0001:00001a50       ??$_Seek_wrapped@PAULegitPlayerRecords@@@std@@YAXAAPAPAULegitPlayerRecords@@QAPAU1@@Z 10002a50 f i Legitbot.obj
 0001:00001a50       ??$_Seek_wrapped@$$CB_W@std@@YAXAAPB_WQB_W@Z 10002a50 f i config_system.obj
 0001:00001a50       ??$_Seek_wrapped@V?$basic_string@DU?$char_traits@D@std@@V?$allocator@D@2@@std@@@std@@YAXAAPAV?$basic_string@DU?$char_traits@D@std@@V?$allocator@D@2@@0@QAV10@@Z 10002a50 f i config_system.obj
 0001:00001a50       ??$_Seek_wrapped@PAUPlayerRecords@@@std@@YAXAAPAPAUPlayerRecords@@QAPAU1@@Z 10002a50 f i LagComp.obj
 0001:00001a50       ??$_Seek_wrapped@V?$_List_unchecked_iterator@V?$_List_val@U?$_List_simple_types@U?$pair@$$CBV?$basic_string@DU?$char_traits@D@std@@V?$allocator@D@2@@std@@V?$shared_ptr@UNode@NetvarTree@@@2@@std@@@std@@@std@@@std@@@std@@YAXAAPAV?$_List_unchecked_iterator@V?$_List_val@U?$_List_simple_types@U?$pair@$$CBV?$basic_string@DU?$char_traits@D@std@@V?$allocator@D@2@@std@@V?$shared_ptr@UNode@NetvarTree@@@2@@std@@@std@@@std@@@0@QAV10@@Z 10002a50 f i animation_system.obj
 0001:00001a50       ??$_Seek_wrapped@H@std@@YAXAAPAHQAH@Z 10002a50 f i animation_system.obj
 0001:00001a60       ??$_Traits_equal@U?$char_traits@D@std@@@std@@YA_NQBDI0I@Z 10002a60 f i animation_system.obj
 0001:00001aa0       ??$_Try_emplace@V?$basic_string@DU?$char_traits@D@std@@V?$allocator@D@2@@std@@$$V@?$unordered_map@V?$basic_string@DU?$char_traits@D@std@@V?$allocator@D@2@@std@@V?$shared_ptr@UNode@NetvarTree@@@2@U?$hash@V?$basic_string@DU?$char_traits@D@std@@V?$allocator@D@2@@std@@@2@U?$equal_to@V?$basic_string@DU?$char_traits@D@std@@V?$allocator@D@2@@std@@@2@V?$allocator@U?$pair@$$CBV?$basic_string@DU?$char_traits@D@std@@V?$allocator@D@2@@std@@V?$shared_ptr@UNode@NetvarTree@@@2@@std@@@2@@std@@QAE?AU?$pair@V?$_List_iterator@V?$_List_val@U?$_List_simple_types@U?$pair@$$CBV?$basic_string@DU?$char_traits@D@std@@V?$allocator@D@2@@std@@V?$shared_ptr@UNode@NetvarTree@@@2@@std@@@std@@@std@@@std@@_N@1@$$QAV?$basic_string@DU?$char_traits@D@std@@V?$allocator@D@2@@1@@Z 10002aa0 f i animation_system.obj
 0001:00001b40       ??$_Uninit_alloc_fill_n1@PAV?$_List_unchecked_iterator@V?$_List_val@U?$_List_simple_types@U?$pair@$$CBV?$basic_string@DU?$char_traits@D@std@@V?$allocator@D@2@@std@@V?$shared_ptr@UNode@NetvarTree@@@2@@std@@@std@@@std@@@std@@IV?$allocator@V?$_List_unchecked_iterator@V?$_List_val@U?$_List_simple_types@U?$pair@$$CBV?$basic_string@DU?$char_traits@D@std@@V?$allocator@D@2@@std@@V?$shared_ptr@UNode@NetvarTree@@@2@@std@@@std@@@std@@@std@@@2@@std@@YAPAV?$_List_unchecked_iterator@V?$_List_val@U?$_List_simple_types@U?$pair@$$CBV?$basic_string@DU?$char_traits@D@std@@V?$allocator@D@2@@std@@V?$shared_ptr@UNode@NetvarTree@@@2@@std@@@std@@@std@@@0@QAV10@IABV10@AAV?$allocator@V?$_List_unchecked_iterator@V?$_List_val@U?$_List_simple_types@U?$pair@$$CBV?$basic_string@DU?$char_traits@D@std@@V?$allocator@D@2@@std@@V?$shared_ptr@UNode@NetvarTree@@@2@@std@@@std@@@std@@@std@@@0@U?$integral_constant@_N$0A@@0@@Z 10002b40 f i animation_system.obj
 0001:00001bd0       ??$_Uninitialized_fill_n@PAV?$_List_unchecked_iterator@V?$_List_val@U?$_List_simple_types@U?$pair@$$CBV?$basic_string@DU?$char_traits@D@std@@V?$allocator@D@2@@std@@V?$shared_ptr@UNode@NetvarTree@@@2@@std@@@std@@@std@@@std@@IV?$allocator@V?$_List_unchecked_iterator@V?$_List_val@U?$_List_simple_types@U?$pair@$$CBV?$basic_string@DU?$char_traits@D@std@@V?$allocator@D@2@@std@@V?$shared_ptr@UNode@NetvarTree@@@2@@std@@@std@@@std@@@std@@@2@@std@@YAPAV?$_List_unchecked_iterator@V?$_List_val@U?$_List_simple_types@U?$pair@$$CBV?$basic_string@DU?$char_traits@D@std@@V?$allocator@D@2@@std@@V?$shared_ptr@UNode@NetvarTree@@@2@@std@@@std@@@std@@@0@QAV10@IABV10@AAV?$allocator@V?$_List_unchecked_iterator@V?$_List_val@U?$_List_simple_types@U?$pair@$$CBV?$basic_string@DU?$char_traits@D@std@@V?$allocator@D@2@@std@@V?$shared_ptr@UNode@NetvarTree@@@2@@std@@@std@@@std@@@std@@@0@@Z 10002bd0 f i animation_system.obj
 0001:00001c00       ??$_Uninitialized_copy@PAPAUPlayerRecords@@PAPAU1@V?$allocator@PAUPlayerRecords@@@std@@@std@@YAPAPAUPlayerRecords@@QAPAU1@0PAPAU1@AAV?$allocator@PAUPlayerRecords@@@0@@Z 10002c00 f i LagComp.obj
 0001:00001c00       ??$_Uninitialized_copy@PAPAULegitPlayerRecords@@PAPAU1@V?$allocator@PAULegitPlayerRecords@@@std@@@std@@YAPAPAULegitPlayerRecords@@QAPAU1@0PAPAU1@AAV?$allocator@PAULegitPlayerRecords@@@0@@Z 10002c00 f i Legitbot.obj
 0001:00001c00       ??$_Uninitialized_move@PAHPAHV?$allocator@H@std@@@std@@YAPAHQAH0PAHAAV?$allocator@H@0@@Z 10002c00 f i animation_system.obj
 0001:00001cd0       ??$_Uninitialized_move@PAV?$_List_unchecked_iterator@V?$_List_val@U?$_List_simple_types@U?$pair@$$CBV?$basic_string@DU?$char_traits@D@std@@V?$allocator@D@2@@std@@V?$shared_ptr@UNode@NetvarTree@@@2@@std@@@std@@@std@@@std@@PAV12@V?$allocator@V?$_List_unchecked_iterator@V?$_List_val@U?$_List_simple_types@U?$pair@$$CBV?$basic_string@DU?$char_traits@D@std@@V?$allocator@D@2@@std@@V?$shared_ptr@UNode@NetvarTree@@@2@@std@@@std@@@std@@@std@@@2@@std@@YAPAV?$_List_unchecked_iterator@V?$_List_val@U?$_List_simple_types@U?$pair@$$CBV?$basic_string@DU?$char_traits@D@std@@V?$allocator@D@2@@std@@V?$shared_ptr@UNode@NetvarTree@@@2@@std@@@std@@@std@@@0@QAV10@0PAV10@AAV?$allocator@V?$_List_unchecked_iterator@V?$_List_val@U?$_List_simple_types@U?$pair@$$CBV?$basic_string@DU?$char_traits@D@std@@V?$allocator@D@2@@std@@V?$shared_ptr@UNode@NetvarTree@@@2@@std@@@std@@@std@@@std@@@0@@Z 10002cd0 f i animation_system.obj
 0001:00001d90       ??$_Uninitialized_copy_al_unchecked@PAULegitPlayerRecords@@PAU1@V?$allocator@PAULegitPlayerRecords@@@std@@@std@@YAPAPAULegitPlayerRecords@@QAPAU1@00AAV?$allocator@PAULegitPlayerRecords@@@0@U_Really_trivial_ptr_iterator_tag@0@U?$integral_constant@_N$00@0@@Z 10002d90 f i Legitbot.obj
 0001:00001d90       ??$_Uninitialized_copy_al_unchecked@PAUPlayerRecords@@PAU1@V?$allocator@PAUPlayerRecords@@@std@@@std@@YAPAPAUPlayerRecords@@QAPAU1@00AAV?$allocator@PAUPlayerRecords@@@0@U_Really_trivial_ptr_iterator_tag@0@U?$integral_constant@_N$00@0@@Z 10002d90 f i LagComp.obj
 0001:00001d90       ??$_Uninitialized_move_al_unchecked@HHV?$allocator@H@std@@@std@@YAPAHQAH00AAV?$allocator@H@0@U_Really_trivial_ptr_iterator_tag@0@U?$integral_constant@_N$00@0@@Z 10002d90 f i animation_system.obj
 0001:00001db0       ??$_Uninitialized_move_al_unchecked@PAV?$_List_unchecked_iterator@V?$_List_val@U?$_List_simple_types@U?$pair@$$CBV?$basic_string@DU?$char_traits@D@std@@V?$allocator@D@2@@std@@V?$shared_ptr@UNode@NetvarTree@@@2@@std@@@std@@@std@@@std@@PAV12@V?$allocator@V?$_List_unchecked_iterator@V?$_List_val@U?$_List_simple_types@U?$pair@$$CBV?$basic_string@DU?$char_traits@D@std@@V?$allocator@D@2@@std@@V?$shared_ptr@UNode@NetvarTree@@@2@@std@@@std@@@std@@@std@@@2@@std@@YAPAV?$_List_unchecked_iterator@V?$_List_val@U?$_List_simple_types@U?$pair@$$CBV?$basic_string@DU?$char_traits@D@std@@V?$allocator@D@2@@std@@V?$shared_ptr@UNode@NetvarTree@@@2@@std@@@std@@@std@@@0@PAV10@QAV10@1AAV?$allocator@V?$_List_unchecked_iterator@V?$_List_val@U?$_List_simple_types@U?$pair@$$CBV?$basic_string@DU?$char_traits@D@std@@V?$allocator@D@2@@std@@V?$shared_ptr@UNode@NetvarTree@@@2@@std@@@std@@@std@@@std@@@0@U_General_ptr_iterator_tag@0@U_Unused_parameter@0@@Z 10002db0 f i animation_system.obj
 0001:00001e50       ??$construct@PA_WABQA_W@?$_Default_allocator_traits@V?$allocator@_W@std@@@std@@SAXAAV?$allocator@_W@1@QAPA_WABQA_W@Z 10002e50 f i config_system.obj
 0001:00001e50       ??$construct@PADABQAD@?$_Default_allocator_traits@V?$allocator@D@std@@@std@@SAXAAV?$allocator@D@1@QAPADABQAD@Z 10002e50 f i animation_system.obj
 0001:00001e50       ??$construct@HH@?$_Default_allocator_traits@V?$allocator@H@std@@@std@@SAXAAV?$allocator@H@1@QAH$$QAH@Z 10002e50 f i animation_system.obj
 0001:00001e50       ??$construct@PAU?$_List_node@U?$pair@$$CBV?$basic_string@DU?$char_traits@D@std@@V?$allocator@D@2@@std@@V?$shared_ptr@UNode@NetvarTree@@@2@@std@@PAX@std@@AAPAU12@@?$_Default_allocator_traits@V?$allocator@U?$_List_node@U?$pair@$$CBV?$basic_string@DU?$char_traits@D@std@@V?$allocator@D@2@@std@@V?$shared_ptr@UNode@NetvarTree@@@2@@std@@PAX@std@@@std@@@std@@SAXAAV?$allocator@U?$_List_node@U?$pair@$$CBV?$basic_string@DU?$char_traits@D@std@@V?$allocator@D@2@@std@@V?$shared_ptr@UNode@NetvarTree@@@2@@std@@PAX@std@@@1@QAPAU?$_List_node@U?$pair@$$CBV?$basic_string@DU?$char_traits@D@std@@V?$allocator@D@2@@std@@V?$shared_ptr@UNode@NetvarTree@@@2@@std@@PAX@1@AAPAU31@@Z 10002e50 f i animation_system.obj
 0001:00001e80       ??$construct@U?$pair@$$CBV?$basic_string@DU?$char_traits@D@std@@V?$allocator@D@2@@std@@V?$shared_ptr@UNode@NetvarTree@@@2@@std@@ABUpiecewise_construct_t@2@V?$tuple@$$QAV?$basic_string@DU?$char_traits@D@std@@V?$allocator@D@2@@std@@@2@V?$tuple@$$V@2@@?$_Default_allocator_traits@V?$allocator@U?$_List_node@U?$pair@$$CBV?$basic_string@DU?$char_traits@D@std@@V?$allocator@D@2@@std@@V?$shared_ptr@UNode@NetvarTree@@@2@@std@@PAX@std@@@std@@@std@@SAXAAV?$allocator@U?$_List_node@U?$pair@$$CBV?$basic_string@DU?$char_traits@D@std@@V?$allocator@D@2@@std@@V?$shared_ptr@UNode@NetvarTree@@@2@@std@@PAX@std@@@1@QAU?$pair@$$CBV?$basic_string@DU?$char_traits@D@std@@V?$allocator@D@2@@std@@V?$shared_ptr@UNode@NetvarTree@@@2@@1@ABUpiecewise_construct_t@1@$$QAV?$tuple@$$QAV?$basic_string@DU?$char_traits@D@std@@V?$allocator@D@2@@std@@@1@$$QAV?$tuple@$$V@1@@Z 10002e80 f i animation_system.obj
 0001:00001f00       ??$construct@V?$_List_unchecked_iterator@V?$_List_val@U?$_List_simple_types@U?$pair@$$CBV?$basic_string@DU?$char_traits@D@std@@V?$allocator@D@2@@std@@V?$shared_ptr@UNode@NetvarTree@@@2@@std@@@std@@@std@@@std@@V12@@?$_Default_allocator_traits@V?$allocator@V?$_List_unchecked_iterator@V?$_List_val@U?$_List_simple_types@U?$pair@$$CBV?$basic_string@DU?$char_traits@D@std@@V?$allocator@D@2@@std@@V?$shared_ptr@UNode@NetvarTree@@@2@@std@@@std@@@std@@@std@@@std@@@std@@SAXAAV?$allocator@V?$_List_unchecked_iterator@V?$_List_val@U?$_List_simple_types@U?$pair@$$CBV?$basic_string@DU?$char_traits@D@std@@V?$allocator@D@2@@std@@V?$shared_ptr@UNode@NetvarTree@@@2@@std@@@std@@@std@@@std@@@1@QAV?$_List_unchecked_iterator@V?$_List_val@U?$_List_simple_types@U?$pair@$$CBV?$basic_string@DU?$char_traits@D@std@@V?$allocator@D@2@@std@@V?$shared_ptr@UNode@NetvarTree@@@2@@std@@@std@@@std@@@1@$$QAV31@@Z 10002f00 f i animation_system.obj
 0001:00001f00       ??$construct@V?$_List_unchecked_iterator@V?$_List_val@U?$_List_simple_types@U?$pair@$$CBV?$basic_string@DU?$char_traits@D@std@@V?$allocator@D@2@@std@@V?$shared_ptr@UNode@NetvarTree@@@2@@std@@@std@@@std@@@std@@ABV12@@?$_Default_allocator_traits@V?$allocator@V?$_List_unchecked_iterator@V?$_List_val@U?$_List_simple_types@U?$pair@$$CBV?$basic_string@DU?$char_traits@D@std@@V?$allocator@D@2@@std@@V?$shared_ptr@UNode@NetvarTree@@@2@@std@@@std@@@std@@@std@@@std@@@std@@SAXAAV?$allocator@V?$_List_unchecked_iterator@V?$_List_val@U?$_List_simple_types@U?$pair@$$CBV?$basic_string@DU?$char_traits@D@std@@V?$allocator@D@2@@std@@V?$shared_ptr@UNode@NetvarTree@@@2@@std@@@std@@@std@@@std@@@1@QAV?$_List_unchecked_iterator@V?$_List_val@U?$_List_simple_types@U?$pair@$$CBV?$basic_string@DU?$char_traits@D@std@@V?$allocator@D@2@@std@@V?$shared_ptr@UNode@NetvarTree@@@2@@std@@@std@@@std@@@1@ABV31@@Z 10002f00 f i animation_system.obj
 0001:00001f30       ??$destroy@U?$pair@$$CBV?$basic_string@DU?$char_traits@D@std@@V?$allocator@D@2@@std@@V?$shared_ptr@UNode@NetvarTree@@@2@@std@@@?$_Default_allocator_traits@V?$allocator@U?$_List_node@U?$pair@$$CBV?$basic_string@DU?$char_traits@D@std@@V?$allocator@D@2@@std@@V?$shared_ptr@UNode@NetvarTree@@@2@@std@@PAX@std@@@std@@@std@@SAXAAV?$allocator@U?$_List_node@U?$pair@$$CBV?$basic_string@DU?$char_traits@D@std@@V?$allocator@D@2@@std@@V?$shared_ptr@UNode@NetvarTree@@@2@@std@@PAX@std@@@1@QAU?$pair@$$CBV?$basic_string@DU?$char_traits@D@std@@V?$allocator@D@2@@std@@V?$shared_ptr@UNode@NetvarTree@@@2@@1@@Z 10002f30 f i animation_system.obj
 0001:00001f40       ??$emplace@ABUpiecewise_construct_t@std@@V?$tuple@$$QAV?$basic_string@DU?$char_traits@D@std@@V?$allocator@D@2@@std@@@2@V?$tuple@$$V@2@@?$_Hash@V?$_Umap_traits@V?$basic_string@DU?$char_traits@D@std@@V?$allocator@D@2@@std@@V?$shared_ptr@UNode@NetvarTree@@@2@V?$_Uhash_compare@V?$basic_string@DU?$char_traits@D@std@@V?$allocator@D@2@@std@@U?$hash@V?$basic_string@DU?$char_traits@D@std@@V?$allocator@D@2@@std@@@2@U?$equal_to@V?$basic_string@DU?$char_traits@D@std@@V?$allocator@D@2@@std@@@2@@2@V?$allocator@U?$pair@$$CBV?$basic_string@DU?$char_traits@D@std@@V?$allocator@D@2@@std@@V?$shared_ptr@UNode@NetvarTree@@@2@@std@@@2@$0A@@std@@@std@@QAE?AU?$pair@V?$_List_iterator@V?$_List_val@U?$_List_simple_types@U?$pair@$$CBV?$basic_string@DU?$char_traits@D@std@@V?$allocator@D@2@@std@@V?$shared_ptr@UNode@NetvarTree@@@2@@std@@@std@@@std@@@std@@_N@1@ABUpiecewise_construct_t@1@$$QAV?$tuple@$$QAV?$basic_string@DU?$char_traits@D@std@@V?$allocator@D@2@@std@@@1@$$QAV?$tuple@$$V@1@@Z 10002f40 f i animation_system.obj
 0001:00001fd0       ??$emplace_back@H@?$vector@HV?$allocator@H@std@@@std@@QAEAAH$$QAH@Z 10002fd0 f i animation_system.obj
 0001:00002040       ??$emplace_front@ABUpiecewise_construct_t@std@@V?$tuple@$$QAV?$basic_string@DU?$char_traits@D@std@@V?$allocator@D@2@@std@@@2@V?$tuple@$$V@2@@?$list@U?$pair@$$CBV?$basic_string@DU?$char_traits@D@std@@V?$allocator@D@2@@std@@V?$shared_ptr@UNode@NetvarTree@@@2@@std@@V?$allocator@U?$pair@$$CBV?$basic_string@DU?$char_traits@D@std@@V?$allocator@D@2@@std@@V?$shared_ptr@UNode@NetvarTree@@@2@@std@@@2@@std@@QAEAAU?$pair@$$CBV?$basic_string@DU?$char_traits@D@std@@V?$allocator@D@2@@std@@V?$shared_ptr@UNode@NetvarTree@@@2@@1@ABUpiecewise_construct_t@1@$$QAV?$tuple@$$QAV?$basic_string@DU?$char_traits@D@std@@V?$allocator@D@2@@std@@@1@$$QAV?$tuple@$$V@1@@Z 10003040 f i animation_system.obj
 0001:000020c0       ??$erase@V?$_List_iterator@V?$_List_val@U?$_List_simple_types@U?$pair@$$CBV?$basic_string@DU?$char_traits@D@std@@V?$allocator@D@2@@std@@V?$shared_ptr@UNode@NetvarTree@@@2@@std@@@std@@@std@@@std@@X@?$_Hash@V?$_Umap_traits@V?$basic_string@DU?$char_traits@D@std@@V?$allocator@D@2@@std@@V?$shared_ptr@UNode@NetvarTree@@@2@V?$_Uhash_compare@V?$basic_string@DU?$char_traits@D@std@@V?$allocator@D@2@@std@@U?$hash@V?$basic_string@DU?$char_traits@D@std@@V?$allocator@D@2@@std@@@2@U?$equal_to@V?$basic_string@DU?$char_traits@D@std@@V?$allocator@D@2@@std@@@2@@2@V?$allocator@U?$pair@$$CBV?$basic_string@DU?$char_traits@D@std@@V?$allocator@D@2@@std@@V?$shared_ptr@UNode@NetvarTree@@@2@@std@@@2@$0A@@std@@@std@@QAE?AV?$_List_iterator@V?$_List_val@U?$_List_simple_types@U?$pair@$$CBV?$basic_string@DU?$char_traits@D@std@@V?$allocator@D@2@@std@@V?$shared_ptr@UNode@NetvarTree@@@2@@std@@@std@@@std@@@1@V21@@Z 100030c0 f i animation_system.obj
 0001:000020f0       ??$forward_as_tuple@$$V@std@@YA?AV?$tuple@$$V@0@XZ 100030f0 f i animation_system.obj
 0001:00002100       ??$forward_as_tuple@V?$basic_string@DU?$char_traits@D@std@@V?$allocator@D@2@@std@@@std@@YA?AV?$tuple@$$QAV?$basic_string@DU?$char_traits@D@std@@V?$allocator@D@2@@std@@@0@$$QAV?$basic_string@DU?$char_traits@D@std@@V?$allocator@D@2@@0@@Z 10003100 f i animation_system.obj
 0001:00002120       ??$get@$0A@$$QAV?$basic_string@DU?$char_traits@D@std@@V?$allocator@D@2@@std@@@std@@YA$$QAV?$basic_string@DU?$char_traits@D@std@@V?$allocator@D@2@@0@$$QAV?$tuple@$$QAV?$basic_string@DU?$char_traits@D@std@@V?$allocator@D@2@@std@@@0@@Z 10003120 f i animation_system.obj
 0001:00002140       ??$try_emplace@$$V@?$unordered_map@V?$basic_string@DU?$char_traits@D@std@@V?$allocator@D@2@@std@@V?$shared_ptr@UNode@NetvarTree@@@2@U?$hash@V?$basic_string@DU?$char_traits@D@std@@V?$allocator@D@2@@std@@@2@U?$equal_to@V?$basic_string@DU?$char_traits@D@std@@V?$allocator@D@2@@std@@@2@V?$allocator@U?$pair@$$CBV?$basic_string@DU?$char_traits@D@std@@V?$allocator@D@2@@std@@V?$shared_ptr@UNode@NetvarTree@@@2@@std@@@2@@std@@QAE?AU?$pair@V?$_List_iterator@V?$_List_val@U?$_List_simple_types@U?$pair@$$CBV?$basic_string@DU?$char_traits@D@std@@V?$allocator@D@2@@std@@V?$shared_ptr@UNode@NetvarTree@@@2@@std@@@std@@@std@@@std@@_N@1@$$QAV?$basic_string@DU?$char_traits@D@std@@V?$allocator@D@2@@1@@Z 10003140 f i animation_system.obj
 0001:00002170       ??0?$_List_unchecked_iterator@V?$_List_val@U?$_List_simple_types@U?$pair@$$CBV?$basic_string@DU?$char_traits@D@std@@V?$allocator@D@2@@std@@V?$shared_ptr@UNode@NetvarTree@@@2@@std@@@std@@@std@@@std@@QAE@PAU?$_List_node@U?$pair@$$CBV?$basic_string@DU?$char_traits@D@std@@V?$allocator@D@2@@std@@V?$shared_ptr@UNode@NetvarTree@@@2@@std@@PAX@1@PBV?$_List_val@U?$_List_simple_types@U?$pair@$$CBV?$basic_string@DU?$char_traits@D@std@@V?$allocator@D@2@@std@@V?$shared_ptr@UNode@NetvarTree@@@2@@std@@@std@@@1@@Z 10003170 f i animation_system.obj
 0001:00002170       ??0?$_String_iterator@V?$_String_val@U?$_Simple_types@D@std@@@std@@@std@@QAE@PADPBU_Container_base0@1@@Z 10003170 f i c_esp.obj
 0001:00002170       ??0?$_Vector_iterator@V?$_Vector_val@U?$_Simple_types@V?$basic_string@DU?$char_traits@D@std@@V?$allocator@D@2@@std@@@std@@@std@@@std@@QAE@PAV?$basic_string@DU?$char_traits@D@std@@V?$allocator@D@2@@1@PBU_Container_base0@1@@Z 10003170 f i config_system.obj
[...]
 0002:0000cc68       __tryblocktable$??$_Buynode@PBDABV?$shared_ptr@UNode@NetvarTree@@@std@@@?$_List_buy@U?$pair@$$CBV?$basic_string@DU?$char_traits@D@std@@V?$allocator@D@2@@std@@V?$shared_ptr@UNode@NetvarTree@@@2@@std@@V?$allocator@U?$pair@$$CBV?$basic_string@DU?$char_traits@D@std@@V?$allocator@D@2@@std@@V?$shared_ptr@UNode@NetvarTree@@@2@@std@@@2@@std@@QAEPAU?$_List_node@U?$pair@$$CBV?$basic_string@DU?$char_traits@D@std@@V?$allocator@D@2@@std@@V?$shared_ptr@UNode@NetvarTree@@@2@@std@@PAX@1@PAU21@0$$QAPBDABV?$shared_ptr@UNode@NetvarTree@@@1@@Z 10075c68     NetvarManager.obj
 0002:0000cc7c       __ehfuncinfo$??$_Buynode@PBDABV?$shared_ptr@UNode@NetvarTree@@@std@@@?$_List_buy@U?$pair@$$CBV?$basic_string@DU?$char_traits@D@std@@V?$allocator@D@2@@std@@V?$shared_ptr@UNode@NetvarTree@@@2@@std@@V?$allocator@U?$pair@$$CBV?$basic_string@DU?$char_traits@D@std@@V?$allocator@D@2@@std@@V?$shared_ptr@UNode@NetvarTree@@@2@@std@@@2@@std@@QAEPAU?$_List_node@U?$pair@$$CBV?$basic_string@DU?$char_traits@D@std@@V?$allocator@D@2@@std@@V?$shared_ptr@UNode@NetvarTree@@@2@@std@@PAX@1@PAU21@0$$QAPBDABV?$shared_ptr@UNode@NetvarTree@@@1@@Z 10075c7c     NetvarManager.obj
 0002:0000cca0       __unwindtable$___std_fs_get_stats@16 10075ca0     msvcprt:filesystem.obj
 0002:0000ccb8       __ehfuncinfo$___std_fs_get_stats@16 10075cb8     msvcprt:filesystem.obj
 0002:0000cce0       __sehtable$??_L@YGXPAXIIP6EX0@Z1@Z 10075ce0     MSVCRT:ehvecctr.obj
 0002:0000cd00       __sehtable$??_M@YGXPAXIIP6EX0@Z@Z 10075d00     MSVCRT:ehvecdtr.obj
 0002:0000cd20       __sehtable$?__ArrayUnwind@@YGXPAXIIP6EX0@Z@Z 10075d20     MSVCRT:ehvecdtr.obj
 0002:0000cd40       __sehtable$___scrt_is_nonwritable_in_current_image 10075d40     MSVCRT:utility.obj
 0002:0000cd60       __sehtable$?dllmain_crt_process_attach@@YAHQAUHINSTANCE__@@QAX@Z 10075d60     MSVCRT:dll_dllmain.obj
 0002:0000cd80       __sehtable$?dllmain_crt_process_detach@@YAH_N@Z 10075d80     MSVCRT:dll_dllmain.obj
 0002:0000cda0       __sehtable$?dllmain_dispatch@@YAHQAUHINSTANCE__@@KQAX@Z 10075da0     MSVCRT:dll_dllmain.obj
 0002:0000d42c       .idata$6                   1007642c     kernel32:KERNEL32.dll
 0002:0000d514       .idata$6                   10076514     user32:USER32.dll
 0002:0000d538       .idata$6                   10076538     shell32:SHELL32.dll
 0002:0000d554       .idata$6                   10076554     ole32:ole32.dll
 0002:0000e35c       .idata$6                   1007735c     msvcprt:MSVCP140.dll
 0002:0000e394       .idata$6                   10077394     imm32:IMM32.dll
 0002:0000e49a       .idata$6                   1007749a     vcruntime:VCRUNTIME140.dll
 0002:0000e844       .idata$6                   10077844     ucrt:api-ms-win-crt-runtime-l1-1-0.dll
 0002:0000e866       .idata$6                   10077866     ucrt:api-ms-win-crt-heap-l1-1-0.dll
 0002:0000e886       .idata$6                   10077886     ucrt:api-ms-win-crt-convert-l1-1-0.dll
 0002:0000e8a8       .idata$6                   100778a8     ucrt:api-ms-win-crt-stdio-l1-1-0.dll
 0002:0000e8c8       .idata$6                   100778c8     ucrt:api-ms-win-crt-math-l1-1-0.dll
 0002:0000e8e8       .idata$6                   100778e8     ucrt:api-ms-win-crt-string-l1-1-0.dll
 0002:0000e90a       .idata$6                   1007790a     ucrt:api-ms-win-crt-utility-l1-1-0.dll
 0002:0000e92c       .idata$6                   1007792c     ucrt:api-ms-win-crt-filesystem-l1-1-0.dll
 0002:0000e952       .idata$6                   10077952     ucrt:api-ms-win-crt-locale-l1-1-0.dll
 0003:00000000       ?Speed@?1??Autostop@c_aimbot@@QAEXXZ@4MA 10078000     c_ragebot.obj
 0003:00000004       ?HitboxForMuti@?1??Hitscan@c_aimbot@@QAE?AVVector@@PAVC_BaseEntity@@@Z@4PAHA 10078004     c_ragebot.obj
 0003:0000001c       ?g_VertexBufferSize@@3HA   1007801c     imgui_impl_dx9.obj
 0003:00000020       ?g_IndexBufferSize@@3HA    10078020     imgui_impl_dx9.obj
 0003:00000028       ?STB_TEXTEDIT_NEWLINE@ImGuiStb@@3GA 10078028     imgui.obj
 0003:00000038       ?old_time@?1??begin_popup@ImGui@@YAXPBDHPA_N@Z@4JA 10078038     menu_system.obj
 0003:0000003c       ?current_config@?2??config_tab@@YAXXZ@4HA 1007803c     menu_system.obj
 0003:00000504       ?vec2_origin@@3VVector2D@@B 10078504     animation_system.obj
 0003:0000054c       ?old_tick_count@?1??fresh_tick@@YA_NXZ@4HA 1007854c     animation_system.obj
 0003:00000550       ?proper_abs@?1??LocalAnimFix@animations_system@@QAEXPAVC_BaseEntity@@@Z@4MA 10078550     animation_system.obj
 0003:00000554       ?$TSS0@?1??LocalAnimFix@animations_system@@QAEXPAVC_BaseEntity@@@Z@4HA 10078554     animation_system.obj
 0003:00000558       ?sent_pose_params@?1??LocalAnimFix@animations_system@@QAEXPAVC_BaseEntity@@@Z@4V?$array@M$0BI@@std@@A 10078558     animation_system.obj
 0003:000005b8       ?$TSS1@?1??LocalAnimFix@animations_system@@QAEXPAVC_BaseEntity@@@Z@4HA 100785b8     animation_system.obj
 0003:000005c0       ?backup_layers@?1??LocalAnimFix@animations_system@@QAEXPAVC_BaseEntity@@@Z@4PAVAnimationLayer@@A 100785c0     animation_system.obj
 0003:0000090c       ?vec2_origin@@3VVector2D@@B 1007890c     exploits.obj
 0003:00000920       ?vec2_origin@@3VVector2D@@B 10078920     premium_stuff.obj
 0003:0000092c       ?vec2_origin@@3VVector2D@@B 1007892c     other_esp.obj
 0003:00000940       ?OldNightmode@?1??night_mode@other_esp@@QAEXXZ@4_NA 10078940     other_esp.obj
 0003:00000a80       ?vec2_origin@@3VVector2D@@B 10078a80     c_hooks.obj
 0003:00000a94       ?vec2_origin@@3VVector2D@@B 10078a94     dll_main.obj
 0003:00000aa0       ?vec2_origin@@3VVector2D@@B 10078aa0     c_ragebot.obj
 0003:0006235c       ?shot@?1??OnCreateMove@c_aimbot@@QAEXXZ@4_NA 100da35c     c_ragebot.obj
 0003:00062364       ?vec2_origin@@3VVector2D@@B 100da364     Autowall.obj
 0003:0006237c       ?dwAddress@?1??UTIL_ClipTraceToPlayers@@YAXABVVector@@0IPAVITraceFilter@@PAUC_Trace@@@Z@4KA 100da37c     Autowall.obj
 0003:00062380       ?$TSS0@?1??UTIL_ClipTraceToPlayers@@YAXABVVector@@0IPAVITraceFilter@@PAUC_Trace@@@Z@4HA 100da380     Autowall.obj
 0003:00062384       ?oTraceToExit@?1??TraceToExitalt@@YA_NAAVVector@@AAUC_Trace@@V2@2PAU3@@Z@4P6I_N01MMMMMM3@ZA 100da384     Autowall.obj
 0003:00062388       ?$TSS0@?1??TraceToExitalt@@YA_NAAVVector@@AAUC_Trace@@V2@2PAU3@@Z@4HA 100da388     Autowall.obj
 0003:0006239c       ?vec2_origin@@3VVector2D@@B 100da39c     EnginePrediction.obj
 0003:000623b0       ?vec2_origin@@3VVector2D@@B 100da3b0     LagComp.obj
 0003:000629d8       ?ShotTime@?1??StoreRecord@LagComp@@QAEXPAVC_BaseEntity@@@Z@4PAMA 100da9d8     LagComp.obj
 0003:00062ae0       ?OldSimtime@?1??StoreRecord@LagComp@@QAEXPAVC_BaseEntity@@@Z@4PAMA 100daae0     LagComp.obj
 0003:000647a0       ?vec2_origin@@3VVector2D@@B 100dc7a0     c_antiaim.obj
 0003:000647b8       ?host_timescale@?BA@??desyncchams@c_antiaim@@QAEXXZ@4PAVConVar@@A 100dc7b8     c_antiaim.obj
 0003:000647bc       ?$TSS0@?BA@??desyncchams@c_antiaim@@QAEXXZ@4HA 100dc7bc     c_antiaim.obj
 0003:000647c0       ?next_lby@?1??LbyUpdate@@YA_NXZ@4MA 100dc7c0     c_antiaim.obj
 0003:000647c4       ?inverter@?1??DoFake@@YAXPAVCUserCmd@@@Z@4_NA 100dc7c4     c_antiaim.obj
 0003:000647c8       ?lastTime@?1??DoFake@@YAXPAVCUserCmd@@@Z@4IA 100dc7c8     c_antiaim.obj
 0003:000647cc       ?flip_movement@?BA@??smallmovements@c_antiaim@@QAEXXZ@4_NA 100dc7cc     c_antiaim.obj
 0003:000647cd       ?flip_movement@?BF@??smallmovements@c_antiaim@@QAEXXZ@4_NA 100dc7cd     c_antiaim.obj
 0003:000647d0       ?vec2_origin@@3VVector2D@@B 100dc7d0     Legitbot.obj
 0003:00064cf0       ?bestEntTick@?1??OnCreateMove@Legitbot@@QAEXXZ@4PAHA 100dccf0     Legitbot.obj
 0003:00064df8       ?StoredSimTime@?9??OnCreateMove@Legitbot@@QAEXXZ@4PAMA 100dcdf8     Legitbot.obj
 0003:00064f00       ?vec2_origin@@3VVector2D@@B 100dcf00     Resolver.obj
 0003:00065160       ?predTime@?1??HandleHits@@YAXPAVC_BaseEntity@@@Z@4PAMA 100dd160     Resolver.obj
 0003:00065268       ?init@?1??HandleHits@@YAXPAVC_BaseEntity@@@Z@4PA_NA 100dd268     Resolver.obj
 0003:000652b0       ?wasDormant@?1??FrameStage@Resolver@@QAEXW4ClientFrameStage_t@@@Z@4PA_NA 100dd2b0     Resolver.obj
 0003:00065340       ?vec2_origin@@3VVector2D@@B 100dd340     c_esp.obj
 0003:00065358       ?g_hWnd@@3PAUHWND__@@A     100dd358     imgui_impl_dx9.obj
 0003:0006535c       ?g_pd3dDevice@@3PAUIDirect3DDevice9@@A 100dd35c     imgui_impl_dx9.obj
 0003:00065360       ?g_Time@@3_JA              100dd360     imgui_impl_dx9.obj
 0003:00065368       ?g_TicksPerSecond@@3_JA    100dd368     imgui_impl_dx9.obj
 0003:00065370       ?g_pVB@@3PAUIDirect3DVertexBuffer9@@A 100dd370     imgui_impl_dx9.obj
 0003:00065374       ?g_pIB@@3PAUIDirect3DIndexBuffer9@@A 100dd374     imgui_impl_dx9.obj
 0003:00065378       ?g_FontTexture@@3PAUIDirect3DTexture9@@A 100dd378     imgui_impl_dx9.obj
 0003:00065388       ?GImDefaultFontAtlas@@3UImFontAtlas@@A 100dd388     imgui.obj
 0003:000653d0       ?GImDefaultContext@@3UImGuiContext@@A 100dd3d0     imgui.obj
 0003:00068990       ?crc32_lut@?1??ImHash@@YAIPBXHI@Z@4PAIA 100e0990     imgui.obj
 0003:00068d90       ?timeStamp@?1??Hotkey@ImGui@@YA_NPBDPAHABUImVec2@@@Z@4JA 100e0d90     imgui.obj
 0003:00068d94       ?$TSS0@?1??Hotkey@ImGui@@YA_NPBDPAHABUImVec2@@@Z@4HA 100e0d94     imgui.obj
 0003:00068d98       ?buf_local@?1??GetClipboardTextFn_DefaultImpl@@YAPBDPAX@Z@4V?$ImVector@D@@A 100e0d98     imgui.obj
 0003:00068da4       ?$TSS0@?1??GetClipboardTextFn_DefaultImpl@@YAPBDPAX@Z@4HA 100e0da4     imgui.obj
 0003:00068da8       ?GNullClipRect@@3UImVec4@@B 100e0da8     imgui_draw.obj
 0003:00068db8       ?stb__barrier@@3PAEA       100e0db8     imgui_draw.obj
 0003:00068dbc       ?stb__barrier2@@3PAEA      100e0dbc     imgui_draw.obj
 0003:00068dc0       ?stb__barrier3@@3PAEA      100e0dc0     imgui_draw.obj
 0003:00068dc4       ?stb__barrier4@@3PAEA      100e0dc4     imgui_draw.obj
 0003:00068dc8       ?stb__dout@@3PAEA          100e0dc8     imgui_draw.obj
 0003:00068dd0       ?circle_vtx@?1??PathArcToFast@ImDrawList@@QAEXABUImVec2@@MHH@Z@4PAU3@A 100e0dd0     imgui_draw.obj
 0003:00068e30       ?$TSS0@?1??PathArcToFast@ImDrawList@@QAEXABUImVec2@@MHH@Z@4HA 100e0e30     imgui_draw.obj
 0003:00068e34       ?circle_vtx_builds@?1??PathArcToFast@ImDrawList@@QAEXABUImVec2@@MHH@Z@4_NA 100e0e34     imgui_draw.obj
 0003:00068e38       ?vec2_origin@@3VVector2D@@B 100e0e38     bone_processing_hook.obj
 0003:00068e40       ?Init@?1??HookPlayers@c_hooks@@SAXXZ@4PA_NA 100e0e40     bone_processing_hook.obj
 0003:00068e88       ?Hooked@?1??HookPlayers@c_hooks@@SAXXZ@4PA_NA 100e0e88     bone_processing_hook.obj
 0003:00068ecc       ?vec2_origin@@3VVector2D@@B 100e0ecc     createmove_hook.obj
 0003:00068ee0       ?oCreateMove@?1??CreateMove@c_hooks@@SI_NPAVIClientMode@@PAXMPAVCUserCmd@@@Z@4P6I_N01M2@ZA 100e0ee0     createmove_hook.obj
 0003:00068ee4       ?$TSS0@?1??CreateMove@c_hooks@@SI_NPAVIClientMode@@PAXMPAVCUserCmd@@@Z@4HA 100e0ee4     createmove_hook.obj
 0003:00068ef8       ?vec2_origin@@3VVector2D@@B 100e0ef8     directx_preset_hook.obj
 0003:00068f00       ?initialized@@3_NA         100e0f00     directx_preset_hook.obj
 0003:00068f04       ?oEndScene@?1??Hooked_EndScene@c_hooks@@SGXPAUIDirect3DDevice9@@@Z@4P6GX0@ZA 100e0f04     directx_preset_hook.obj
 0003:00068f08       ?$TSS0@?1??Hooked_EndScene@c_hooks@@SGXPAUIDirect3DDevice9@@@Z@4HA 100e0f08     directx_preset_hook.obj
 0003:00068f0c       ?oEndSceneReset@?1??Hooked_EndScene_Reset@c_hooks@@SGXPAUIDirect3DDevice9@@PAU_D3DPRESENT_PARAMETERS_@@@Z@4P6GX01@ZA 100e0f0c     directx_preset_hook.obj
 0003:00068f10       ?$TSS0@?1??Hooked_EndScene_Reset@c_hooks@@SGXPAUIDirect3DDevice9@@PAU_D3DPRESENT_PARAMETERS_@@@Z@4HA 100e0f10     directx_preset_hook.obj
 0003:00068f14       ?vec2_origin@@3VVector2D@@B 100e0f14     dme_hook.obj
 0003:00068f1c       ?glowOverlay@@3PAVIMaterial@@A 100e0f1c     dme_hook.obj
 0003:00068f20       ?materialRegular@@3PAVIMaterial@@A 100e0f20     dme_hook.obj
 0003:00068f24       ?rifk_glow@@3PAVIMaterial@@A 100e0f24     dme_hook.obj
 0003:00068f28       ?oDrawModelExecute@?1??DrawModelExecute@c_hooks@@SIXPAX0PAVIMatRenderContext@@ABUDrawModelState_t@@ABUModelRenderInfo_t@@PAVmatrix3x4_t@@@Z@4P6EX01234@ZA 100e0f28     dme_hook.obj
 0003:00068f2c       ?$TSS0@?1??DrawModelExecute@c_hooks@@SIXPAX0PAVIMatRenderContext@@ABUDrawModelState_t@@ABUModelRenderInfo_t@@PAVmatrix3x4_t@@@Z@4HA 100e0f2c     dme_hook.obj
 0003:00068f30       ?normal_enemy@?1??DrawModelExecute@c_hooks@@SIXPAX0PAVIMatRenderContext@@ABUDrawModelState_t@@ABUModelRenderInfo_t@@PAVmatrix3x4_t@@@Z@4PAVIMaterial@@A 100e0f30     dme_hook.obj
 0003:00068f34       ?overide_enemy@?1??DrawModelExecute@c_hooks@@SIXPAX0PAVIMatRenderContext@@ABUDrawModelState_t@@ABUModelRenderInfo_t@@PAVmatrix3x4_t@@@Z@4PAVIMaterial@@A 100e0f34     dme_hook.obj
 0003:00068f38       ?normal_local@?1??DrawModelExecute@c_hooks@@SIXPAX0PAVIMatRenderContext@@ABUDrawModelState_t@@ABUModelRenderInfo_t@@PAVmatrix3x4_t@@@Z@4PAVIMaterial@@A 100e0f38     dme_hook.obj
 0003:00068f3c       ?overide_local@?1??DrawModelExecute@c_hooks@@SIXPAX0PAVIMatRenderContext@@ABUDrawModelState_t@@ABUModelRenderInfo_t@@PAVmatrix3x4_t@@@Z@4PAVIMaterial@@A 100e0f3c     dme_hook.obj
 0003:00068f40       ?desync_material@?1??DrawModelExecute@c_hooks@@SIXPAX0PAVIMatRenderContext@@ABUDrawModelState_t@@ABUModelRenderInfo_t@@PAVmatrix3x4_t@@@Z@4PAVIMaterial@@A 100e0f40     dme_hook.obj
 0003:00068f44       ?desync_overide@?1??DrawModelExecute@c_hooks@@SIXPAX0PAVIMatRenderContext@@ABUDrawModelState_t@@ABUModelRenderInfo_t@@PAVmatrix3x4_t@@@Z@4PAVIMaterial@@A 100e0f44     dme_hook.obj
 0003:00068f48       ?hand_normal@?1??DrawModelExecute@c_hooks@@SIXPAX0PAVIMatRenderContext@@ABUDrawModelState_t@@ABUModelRenderInfo_t@@PAVmatrix3x4_t@@@Z@4PAVIMaterial@@A 100e0f48     dme_hook.obj
 0003:00068f4c       ?hand_overide@?1??DrawModelExecute@c_hooks@@SIXPAX0PAVIMatRenderContext@@ABUDrawModelState_t@@ABUModelRenderInfo_t@@PAVmatrix3x4_t@@@Z@4PAVIMaterial@@A 100e0f4c     dme_hook.obj
 0003:00068f50       ?vec2_origin@@3VVector2D@@B 100e0f50     event_hook.obj
 0003:00068f58       ?vec2_origin@@3VVector2D@@B 100e0f58     fsn_hook.obj
 0003:00068f64       ?util_playerbyindex@?4??server_hitbox@@YAXXZ@4IA 100e0f64     fsn_hook.obj
 0003:00068f68       ?$TSS0@?4??server_hitbox@@YAXXZ@4HA 100e0f68     fsn_hook.obj
 0003:00068f6c       ?draw_server_hitboxes@?4??server_hitbox@@YAXXZ@4IA 100e0f6c     fsn_hook.obj
 0003:00068f70       ?$TSS1@?4??server_hitbox@@YAXXZ@4HA 100e0f70     fsn_hook.obj
 0003:00068f74       ?oFrameStage@?1??FrameStageNotify@c_hooks@@SGXW4ClientFrameStage_t@@@Z@4P6GX0@ZA 100e0f74     fsn_hook.obj
 0003:00068f78       ?$TSS0@?1??FrameStageNotify@c_hooks@@SGXW4ClientFrameStage_t@@@Z@4HA 100e0f78     fsn_hook.obj
 0003:00068f80       ?vec2_origin@@3VVector2D@@B 100e0f80     hooking_init.obj
 0003:00068f88       ?vec2_origin@@3VVector2D@@B 100e0f88     lock_cursor_hook.obj
 0003:00068f90       ?oLockCursor@?1??LockCursor@c_hooks@@SIXPAVISurface@@PAX@Z@4P6IX01@ZA 100e0f90     lock_cursor_hook.obj
 0003:00068f94       ?$TSS0@?1??LockCursor@c_hooks@@SIXPAVISurface@@PAX@Z@4HA 100e0f94     lock_cursor_hook.obj
 0003:00068f98       ?vec2_origin@@3VVector2D@@B 100e0f98     oview_hook.obj
 0003:00068fa8       ?oOverrideView@?1??OverrideView@c_hooks@@SIXPAX0PAVCViewSetup@@@Z@4P6IX001@ZA 100e0fa8     oview_hook.obj
 0003:00068fac       ?$TSS0@?1??OverrideView@c_hooks@@SIXPAX0PAVCViewSetup@@@Z@4HA 100e0fac     oview_hook.obj
 0003:00068fb0       ?vec2_origin@@3VVector2D@@B 100e0fb0     painttraverse_hook.obj
 0003:00068fbc       ?oPaintTraverse@?1??PaintTraverse@c_hooks@@SIXPAXHI_N1@Z@4P6EX0I11@ZA 100e0fbc     painttraverse_hook.obj
 0003:00068fc0       ?$TSS0@?1??PaintTraverse@c_hooks@@SIXPAXHI_N1@Z@4HA 100e0fc0     painttraverse_hook.obj
 0003:00068fc4       ?panelID@?1??PaintTraverse@c_hooks@@SIXPAXHI_N1@Z@4IA 100e0fc4     painttraverse_hook.obj
 0003:00068fc8       ?panelHudID@?1??PaintTraverse@c_hooks@@SIXPAXHI_N1@Z@4IA 100e0fc8     painttraverse_hook.obj
 0003:00068fcc       ?vec2_origin@@3VVector2D@@B 100e0fcc     sceneend_hook.obj
 0003:00068fd4       ?oSceneEnd@?1??SceneEnd@c_hooks@@SIXPAX0@Z@4P6IX00@ZA 100e0fd4     sceneend_hook.obj
 0003:00068fd8       ?$TSS0@?1??SceneEnd@c_hooks@@SIXPAX0@Z@4HA 100e0fd8     sceneend_hook.obj
 0003:00068fdc       ?vec2_origin@@3VVector2D@@B 100e0fdc     wndproc_hook.obj
 0003:00068fe4       ?pressed@?1??WndProc@c_hooks@@SGJPAUHWND__@@IIJ@Z@4_NA 100e0fe4     wndproc_hook.obj
 0003:000691c8       ?vec2_origin@@3VVector2D@@B 100e11c8     menu_system.obj
 0003:000691d1       ?w_printf@XorCompileTime@@3V<lambda>@@A 100e11d1     menu_system.obj
 0003:000691d2       ?w_printf_s@XorCompileTime@@3V<lambda>@@A 100e11d2     menu_system.obj
 0003:000691d3       ?w_sprintf_s@XorCompileTime@@3V<lambda>@@A 100e11d3     menu_system.obj
 0003:000691d4       ?w_sprintf@XorCompileTime@@3V<lambda>@@A 100e11d4     menu_system.obj
 0003:000691d8       ?chams_sub@?3??visuals_tab@@YAXXZ@4HA 100e11d8     menu_system.obj
 0003:000691dc       ?buffer@?2??config_tab@@YAXXZ@4PADA 100e11dc     menu_system.obj
 0003:000691ec       ?page@?1??Render@c_menu@@QAEXXZ@4HA 100e11ec     menu_system.obj
 0003:000691f0       ?vec2_origin@@3VVector2D@@B 100e11f0     CEntity.obj
 0003:000691f8       ?AbsAngles@?1??SetAbsAngles@C_BaseEntity@@QAEXVVector@@@Z@4P6EXPAV2@ABV3@@ZA 100e11f8     CEntity.obj
 0003:000691fc       ?$TSS0@?1??SetAbsAngles@C_BaseEntity@@QAEXVVector@@@Z@4HA 100e11fc     CEntity.obj
 0003:00069200       ?AbsOrigin@?1??SetAbsOrigin@C_BaseEntity@@QAEXVVector@@@Z@4P6EXPAXABV3@@ZA 100e1200     CEntity.obj
 0003:00069204       ?$TSS0@?1??SetAbsOrigin@C_BaseEntity@@QAEXVVector@@@Z@4HA 100e1204     CEntity.obj
 0003:0006e928       ?vec2_origin@@3VVector2D@@B 100e6928     GlobalVars.obj
 0003:00070488       ?vec2_origin@@3VVector2D@@B 100e8488     Interfaces.obj
 0003:000704a0       ?signmask@@3T__m128@@B     100e84a0     Math.obj
 0003:000704b0       ?vec2_origin@@3VVector2D@@B 100e84b0     Math.obj
 0003:000704b8       ?random_float@?1??RandomFloat@Math@@QAEMMM@Z@4P6AMMM@ZA 100e84b8     Math.obj
 0003:000704bc       ?$TSS0@?1??RandomFloat@Math@@QAEMMM@Z@4HA 100e84bc     Math.obj
 0003:000704c4       ?_Fac_tidy_reg@std@@3U_Fac_tidy_reg_t@1@B 100e84c4     msvcprt:locale0_implib.obj
 0003:000704c8       ?_Fac_head@std@@3PAU_Fac_node@1@A 100e84c8     msvcprt:locale0_implib.obj
 0003:000704dc       ?_Tss_mutex@@3U_RTL_CRITICAL_SECTION@@A 100e84dc     MSVCRT:thread_safe_statics.obj
 0003:000704f4       ?_Tss_cv@@3U_RTL_CONDITION_VARIABLE@@A 100e84f4     MSVCRT:thread_safe_statics.obj
 0003:000704f8       ?_Tss_event@@3PAXA         100e84f8     MSVCRT:thread_safe_statics.obj
 0003:000704fc       ?encoded_sleep_condition_variable_cs@@3P6GHPAU_RTL_CONDITION_VARIABLE@@PAU_RTL_CRITICAL_SECTION@@K@ZA 100e84fc     MSVCRT:thread_safe_statics.obj
 0003:00070500       ?encoded_wake_all_condition_variable@@3P6GXPAU_RTL_CONDITION_VARIABLE@@@ZA 100e8500     MSVCRT:thread_safe_statics.obj
 0003:00070510       ?is_initialized_as_dll@@3_NA 100e8510     MSVCRT:utility.obj
 0003:00070511       ?module_local_atexit_table_initialized@@3_NA 100e8511     MSVCRT:utility.obj
 0003:00070514       ?module_local_atexit_table@@3U_onexit_table_t@@A 100e8514     MSVCRT:utility.obj
 0003:00070520       ?module_local_at_quick_exit_table@@3U_onexit_table_t@@A 100e8520     MSVCRT:utility.obj
 0003:00070530       _GS_ExceptionRecord        100e8530     MSVCRT:gs_report.obj
 0003:00070580       _GS_ContextRecord          100e8580     MSVCRT:gs_report.obj
 0003:0007084c       ?__proc_attached@@3HA      100e884c     MSVCRT:dll_dllmain.obj
 0004:00000060       $R000000                   100e9060     * linker generated manifest res *

 Exports

  ordinal    name

