 hvh

 Timestamp is 5eb915b6 (Mon May 11 12:07:02 2020)

 Preferred load address is 10000000

 Start         Length     Name                   Class
 0001:00000000 00000960H .text$di                CODE
 0001:00000960 000658f0H .text$mn                CODE
 0001:00066250 00002090H .text$x                 CODE
 0001:000682e0 000000a9H .text$yd                CODE
 0002:00000000 00000374H .idata$5                DATA
 0002:00000374 00000004H .00cfg                  DATA
 0002:00000378 00000004H .CRT$XCA                DATA
 0002:0000037c 00000004H .CRT$XCL                DATA
 0002:00000380 000000e8H .CRT$XCU                DATA
 0002:00000468 00000004H .CRT$XCZ                DATA
 0002:0000046c 00000004H .CRT$XIA                DATA
 0002:00000470 00000004H .CRT$XIC                DATA
 0002:00000474 00000004H .CRT$XIZ                DATA
 0002:00000478 00000004H .CRT$XLA                DATA
 0002:0000047c 00000004H .CRT$XLZ                DATA
 0002:00000480 00000004H .CRT$XPA                DATA
 0002:00000484 00000004H .CRT$XPZ                DATA
 0002:00000488 00000004H .CRT$XTA                DATA
 0002:0000048c 00000004H .CRT$XTZ                DATA
 0002:00000490 00000000H .gfids$y                DATA
 0002:00000490 00009d38H .rdata                  DATA
 0002:0000a1c8 00000018H .rdata$T                DATA
 0002:0000a1e0 00000850H .rdata$r                DATA
 0002:0000aa30 00000274H .rdata$sxdata           DATA
 0002:0000aca4 00000390H .rdata$zzzdbg           DATA
 0002:0000b034 00000004H .rtc$IAA                DATA
 0002:0000b038 00000004H .rtc$IZZ                DATA
 0002:0000b03c 00000004H .rtc$TAA                DATA
 0002:0000b040 00000004H .rtc$TZZ                DATA
 0002:0000b044 00000004H .tls                    DATA
 0002:0000b048 00000004H .tls$                   DATA
 0002:0000b04c 00000004H .tls$ZZZ                DATA
 0002:0000b050 000020d0H .xdata$x                DATA
 0002:0000d120 00000000H .edata                  DATA
 0002:0000d120 00000140H .idata$2                DATA
 0002:0000d260 00000014H .idata$3                DATA
 0002:0000d274 00000374H .idata$4                DATA
 0002:0000d5e8 00001956H .idata$6                DATA
 0003:00000000 00000088H .data                   DATA
 0003:00000088 00000488H .data$r                 DATA
 0003:00000510 0007039cH .bss                    DATA
 0004:00000000 00000060H .rsrc$01                DATA
 0004:00000060 00000180H .rsrc$02                DATA

  Address         Publics by Value              Rva+Base       Lib:Object

 0000:00000000       ___guard_fids_table        00000000     <absolute>
 0000:00000000       ___guard_iat_table         00000000     <absolute>
 0000:00000000       ___hybrid_code_map_count   00000000     <absolute>
 0000:00000000       ___guard_longjmp_table     00000000     <absolute>
 0000:00000000       ___guard_fids_count        00000000     <absolute>
 0000:00000000       ___guard_iat_count         00000000     <absolute>
 0000:00000000       ___hybrid_code_map         00000000     <absolute>
 0000:00000000       ___dynamic_value_reloc_table 00000000     <absolute>
 0000:00000000       ___guard_longjmp_count     00000000     <absolute>
 0000:00000000       ___enclave_config          00000000     <absolute>
 0000:00000000       ___hybrid_auxiliary_iat    00000000     <absolute>
 0000:00000000       ___volatile_metadata       00000000     <absolute>
 0000:0000002c       __tls_array                0000002c     <absolute>
 0000:0000009d       ___safe_se_handler_count   0000009d     <absolute>
 0000:00000100       ___guard_flags             00000100     <absolute>
 0000:00000000       ___ImageBase               10000000     <linker-defined>
 0001:00000960       ??$?0$$QAV?$basic_string@DU?$char_traits@D@std@@V?$allocator@D@2@@std@@$$Z$$V@?$pair@$$CBV?$basic_string@DU?$char_traits@D@std@@V?$allocator@D@2@@std@@V?$shared_ptr@UNode@NetvarTree@@@2@@std@@QAE@Upiecewise_construct_t@1@V?$tuple@$$QAV?$basic_string@DU?$char_traits@D@std@@V?$allocator@D@2@@std@@@1@V?$tuple@$$V@1@@Z 10001960 f i animation_system.obj
 0001:00000990       ??$?0$$V@?$_Compressed_pair@V?$allocator@_W@std@@V?$_String_val@U?$_Simple_types@_W@std@@@2@$00@std@@QAE@U_Zero_then_variadic_args_t@1@@Z 10001990 f i config_system.obj
 0001:00000990       ??$?0$$V@?$_Compressed_pair@V?$allocator@D@std@@V?$_String_val@U?$_Simple_types@D@std@@@2@$00@std@@QAE@U_Zero_then_variadic_args_t@1@@Z 10001990 f i animation_system.obj
 0001:000009b0       ??$?0$$V@?$_Compressed_pair@V?$allocator@V?$basic_string@DU?$char_traits@D@std@@V?$allocator@D@2@@std@@@std@@V?$_Vector_val@U?$_Simple_types@V?$basic_string@DU?$char_traits@D@std@@V?$allocator@D@2@@std@@@std@@@2@$00@std@@QAE@U_Zero_then_variadic_args_t@1@@Z 100019b0 f i config_system.obj
 0001:000009b0       ??$?0$$V@?$_Compressed_pair@V?$allocator@H@std@@V?$_Vector_val@U?$_Simple_types@H@std@@@2@$00@std@@QAE@U_Zero_then_variadic_args_t@1@@Z 100019b0 f i animation_system.obj
 0001:000009d0       ??$?0V?$_List_iterator@V?$_List_val@U?$_List_simple_types@U?$pair@$$CBV?$basic_string@DU?$char_traits@D@std@@V?$allocator@D@2@@std@@V?$shared_ptr@UNode@NetvarTree@@@2@@std@@@std@@@std@@@std@@_N$0A@@?$pair@V?$_List_iterator@V?$_List_val@U?$_List_simple_types@U?$pair@$$CBV?$basic_string@DU?$char_traits@D@std@@V?$allocator@D@2@@std@@V?$shared_ptr@UNode@NetvarTree@@@2@@std@@@std@@@std@@@std@@_N@std@@QAE@$$QAV?$_List_iterator@V?$_List_val@U?$_List_simple_types@U?$pair@$$CBV?$basic_string@DU?$char_traits@D@std@@V?$allocator@D@2@@std@@V?$shared_ptr@UNode@NetvarTree@@@2@@std@@@std@@@std@@@1@$$QA_N@Z 100019d0 f i animation_system.obj
 0001:000009d0       ??$?0AAV?$_List_iterator@V?$_List_val@U?$_List_simple_types@U?$pair@$$CBV?$basic_string@DU?$char_traits@D@std@@V?$allocator@D@2@@std@@V?$shared_ptr@UNode@NetvarTree@@@2@@std@@@std@@@std@@@std@@_N$0A@@?$pair@V?$_List_iterator@V?$_List_val@U?$_List_simple_types@U?$pair@$$CBV?$basic_string@DU?$char_traits@D@std@@V?$allocator@D@2@@std@@V?$shared_ptr@UNode@NetvarTree@@@2@@std@@@std@@@std@@@std@@_N@std@@QAE@AAV?$_List_iterator@V?$_List_val@U?$_List_simple_types@U?$pair@$$CBV?$basic_string@DU?$char_traits@D@std@@V?$allocator@D@2@@std@@V?$shared_ptr@UNode@NetvarTree@@@2@@std@@@std@@@std@@@1@$$QA_N@Z 100019d0 f i animation_system.obj
 0001:00000a10       ??$?0U_Exact_args_t@std@@$0A@@?$tuple@$$V@std@@QAE@U_Exact_args_t@1@@Z 10001a10 f i animation_system.obj
 0001:00000a10       ??$?0ULegitPlayerRecords@@@?$allocator@PAULegitPlayerRecords@@@std@@QAE@ABV?$allocator@ULegitPlayerRecords@@@1@@Z 10001a10 f i Legitbot.obj
 0001:00000a10       ??$?0U?$pair@$$CBV?$basic_string@DU?$char_traits@D@std@@V?$allocator@D@2@@std@@V?$shared_ptr@UNode@NetvarTree@@@2@@std@@@?$allocator@V?$_List_unchecked_iterator@V?$_List_val@U?$_List_simple_types@U?$pair@$$CBV?$basic_string@DU?$char_traits@D@std@@V?$allocator@D@2@@std@@V?$shared_ptr@UNode@NetvarTree@@@2@@std@@@std@@@std@@@std@@@std@@QAE@ABV?$allocator@U?$pair@$$CBV?$basic_string@DU?$char_traits@D@std@@V?$allocator@D@2@@std@@V?$shared_ptr@UNode@NetvarTree@@@2@@std@@@1@@Z 10001a10 f i NetvarManager.obj
 0001:00000a10       ??$?0UPlayerRecords@@@?$allocator@U_Container_proxy@std@@@std@@QAE@ABV?$allocator@UPlayerRecords@@@1@@Z 10001a10 f i LagComp.obj
 0001:00000a10       ??0?$tuple@$$V@std@@QAE@ABV01@@Z 10001a10 f i animation_system.obj
 0001:00000a10       ??$?0UPlayerRecords@@@?$allocator@PAUPlayerRecords@@@std@@QAE@ABV?$allocator@UPlayerRecords@@@1@@Z 10001a10 f i LagComp.obj
 0001:00000a10       ??$?0ULegitPlayerRecords@@@?$allocator@U_Container_proxy@std@@@std@@QAE@ABV?$allocator@ULegitPlayerRecords@@@1@@Z 10001a10 f i Legitbot.obj
 0001:00000a10       ??$?0U?$pair@$$CBV?$basic_string@DU?$char_traits@D@std@@V?$allocator@D@2@@std@@V?$shared_ptr@UNode@NetvarTree@@@2@@std@@@?$allocator@U?$_List_node@U?$pair@$$CBV?$basic_string@DU?$char_traits@D@std@@V?$allocator@D@2@@std@@V?$shared_ptr@UNode@NetvarTree@@@2@@std@@PAX@std@@@std@@QAE@ABV?$allocator@U?$pair@$$CBV?$basic_string@DU?$char_traits@D@std@@V?$allocator@D@2@@std@@V?$shared_ptr@UNode@NetvarTree@@@2@@std@@@1@@Z 10001a10 f i NetvarManager.obj
 0001:00000a10       ??$?0U?$integral_constant@_N$00@std@@@_Unused_parameter@std@@QAE@$$QAU?$integral_constant@_N$00@1@@Z 10001a10 f i animation_system.obj
 0001:00000a20       ??$?0U_Exact_args_t@std@@V?$basic_string@DU?$char_traits@D@std@@V?$allocator@D@2@@1@$$V$0A@@?$tuple@$$QAV?$basic_string@DU?$char_traits@D@std@@V?$allocator@D@2@@std@@@std@@QAE@U_Exact_args_t@1@$$QAV?$basic_string@DU?$char_traits@D@std@@V?$allocator@D@2@@1@@Z 10001a20 f i animation_system.obj
 0001:00000a60       ??$?0V?$allocator@D@std@@$$V@?$_Compressed_pair@V?$allocator@D@std@@V?$_String_val@U?$_Simple_types@D@std@@@2@$00@std@@QAE@U_One_then_variadic_args_t@1@$$QAV?$allocator@D@1@@Z 10001a60 f i animation_system.obj
 0001:00000a60       ??$?0ABV?$allocator@D@std@@$$V@?$_Compressed_pair@V?$allocator@D@std@@V?$_String_val@U?$_Simple_types@D@std@@@2@$00@std@@QAE@U_One_then_variadic_args_t@1@ABV?$allocator@D@1@@Z 10001a60 f i c_esp.obj
 0001:00000a60       ??$?0ABV?$allocator@_W@std@@$$V@?$_Compressed_pair@V?$allocator@_W@std@@V?$_String_val@U?$_Simple_types@_W@std@@@2@$00@std@@QAE@U_One_then_variadic_args_t@1@ABV?$allocator@_W@1@@Z 10001a60 f i config_system.obj
 0001:00000a60       ??$?0V?$allocator@_W@std@@$$V@?$_Compressed_pair@V?$allocator@_W@std@@V?$_String_val@U?$_Simple_types@_W@std@@@2@$00@std@@QAE@U_One_then_variadic_args_t@1@$$QAV?$allocator@_W@1@@Z 10001a60 f i config_system.obj
 0001:00000a90       ??$?0V?$allocator@D@std@@X@?$_String_alloc@U?$_String_base_types@DV?$allocator@D@std@@@std@@@std@@QAE@$$QAV?$allocator@D@1@@Z 10001a90 f i animation_system.obj
 0001:00000a90       ??$?0ABV?$allocator@_W@std@@X@?$_String_alloc@U?$_String_base_types@_WV?$allocator@_W@std@@@std@@@std@@QAE@ABV?$allocator@_W@1@@Z 10001a90 f i config_system.obj
 0001:00000a90       ??$?0V?$allocator@_W@std@@X@?$_String_alloc@U?$_String_base_types@_WV?$allocator@_W@std@@@std@@@std@@QAE@$$QAV?$allocator@_W@1@@Z 10001a90 f i config_system.obj
 0001:00000a90       ??$?0ABV?$allocator@D@std@@X@?$_String_alloc@U?$_String_base_types@DV?$allocator@D@std@@@std@@@std@@QAE@ABV?$allocator@D@1@@Z 10001a90 f i c_esp.obj
 0001:00000ad0       ??$?0ABV?$allocator@PBD@std@@$$V@?$_Compressed_pair@V?$allocator@PBD@std@@V?$_Vector_val@U?$_Simple_types@PBD@std@@@2@$00@std@@QAE@U_One_then_variadic_args_t@1@ABV?$allocator@PBD@1@@Z 10001ad0 f i fsn_hook.obj
 0001:00000ad0       ??$?0V?$allocator@H@std@@$$V@?$_Compressed_pair@V?$allocator@H@std@@V?$_Vector_val@U?$_Simple_types@H@std@@@2@$00@std@@QAE@U_One_then_variadic_args_t@1@$$QAV?$allocator@H@1@@Z 10001ad0 f i animation_system.obj
 0001:00000ad0       ??$?0ABV?$allocator@V?$_List_unchecked_iterator@V?$_List_val@U?$_List_simple_types@U?$pair@$$CBV?$basic_string@DU?$char_traits@D@std@@V?$allocator@D@2@@std@@V?$shared_ptr@UNode@NetvarTree@@@2@@std@@@std@@@std@@@std@@@std@@$$V@?$_Compressed_pair@V?$allocator@V?$_List_unchecked_iterator@V?$_List_val@U?$_List_simple_types@U?$pair@$$CBV?$basic_string@DU?$char_traits@D@std@@V?$allocator@D@2@@std@@V?$shared_ptr@UNode@NetvarTree@@@2@@std@@@std@@@std@@@std@@@std@@V?$_Vector_val@U?$_Simple_types@V?$_List_unchecked_iterator@V?$_List_val@U?$_List_simple_types@U?$pair@$$CBV?$basic_string@DU?$char_traits@D@std@@V?$allocator@D@2@@std@@V?$shared_ptr@UNode@NetvarTree@@@2@@std@@@std@@@std@@@std@@@std@@@2@$00@std@@QAE@U_One_then_variadic_args_t@1@ABV?$allocator@V?$_List_unchecked_iterator@V?$_List_val@U?$_List_simple_types@U?$pair@$$CBV?$basic_string@DU?$char_traits@D@std@@V?$allocator@D@2@@std@@V?$shared_ptr@UNode@NetvarTree@@@2@@std@@@std@@@std@@@std@@@1@@Z 10001ad0 f i NetvarManager.obj
 0001:00000b00       ??$?0V?$allocator@H@std@@X@?$_Vector_alloc@U?$_Vec_base_types@HV?$allocator@H@std@@@std@@@std@@QAE@$$QAV?$allocator@H@1@@Z 10001b00 f i animation_system.obj
 0001:00000b00       ??$?0ABV?$allocator@PBD@std@@X@?$_Vector_alloc@U?$_Vec_base_types@PBDV?$allocator@PBD@std@@@std@@@std@@QAE@ABV?$allocator@PBD@1@@Z 10001b00 f i fsn_hook.obj
 0001:00000b00       ??$?0ABV?$allocator@V?$_List_unchecked_iterator@V?$_List_val@U?$_List_simple_types@U?$pair@$$CBV?$basic_string@DU?$char_traits@D@std@@V?$allocator@D@2@@std@@V?$shared_ptr@UNode@NetvarTree@@@2@@std@@@std@@@std@@@std@@@std@@X@?$_Vector_alloc@U?$_Vec_base_types@V?$_List_unchecked_iterator@V?$_List_val@U?$_List_simple_types@U?$pair@$$CBV?$basic_string@DU?$char_traits@D@std@@V?$allocator@D@2@@std@@V?$shared_ptr@UNode@NetvarTree@@@2@@std@@@std@@@std@@@std@@V?$allocator@V?$_List_unchecked_iterator@V?$_List_val@U?$_List_simple_types@U?$pair@$$CBV?$basic_string@DU?$char_traits@D@std@@V?$allocator@D@2@@std@@V?$shared_ptr@UNode@NetvarTree@@@2@@std@@@std@@@std@@@std@@@2@@std@@@std@@QAE@ABV?$allocator@V?$_List_unchecked_iterator@V?$_List_val@U?$_List_simple_types@U?$pair@$$CBV?$basic_string@DU?$char_traits@D@std@@V?$allocator@D@2@@std@@V?$shared_ptr@UNode@NetvarTree@@@2@@std@@@std@@@std@@@std@@@1@@Z 10001b00 f i NetvarManager.obj
 0001:00000b40       ??$?0V?$basic_string@DU?$char_traits@D@std@@V?$allocator@D@2@@std@@$$V$0A@@?$tuple@$$QAV?$basic_string@DU?$char_traits@D@std@@V?$allocator@D@2@@std@@@std@@QAE@$$QAV?$basic_string@DU?$char_traits@D@std@@V?$allocator@D@2@@1@@Z 10001b40 f i animation_system.obj
 0001:00000bb0       ??0?$back_insert_iterator@V?$vector@V?$basic_string@DU?$char_traits@D@std@@V?$allocator@D@2@@std@@V?$allocator@V?$basic_string@DU?$char_traits@D@std@@V?$allocator@D@2@@std@@@2@@std@@@std@@QAE@AAV?$vector@V?$basic_string@DU?$char_traits@D@std@@V?$allocator@D@2@@std@@V?$allocator@V?$basic_string@DU?$char_traits@D@std@@V?$allocator@D@2@@std@@@2@@1@@Z 10001bb0 f i config_system.obj
 0001:00000bb0       ??$?0V?$basic_string@DU?$char_traits@D@std@@V?$allocator@D@2@@std@@@?$_Tuple_val@$$QAV?$basic_string@DU?$char_traits@D@std@@V?$allocator@D@2@@std@@@std@@QAE@$$QAV?$basic_string@DU?$char_traits@D@std@@V?$allocator@D@2@@1@@Z 10001bb0 f i animation_system.obj
 0001:00000be0       ??$?0V?$tuple@$$QAV?$basic_string@DU?$char_traits@D@std@@V?$allocator@D@2@@std@@@std@@V?$tuple@$$V@1@$0A@$$Z$S@?$pair@$$CBV?$basic_string@DU?$char_traits@D@std@@V?$allocator@D@2@@std@@V?$shared_ptr@UNode@NetvarTree@@@2@@std@@QAE@AAV?$tuple@$$QAV?$basic_string@DU?$char_traits@D@std@@V?$allocator@D@2@@std@@@1@AAV?$tuple@$$V@1@U?$integer_sequence@I$0A@@1@U?$integer_sequence@I$S@1@@Z 10001be0 f i animation_system.obj
 0001:00000c30       ??$?8DU?$char_traits@D@std@@V?$allocator@D@1@@std@@YA_NABV?$basic_string@DU?$char_traits@D@std@@V?$allocator@D@2@@0@0@Z 10001c30 f i animation_system.obj
 0001:00000c50       ??D?$_String_iterator@V?$_String_val@U?$_Simple_types@D@std@@@std@@@std@@QBEAADXZ 10001c50 f i config_system.obj
 0001:00000c50       ??$?DU_Dir_enum_impl@filesystem@std@@$0A@@?$shared_ptr@U_Dir_enum_impl@filesystem@std@@@std@@QBEAAU_Dir_enum_impl@filesystem@1@XZ 10001c50 f i config_system.obj
 0001:00000c50       ??$?CU_Dir_enum_impl@filesystem@std@@$0A@@?$shared_ptr@U_Dir_enum_impl@filesystem@std@@@std@@QBEPAU_Dir_enum_impl@filesystem@1@XZ 10001c50 f i config_system.obj
 0001:00000c50       ??$?CUNode@NetvarTree@@$0A@@?$shared_ptr@UNode@NetvarTree@@@std@@QBEPAUNode@NetvarTree@@XZ 10001c50 f i animation_system.obj
 0001:00000c70       ??$CallVFunction@P6EAAVVector@@PAX@Z@C_BaseEntity@@SAP6EAAVVector@@PAX@Z0H@Z 10001c70 f i animation_system.obj
 0001:00000ca0       ??$GetOffset@PBD@NetvarTree@@QAEHPBD0@Z 10001ca0 f i animation_system.obj
 0001:00000d50       ??$GetOffset@PBDPBD@NetvarTree@@QAEHPBD00@Z 10001d50 f i animation_system.obj
 0001:00000e00       ??$GetOffsetRecursive@PBD@NetvarTree@@AAEHAAV?$unordered_map@V?$basic_string@DU?$char_traits@D@std@@V?$allocator@D@2@@std@@V?$shared_ptr@UNode@NetvarTree@@@2@U?$hash@V?$basic_string@DU?$char_traits@D@std@@V?$allocator@D@2@@std@@@2@U?$equal_to@V?$basic_string@DU?$char_traits@D@std@@V?$allocator@D@2@@std@@@2@V?$allocator@U?$pair@$$CBV?$basic_string@DU?$char_traits@D@std@@V?$allocator@D@2@@std@@V?$shared_ptr@UNode@NetvarTree@@@2@@std@@@2@@std@@HPBD1@Z 10001e00 f i animation_system.obj
 0001:00000eb0       ??$GetVFunc@P6EPBDPAVIPanel@@I@Z@Utils@@SAP6EPBDPAVIPanel@@I@ZPAXI@Z 10001eb0 f i painttraverse_hook.obj
 0001:00000eb0       ??$GetVFunc@P6EXPAXPAVIMaterial@@W4OverrideType_t@@H@Z@Utils@@SAP6EXPAXPAVIMaterial@@W4OverrideType_t@@H@Z0I@Z 10001eb0 f i dme_hook.obj
 0001:00000eb0       ??$GetVFunc@P6EGPAXG@Z@Utils@@SAP6EGPAXG@Z0I@Z 10001eb0 f i other_esp.obj
 0001:00000eb0       ??$GetVFunc@P6EXPAXPB_WHH@Z@Utils@@SAP6EXPAXPB_WHH@Z0I@Z 10001eb0 f i other_esp.obj
 0001:00000eb0       ??$GetVFunc@P6EXPAXK@Z@Utils@@SAP6EXPAXK@Z0I@Z 10001eb0 f i other_esp.obj
 0001:00000eb0       ??$GetVFunc@P6EAAVVector@@PAX@Z@Utils@@SAP6EAAVVector@@PAX@Z0I@Z 10001eb0 f i animation_system.obj
 0001:00000eb0       ??$GetVFunc@P6EXPAXKPBDHHHHHHH@Z@Utils@@SAP6EXPAXKPBDHHHHHHH@Z0I@Z 10001eb0 f i hooking_init.obj
 0001:00000eb0       ??$GetVFunc@P6EXPAXHHHH@Z@Utils@@SAP6EXPAXHHHH@Z0I@Z 10001eb0 f i other_esp.obj
 0001:00000eb0       ??$GetVFunc@P6EGPAX@Z@Utils@@SAP6EGPAX@Z0I@Z 10001eb0 f i other_esp.obj
 0001:00000eb0       ??$DUMBNIGGERSLOL@P6EPAVNetChannel@@PAX@Z@IVEngineClient@@SAP6EPAVNetChannel@@PAX@Z0I@Z 10001eb0 f i c_antiaim.obj
 0001:00000eb0       ??$GetVFunc@P6EXPAXKPB_WAAH2@Z@Utils@@SAP6EXPAXKPB_WAAH2@Z0I@Z 10001eb0 f i other_esp.obj
 0001:00000eb0       ??$GetVFunc@P6EIPAX@Z@Utils@@SAP6EIPAX@Z0I@Z 10001eb0 f i hooking_init.obj
 0001:00000eb0       ??$GetVFunc@P6EMPAX@Z@Utils@@SAP6EMPAX@Z0I@Z 10001eb0 f i c_ragebot.obj
 0001:00000eb0       ??$GetVFunc@P6EXPAXH@Z@Utils@@SAP6EXPAXH@Z0I@Z 10001eb0 f i other_esp.obj
 0001:00000eb0       ??$GetVFunc@P6EXPAX@Z@Utils@@SAP6EXPAX@Z0I@Z 10001eb0 f i animation_system.obj
 0001:00000eb0       ??$GetVFunc@P6EPAVIMaterial@@PAXPBD1_N1@Z@Utils@@SAP6EPAVIMaterial@@PAXPBD1_N1@Z0I@Z 10001eb0 f i dme_hook.obj
 0001:00000eb0       ??$GetVFunc@P6EPAVIMaterial@@PAXG@Z@Utils@@SAP6EPAVIMaterial@@PAXG@Z0I@Z 10001eb0 f i other_esp.obj
 0001:00000eb0       ??$GetVFunc@P6EXPAXAAVVector@@@Z@Utils@@SAP6EXPAXAAVVector@@@Z0I@Z 10001eb0 f i c_ragebot.obj
 0001:00000eb0       ??$GetVFunc@P6EXPAXHH@Z@Utils@@SAP6EXPAXHH@Z0I@Z 10001eb0 f i other_esp.obj
 0001:00000ec0       ??$GetValue@H@C_BaseCombatWeapon@@AAEHH@Z 10001ec0 f i c_esp.obj
 0001:00000ec0       ??$GetValue@H@C_BaseEntity@@AAEHH@Z 10001ec0 f i animation_system.obj
 0001:00000ec0       ??$GetValue@I@C_BaseEntity@@AAEIH@Z 10001ec0 f i other_esp.obj
 0001:00000ec0       ??$GetValue@W4EntityFlags@@@C_BaseEntity@@AAE?AW4EntityFlags@@H@Z 10001ec0 f i animation_system.obj
 0001:00000ec0       ??$GetValue@W4MoveType_t@@@C_BaseEntity@@AAE?AW4MoveType_t@@H@Z 10001ec0 f i c_antiaim.obj
 0001:00000ee0       ??$GetValue@M@C_BaseCombatWeapon@@AAEMH@Z 10001ee0 f i c_ragebot.obj
 0001:00000ee0       ??$GetValue@M@C_BaseEntity@@AAEMH@Z 10001ee0 f i animation_system.obj
 0001:00000f00       ??$GetValue@VVector@@@C_BaseEntity@@AAE?AVVector@@H@Z 10001f00 f i animation_system.obj
 0001:00000f30       ??$GetValue@_N@C_BaseEntity@@AAE_NH@Z 10001f30 f i animation_system.obj
 0001:00000f50       ??$_Allocate@$07U_Default_allocate_traits@std@@$0A@@std@@YAPAXI@Z 10001f50 f i animation_system.obj
 0001:00000f90       ??$_Allocate_manually_vector_aligned@U_Default_allocate_traits@std@@@std@@YAPAXI@Z 10001f90 f i animation_system.obj
 0001:00001000       ??$_Buy_if_not_node@AAU?$pair@$$CBV?$basic_string@DU?$char_traits@D@std@@V?$allocator@D@2@@std@@V?$shared_ptr@UNode@NetvarTree@@@2@@std@@@?$_Hash@V?$_Umap_traits@V?$basic_string@DU?$char_traits@D@std@@V?$allocator@D@2@@std@@V?$shared_ptr@UNode@NetvarTree@@@2@V?$_Uhash_compare@V?$basic_string@DU?$char_traits@D@std@@V?$allocator@D@2@@std@@U?$hash@V?$basic_string@DU?$char_traits@D@std@@V?$allocator@D@2@@std@@@2@U?$equal_to@V?$basic_string@DU?$char_traits@D@std@@V?$allocator@D@2@@std@@@2@@2@V?$allocator@U?$pair@$$CBV?$basic_string@DU?$char_traits@D@std@@V?$allocator@D@2@@std@@V?$shared_ptr@UNode@NetvarTree@@@2@@std@@@2@$0A@@std@@@std@@IAE?AV?$_List_unchecked_iterator@V?$_List_val@U?$_List_simple_types@U?$pair@$$CBV?$basic_string@DU?$char_traits@D@std@@V?$allocator@D@2@@std@@V?$shared_ptr@UNode@NetvarTree@@@2@@std@@@std@@@std@@@1@AAU?$pair@$$CBV?$basic_string@DU?$char_traits@D@std@@V?$allocator@D@2@@std@@V?$shared_ptr@UNode@NetvarTree@@@2@@1@V21@@Z 10002000 f i animation_system.obj
 0001:00001020       ??$_Buynode@ABUpiecewise_construct_t@std@@V?$tuple@$$QAV?$basic_string@DU?$char_traits@D@std@@V?$allocator@D@2@@std@@@2@V?$tuple@$$V@2@@?$_List_buy@U?$pair@$$CBV?$basic_string@DU?$char_traits@D@std@@V?$allocator@D@2@@std@@V?$shared_ptr@UNode@NetvarTree@@@2@@std@@V?$allocator@U?$pair@$$CBV?$basic_string@DU?$char_traits@D@std@@V?$allocator@D@2@@std@@V?$shared_ptr@UNode@NetvarTree@@@2@@std@@@2@@std@@QAEPAU?$_List_node@U?$pair@$$CBV?$basic_string@DU?$char_traits@D@std@@V?$allocator@D@2@@std@@V?$shared_ptr@UNode@NetvarTree@@@2@@std@@PAX@1@PAU21@0ABUpiecewise_construct_t@1@$$QAV?$tuple@$$QAV?$basic_string@DU?$char_traits@D@std@@V?$allocator@D@2@@std@@@1@$$QAV?$tuple@$$V@1@@Z 10002020 f i animation_system.obj
 0001:00001120       ??$_Get_unwrapped_n@PAUPlayerRecords@@H$0A@@std@@YAPAPAUPlayerRecords@@QAPAU1@H@Z 10002120 f i LagComp.obj
 0001:00001120       ??$forward@AAU?$hash@V?$basic_string@DU?$char_traits@D@std@@V?$allocator@D@2@@std@@@std@@@std@@YAAAU?$hash@V?$basic_string@DU?$char_traits@D@std@@V?$allocator@D@2@@std@@@0@AAU10@@Z 10002120 f i NetvarManager.obj
 0001:00001120       ?select_on_container_copy_construction@?$_Default_allocator_traits@V?$allocator@_W@std@@@std@@SA?AV?$allocator@_W@2@ABV32@@Z 10002120 f i config_system.obj
 0001:00001120       ??$forward@U_Container_proxy@std@@@std@@YA$$QAU_Container_proxy@0@AAU10@@Z 10002120 f i LagComp.obj
 0001:00001120       ??$_Unfancy@U_Container_proxy@std@@@std@@YAPAU_Container_proxy@0@PAU10@@Z 10002120 f i LagComp.obj
 0001:00001120       ??$forward@AAPAVIClientMode@@@std@@YAAAPAVIClientMode@@AAPAV1@@Z 10002120 f i c_hooks.obj
 0001:00001120       ??$_Get_unwrapped@QBD@std@@YAPBQBDQBQBD@Z 10002120 f i fsn_hook.obj
 0001:00001120       ??$addressof@PAULegitPlayerRecords@@@std@@YAPAPAULegitPlayerRecords@@AAPAU1@@Z 10002120 f i Legitbot.obj
 0001:00001120       ??$addressof@V?$_Deque_val@U?$_Deque_simple_types@UPlayerRecords@@@std@@@std@@@std@@YAPAV?$_Deque_val@U?$_Deque_simple_types@UPlayerRecords@@@std@@@0@AAV10@@Z 10002120 f i c_ragebot.obj
 0001:00001120       ??$addressof@V?$unique_ptr@VShadowVTManager@@U?$default_delete@VShadowVTManager@@@std@@@std@@@std@@YAPAV?$unique_ptr@VShadowVTManager@@U?$default_delete@VShadowVTManager@@@std@@@0@AAV10@@Z 10002120 f i bone_processing_hook.obj
 0001:00001120       ??$forward@M@std@@YA$$QAMAAM@Z 10002120 f i NetvarManager.obj
 0001:00001120       ??$forward@ABV?$_List_unchecked_iterator@V?$_List_val@U?$_List_simple_types@U?$pair@$$CBV?$basic_string@DU?$char_traits@D@std@@V?$allocator@D@2@@std@@V?$shared_ptr@UNode@NetvarTree@@@2@@std@@@std@@@std@@@std@@@std@@YAABV?$_List_unchecked_iterator@V?$_List_val@U?$_List_simple_types@U?$pair@$$CBV?$basic_string@DU?$char_traits@D@std@@V?$allocator@D@2@@std@@V?$shared_ptr@UNode@NetvarTree@@@2@@std@@@std@@@std@@@0@ABV10@@Z 10002120 f i animation_system.obj
 0001:00001120       ??$forward@AAPAV_Facet_base@std@@@std@@YAAAPAV_Facet_base@0@AAPAV10@@Z 10002120 f i config_system.obj
 0001:00001120       ??$forward@AAV?$_List_iterator@V?$_List_val@U?$_List_simple_types@U?$pair@$$CBV?$basic_string@DU?$char_traits@D@std@@V?$allocator@D@2@@std@@V?$shared_ptr@UNode@NetvarTree@@@2@@std@@@std@@@std@@@std@@@std@@YAAAV?$_List_iterator@V?$_List_val@U?$_List_simple_types@U?$pair@$$CBV?$basic_string@DU?$char_traits@D@std@@V?$allocator@D@2@@std@@V?$shared_ptr@UNode@NetvarTree@@@2@@std@@@std@@@std@@@0@AAV10@@Z 10002120 f i animation_system.obj
 0001:00001120       ??$_Get_unwrapped@H@std@@YAPAHQAH@Z 10002120 f i animation_system.obj
 0001:00001120       ??$_Kfn@$$CBV?$basic_string@DU?$char_traits@D@std@@V?$allocator@D@2@@std@@V?$shared_ptr@UNode@NetvarTree@@@2@@?$_Umap_traits@V?$basic_string@DU?$char_traits@D@std@@V?$allocator@D@2@@std@@V?$shared_ptr@UNode@NetvarTree@@@2@V?$_Uhash_compare@V?$basic_string@DU?$char_traits@D@std@@V?$allocator@D@2@@std@@U?$hash@V?$basic_string@DU?$char_traits@D@std@@V?$allocator@D@2@@std@@@2@U?$equal_to@V?$basic_string@DU?$char_traits@D@std@@V?$allocator@D@2@@std@@@2@@2@V?$allocator@U?$pair@$$CBV?$basic_string@DU?$char_traits@D@std@@V?$allocator@D@2@@std@@V?$shared_ptr@UNode@NetvarTree@@@2@@std@@@2@$0A@@std@@SAABV?$basic_string@DU?$char_traits@D@std@@V?$allocator@D@2@@1@ABU?$pair@$$CBV?$basic_string@DU?$char_traits@D@std@@V?$allocator@D@2@@std@@V?$shared_ptr@UNode@NetvarTree@@@2@@1@@Z 10002120 f i animation_system.obj
 0001:00001120       ??$_Get_unwrapped_n@V?$basic_string@DU?$char_traits@D@std@@V?$allocator@D@2@@std@@H$0A@@std@@YAPAV?$basic_string@DU?$char_traits@D@std@@V?$allocator@D@2@@0@QAV10@H@Z 10002120 f i config_system.obj
 0001:00001120       ??$addressof@PAD@std@@YAPAPADAAPAD@Z 10002120 f i animation_system.obj
 0001:00001120       ??$addressof@V?$_String_val@U?$_Simple_types@D@std@@@std@@@std@@YAPAV?$_String_val@U?$_Simple_types@D@std@@@0@AAV10@@Z 10002120 f i animation_system.obj
 0001:00001120       ??$forward@AAPAVIPanel@@@std@@YAAAPAVIPanel@@AAPAV1@@Z 10002120 f i c_hooks.obj
 0001:00001120       ??$forward@V?$allocator@D@std@@@std@@YA$$QAV?$allocator@D@0@AAV10@@Z 10002120 f i animation_system.obj
 0001:00001120       ??$addressof@$$CBV?$codecvt@DDU_Mbstatet@@@std@@@std@@YAPBV?$codecvt@DDU_Mbstatet@@@0@ABV10@@Z 10002120 f i config_system.obj
 0001:00001120       ??$addressof@PAUPlayerRecords@@@std@@YAPAPAUPlayerRecords@@AAPAU1@@Z 10002120 f i LagComp.obj
 0001:00001120       ??$move@AAW4__std_fs_dir_handle@@@std@@YA$$QAW4__std_fs_dir_handle@@AAW41@@Z 10002120 f i config_system.obj
 0001:00001120       ??$forward@ABQA_W@std@@YAABQA_WABQA_W@Z 10002120 f i config_system.obj
 0001:00001120       ??$forward@U_One_then_variadic_args_t@std@@@std@@YA$$QAU_One_then_variadic_args_t@0@AAU10@@Z 10002120 f i NetvarManager.obj
 0001:00001120       ??$move@AAV?$allocator@D@std@@@std@@YA$$QAV?$allocator@D@0@AAV10@@Z 10002120 f i animation_system.obj
 0001:00001120       ??$forward@ABQAD@std@@YAABQADABQAD@Z 10002120 f i animation_system.obj
 0001:00001120       ??$forward@AAPAVNetvarTree@@@std@@YAAAPAVNetvarTree@@AAPAV1@@Z 10002120 f i c_hooks.obj
 0001:00001120       ??$forward@V?$allocator@H@std@@@std@@YA$$QAV?$allocator@H@0@AAV10@@Z 10002120 f i animation_system.obj
 0001:00001120       ??$forward@V?$allocator@_W@std@@@std@@YA$$QAV?$allocator@_W@0@AAV10@@Z 10002120 f i config_system.obj
 0001:00001120       ??$_Get_unwrapped_n@PAULegitPlayerRecords@@H$0A@@std@@YAPAPAULegitPlayerRecords@@QAPAU1@H@Z 10002120 f i Legitbot.obj
 0001:00001120       ??$move@AAV?$basic_ofstream@DU?$char_traits@D@std@@@std@@@std@@YA$$QAV?$basic_ofstream@DU?$char_traits@D@std@@@0@AAV10@@Z 10002120 f i Interfaces.obj
 0001:00001120       ??$move@AAVpath@filesystem@std@@@std@@YA$$QAVpath@filesystem@0@AAV120@@Z 10002120 f i config_system.obj
 0001:00001120       ??$forward@AAPAU?$_List_node@U?$pair@$$CBV?$basic_string@DU?$char_traits@D@std@@V?$allocator@D@2@@std@@V?$shared_ptr@UNode@NetvarTree@@@2@@std@@PAX@std@@@std@@YAAAPAU?$_List_node@U?$pair@$$CBV?$basic_string@DU?$char_traits@D@std@@V?$allocator@D@2@@std@@V?$shared_ptr@UNode@NetvarTree@@@2@@std@@PAX@0@AAPAU10@@Z 10002120 f i animation_system.obj
 0001:00001120       ??$_Const_cast@$$CBV?$basic_string@DU?$char_traits@D@std@@V?$allocator@D@2@@std@@@std@@YAPAV?$basic_string@DU?$char_traits@D@std@@V?$allocator@D@2@@0@PBV10@@Z 10002120 f i config_system.obj
 0001:00001120       ??$forward@H@std@@YA$$QAHAAH@Z 10002120 f i animation_system.obj
 0001:00001120       ??$move@AAV?$vector@HV?$allocator@H@std@@@std@@@std@@YA$$QAV?$vector@HV?$allocator@H@std@@@0@AAV10@@Z 10002120 f i animation_system.obj
 0001:00001120       ??$forward@ABV?$allocator@D@std@@@std@@YAABV?$allocator@D@0@ABV10@@Z 10002120 f i c_esp.obj
 0001:00001120       ??$_Get_unwrapped@PAULegitPlayerRecords@@@std@@YAPAPAULegitPlayerRecords@@QAPAU1@@Z 10002120 f i Legitbot.obj
 0001:00001120       ??$addressof@V?$basic_string@_WU?$char_traits@_W@std@@V?$allocator@_W@2@@std@@@std@@YAPAV?$basic_string@_WU?$char_traits@_W@std@@V?$allocator@_W@2@@0@AAV10@@Z 10002120 f i config_system.obj
 0001:00001120       ??$_Unfancy@V?$_List_unchecked_iterator@V?$_List_val@U?$_List_simple_types@U?$pair@$$CBV?$basic_string@DU?$char_traits@D@std@@V?$allocator@D@2@@std@@V?$shared_ptr@UNode@NetvarTree@@@2@@std@@@std@@@std@@@std@@@std@@YAPAV?$_List_unchecked_iterator@V?$_List_val@U?$_List_simple_types@U?$pair@$$CBV?$basic_string@DU?$char_traits@D@std@@V?$allocator@D@2@@std@@V?$shared_ptr@UNode@NetvarTree@@@2@@std@@@std@@@std@@@0@PAV10@@Z 10002120 f i animation_system.obj
 0001:00001120       ??$move@AAV?$shared_ptr@UNode@NetvarTree@@@std@@@std@@YA$$QAV?$shared_ptr@UNode@NetvarTree@@@0@AAV10@@Z 10002120 f i NetvarManager.obj
 0001:00001120       ??$_Get_unwrapped_unverified@_W@std@@YAPA_WQA_W@Z 10002120 f i config_system.obj
 0001:00001120       ??$addressof@PA_W@std@@YAPAPA_WAAPA_W@Z 10002120 f i config_system.obj
 0001:00001120       ??$_Get_unwrapped@$$CB_W@std@@YAPB_WQB_W@Z 10002120 f i config_system.obj
 0001:00001120       ??$addressof@$$CBV?$_List_val@U?$_List_simple_types@U?$pair@$$CBV?$basic_string@DU?$char_traits@D@std@@V?$allocator@D@2@@std@@V?$shared_ptr@UNode@NetvarTree@@@2@@std@@@std@@@std@@@std@@YAPBV?$_List_val@U?$_List_simple_types@U?$pair@$$CBV?$basic_string@DU?$char_traits@D@std@@V?$allocator@D@2@@std@@V?$shared_ptr@UNode@NetvarTree@@@2@@std@@@std@@@0@ABV10@@Z 10002120 f i animation_system.obj
 0001:00001120       ??$move@AAV?$_List_unchecked_iterator@V?$_List_val@U?$_List_simple_types@U?$pair@$$CBV?$basic_string@DU?$char_traits@D@std@@V?$allocator@D@2@@std@@V?$shared_ptr@UNode@NetvarTree@@@2@@std@@@std@@@std@@@std@@@std@@YA$$QAV?$_List_unchecked_iterator@V?$_List_val@U?$_List_simple_types@U?$pair@$$CBV?$basic_string@DU?$char_traits@D@std@@V?$allocator@D@2@@std@@V?$shared_ptr@UNode@NetvarTree@@@2@@std@@@std@@@std@@@0@AAV10@@Z 10002120 f i animation_system.obj
 0001:00001120       ??$addressof@V?$unique_ptr@VNetvarTree@@U?$default_delete@VNetvarTree@@@std@@@std@@@std@@YAPAV?$unique_ptr@VNetvarTree@@U?$default_delete@VNetvarTree@@@std@@@0@AAV10@@Z 10002120 f i c_hooks.obj
 0001:00001120       ??$move@AAH@std@@YA$$QAHAAH@Z 10002120 f i animation_system.obj
 0001:00001120       ??$move@AAU_Creator@_Dir_enum_impl@filesystem@std@@@std@@YA$$QAU_Creator@_Dir_enum_impl@filesystem@0@AAU1230@@Z 10002120 f i config_system.obj
 0001:00001120       ??$_Refancy@PAD$0A@@std@@YAPADPAD@Z 10002120 f i c_esp.obj
 0001:00001120       ??$forward@V?$tuple@$$V@std@@@std@@YA$$QAV?$tuple@$$V@0@AAV10@@Z 10002120 f i animation_system.obj
 0001:00001120       ??$move@AAPAU_Dir_enum_impl@filesystem@std@@@std@@YA$$QAPAU_Dir_enum_impl@filesystem@0@AAPAU120@@Z 10002120 f i config_system.obj
 0001:00001120       ??$addressof@PAU?$_List_node@U?$pair@$$CBV?$basic_string@DU?$char_traits@D@std@@V?$allocator@D@2@@std@@V?$shared_ptr@UNode@NetvarTree@@@2@@std@@PAX@std@@@std@@YAPAPAU?$_List_node@U?$pair@$$CBV?$basic_string@DU?$char_traits@D@std@@V?$allocator@D@2@@std@@V?$shared_ptr@UNode@NetvarTree@@@2@@std@@PAX@0@AAPAU10@@Z 10002120 f i animation_system.obj
 0001:00001120       ??$_Get_unwrapped@Vdirectory_iterator@filesystem@std@@$0A@@std@@YAABVdirectory_iterator@filesystem@0@ABV120@@Z 10002120 f i config_system.obj
 0001:00001120       ??$forward@ABV?$allocator@U?$pair@$$CBV?$basic_string@DU?$char_traits@D@std@@V?$allocator@D@2@@std@@V?$shared_ptr@UNode@NetvarTree@@@2@@std@@@std@@@std@@YAABV?$allocator@U?$pair@$$CBV?$basic_string@DU?$char_traits@D@std@@V?$allocator@D@2@@std@@V?$shared_ptr@UNode@NetvarTree@@@2@@std@@@0@ABV10@@Z 10002120 f i NetvarManager.obj
 0001:00001120       ??$move@AAV?$allocator@H@std@@@std@@YA$$QAV?$allocator@H@0@AAV10@@Z 10002120 f i animation_system.obj
 0001:00001120       ??$forward@ABW4directory_options@filesystem@std@@@std@@YAABW4directory_options@filesystem@0@ABW4120@@Z 10002120 f i config_system.obj
 0001:00001120       ??$forward@ABV?$shared_ptr@UNode@NetvarTree@@@std@@@std@@YAABV?$shared_ptr@UNode@NetvarTree@@@0@ABV10@@Z 10002120 f i NetvarManager.obj
 0001:00001120       ??$forward@AAPAVIBaseClientDLL@@@std@@YAAAPAVIBaseClientDLL@@AAPAV1@@Z 10002120 f i c_hooks.obj
 0001:00001120       ??$addressof@$$CBV?$basic_string@_WU?$char_traits@_W@std@@V?$allocator@_W@2@@std@@@std@@YAPBV?$basic_string@_WU?$char_traits@_W@std@@V?$allocator@_W@2@@0@ABV10@@Z 10002120 f i config_system.obj
 0001:00001120       ??$forward@AAPAVShadowVTManager@@@std@@YAAAPAVShadowVTManager@@AAPAV1@@Z 10002120 f i c_hooks.obj
 0001:00001120       ??$forward@AAU?$equal_to@V?$basic_string@DU?$char_traits@D@std@@V?$allocator@D@2@@std@@@std@@@std@@YAAAU?$equal_to@V?$basic_string@DU?$char_traits@D@std@@V?$allocator@D@2@@std@@@0@AAU10@@Z 10002120 f i NetvarManager.obj
 0001:00001120       ??$move@AAUPlayerRecords@@@std@@YA$$QAUPlayerRecords@@AAU1@@Z 10002120 f i LagComp.obj
 0001:00001120       ??$forward@ABULegitPlayerRecords@@@std@@YAABULegitPlayerRecords@@ABU1@@Z 10002120 f i Legitbot.obj
 0001:00001120       ??$addressof@V?$basic_string@DU?$char_traits@D@std@@V?$allocator@D@2@@std@@@std@@YAPAV?$basic_string@DU?$char_traits@D@std@@V?$allocator@D@2@@0@AAV10@@Z 10002120 f i imgui.obj
 0001:00001120       ??$forward@ABV?$allocator@_W@std@@@std@@YAABV?$allocator@_W@0@ABV10@@Z 10002120 f i config_system.obj
 0001:00001120       ??$_Get_unwrapped_n@V?$_List_unchecked_iterator@V?$_List_val@U?$_List_simple_types@U?$pair@$$CBV?$basic_string@DU?$char_traits@D@std@@V?$allocator@D@2@@std@@V?$shared_ptr@UNode@NetvarTree@@@2@@std@@@std@@@std@@@std@@H$0A@@std@@YAPAV?$_List_unchecked_iterator@V?$_List_val@U?$_List_simple_types@U?$pair@$$CBV?$basic_string@DU?$char_traits@D@std@@V?$allocator@D@2@@std@@V?$shared_ptr@UNode@NetvarTree@@@2@@std@@@std@@@std@@@0@QAV10@H@Z 10002120 f i animation_system.obj
 0001:00001120       ??$_Get_unwrapped_unverified@$$CBD@std@@YAPBDQBD@Z 10002120 f i config_system.obj
 0001:00001120       ??$addressof@$$CBV?$_Vector_val@U?$_Simple_types@V?$basic_string@DU?$char_traits@D@std@@V?$allocator@D@2@@std@@@std@@@std@@@std@@YAPBV?$_Vector_val@U?$_Simple_types@V?$basic_string@DU?$char_traits@D@std@@V?$allocator@D@2@@std@@@std@@@0@ABV10@@Z 10002120 f i config_system.obj
 0001:00001120       ??$addressof@V?$vector@V?$basic_string@DU?$char_traits@D@std@@V?$allocator@D@2@@std@@V?$allocator@V?$basic_string@DU?$char_traits@D@std@@V?$allocator@D@2@@std@@@2@@std@@@std@@YAPAV?$vector@V?$basic_string@DU?$char_traits@D@std@@V?$allocator@D@2@@std@@V?$allocator@V?$basic_string@DU?$char_traits@D@std@@V?$allocator@D@2@@std@@@2@@0@AAV10@@Z 10002120 f i config_system.obj
 0001:00001120       ??$forward@ABUpiecewise_construct_t@std@@@std@@YAABUpiecewise_construct_t@0@ABU10@@Z 10002120 f i animation_system.obj
 0001:00001120       ??$_Unfancy@UPlayerRecords@@@std@@YAPAUPlayerRecords@@PAU1@@Z 10002120 f i LagComp.obj
 0001:00001120       ??$move@AAPAV_Ref_count_base@std@@@std@@YA$$QAPAV_Ref_count_base@0@AAPAV10@@Z 10002120 f i config_system.obj
 0001:00001120       ??$_Get_unwrapped@V?$basic_string@DU?$char_traits@D@std@@V?$allocator@D@2@@std@@@std@@YAPAV?$basic_string@DU?$char_traits@D@std@@V?$allocator@D@2@@0@QAV10@@Z 10002120 f i config_system.obj
 0001:00001120       ??$addressof@V?$unique_ptr@VVMTHook@@U?$default_delete@VVMTHook@@@std@@@std@@@std@@YAPAV?$unique_ptr@VVMTHook@@U?$default_delete@VVMTHook@@@std@@@0@AAV10@@Z 10002120 f i c_hooks.obj
 0001:00001120       ??$addressof@V?$_List_val@U?$_List_simple_types@U?$pair@$$CBV?$basic_string@DU?$char_traits@D@std@@V?$allocator@D@2@@std@@V?$shared_ptr@UNode@NetvarTree@@@2@@std@@@std@@@std@@@std@@YAPAV?$_List_val@U?$_List_simple_types@U?$pair@$$CBV?$basic_string@DU?$char_traits@D@std@@V?$allocator@D@2@@std@@V?$shared_ptr@UNode@NetvarTree@@@2@@std@@@std@@@0@AAV10@@Z 10002120 f i animation_system.obj
 0001:00001120       ??$addressof@V?$_String_val@U?$_Simple_types@_W@std@@@std@@@std@@YAPAV?$_String_val@U?$_Simple_types@_W@std@@@0@AAV10@@Z 10002120 f i config_system.obj
 0001:00001120       ??$forward@AAPAVISurface@@@std@@YAAAPAVISurface@@AAPAV1@@Z 10002120 f i c_hooks.obj
 0001:00001120       ??$forward@AAPAVCModelRender@@@std@@YAAAPAVCModelRender@@AAPAV1@@Z 10002120 f i c_hooks.obj
 0001:00001120       ??$forward@U?$default_delete@VNetvarTree@@@std@@@std@@YA$$QAU?$default_delete@VNetvarTree@@@0@AAU10@@Z 10002120 f i c_hooks.obj
 0001:00001120       ??$move@AAV?$basic_string@_WU?$char_traits@_W@std@@V?$allocator@_W@2@@std@@@std@@YA$$QAV?$basic_string@_WU?$char_traits@_W@std@@V?$allocator@_W@2@@0@AAV10@@Z 10002120 f i config_system.obj
 0001:00001120       ??$forward@_N@std@@YA$$QA_NAA_N@Z 10002120 f i animation_system.obj
 0001:00001120       ??$move@AAV?$tuple@$$QAV?$basic_string@DU?$char_traits@D@std@@V?$allocator@D@2@@std@@@std@@@std@@YA$$QAV?$tuple@$$QAV?$basic_string@DU?$char_traits@D@std@@V?$allocator@D@2@@std@@@0@AAV10@@Z 10002120 f i animation_system.obj
 0001:00001120       ??$_Unfancy@V?$basic_string@DU?$char_traits@D@std@@V?$allocator@D@2@@std@@@std@@YAPAV?$basic_string@DU?$char_traits@D@std@@V?$allocator@D@2@@0@PAV10@@Z 10002120 f i config_system.obj
 0001:00001120       ??$addressof@$$CBV?$_Deque_val@U?$_Deque_simple_types@ULegitPlayerRecords@@@std@@@std@@@std@@YAPBV?$_Deque_val@U?$_Deque_simple_types@ULegitPlayerRecords@@@std@@@0@ABV10@@Z 10002120 f i Legitbot.obj
 0001:00001120       ??$move@AAU?$default_delete@$$BY0A@I@std@@@std@@YA$$QAU?$default_delete@$$BY0A@I@0@AAU10@@Z 10002120 f i c_hooks.obj
 0001:00001120       ??$_Get_unwrapped_n@PBDH$0A@@std@@YAPAPBDQAPBDH@Z 10002120 f i fsn_hook.obj
 0001:00001120       ??$_Const_cast@$$CBD@std@@YAPADPBD@Z 10002120 f i c_esp.obj
 0001:00001120       ??$move@AAV?$allocator@_W@std@@@std@@YA$$QAV?$allocator@_W@0@AAV10@@Z 10002120 f i config_system.obj
 0001:00001120       ??$_Unfancy@_W@std@@YAPA_WPA_W@Z 10002120 f i config_system.obj
 0001:00001120       ??$forward@PBD@std@@YA$$QAPBDAAPBD@Z 10002120 f i NetvarManager.obj
 0001:00001120       ??$forward@U?$default_delete@VShadowVTManager@@@std@@@std@@YA$$QAU?$default_delete@VShadowVTManager@@@0@AAU10@@Z 10002120 f i bone_processing_hook.obj
 0001:00001120       ??$addressof@V?$_Deque_val@U?$_Deque_simple_types@ULegitPlayerRecords@@@std@@@std@@@std@@YAPAV?$_Deque_val@U?$_Deque_simple_types@ULegitPlayerRecords@@@std@@@0@AAV10@@Z 10002120 f i Legitbot.obj
 0001:00001120       ??$forward@W4__std_fs_dir_handle@@@std@@YA$$QAW4__std_fs_dir_handle@@AAW41@@Z 10002120 f i config_system.obj
 0001:00001120       ??$forward@ABV?$allocator@PBD@std@@@std@@YAABV?$allocator@PBD@0@ABV10@@Z 10002120 f i fsn_hook.obj
 0001:00001120       ??$forward@AAPAI@std@@YAAAPAIAAPAI@Z 10002120 f i c_hooks.obj
 0001:00001120       ??$_Get_unwrapped@PAUPlayerRecords@@@std@@YAPAPAUPlayerRecords@@QAPAU1@@Z 10002120 f i LagComp.obj
 0001:00001120       ??$_Get_unwrapped@V?$_List_unchecked_iterator@V?$_List_val@U?$_List_simple_types@U?$pair@$$CBV?$basic_string@DU?$char_traits@D@std@@V?$allocator@D@2@@std@@V?$shared_ptr@UNode@NetvarTree@@@2@@std@@@std@@@std@@@std@@@std@@YAPAV?$_List_unchecked_iterator@V?$_List_val@U?$_List_simple_types@U?$pair@$$CBV?$basic_string@DU?$char_traits@D@std@@V?$allocator@D@2@@std@@V?$shared_ptr@UNode@NetvarTree@@@2@@std@@@std@@@std@@@0@QAV10@@Z 10002120 f i animation_system.obj
 0001:00001120       ??$addressof@U?$pair@$$CBV?$basic_string@DU?$char_traits@D@std@@V?$allocator@D@2@@std@@V?$shared_ptr@UNode@NetvarTree@@@2@@std@@@std@@YAPAU?$pair@$$CBV?$basic_string@DU?$char_traits@D@std@@V?$allocator@D@2@@std@@V?$shared_ptr@UNode@NetvarTree@@@2@@0@AAU10@@Z 10002120 f i animation_system.obj
 0001:00001120       ??$_Unfancy@H@std@@YAPAHPAH@Z 10002120 f i animation_system.obj
 0001:00001120       ??$move@AAULegitPlayerRecords@@@std@@YA$$QAULegitPlayerRecords@@AAU1@@Z 10002120 f i Legitbot.obj
 0001:00001120       ??$_Unfancy@ULegitPlayerRecords@@@std@@YAPAULegitPlayerRecords@@PAU1@@Z 10002120 f i Legitbot.obj
 0001:00001120       ??$addressof@V?$_Vector_val@U?$_Simple_types@V?$basic_string@DU?$char_traits@D@std@@V?$allocator@D@2@@std@@@std@@@std@@@std@@YAPAV?$_Vector_val@U?$_Simple_types@V?$basic_string@DU?$char_traits@D@std@@V?$allocator@D@2@@std@@@std@@@0@AAV10@@Z 10002120 f i config_system.obj
 0001:00001120       ??$forward@PAPAK@std@@YA$$QAPAPAKAAPAPAK@Z 10002120 f i c_hooks.obj
 0001:00001120       ?select_on_container_copy_construction@?$_Default_allocator_traits@V?$allocator@D@std@@@std@@SA?AV?$allocator@D@2@ABV32@@Z 10002120 f i c_esp.obj
 0001:00001120       ??$forward@AAPAVVMTHook@@@std@@YAAAPAVVMTHook@@AAPAV1@@Z 10002120 f i c_hooks.obj
 0001:00001120       ??$addressof@V?$unique_ptr@$$BY0A@IU?$default_delete@$$BY0A@I@std@@@std@@@std@@YAPAV?$unique_ptr@$$BY0A@IU?$default_delete@$$BY0A@I@std@@@0@AAV10@@Z 10002120 f i c_hooks.obj
 0001:00001120       ??$forward@ABV?$allocator@V?$_List_unchecked_iterator@V?$_List_val@U?$_List_simple_types@U?$pair@$$CBV?$basic_string@DU?$char_traits@D@std@@V?$allocator@D@2@@std@@V?$shared_ptr@UNode@NetvarTree@@@2@@std@@@std@@@std@@@std@@@std@@@std@@YAABV?$allocator@V?$_List_unchecked_iterator@V?$_List_val@U?$_List_simple_types@U?$pair@$$CBV?$basic_string@DU?$char_traits@D@std@@V?$allocator@D@2@@std@@V?$shared_ptr@UNode@NetvarTree@@@2@@std@@@std@@@std@@@std@@@0@ABV10@@Z 10002120 f i NetvarManager.obj
 0001:00001120       ??$_Convert_size@I@std@@YAII@Z 10002120 f i animation_system.obj
 0001:00001120       ??$move@AAV?$basic_string@DU?$char_traits@D@std@@V?$allocator@D@2@@std@@@std@@YA$$QAV?$basic_string@DU?$char_traits@D@std@@V?$allocator@D@2@@0@AAV10@@Z 10002120 f i animation_system.obj
 0001:00001120       ??$forward@$$QAV?$basic_string@DU?$char_traits@D@std@@V?$allocator@D@2@@std@@@std@@YA$$QAV?$basic_string@DU?$char_traits@D@std@@V?$allocator@D@2@@0@AAV10@@Z 10002120 f i animation_system.obj
 0001:00001120       ??$move@AAU_Find_file_handle@filesystem@std@@@std@@YA$$QAU_Find_file_handle@filesystem@0@AAU120@@Z 10002120 f i config_system.obj
 0001:00001120       ??$forward@V?$tuple@$$QAV?$basic_string@DU?$char_traits@D@std@@V?$allocator@D@2@@std@@@std@@@std@@YA$$QAV?$tuple@$$QAV?$basic_string@DU?$char_traits@D@std@@V?$allocator@D@2@@std@@@0@AAV10@@Z 10002120 f i animation_system.obj
 0001:00001120       ??$forward@V?$_List_iterator@V?$_List_val@U?$_List_simple_types@U?$pair@$$CBV?$basic_string@DU?$char_traits@D@std@@V?$allocator@D@2@@std@@V?$shared_ptr@UNode@NetvarTree@@@2@@std@@@std@@@std@@@std@@@std@@YA$$QAV?$_List_iterator@V?$_List_val@U?$_List_simple_types@U?$pair@$$CBV?$basic_string@DU?$char_traits@D@std@@V?$allocator@D@2@@std@@V?$shared_ptr@UNode@NetvarTree@@@2@@std@@@std@@@std@@@0@AAV10@@Z 10002120 f i animation_system.obj
 0001:00001120       ??$_Get_size_of_n@$00@std@@YAII@Z 10002120 f i animation_system.obj
 0001:00001120       ??$addressof@$$CBV?$_Deque_val@U?$_Deque_simple_types@UPlayerRecords@@@std@@@std@@@std@@YAPBV?$_Deque_val@U?$_Deque_simple_types@UPlayerRecords@@@std@@@0@ABV10@@Z 10002120 f i LagComp.obj
 0001:00001120       ??$forward@ABUPlayerRecords@@@std@@YAABUPlayerRecords@@ABU1@@Z 10002120 f i LagComp.obj
 0001:00001120       ??$forward@U?$default_delete@VVMTHook@@@std@@@std@@YA$$QAU?$default_delete@VVMTHook@@@0@AAU10@@Z 10002120 f i c_hooks.obj
 0001:00001120       ??$forward@U_Creator@_Dir_enum_impl@filesystem@std@@@std@@YA$$QAU_Creator@_Dir_enum_impl@filesystem@0@AAU1230@@Z 10002120 f i config_system.obj
 0001:00001120       ??$forward@AAPAVIVRenderView@@@std@@YAAAPAVIVRenderView@@AAPAV1@@Z 10002120 f i c_hooks.obj
 0001:00001120       ??$_Unfancy_maybe_null@H@std@@YAPAHPAH@Z 10002120 f i animation_system.obj
 0001:00001120       ??$forward@V?$basic_string@DU?$char_traits@D@std@@V?$allocator@D@2@@std@@@std@@YA$$QAV?$basic_string@DU?$char_traits@D@std@@V?$allocator@D@2@@0@AAV10@@Z 10002120 f i animation_system.obj
 0001:00001120       ??$forward@AAPBD@std@@YAAAPBDAAPBD@Z 10002120 f i config_system.obj
 0001:00001120       ??$_Get_unwrapped_n@HH$0A@@std@@YAPAHQAHH@Z 10002120 f i animation_system.obj
 0001:00001120       ??$forward@V?$_List_unchecked_iterator@V?$_List_val@U?$_List_simple_types@U?$pair@$$CBV?$basic_string@DU?$char_traits@D@std@@V?$allocator@D@2@@std@@V?$shared_ptr@UNode@NetvarTree@@@2@@std@@@std@@@std@@@std@@@std@@YA$$QAV?$_List_unchecked_iterator@V?$_List_val@U?$_List_simple_types@U?$pair@$$CBV?$basic_string@DU?$char_traits@D@std@@V?$allocator@D@2@@std@@V?$shared_ptr@UNode@NetvarTree@@@2@@std@@@std@@@std@@@0@AAV10@@Z 10002120 f i animation_system.obj
 0001:00001120       ??$forward@AAU?$pair@$$CBV?$basic_string@DU?$char_traits@D@std@@V?$allocator@D@2@@std@@V?$shared_ptr@UNode@NetvarTree@@@2@@std@@@std@@YAAAU?$pair@$$CBV?$basic_string@DU?$char_traits@D@std@@V?$allocator@D@2@@std@@V?$shared_ptr@UNode@NetvarTree@@@2@@0@AAU10@@Z 10002120 f i animation_system.obj
 0001:00001120       ??$_Get_unwrapped@D@std@@YAPADQAD@Z 10002120 f i c_esp.obj
 0001:00001120       ??$move@AAV?$shared_ptr@U_Dir_enum_impl@filesystem@std@@@std@@@std@@YA$$QAV?$shared_ptr@U_Dir_enum_impl@filesystem@std@@@0@AAV10@@Z 10002120 f i config_system.obj
 0001:00001120       ??$_Get_unwrapped_n@V?$back_insert_iterator@V?$vector@V?$basic_string@DU?$char_traits@D@std@@V?$allocator@D@2@@std@@V?$allocator@V?$basic_string@DU?$char_traits@D@std@@V?$allocator@D@2@@std@@@2@@std@@@std@@U_Distance_unknown@2@$0A@@std@@YAABV?$back_insert_iterator@V?$vector@V?$basic_string@DU?$char_traits@D@std@@V?$allocator@D@2@@std@@V?$allocator@V?$basic_string@DU?$char_traits@D@std@@V?$allocator@D@2@@std@@@2@@std@@@0@ABV10@U_Distance_unknown@0@@Z 10002120 f i config_system.obj
 0001:00001120       ??$_Unfancy@D@std@@YAPADPAD@Z 10002120 f i animation_system.obj
 0001:00001130       ??$_Copy_memmove@PAHPAH@std@@YAPAHPAH00@Z 10002130 f i animation_system.obj
 0001:00001130       ??$_Copy_memmove@PAPAUPlayerRecords@@PAPAU1@@std@@YAPAPAUPlayerRecords@@PAPAU1@00@Z 10002130 f i LagComp.obj
 0001:00001130       ??$_Copy_memmove@PAPAULegitPlayerRecords@@PAPAU1@@std@@YAPAPAULegitPlayerRecords@@PAPAU1@00@Z 10002130 f i Legitbot.obj
 0001:00001130       ??$_Copy_memmove@PBQBDPAPBD@std@@YAPAPBDPBQBD0PAPBD@Z 10002130 f i fsn_hook.obj
 0001:00001170       ??$_Deallocate@$07$0A@@std@@YAXPAXI@Z 10002170 f i animation_system.obj
 0001:000011a0       ??$_Adl_verify_range@V?$_Deque_iterator@V?$_Deque_val@U?$_Deque_simple_types@UPlayerRecords@@@std@@@std@@@std@@V12@@std@@YAXABV?$_Deque_iterator@V?$_Deque_val@U?$_Deque_simple_types@UPlayerRecords@@@std@@@std@@@0@0@Z 100021a0 f i LagComp.obj
 0001:000011a0       ??$_Adl_verify_range@Vdirectory_iterator@filesystem@std@@V123@@std@@YAXABVdirectory_iterator@filesystem@0@0@Z 100021a0 f i config_system.obj
 0001:000011a0       ??$_Adl_verify_range@PB_WPB_W@std@@YAXABQB_W0@Z 100021a0 f i config_system.obj
 0001:000011a0       ??$_Adl_verify_range@V?$_Deque_iterator@V?$_Deque_val@U?$_Deque_simple_types@ULegitPlayerRecords@@@std@@@std@@@std@@V12@@std@@YAXABV?$_Deque_iterator@V?$_Deque_val@U?$_Deque_simple_types@ULegitPlayerRecords@@@std@@@std@@@0@0@Z 100021a0 f i Legitbot.obj
 0001:000011a0       ??$_Adl_verify_range@V?$_String_iterator@V?$_String_val@U?$_Simple_types@D@std@@@std@@@std@@V12@@std@@YAXABV?$_String_iterator@V?$_String_val@U?$_Simple_types@D@std@@@std@@@0@0@Z 100021a0 f i c_esp.obj
 0001:000011a0       ??$destroy@PAD@?$_Default_allocator_traits@V?$allocator@D@std@@@std@@SAXAAV?$allocator@D@1@QAPAD@Z 100021a0 f i animation_system.obj
 0001:000011a0       ??$destroy@PAULegitPlayerRecords@@@?$_Default_allocator_traits@V?$allocator@PAULegitPlayerRecords@@@std@@@std@@SAXAAV?$allocator@PAULegitPlayerRecords@@@1@QAPAULegitPlayerRecords@@@Z 100021a0 f i Legitbot.obj
 0001:000011a0       ??$_Adl_verify_range@V?$_Vector_const_iterator@V?$_Vector_val@U?$_Simple_types@V?$basic_string@DU?$char_traits@D@std@@V?$allocator@D@2@@std@@@std@@@std@@@std@@V12@@std@@YAXABV?$_Vector_const_iterator@V?$_Vector_val@U?$_Simple_types@V?$basic_string@DU?$char_traits@D@std@@V?$allocator@D@2@@std@@@std@@@std@@@0@0@Z 100021a0 f i config_system.obj
 0001:000011a0       ??$_Destroy_range1@V?$allocator@V?$_List_unchecked_iterator@V?$_List_val@U?$_List_simple_types@U?$pair@$$CBV?$basic_string@DU?$char_traits@D@std@@V?$allocator@D@2@@std@@V?$shared_ptr@UNode@NetvarTree@@@2@@std@@@std@@@std@@@std@@@std@@@std@@YAXPAV?$_List_unchecked_iterator@V?$_List_val@U?$_List_simple_types@U?$pair@$$CBV?$basic_string@DU?$char_traits@D@std@@V?$allocator@D@2@@std@@V?$shared_ptr@UNode@NetvarTree@@@2@@std@@@std@@@std@@@0@0AAV?$allocator@V?$_List_unchecked_iterator@V?$_List_val@U?$_List_simple_types@U?$pair@$$CBV?$basic_string@DU?$char_traits@D@std@@V?$allocator@D@2@@std@@V?$shared_ptr@UNode@NetvarTree@@@2@@std@@@std@@@std@@@std@@@0@U?$integral_constant@_N$00@0@@Z 100021a0 f i animation_system.obj
 0001:000011a0       ??$_Enable_shared_from_this1@UNode@NetvarTree@@U12@@std@@YAXABV?$shared_ptr@UNode@NetvarTree@@@0@PAUNode@NetvarTree@@U?$integral_constant@_N$0A@@0@@Z 100021a0 f i NetvarManager.obj
 0001:000011a0       ??$_Pocca@V?$allocator@_W@std@@@std@@YAXAAV?$allocator@_W@0@ABV10@U?$integral_constant@_N$0A@@0@@Z 100021a0 f i config_system.obj
 0001:000011a0       ??$destroy@PAUPlayerRecords@@@?$_Default_allocator_traits@V?$allocator@PAUPlayerRecords@@@std@@@std@@SAXAAV?$allocator@PAUPlayerRecords@@@1@QAPAUPlayerRecords@@@Z 100021a0 f i LagComp.obj
 0001:000011a0       ??$_Destroy_range1@V?$allocator@H@std@@@std@@YAXPAH0AAV?$allocator@H@0@U?$integral_constant@_N$00@0@@Z 100021a0 f i animation_system.obj
 0001:000011a0       ??3@YAXPAXUImPlacementNewDummy@@0@Z 100021a0 f i imgui.obj
 0001:000011a0       ??$_Enable_shared_from_this1@U_Dir_enum_impl@filesystem@std@@U123@@std@@YAXABV?$shared_ptr@U_Dir_enum_impl@filesystem@std@@@0@PAU_Dir_enum_impl@filesystem@0@U?$integral_constant@_N$0A@@0@@Z 100021a0 f i config_system.obj
 0001:000011a0       ??$destroy@PA_W@?$_Default_allocator_traits@V?$allocator@_W@std@@@std@@SAXAAV?$allocator@_W@1@QAPA_W@Z 100021a0 f i config_system.obj
 0001:000011a0       ??$_Destroy_range1@V?$allocator@PBD@std@@@std@@YAXPAPBD0AAV?$allocator@PBD@0@U?$integral_constant@_N$00@0@@Z 100021a0 f i fsn_hook.obj
 0001:000011a0       ??$destroy@UPlayerRecords@@@?$_Default_allocator_traits@V?$allocator@UPlayerRecords@@@std@@@std@@SAXAAV?$allocator@UPlayerRecords@@@1@QAUPlayerRecords@@@Z 100021a0 f i LagComp.obj
 0001:000011a0       ??$destroy@U_Container_proxy@std@@@?$_Default_allocator_traits@V?$allocator@U_Container_proxy@std@@@std@@@std@@SAXAAV?$allocator@U_Container_proxy@std@@@1@QAU_Container_proxy@1@@Z 100021a0 f i LagComp.obj
 0001:000011a0       ??$destroy@ULegitPlayerRecords@@@?$_Default_allocator_traits@V?$allocator@ULegitPlayerRecords@@@std@@@std@@SAXAAV?$allocator@ULegitPlayerRecords@@@1@QAULegitPlayerRecords@@@Z 100021a0 f i Legitbot.obj
 0001:000011a0       ??$_Destroy_range1@V?$allocator@PAULegitPlayerRecords@@@std@@@std@@YAXPAPAULegitPlayerRecords@@0AAV?$allocator@PAULegitPlayerRecords@@@0@U?$integral_constant@_N$00@0@@Z 100021a0 f i Legitbot.obj
 0001:000011a0       ??$_Adl_verify_range@PADPAD@std@@YAXABQAD0@Z 100021a0 f i c_esp.obj
 0001:000011a0       ??$destroy@PAU?$_List_node@U?$pair@$$CBV?$basic_string@DU?$char_traits@D@std@@V?$allocator@D@2@@std@@V?$shared_ptr@UNode@NetvarTree@@@2@@std@@PAX@std@@@?$_Default_allocator_traits@V?$allocator@U?$_List_node@U?$pair@$$CBV?$basic_string@DU?$char_traits@D@std@@V?$allocator@D@2@@std@@V?$shared_ptr@UNode@NetvarTree@@@2@@std@@PAX@std@@@std@@@std@@SAXAAV?$allocator@U?$_List_node@U?$pair@$$CBV?$basic_string@DU?$char_traits@D@std@@V?$allocator@D@2@@std@@V?$shared_ptr@UNode@NetvarTree@@@2@@std@@PAX@std@@@1@QAPAU?$_List_node@U?$pair@$$CBV?$basic_string@DU?$char_traits@D@std@@V?$allocator@D@2@@std@@V?$shared_ptr@UNode@NetvarTree@@@2@@std@@PAX@1@@Z 100021a0 f i animation_system.obj
 0001:000011a0       ??$_Destroy_range1@V?$allocator@PAUPlayerRecords@@@std@@@std@@YAXPAPAUPlayerRecords@@0AAV?$allocator@PAUPlayerRecords@@@0@U?$integral_constant@_N$00@0@@Z 100021a0 f i LagComp.obj
 0001:000011a0       ?Log@Utils@@SAXABV?$basic_string@DU?$char_traits@D@std@@V?$allocator@D@2@@std@@ZZ 100021a0 f i c_hooks.obj
 0001:000011b0       ??$_Destroy_range@V?$allocator@PBD@std@@@std@@YAXPAPBD0AAV?$allocator@PBD@0@@Z 100021b0 f i fsn_hook.obj
 0001:000011b0       ??$_Destroy_range@V?$allocator@PAULegitPlayerRecords@@@std@@@std@@YAXPAPAULegitPlayerRecords@@0AAV?$allocator@PAULegitPlayerRecords@@@0@@Z 100021b0 f i Legitbot.obj
 0001:000011b0       ??$_Destroy_range@V?$allocator@V?$_List_unchecked_iterator@V?$_List_val@U?$_List_simple_types@U?$pair@$$CBV?$basic_string@DU?$char_traits@D@std@@V?$allocator@D@2@@std@@V?$shared_ptr@UNode@NetvarTree@@@2@@std@@@std@@@std@@@std@@@std@@@std@@YAXPAV?$_List_unchecked_iterator@V?$_List_val@U?$_List_simple_types@U?$pair@$$CBV?$basic_string@DU?$char_traits@D@std@@V?$allocator@D@2@@std@@V?$shared_ptr@UNode@NetvarTree@@@2@@std@@@std@@@std@@@0@0AAV?$allocator@V?$_List_unchecked_iterator@V?$_List_val@U?$_List_simple_types@U?$pair@$$CBV?$basic_string@DU?$char_traits@D@std@@V?$allocator@D@2@@std@@V?$shared_ptr@UNode@NetvarTree@@@2@@std@@@std@@@std@@@std@@@0@@Z 100021b0 f i animation_system.obj
 0001:000011b0       ??$_Destroy_range@V?$allocator@PAUPlayerRecords@@@std@@@std@@YAXPAPAUPlayerRecords@@0AAV?$allocator@PAUPlayerRecords@@@0@@Z 100021b0 f i LagComp.obj
 0001:000011b0       ??$_Destroy_range@V?$allocator@H@std@@@std@@YAXPAH0AAV?$allocator@H@0@@Z 100021b0 f i animation_system.obj
 0001:000011e0       ??$_Emplace_back@V?$_List_unchecked_iterator@V?$_List_val@U?$_List_simple_types@U?$pair@$$CBV?$basic_string@DU?$char_traits@D@std@@V?$allocator@D@2@@std@@V?$shared_ptr@UNode@NetvarTree@@@2@@std@@@std@@@std@@@std@@@?$_Uninitialized_backout_al@PAV?$_List_unchecked_iterator@V?$_List_val@U?$_List_simple_types@U?$pair@$$CBV?$basic_string@DU?$char_traits@D@std@@V?$allocator@D@2@@std@@V?$shared_ptr@UNode@NetvarTree@@@2@@std@@@std@@@std@@@std@@V?$allocator@V?$_List_unchecked_iterator@V?$_List_val@U?$_List_simple_types@U?$pair@$$CBV?$basic_string@DU?$char_traits@D@std@@V?$allocator@D@2@@std@@V?$shared_ptr@UNode@NetvarTree@@@2@@std@@@std@@@std@@@std@@@2@@std@@QAEX$$QAV?$_List_unchecked_iterator@V?$_List_val@U?$_List_simple_types@U?$pair@$$CBV?$basic_string@DU?$char_traits@D@std@@V?$allocator@D@2@@std@@V?$shared_ptr@UNode@NetvarTree@@@2@@std@@@std@@@std@@@1@@Z 100021e0 f i animation_system.obj
 0001:000011e0       ??$_Emplace_back@ABV?$_List_unchecked_iterator@V?$_List_val@U?$_List_simple_types@U?$pair@$$CBV?$basic_string@DU?$char_traits@D@std@@V?$allocator@D@2@@std@@V?$shared_ptr@UNode@NetvarTree@@@2@@std@@@std@@@std@@@std@@@?$_Uninitialized_backout_al@PAV?$_List_unchecked_iterator@V?$_List_val@U?$_List_simple_types@U?$pair@$$CBV?$basic_string@DU?$char_traits@D@std@@V?$allocator@D@2@@std@@V?$shared_ptr@UNode@NetvarTree@@@2@@std@@@std@@@std@@@std@@V?$allocator@V?$_List_unchecked_iterator@V?$_List_val@U?$_List_simple_types@U?$pair@$$CBV?$basic_string@DU?$char_traits@D@std@@V?$allocator@D@2@@std@@V?$shared_ptr@UNode@NetvarTree@@@2@@std@@@std@@@std@@@std@@@2@@std@@QAEXABV?$_List_unchecked_iterator@V?$_List_val@U?$_List_simple_types@U?$pair@$$CBV?$basic_string@DU?$char_traits@D@std@@V?$allocator@D@2@@std@@V?$shared_ptr@UNode@NetvarTree@@@2@@std@@@std@@@std@@@1@@Z 100021e0 f i animation_system.obj
 0001:00001240       ??$_Emplace_back_with_unused_capacity@H@?$vector@HV?$allocator@H@std@@@std@@AAEAAH$$QAH@Z 10002240 f i animation_system.obj
 0001:000012f0       ??$_Emplace_reallocate@H@?$vector@HV?$allocator@H@std@@@std@@QAEPAHQAH$$QAH@Z 100022f0 f i animation_system.obj
 0001:000014e0       ??$_Ptr_move_cat@V?$_Deque_unchecked_iterator@V?$_Deque_val@U?$_Deque_simple_types@UPlayerRecords@@@std@@@std@@@std@@V12@@std@@YA?AU_General_ptr_iterator_tag@0@ABV?$_Deque_unchecked_iterator@V?$_Deque_val@U?$_Deque_simple_types@UPlayerRecords@@@std@@@std@@@0@0@Z 100024e0 f i LagComp.obj
 0001:000014e0       ??$_Ptr_move_cat@V?$_Deque_unchecked_iterator@V?$_Deque_val@U?$_Deque_simple_types@ULegitPlayerRecords@@@std@@@std@@@std@@V12@@std@@YA?AU_General_ptr_iterator_tag@0@ABV?$_Deque_unchecked_iterator@V?$_Deque_val@U?$_Deque_simple_types@ULegitPlayerRecords@@@std@@@std@@@0@0@Z 100024e0 f i Legitbot.obj
 0001:000014e0       ??$_Ptr_move_cat@V?$basic_string@DU?$char_traits@D@std@@V?$allocator@D@2@@std@@V12@@std@@YA?AU_General_ptr_iterator_tag@0@ABQAV?$basic_string@DU?$char_traits@D@std@@V?$allocator@D@2@@0@0@Z 100024e0 f i config_system.obj
 0001:000014e0       ??$_Idl_distance@Vdirectory_iterator@filesystem@std@@V123@@std@@YA?AU_Distance_unknown@0@ABVdirectory_iterator@filesystem@0@0@Z 100024e0 f i config_system.obj
 0001:000014e0       ??$_Fill_memset_is_safe@PAV?$_List_unchecked_iterator@V?$_List_val@U?$_List_simple_types@U?$pair@$$CBV?$basic_string@DU?$char_traits@D@std@@V?$allocator@D@2@@std@@V?$shared_ptr@UNode@NetvarTree@@@2@@std@@@std@@@std@@@std@@V12@@std@@YA?AU?$integral_constant@_N$0A@@0@ABQAV?$_List_unchecked_iterator@V?$_List_val@U?$_List_simple_types@U?$pair@$$CBV?$basic_string@DU?$char_traits@D@std@@V?$allocator@D@2@@std@@V?$shared_ptr@UNode@NetvarTree@@@2@@std@@@std@@@std@@@0@ABV20@@Z 100024e0 f i animation_system.obj
 0001:000014f0       ??$_Fill_unchecked1@PAV?$_List_unchecked_iterator@V?$_List_val@U?$_List_simple_types@U?$pair@$$CBV?$basic_string@DU?$char_traits@D@std@@V?$allocator@D@2@@std@@V?$shared_ptr@UNode@NetvarTree@@@2@@std@@@std@@@std@@@std@@V12@@std@@YAXPAV?$_List_unchecked_iterator@V?$_List_val@U?$_List_simple_types@U?$pair@$$CBV?$basic_string@DU?$char_traits@D@std@@V?$allocator@D@2@@std@@V?$shared_ptr@UNode@NetvarTree@@@2@@std@@@std@@@std@@@0@0ABV10@U?$integral_constant@_N$0A@@0@@Z 100024f0 f i animation_system.obj
 0001:00001520       ??$_Fill_unchecked@PAV?$_List_unchecked_iterator@V?$_List_val@U?$_List_simple_types@U?$pair@$$CBV?$basic_string@DU?$char_traits@D@std@@V?$allocator@D@2@@std@@V?$shared_ptr@UNode@NetvarTree@@@2@@std@@@std@@@std@@@std@@V12@@std@@YAXPAV?$_List_unchecked_iterator@V?$_List_val@U?$_List_simple_types@U?$pair@$$CBV?$basic_string@DU?$char_traits@D@std@@V?$allocator@D@2@@std@@V?$shared_ptr@UNode@NetvarTree@@@2@@std@@@std@@@std@@@0@0ABV10@@Z 10002520 f i animation_system.obj
 0001:00001560       ??$_Freenode0@V?$allocator@U?$_List_node@U?$pair@$$CBV?$basic_string@DU?$char_traits@D@std@@V?$allocator@D@2@@std@@V?$shared_ptr@UNode@NetvarTree@@@2@@std@@PAX@std@@@std@@@?$_List_node@U?$pair@$$CBV?$basic_string@DU?$char_traits@D@std@@V?$allocator@D@2@@std@@V?$shared_ptr@UNode@NetvarTree@@@2@@std@@PAX@std@@SAXAAV?$allocator@U?$_List_node@U?$pair@$$CBV?$basic_string@DU?$char_traits@D@std@@V?$allocator@D@2@@std@@V?$shared_ptr@UNode@NetvarTree@@@2@@std@@PAX@std@@@1@PAU01@@Z 10002560 f i animation_system.obj
 0001:000015e0       ??$_Get_size_of_n@$03@std@@YAII@Z 100025e0 f i animation_system.obj
 0001:00001610       ??$_Get_size_of_n@$0CI@@std@@YAII@Z 10002610 f i animation_system.obj
 0001:00001640       ??$_Hash_array_representation@D@std@@YAIQBDI@Z 10002640 f i animation_system.obj
 0001:00001660       ??$_Idl_distance@PAHPAH@std@@YAHABQAH0@Z 10002660 f i animation_system.obj
 0001:00001660       ??$_Idl_distance@PBQBDPBQBD@std@@YAHABQBQBD0@Z 10002660 f i fsn_hook.obj
 0001:00001660       ??$_Idl_distance@PAV?$_List_unchecked_iterator@V?$_List_val@U?$_List_simple_types@U?$pair@$$CBV?$basic_string@DU?$char_traits@D@std@@V?$allocator@D@2@@std@@V?$shared_ptr@UNode@NetvarTree@@@2@@std@@@std@@@std@@@std@@PAV12@@std@@YAHABQAV?$_List_unchecked_iterator@V?$_List_val@U?$_List_simple_types@U?$pair@$$CBV?$basic_string@DU?$char_traits@D@std@@V?$allocator@D@2@@std@@V?$shared_ptr@UNode@NetvarTree@@@2@@std@@@std@@@std@@@0@0@Z 10002660 f i animation_system.obj
 0001:00001660       ??$_Idl_distance@PAPAULegitPlayerRecords@@PAPAU1@@std@@YAHABQAPAULegitPlayerRecords@@0@Z 10002660 f i Legitbot.obj
 0001:00001660       ??$_Idl_distance@PAPAUPlayerRecords@@PAPAU1@@std@@YAHABQAPAUPlayerRecords@@0@Z 10002660 f i LagComp.obj
 0001:00001680       ??$_Insert@AAU?$pair@$$CBV?$basic_string@DU?$char_traits@D@std@@V?$allocator@D@2@@std@@V?$shared_ptr@UNode@NetvarTree@@@2@@std@@V?$_List_unchecked_iterator@V?$_List_val@U?$_List_simple_types@U?$pair@$$CBV?$basic_string@DU?$char_traits@D@std@@V?$allocator@D@2@@std@@V?$shared_ptr@UNode@NetvarTree@@@2@@std@@@std@@@std@@@2@@?$_Hash@V?$_Umap_traits@V?$basic_string@DU?$char_traits@D@std@@V?$allocator@D@2@@std@@V?$shared_ptr@UNode@NetvarTree@@@2@V?$_Uhash_compare@V?$basic_string@DU?$char_traits@D@std@@V?$allocator@D@2@@std@@U?$hash@V?$basic_string@DU?$char_traits@D@std@@V?$allocator@D@2@@std@@@2@U?$equal_to@V?$basic_string@DU?$char_traits@D@std@@V?$allocator@D@2@@std@@@2@@2@V?$allocator@U?$pair@$$CBV?$basic_string@DU?$char_traits@D@std@@V?$allocator@D@2@@std@@V?$shared_ptr@UNode@NetvarTree@@@2@@std@@@2@$0A@@std@@@std@@IAE?AU?$pair@V?$_List_iterator@V?$_List_val@U?$_List_simple_types@U?$pair@$$CBV?$basic_string@DU?$char_traits@D@std@@V?$allocator@D@2@@std@@V?$shared_ptr@UNode@NetvarTree@@@2@@std@@@std@@@std@@@std@@_N@1@AAU?$pair@$$CBV?$basic_string@DU?$char_traits@D@std@@V?$allocator@D@2@@std@@V?$shared_ptr@UNode@NetvarTree@@@2@@1@V?$_List_unchecked_iterator@V?$_List_val@U?$_List_simple_types@U?$pair@$$CBV?$basic_string@DU?$char_traits@D@std@@V?$allocator@D@2@@std@@V?$shared_ptr@UNode@NetvarTree@@@2@@std@@@std@@@std@@@1@@Z 10002680 f i animation_system.obj
 0001:00001930       ??$_Insert@ABUpiecewise_construct_t@std@@V?$tuple@$$QAV?$basic_string@DU?$char_traits@D@std@@V?$allocator@D@2@@std@@@2@V?$tuple@$$V@2@@?$list@U?$pair@$$CBV?$basic_string@DU?$char_traits@D@std@@V?$allocator@D@2@@std@@V?$shared_ptr@UNode@NetvarTree@@@2@@std@@V?$allocator@U?$pair@$$CBV?$basic_string@DU?$char_traits@D@std@@V?$allocator@D@2@@std@@V?$shared_ptr@UNode@NetvarTree@@@2@@std@@@2@@std@@QAEXV?$_List_unchecked_const_iterator@V?$_List_val@U?$_List_simple_types@U?$pair@$$CBV?$basic_string@DU?$char_traits@D@std@@V?$allocator@D@2@@std@@V?$shared_ptr@UNode@NetvarTree@@@2@@std@@@std@@@std@@U_Iterator_base0@2@@1@ABUpiecewise_construct_t@1@$$QAV?$tuple@$$QAV?$basic_string@DU?$char_traits@D@std@@V?$allocator@D@2@@std@@@1@$$QAV?$tuple@$$V@1@@Z 10002930 f i animation_system.obj
 0001:000019c0       ??$_Max_value@I@std@@YAABIABI0@Z 100029c0 f i animation_system.obj
 0001:000019f0       ??$_Min_value@I@std@@YAABIABI0@Z 100029f0 f i animation_system.obj
 0001:00001a20       ??$_Ptr_copy_cat@QBDPBD@std@@YA?AU_Really_trivial_ptr_iterator_tag@0@ABQBQBDABQAPBD@Z 10002a20 f i fsn_hook.obj
 0001:00001a20       ??$_Ptr_move_cat@V?$_List_unchecked_iterator@V?$_List_val@U?$_List_simple_types@U?$pair@$$CBV?$basic_string@DU?$char_traits@D@std@@V?$allocator@D@2@@std@@V?$shared_ptr@UNode@NetvarTree@@@2@@std@@@std@@@std@@@std@@V12@@std@@YA?AU_Trivially_copyable_ptr_iterator_tag@0@ABQAV?$_List_unchecked_iterator@V?$_List_val@U?$_List_simple_types@U?$pair@$$CBV?$basic_string@DU?$char_traits@D@std@@V?$allocator@D@2@@std@@V?$shared_ptr@UNode@NetvarTree@@@2@@std@@@std@@@std@@@0@0@Z 10002a20 f i animation_system.obj
 0001:00001a20       ??$_Ptr_copy_cat@PAUPlayerRecords@@PAU1@@std@@YA?AU_Really_trivial_ptr_iterator_tag@0@ABQAPAUPlayerRecords@@0@Z 10002a20 f i LagComp.obj
 0001:00001a20       ??$_Ptr_move_cat@HH@std@@YA?AU_Really_trivial_ptr_iterator_tag@0@ABQAH0@Z 10002a20 f i animation_system.obj
 0001:00001a20       ??$_Ptr_copy_cat@PAULegitPlayerRecords@@PAU1@@std@@YA?AU_Really_trivial_ptr_iterator_tag@0@ABQAPAULegitPlayerRecords@@0@Z 10002a20 f i Legitbot.obj
 0001:00001a30       ??$_Reallocate_for@V<lambda_9366063389c5f42a00a5088cf24e69de>@@PBD@?$basic_string@DU?$char_traits@D@std@@V?$allocator@D@2@@std@@QAEAAV01@IV<lambda_9366063389c5f42a00a5088cf24e69de>@@PBD@Z 10002a30 f i animation_system.obj
 0001:00001b10       ??$_Seek_wrapped@V?$_List_unchecked_iterator@V?$_List_val@U?$_List_simple_types@U?$pair@$$CBV?$basic_string@DU?$char_traits@D@std@@V?$allocator@D@2@@std@@V?$shared_ptr@UNode@NetvarTree@@@2@@std@@@std@@@std@@@std@@@std@@YAXAAPAV?$_List_unchecked_iterator@V?$_List_val@U?$_List_simple_types@U?$pair@$$CBV?$basic_string@DU?$char_traits@D@std@@V?$allocator@D@2@@std@@V?$shared_ptr@UNode@NetvarTree@@@2@@std@@@std@@@std@@@0@QAV10@@Z 10002b10 f i animation_system.obj
 0001:00001b10       ??$_Seek_wrapped@H@std@@YAXAAPAHQAH@Z 10002b10 f i animation_system.obj
 0001:00001b10       ??$_Seek_wrapped@V?$basic_string@DU?$char_traits@D@std@@V?$allocator@D@2@@std@@@std@@YAXAAPAV?$basic_string@DU?$char_traits@D@std@@V?$allocator@D@2@@0@QAV10@@Z 10002b10 f i config_system.obj
 0001:00001b10       ??$_Seek_wrapped@PAULegitPlayerRecords@@@std@@YAXAAPAPAULegitPlayerRecords@@QAPAU1@@Z 10002b10 f i Legitbot.obj
 0001:00001b10       ??$_Seek_wrapped@PBD@std@@YAXAAPAPBDQAPBD@Z 10002b10 f i fsn_hook.obj
 0001:00001b10       ??$_Seek_wrapped@PAUPlayerRecords@@@std@@YAXAAPAPAUPlayerRecords@@QAPAU1@@Z 10002b10 f i LagComp.obj
 0001:00001b10       ??$_Seek_wrapped@$$CB_W@std@@YAXAAPB_WQB_W@Z 10002b10 f i config_system.obj
 0001:00001b20       ??$_Traits_equal@U?$char_traits@D@std@@@std@@YA_NQBDI0I@Z 10002b20 f i animation_system.obj
 0001:00001b60       ??$_Try_emplace@V?$basic_string@DU?$char_traits@D@std@@V?$allocator@D@2@@std@@$$V@?$unordered_map@V?$basic_string@DU?$char_traits@D@std@@V?$allocator@D@2@@std@@V?$shared_ptr@UNode@NetvarTree@@@2@U?$hash@V?$basic_string@DU?$char_traits@D@std@@V?$allocator@D@2@@std@@@2@U?$equal_to@V?$basic_string@DU?$char_traits@D@std@@V?$allocator@D@2@@std@@@2@V?$allocator@U?$pair@$$CBV?$basic_string@DU?$char_traits@D@std@@V?$allocator@D@2@@std@@V?$shared_ptr@UNode@NetvarTree@@@2@@std@@@2@@std@@QAE?AU?$pair@V?$_List_iterator@V?$_List_val@U?$_List_simple_types@U?$pair@$$CBV?$basic_string@DU?$char_traits@D@std@@V?$allocator@D@2@@std@@V?$shared_ptr@UNode@NetvarTree@@@2@@std@@@std@@@std@@@std@@_N@1@$$QAV?$basic_string@DU?$char_traits@D@std@@V?$allocator@D@2@@1@@Z 10002b60 f i animation_system.obj
 0001:00001c00       ??$_Uninit_alloc_fill_n1@PAV?$_List_unchecked_iterator@V?$_List_val@U?$_List_simple_types@U?$pair@$$CBV?$basic_string@DU?$char_traits@D@std@@V?$allocator@D@2@@std@@V?$shared_ptr@UNode@NetvarTree@@@2@@std@@@std@@@std@@@std@@IV?$allocator@V?$_List_unchecked_iterator@V?$_List_val@U?$_List_simple_types@U?$pair@$$CBV?$basic_string@DU?$char_traits@D@std@@V?$allocator@D@2@@std@@V?$shared_ptr@UNode@NetvarTree@@@2@@std@@@std@@@std@@@std@@@2@@std@@YAPAV?$_List_unchecked_iterator@V?$_List_val@U?$_List_simple_types@U?$pair@$$CBV?$basic_string@DU?$char_traits@D@std@@V?$allocator@D@2@@std@@V?$shared_ptr@UNode@NetvarTree@@@2@@std@@@std@@@std@@@0@QAV10@IABV10@AAV?$allocator@V?$_List_unchecked_iterator@V?$_List_val@U?$_List_simple_types@U?$pair@$$CBV?$basic_string@DU?$char_traits@D@std@@V?$allocator@D@2@@std@@V?$shared_ptr@UNode@NetvarTree@@@2@@std@@@std@@@std@@@std@@@0@U?$integral_constant@_N$0A@@0@@Z 10002c00 f i animation_system.obj
 0001:00001c90       ??$_Uninitialized_fill_n@PAV?$_List_unchecked_iterator@V?$_List_val@U?$_List_simple_types@U?$pair@$$CBV?$basic_string@DU?$char_traits@D@std@@V?$allocator@D@2@@std@@V?$shared_ptr@UNode@NetvarTree@@@2@@std@@@std@@@std@@@std@@IV?$allocator@V?$_List_unchecked_iterator@V?$_List_val@U?$_List_simple_types@U?$pair@$$CBV?$basic_string@DU?$char_traits@D@std@@V?$allocator@D@2@@std@@V?$shared_ptr@UNode@NetvarTree@@@2@@std@@@std@@@std@@@std@@@2@@std@@YAPAV?$_List_unchecked_iterator@V?$_List_val@U?$_List_simple_types@U?$pair@$$CBV?$basic_string@DU?$char_traits@D@std@@V?$allocator@D@2@@std@@V?$shared_ptr@UNode@NetvarTree@@@2@@std@@@std@@@std@@@0@QAV10@IABV10@AAV?$allocator@V?$_List_unchecked_iterator@V?$_List_val@U?$_List_simple_types@U?$pair@$$CBV?$basic_string@DU?$char_traits@D@std@@V?$allocator@D@2@@std@@V?$shared_ptr@UNode@NetvarTree@@@2@@std@@@std@@@std@@@std@@@0@@Z 10002c90 f i animation_system.obj
 0001:00001cc0       ??$_Uninitialized_copy@PAPAUPlayerRecords@@PAPAU1@V?$allocator@PAUPlayerRecords@@@std@@@std@@YAPAPAUPlayerRecords@@QAPAU1@0PAPAU1@AAV?$allocator@PAUPlayerRecords@@@0@@Z 10002cc0 f i LagComp.obj
 0001:00001cc0       ??$_Uninitialized_copy@PBQBDPAPBDV?$allocator@PBD@std@@@std@@YAPAPBDQBQBD0PAPBDAAV?$allocator@PBD@0@@Z 10002cc0 f i fsn_hook.obj
 0001:00001cc0       ??$_Uninitialized_copy@PAPAULegitPlayerRecords@@PAPAU1@V?$allocator@PAULegitPlayerRecords@@@std@@@std@@YAPAPAULegitPlayerRecords@@QAPAU1@0PAPAU1@AAV?$allocator@PAULegitPlayerRecords@@@0@@Z 10002cc0 f i Legitbot.obj
 0001:00001cc0       ??$_Uninitialized_move@PAHPAHV?$allocator@H@std@@@std@@YAPAHQAH0PAHAAV?$allocator@H@0@@Z 10002cc0 f i animation_system.obj
 0001:00001d90       ??$_Uninitialized_move@PAV?$_List_unchecked_iterator@V?$_List_val@U?$_List_simple_types@U?$pair@$$CBV?$basic_string@DU?$char_traits@D@std@@V?$allocator@D@2@@std@@V?$shared_ptr@UNode@NetvarTree@@@2@@std@@@std@@@std@@@std@@PAV12@V?$allocator@V?$_List_unchecked_iterator@V?$_List_val@U?$_List_simple_types@U?$pair@$$CBV?$basic_string@DU?$char_traits@D@std@@V?$allocator@D@2@@std@@V?$shared_ptr@UNode@NetvarTree@@@2@@std@@@std@@@std@@@std@@@2@@std@@YAPAV?$_List_unchecked_iterator@V?$_List_val@U?$_List_simple_types@U?$pair@$$CBV?$basic_string@DU?$char_traits@D@std@@V?$allocator@D@2@@std@@V?$shared_ptr@UNode@NetvarTree@@@2@@std@@@std@@@std@@@0@QAV10@0PAV10@AAV?$allocator@V?$_List_unchecked_iterator@V?$_List_val@U?$_List_simple_types@U?$pair@$$CBV?$basic_string@DU?$char_traits@D@std@@V?$allocator@D@2@@std@@V?$shared_ptr@UNode@NetvarTree@@@2@@std@@@std@@@std@@@std@@@0@@Z 10002d90 f i animation_system.obj
 0001:00001e50       ??$_Uninitialized_copy_al_unchecked@QBDPBDV?$allocator@PBD@std@@@std@@YAPAPBDQBQBD0QAPBDAAV?$allocator@PBD@0@U_Really_trivial_ptr_iterator_tag@0@U?$integral_constant@_N$00@0@@Z 10002e50 f i fsn_hook.obj
 0001:00001e50       ??$_Uninitialized_move_al_unchecked@HHV?$allocator@H@std@@@std@@YAPAHQAH00AAV?$allocator@H@0@U_Really_trivial_ptr_iterator_tag@0@U?$integral_constant@_N$00@0@@Z 10002e50 f i animation_system.obj
 0001:00001e50       ??$_Uninitialized_copy_al_unchecked@PAUPlayerRecords@@PAU1@V?$allocator@PAUPlayerRecords@@@std@@@std@@YAPAPAUPlayerRecords@@QAPAU1@00AAV?$allocator@PAUPlayerRecords@@@0@U_Really_trivial_ptr_iterator_tag@0@U?$integral_constant@_N$00@0@@Z 10002e50 f i LagComp.obj
 0001:00001e50       ??$_Uninitialized_copy_al_unchecked@PAULegitPlayerRecords@@PAU1@V?$allocator@PAULegitPlayerRecords@@@std@@@std@@YAPAPAULegitPlayerRecords@@QAPAU1@00AAV?$allocator@PAULegitPlayerRecords@@@0@U_Really_trivial_ptr_iterator_tag@0@U?$integral_constant@_N$00@0@@Z 10002e50 f i Legitbot.obj
 0001:00001e70       ??$_Uninitialized_move_al_unchecked@PAV?$_List_unchecked_iterator@V?$_List_val@U?$_List_simple_types@U?$pair@$$CBV?$basic_string@DU?$char_traits@D@std@@V?$allocator@D@2@@std@@V?$shared_ptr@UNode@NetvarTree@@@2@@std@@@std@@@std@@@std@@PAV12@V?$allocator@V?$_List_unchecked_iterator@V?$_List_val@U?$_List_simple_types@U?$pair@$$CBV?$basic_string@DU?$char_traits@D@std@@V?$allocator@D@2@@std@@V?$shared_ptr@UNode@NetvarTree@@@2@@std@@@std@@@std@@@std@@@2@@std@@YAPAV?$_List_unchecked_iterator@V?$_List_val@U?$_List_simple_types@U?$pair@$$CBV?$basic_string@DU?$char_traits@D@std@@V?$allocator@D@2@@std@@V?$shared_ptr@UNode@NetvarTree@@@2@@std@@@std@@@std@@@0@PAV10@QAV10@1AAV?$allocator@V?$_List_unchecked_iterator@V?$_List_val@U?$_List_simple_types@U?$pair@$$CBV?$basic_string@DU?$char_traits@D@std@@V?$allocator@D@2@@std@@V?$shared_ptr@UNode@NetvarTree@@@2@@std@@@std@@@std@@@std@@@0@U_General_ptr_iterator_tag@0@U_Unused_parameter@0@@Z 10002e70 f i animation_system.obj
 0001:00001f10       ??$construct@PADABQAD@?$_Default_allocator_traits@V?$allocator@D@std@@@std@@SAXAAV?$allocator@D@1@QAPADABQAD@Z 10002f10 f i animation_system.obj
 0001:00001f10       ??$construct@PA_WABQA_W@?$_Default_allocator_traits@V?$allocator@_W@std@@@std@@SAXAAV?$allocator@_W@1@QAPA_WABQA_W@Z 10002f10 f i config_system.obj
 0001:00001f10       ??$construct@PAU?$_List_node@U?$pair@$$CBV?$basic_string@DU?$char_traits@D@std@@V?$allocator@D@2@@std@@V?$shared_ptr@UNode@NetvarTree@@@2@@std@@PAX@std@@AAPAU12@@?$_Default_allocator_traits@V?$allocator@U?$_List_node@U?$pair@$$CBV?$basic_string@DU?$char_traits@D@std@@V?$allocator@D@2@@std@@V?$shared_ptr@UNode@NetvarTree@@@2@@std@@PAX@std@@@std@@@std@@SAXAAV?$allocator@U?$_List_node@U?$pair@$$CBV?$basic_string@DU?$char_traits@D@std@@V?$allocator@D@2@@std@@V?$shared_ptr@UNode@NetvarTree@@@2@@std@@PAX@std@@@1@QAPAU?$_List_node@U?$pair@$$CBV?$basic_string@DU?$char_traits@D@std@@V?$allocator@D@2@@std@@V?$shared_ptr@UNode@NetvarTree@@@2@@std@@PAX@1@AAPAU31@@Z 10002f10 f i animation_system.obj
 0001:00001f10       ??$construct@HH@?$_Default_allocator_traits@V?$allocator@H@std@@@std@@SAXAAV?$allocator@H@1@QAH$$QAH@Z 10002f10 f i animation_system.obj
 0001:00001f40       ??$construct@U?$pair@$$CBV?$basic_string@DU?$char_traits@D@std@@V?$allocator@D@2@@std@@V?$shared_ptr@UNode@NetvarTree@@@2@@std@@ABUpiecewise_construct_t@2@V?$tuple@$$QAV?$basic_string@DU?$char_traits@D@std@@V?$allocator@D@2@@std@@@2@V?$tuple@$$V@2@@?$_Default_allocator_traits@V?$allocator@U?$_List_node@U?$pair@$$CBV?$basic_string@DU?$char_traits@D@std@@V?$allocator@D@2@@std@@V?$shared_ptr@UNode@NetvarTree@@@2@@std@@PAX@std@@@std@@@std@@SAXAAV?$allocator@U?$_List_node@U?$pair@$$CBV?$basic_string@DU?$char_traits@D@std@@V?$allocator@D@2@@std@@V?$shared_ptr@UNode@NetvarTree@@@2@@std@@PAX@std@@@1@QAU?$pair@$$CBV?$basic_string@DU?$char_traits@D@std@@V?$allocator@D@2@@std@@V?$shared_ptr@UNode@NetvarTree@@@2@@1@ABUpiecewise_construct_t@1@$$QAV?$tuple@$$QAV?$basic_string@DU?$char_traits@D@std@@V?$allocator@D@2@@std@@@1@$$QAV?$tuple@$$V@1@@Z 10002f40 f i animation_system.obj
 0001:00001fc0       ??$construct@V?$_List_unchecked_iterator@V?$_List_val@U?$_List_simple_types@U?$pair@$$CBV?$basic_string@DU?$char_traits@D@std@@V?$allocator@D@2@@std@@V?$shared_ptr@UNode@NetvarTree@@@2@@std@@@std@@@std@@@std@@ABV12@@?$_Default_allocator_traits@V?$allocator@V?$_List_unchecked_iterator@V?$_List_val@U?$_List_simple_types@U?$pair@$$CBV?$basic_string@DU?$char_traits@D@std@@V?$allocator@D@2@@std@@V?$shared_ptr@UNode@NetvarTree@@@2@@std@@@std@@@std@@@std@@@std@@@std@@SAXAAV?$allocator@V?$_List_unchecked_iterator@V?$_List_val@U?$_List_simple_types@U?$pair@$$CBV?$basic_string@DU?$char_traits@D@std@@V?$allocator@D@2@@std@@V?$shared_ptr@UNode@NetvarTree@@@2@@std@@@std@@@std@@@std@@@1@QAV?$_List_unchecked_iterator@V?$_List_val@U?$_List_simple_types@U?$pair@$$CBV?$basic_string@DU?$char_traits@D@std@@V?$allocator@D@2@@std@@V?$shared_ptr@UNode@NetvarTree@@@2@@std@@@std@@@std@@@1@ABV31@@Z 10002fc0 f i animation_system.obj
 0001:00001fc0       ??$construct@V?$_List_unchecked_iterator@V?$_List_val@U?$_List_simple_types@U?$pair@$$CBV?$basic_string@DU?$char_traits@D@std@@V?$allocator@D@2@@std@@V?$shared_ptr@UNode@NetvarTree@@@2@@std@@@std@@@std@@@std@@V12@@?$_Default_allocator_traits@V?$allocator@V?$_List_unchecked_iterator@V?$_List_val@U?$_List_simple_types@U?$pair@$$CBV?$basic_string@DU?$char_traits@D@std@@V?$allocator@D@2@@std@@V?$shared_ptr@UNode@NetvarTree@@@2@@std@@@std@@@std@@@std@@@std@@@std@@SAXAAV?$allocator@V?$_List_unchecked_iterator@V?$_List_val@U?$_List_simple_types@U?$pair@$$CBV?$basic_string@DU?$char_traits@D@std@@V?$allocator@D@2@@std@@V?$shared_ptr@UNode@NetvarTree@@@2@@std@@@std@@@std@@@std@@@1@QAV?$_List_unchecked_iterator@V?$_List_val@U?$_List_simple_types@U?$pair@$$CBV?$basic_string@DU?$char_traits@D@std@@V?$allocator@D@2@@std@@V?$shared_ptr@UNode@NetvarTree@@@2@@std@@@std@@@std@@@1@$$QAV31@@Z 10002fc0 f i animation_system.obj
 0001:00001ff0       ??$destroy@U?$pair@$$CBV?$basic_string@DU?$char_traits@D@std@@V?$allocator@D@2@@std@@V?$shared_ptr@UNode@NetvarTree@@@2@@std@@@?$_Default_allocator_traits@V?$allocator@U?$_List_node@U?$pair@$$CBV?$basic_string@DU?$char_traits@D@std@@V?$allocator@D@2@@std@@V?$shared_ptr@UNode@NetvarTree@@@2@@std@@PAX@std@@@std@@@std@@SAXAAV?$allocator@U?$_List_node@U?$pair@$$CBV?$basic_string@DU?$char_traits@D@std@@V?$allocator@D@2@@std@@V?$shared_ptr@UNode@NetvarTree@@@2@@std@@PAX@std@@@1@QAU?$pair@$$CBV?$basic_string@DU?$char_traits@D@std@@V?$allocator@D@2@@std@@V?$shared_ptr@UNode@NetvarTree@@@2@@1@@Z 10002ff0 f i animation_system.obj
 0001:00002000       ??$emplace@ABUpiecewise_construct_t@std@@V?$tuple@$$QAV?$basic_string@DU?$char_traits@D@std@@V?$allocator@D@2@@std@@@2@V?$tuple@$$V@2@@?$_Hash@V?$_Umap_traits@V?$basic_string@DU?$char_traits@D@std@@V?$allocator@D@2@@std@@V?$shared_ptr@UNode@NetvarTree@@@2@V?$_Uhash_compare@V?$basic_string@DU?$char_traits@D@std@@V?$allocator@D@2@@std@@U?$hash@V?$basic_string@DU?$char_traits@D@std@@V?$allocator@D@2@@std@@@2@U?$equal_to@V?$basic_string@DU?$char_traits@D@std@@V?$allocator@D@2@@std@@@2@@2@V?$allocator@U?$pair@$$CBV?$basic_string@DU?$char_traits@D@std@@V?$allocator@D@2@@std@@V?$shared_ptr@UNode@NetvarTree@@@2@@std@@@2@$0A@@std@@@std@@QAE?AU?$pair@V?$_List_iterator@V?$_List_val@U?$_List_simple_types@U?$pair@$$CBV?$basic_string@DU?$char_traits@D@std@@V?$allocator@D@2@@std@@V?$shared_ptr@UNode@NetvarTree@@@2@@std@@@std@@@std@@@std@@_N@1@ABUpiecewise_construct_t@1@$$QAV?$tuple@$$QAV?$basic_string@DU?$char_traits@D@std@@V?$allocator@D@2@@std@@@1@$$QAV?$tuple@$$V@1@@Z 10003000 f i animation_system.obj
 0001:00002090       ??$emplace_back@H@?$vector@HV?$allocator@H@std@@@std@@QAEAAH$$QAH@Z 10003090 f i animation_system.obj
 0001:00002100       ??$emplace_front@ABUpiecewise_construct_t@std@@V?$tuple@$$QAV?$basic_string@DU?$char_traits@D@std@@V?$allocator@D@2@@std@@@2@V?$tuple@$$V@2@@?$list@U?$pair@$$CBV?$basic_string@DU?$char_traits@D@std@@V?$allocator@D@2@@std@@V?$shared_ptr@UNode@NetvarTree@@@2@@std@@V?$allocator@U?$pair@$$CBV?$basic_string@DU?$char_traits@D@std@@V?$allocator@D@2@@std@@V?$shared_ptr@UNode@NetvarTree@@@2@@std@@@2@@std@@QAEAAU?$pair@$$CBV?$basic_string@DU?$char_traits@D@std@@V?$allocator@D@2@@std@@V?$shared_ptr@UNode@NetvarTree@@@2@@1@ABUpiecewise_construct_t@1@$$QAV?$tuple@$$QAV?$basic_string@DU?$char_traits@D@std@@V?$allocator@D@2@@std@@@1@$$QAV?$tuple@$$V@1@@Z 10003100 f i animation_system.obj
 0001:00002180       ??$erase@V?$_List_iterator@V?$_List_val@U?$_List_simple_types@U?$pair@$$CBV?$basic_string@DU?$char_traits@D@std@@V?$allocator@D@2@@std@@V?$shared_ptr@UNode@NetvarTree@@@2@@std@@@std@@@std@@@std@@X@?$_Hash@V?$_Umap_traits@V?$basic_string@DU?$char_traits@D@std@@V?$allocator@D@2@@std@@V?$shared_ptr@UNode@NetvarTree@@@2@V?$_Uhash_compare@V?$basic_string@DU?$char_traits@D@std@@V?$allocator@D@2@@std@@U?$hash@V?$basic_string@DU?$char_traits@D@std@@V?$allocator@D@2@@std@@@2@U?$equal_to@V?$basic_string@DU?$char_traits@D@std@@V?$allocator@D@2@@std@@@2@@2@V?$allocator@U?$pair@$$CBV?$basic_string@DU?$char_traits@D@std@@V?$allocator@D@2@@std@@V?$shared_ptr@UNode@NetvarTree@@@2@@std@@@2@$0A@@std@@@std@@QAE?AV?$_List_iterator@V?$_List_val@U?$_List_simple_types@U?$pair@$$CBV?$basic_string@DU?$char_traits@D@std@@V?$allocator@D@2@@std@@V?$shared_ptr@UNode@NetvarTree@@@2@@std@@@std@@@std@@@1@V21@@Z 10003180 f i animation_system.obj
 0001:000021b0       ??$forward_as_tuple@$$V@std@@YA?AV?$tuple@$$V@0@XZ 100031b0 f i animation_system.obj
 0001:000021c0       ??$forward_as_tuple@V?$basic_string@DU?$char_traits@D@std@@V?$allocator@D@2@@std@@@std@@YA?AV?$tuple@$$QAV?$basic_string@DU?$char_traits@D@std@@V?$allocator@D@2@@std@@@0@$$QAV?$basic_string@DU?$char_traits@D@std@@V?$allocator@D@2@@0@@Z 100031c0 f i animation_system.obj
 0001:000021e0       ??$get@$0A@$$QAV?$basic_string@DU?$char_traits@D@std@@V?$allocator@D@2@@std@@@std@@YA$$QAV?$basic_string@DU?$char_traits@D@std@@V?$allocator@D@2@@0@$$QAV?$tuple@$$QAV?$basic_string@DU?$char_traits@D@std@@V?$allocator@D@2@@std@@@0@@Z 100031e0 f i animation_system.obj
[...]
 0002:0000cf6c       __ehfuncinfo$??$_Buynode@PBDABV?$shared_ptr@UNode@NetvarTree@@@std@@@?$_List_buy@U?$pair@$$CBV?$basic_string@DU?$char_traits@D@std@@V?$allocator@D@2@@std@@V?$shared_ptr@UNode@NetvarTree@@@2@@std@@V?$allocator@U?$pair@$$CBV?$basic_string@DU?$char_traits@D@std@@V?$allocator@D@2@@std@@V?$shared_ptr@UNode@NetvarTree@@@2@@std@@@2@@std@@QAEPAU?$_List_node@U?$pair@$$CBV?$basic_string@DU?$char_traits@D@std@@V?$allocator@D@2@@std@@V?$shared_ptr@UNode@NetvarTree@@@2@@std@@PAX@1@PAU21@0$$QAPBDABV?$shared_ptr@UNode@NetvarTree@@@1@@Z 10076f6c     NetvarManager.obj
 0002:0000cf90       __unwindtable$___std_fs_get_stats@16 10076f90     msvcprt:filesystem.obj
 0002:0000cfa8       __ehfuncinfo$___std_fs_get_stats@16 10076fa8     msvcprt:filesystem.obj
 0002:0000cfd0       __sehtable$??_L@YGXPAXIIP6EX0@Z1@Z 10076fd0     MSVCRT:ehvecctr.obj
 0002:0000cff0       __sehtable$??_M@YGXPAXIIP6EX0@Z@Z 10076ff0     MSVCRT:ehvecdtr.obj
 0002:0000d010       __sehtable$?__ArrayUnwind@@YGXPAXIIP6EX0@Z@Z 10077010     MSVCRT:ehvecdtr.obj
 0002:0000d030       __sehtable$___scrt_is_nonwritable_in_current_image 10077030     MSVCRT:utility.obj
 0002:0000d050       __sehtable$?dllmain_crt_process_attach@@YAHQAUHINSTANCE__@@QAX@Z 10077050     MSVCRT:dll_dllmain.obj
 0002:0000d070       __sehtable$?dllmain_crt_process_detach@@YAH_N@Z 10077070     MSVCRT:dll_dllmain.obj
 0002:0000d090       __sehtable$?dllmain_dispatch@@YAHQAUHINSTANCE__@@KQAX@Z 10077090     MSVCRT:dll_dllmain.obj
 0002:0000d724       .idata$6                   10077724     kernel32:KERNEL32.dll
 0002:0000d82e       .idata$6                   1007782e     user32:USER32.dll
 0002:0000d852       .idata$6                   10077852     shell32:SHELL32.dll
 0002:0000d86e       .idata$6                   1007786e     ole32:ole32.dll
 0002:0000e676       .idata$6                   10078676     msvcprt:MSVCP140.dll
 0002:0000e6ae       .idata$6                   100786ae     imm32:IMM32.dll
 0002:0000e7b4       .idata$6                   100787b4     vcruntime:VCRUNTIME140.dll
 0002:0000eb5e       .idata$6                   10078b5e     ucrt:api-ms-win-crt-runtime-l1-1-0.dll
 0002:0000eb80       .idata$6                   10078b80     ucrt:api-ms-win-crt-heap-l1-1-0.dll
 0002:0000eba0       .idata$6                   10078ba0     ucrt:api-ms-win-crt-convert-l1-1-0.dll
 0002:0000ebc2       .idata$6                   10078bc2     ucrt:api-ms-win-crt-stdio-l1-1-0.dll
 0002:0000ebe2       .idata$6                   10078be2     ucrt:api-ms-win-crt-math-l1-1-0.dll
 0002:0000ec02       .idata$6                   10078c02     ucrt:api-ms-win-crt-string-l1-1-0.dll
 0002:0000ec24       .idata$6                   10078c24     ucrt:api-ms-win-crt-utility-l1-1-0.dll
 0002:0000ec46       .idata$6                   10078c46     ucrt:api-ms-win-crt-filesystem-l1-1-0.dll
 0002:0000ec6c       .idata$6                   10078c6c     ucrt:api-ms-win-crt-locale-l1-1-0.dll
 0003:00000000       ?_drag_x@?6??spec_list@other_esp@@QAEXXZ@4HA 10079000     other_esp.obj
 0003:00000004       ?_drag_y@?6??spec_list@other_esp@@QAEXXZ@4HA 10079004     other_esp.obj
 0003:00000008       ?Speed@?1??Autostop@c_aimbot@@QAEXXZ@4MA 10079008     c_ragebot.obj
 0003:0000000c       ?HitboxForMuti@?1??Hitscan@c_aimbot@@QAE?AVVector@@PAVC_BaseEntity@@@Z@4PAHA 1007900c     c_ragebot.obj
 0003:00000024       ?g_VertexBufferSize@@3HA   10079024     imgui_impl_dx9.obj
 0003:00000028       ?g_IndexBufferSize@@3HA    10079028     imgui_impl_dx9.obj
 0003:00000030       ?STB_TEXTEDIT_NEWLINE@ImGuiStb@@3GA 10079030     imgui.obj
 0003:00000040       ?old_time@?1??begin_popup@ImGui@@YAXPBDHPA_N@Z@4JA 10079040     menu_system.obj
 0003:00000044       ?current_config@?2??config_tab@@YAXXZ@4HA 10079044     menu_system.obj
 0003:00000514       ?vec2_origin@@3VVector2D@@B 10079514     animation_system.obj
 0003:0000056c       ?old_tick_count@?1??fresh_tick@@YA_NXZ@4HA 1007956c     animation_system.obj
 0003:00000570       ?proper_abs@?1??LocalAnimFix@animations_system@@QAEXPAVC_BaseEntity@@@Z@4MA 10079570     animation_system.obj
 0003:00000574       ?$TSS0@?1??LocalAnimFix@animations_system@@QAEXPAVC_BaseEntity@@@Z@4HA 10079574     animation_system.obj
 0003:00000578       ?sent_pose_params@?1??LocalAnimFix@animations_system@@QAEXPAVC_BaseEntity@@@Z@4V?$array@M$0BI@@std@@A 10079578     animation_system.obj
 0003:000005d8       ?$TSS1@?1??LocalAnimFix@animations_system@@QAEXPAVC_BaseEntity@@@Z@4HA 100795d8     animation_system.obj
 0003:000005e0       ?backup_layers@?1??LocalAnimFix@animations_system@@QAEXPAVC_BaseEntity@@@Z@4PAVAnimationLayer@@A 100795e0     animation_system.obj
 0003:0000092c       ?vec2_origin@@3VVector2D@@B 1007992c     exploits.obj
 0003:00000938       ?vec2_origin@@3VVector2D@@B 10079938     premium_stuff.obj
 0003:00000944       ?vec2_origin@@3VVector2D@@B 10079944     other_esp.obj
 0003:00000960       ?OldNightmode@?1??night_mode@other_esp@@QAEXXZ@4_NA 10079960     other_esp.obj
 0003:00000961       ?_dragging@?6??spec_list@other_esp@@QAEXXZ@4_NA 10079961     other_esp.obj
 0003:00000aa0       ?vec2_origin@@3VVector2D@@B 10079aa0     c_hooks.obj
 0003:00000ab4       ?vec2_origin@@3VVector2D@@B 10079ab4     dll_main.obj
 0003:00000ac0       ?vec2_origin@@3VVector2D@@B 10079ac0     c_ragebot.obj
 0003:0006237c       ?shot@?1??OnCreateMove@c_aimbot@@QAEXXZ@4_NA 100db37c     c_ragebot.obj
 0003:00062384       ?vec2_origin@@3VVector2D@@B 100db384     Autowall.obj
 0003:0006239c       ?dwAddress@?1??UTIL_ClipTraceToPlayers@@YAXABVVector@@0IPAVITraceFilter@@PAUC_Trace@@@Z@4KA 100db39c     Autowall.obj
 0003:000623a0       ?$TSS0@?1??UTIL_ClipTraceToPlayers@@YAXABVVector@@0IPAVITraceFilter@@PAUC_Trace@@@Z@4HA 100db3a0     Autowall.obj
 0003:000623a4       ?oTraceToExit@?1??TraceToExitalt@@YA_NAAVVector@@AAUC_Trace@@V2@2PAU3@@Z@4P6I_N01MMMMMM3@ZA 100db3a4     Autowall.obj
 0003:000623a8       ?$TSS0@?1??TraceToExitalt@@YA_NAAVVector@@AAUC_Trace@@V2@2PAU3@@Z@4HA 100db3a8     Autowall.obj
 0003:000623bc       ?vec2_origin@@3VVector2D@@B 100db3bc     EnginePrediction.obj
 0003:000623d0       ?vec2_origin@@3VVector2D@@B 100db3d0     LagComp.obj
 0003:000629f8       ?ShotTime@?1??StoreRecord@LagComp@@QAEXPAVC_BaseEntity@@@Z@4PAMA 100db9f8     LagComp.obj
 0003:00062b00       ?OldSimtime@?1??StoreRecord@LagComp@@QAEXPAVC_BaseEntity@@@Z@4PAMA 100dbb00     LagComp.obj
 0003:000647c0       ?vec2_origin@@3VVector2D@@B 100dd7c0     c_antiaim.obj
 0003:000647d8       ?host_timescale@?BA@??desyncchams@c_antiaim@@QAEXXZ@4PAVConVar@@A 100dd7d8     c_antiaim.obj
 0003:000647dc       ?$TSS0@?BA@??desyncchams@c_antiaim@@QAEXXZ@4HA 100dd7dc     c_antiaim.obj
 0003:000647e0       ?next_lby@?1??LbyUpdate@@YA_NXZ@4MA 100dd7e0     c_antiaim.obj
 0003:000647e4       ?inverter@?1??DoFake@@YAXPAVCUserCmd@@@Z@4_NA 100dd7e4     c_antiaim.obj
 0003:000647e8       ?lastTime@?1??DoFake@@YAXPAVCUserCmd@@@Z@4IA 100dd7e8     c_antiaim.obj
 0003:000647ec       ?flip_movement@?BA@??smallmovements@c_antiaim@@QAEXXZ@4_NA 100dd7ec     c_antiaim.obj
 0003:000647ed       ?flip_movement@?BF@??smallmovements@c_antiaim@@QAEXXZ@4_NA 100dd7ed     c_antiaim.obj
 0003:000647f0       ?vec2_origin@@3VVector2D@@B 100dd7f0     Legitbot.obj
 0003:00064d10       ?bestEntTick@?1??OnCreateMove@Legitbot@@QAEXXZ@4PAHA 100ddd10     Legitbot.obj
 0003:00064e18       ?StoredSimTime@?9??OnCreateMove@Legitbot@@QAEXXZ@4PAMA 100dde18     Legitbot.obj
 0003:00064f20       ?vec2_origin@@3VVector2D@@B 100ddf20     Resolver.obj
 0003:00065180       ?predTime@?1??HandleHits@@YAXPAVC_BaseEntity@@@Z@4PAMA 100de180     Resolver.obj
 0003:00065288       ?init@?1??HandleHits@@YAXPAVC_BaseEntity@@@Z@4PA_NA 100de288     Resolver.obj
 0003:000652d0       ?wasDormant@?1??FrameStage@Resolver@@QAEXW4ClientFrameStage_t@@@Z@4PA_NA 100de2d0     Resolver.obj
 0003:00065360       ?vec2_origin@@3VVector2D@@B 100de360     c_esp.obj
 0003:00065380       ?g_hWnd@@3PAUHWND__@@A     100de380     imgui_impl_dx9.obj
 0003:00065384       ?g_pd3dDevice@@3PAUIDirect3DDevice9@@A 100de384     imgui_impl_dx9.obj
 0003:00065388       ?g_Time@@3_JA              100de388     imgui_impl_dx9.obj
 0003:00065390       ?g_TicksPerSecond@@3_JA    100de390     imgui_impl_dx9.obj
 0003:00065398       ?g_pVB@@3PAUIDirect3DVertexBuffer9@@A 100de398     imgui_impl_dx9.obj
 0003:0006539c       ?g_pIB@@3PAUIDirect3DIndexBuffer9@@A 100de39c     imgui_impl_dx9.obj
 0003:000653a0       ?g_FontTexture@@3PAUIDirect3DTexture9@@A 100de3a0     imgui_impl_dx9.obj
 0003:000653b0       ?GImDefaultFontAtlas@@3UImFontAtlas@@A 100de3b0     imgui.obj
 0003:000653f8       ?GImDefaultContext@@3UImGuiContext@@A 100de3f8     imgui.obj
 0003:000689b8       ?crc32_lut@?1??ImHash@@YAIPBXHI@Z@4PAIA 100e19b8     imgui.obj
 0003:00068db8       ?timeStamp@?1??Hotkey@ImGui@@YA_NPBDPAHABUImVec2@@@Z@4JA 100e1db8     imgui.obj
 0003:00068dbc       ?$TSS0@?1??Hotkey@ImGui@@YA_NPBDPAHABUImVec2@@@Z@4HA 100e1dbc     imgui.obj
 0003:00068dc0       ?buf_local@?1??GetClipboardTextFn_DefaultImpl@@YAPBDPAX@Z@4V?$ImVector@D@@A 100e1dc0     imgui.obj
 0003:00068dcc       ?$TSS0@?1??GetClipboardTextFn_DefaultImpl@@YAPBDPAX@Z@4HA 100e1dcc     imgui.obj
 0003:00068dd0       ?GNullClipRect@@3UImVec4@@B 100e1dd0     imgui_draw.obj
 0003:00068de0       ?stb__barrier@@3PAEA       100e1de0     imgui_draw.obj
 0003:00068de4       ?stb__barrier2@@3PAEA      100e1de4     imgui_draw.obj
 0003:00068de8       ?stb__barrier3@@3PAEA      100e1de8     imgui_draw.obj
 0003:00068dec       ?stb__barrier4@@3PAEA      100e1dec     imgui_draw.obj
 0003:00068df0       ?stb__dout@@3PAEA          100e1df0     imgui_draw.obj
 0003:00068df8       ?circle_vtx@?1??PathArcToFast@ImDrawList@@QAEXABUImVec2@@MHH@Z@4PAU3@A 100e1df8     imgui_draw.obj
 0003:00068e58       ?$TSS0@?1??PathArcToFast@ImDrawList@@QAEXABUImVec2@@MHH@Z@4HA 100e1e58     imgui_draw.obj
 0003:00068e5c       ?circle_vtx_builds@?1??PathArcToFast@ImDrawList@@QAEXABUImVec2@@MHH@Z@4_NA 100e1e5c     imgui_draw.obj
 0003:00068e60       ?vec2_origin@@3VVector2D@@B 100e1e60     bone_processing_hook.obj
 0003:00068e68       ?Init@?1??HookPlayers@c_hooks@@SAXXZ@4PA_NA 100e1e68     bone_processing_hook.obj
 0003:00068eb0       ?Hooked@?1??HookPlayers@c_hooks@@SAXXZ@4PA_NA 100e1eb0     bone_processing_hook.obj
 0003:00068ef4       ?vec2_origin@@3VVector2D@@B 100e1ef4     createmove_hook.obj
 0003:00068f08       ?oCreateMove@?1??CreateMove@c_hooks@@SI_NPAVIClientMode@@PAXMPAVCUserCmd@@@Z@4P6I_N01M2@ZA 100e1f08     createmove_hook.obj
 0003:00068f0c       ?$TSS0@?1??CreateMove@c_hooks@@SI_NPAVIClientMode@@PAXMPAVCUserCmd@@@Z@4HA 100e1f0c     createmove_hook.obj
 0003:00068f20       ?vec2_origin@@3VVector2D@@B 100e1f20     directx_preset_hook.obj
 0003:00068f28       ?initialized@@3_NA         100e1f28     directx_preset_hook.obj
 0003:00068f2c       ?oEndScene@?1??Hooked_EndScene@c_hooks@@SGXPAUIDirect3DDevice9@@@Z@4P6GX0@ZA 100e1f2c     directx_preset_hook.obj
 0003:00068f30       ?$TSS0@?1??Hooked_EndScene@c_hooks@@SGXPAUIDirect3DDevice9@@@Z@4HA 100e1f30     directx_preset_hook.obj
 0003:00068f34       ?oEndSceneReset@?1??Hooked_EndScene_Reset@c_hooks@@SGXPAUIDirect3DDevice9@@PAU_D3DPRESENT_PARAMETERS_@@@Z@4P6GX01@ZA 100e1f34     directx_preset_hook.obj
 0003:00068f38       ?$TSS0@?1??Hooked_EndScene_Reset@c_hooks@@SGXPAUIDirect3DDevice9@@PAU_D3DPRESENT_PARAMETERS_@@@Z@4HA 100e1f38     directx_preset_hook.obj
 0003:00068f3c       ?vec2_origin@@3VVector2D@@B 100e1f3c     dme_hook.obj
 0003:00068f44       ?glowOverlay@@3PAVIMaterial@@A 100e1f44     dme_hook.obj
 0003:00068f48       ?materialRegular@@3PAVIMaterial@@A 100e1f48     dme_hook.obj
 0003:00068f4c       ?rifk_glow@@3PAVIMaterial@@A 100e1f4c     dme_hook.obj
 0003:00068f50       ?oDrawModelExecute@?1??DrawModelExecute@c_hooks@@SIXPAX0PAVIMatRenderContext@@ABUDrawModelState_t@@ABUModelRenderInfo_t@@PAVmatrix3x4_t@@@Z@4P6EX01234@ZA 100e1f50     dme_hook.obj
 0003:00068f54       ?$TSS0@?1??DrawModelExecute@c_hooks@@SIXPAX0PAVIMatRenderContext@@ABUDrawModelState_t@@ABUModelRenderInfo_t@@PAVmatrix3x4_t@@@Z@4HA 100e1f54     dme_hook.obj
 0003:00068f58       ?normal_enemy@?1??DrawModelExecute@c_hooks@@SIXPAX0PAVIMatRenderContext@@ABUDrawModelState_t@@ABUModelRenderInfo_t@@PAVmatrix3x4_t@@@Z@4PAVIMaterial@@A 100e1f58     dme_hook.obj
 0003:00068f5c       ?overide_enemy@?1??DrawModelExecute@c_hooks@@SIXPAX0PAVIMatRenderContext@@ABUDrawModelState_t@@ABUModelRenderInfo_t@@PAVmatrix3x4_t@@@Z@4PAVIMaterial@@A 100e1f5c     dme_hook.obj
 0003:00068f60       ?normal_local@?1??DrawModelExecute@c_hooks@@SIXPAX0PAVIMatRenderContext@@ABUDrawModelState_t@@ABUModelRenderInfo_t@@PAVmatrix3x4_t@@@Z@4PAVIMaterial@@A 100e1f60     dme_hook.obj
 0003:00068f64       ?overide_local@?1??DrawModelExecute@c_hooks@@SIXPAX0PAVIMatRenderContext@@ABUDrawModelState_t@@ABUModelRenderInfo_t@@PAVmatrix3x4_t@@@Z@4PAVIMaterial@@A 100e1f64     dme_hook.obj
 0003:00068f68       ?desync_material@?1??DrawModelExecute@c_hooks@@SIXPAX0PAVIMatRenderContext@@ABUDrawModelState_t@@ABUModelRenderInfo_t@@PAVmatrix3x4_t@@@Z@4PAVIMaterial@@A 100e1f68     dme_hook.obj
 0003:00068f6c       ?desync_overide@?1??DrawModelExecute@c_hooks@@SIXPAX0PAVIMatRenderContext@@ABUDrawModelState_t@@ABUModelRenderInfo_t@@PAVmatrix3x4_t@@@Z@4PAVIMaterial@@A 100e1f6c     dme_hook.obj
 0003:00068f70       ?hand_normal@?1??DrawModelExecute@c_hooks@@SIXPAX0PAVIMatRenderContext@@ABUDrawModelState_t@@ABUModelRenderInfo_t@@PAVmatrix3x4_t@@@Z@4PAVIMaterial@@A 100e1f70     dme_hook.obj
 0003:00068f74       ?hand_overide@?1??DrawModelExecute@c_hooks@@SIXPAX0PAVIMatRenderContext@@ABUDrawModelState_t@@ABUModelRenderInfo_t@@PAVmatrix3x4_t@@@Z@4PAVIMaterial@@A 100e1f74     dme_hook.obj
 0003:00068f78       ?vec2_origin@@3VVector2D@@B 100e1f78     event_hook.obj
 0003:00068f84       ?vec2_origin@@3VVector2D@@B 100e1f84     fsn_hook.obj
 0003:00068f9c       ?util_playerbyindex@?4??server_hitbox@@YAXXZ@4IA 100e1f9c     fsn_hook.obj
 0003:00068fa0       ?$TSS0@?4??server_hitbox@@YAXXZ@4HA 100e1fa0     fsn_hook.obj
 0003:00068fa4       ?draw_server_hitboxes@?4??server_hitbox@@YAXXZ@4IA 100e1fa4     fsn_hook.obj
 0003:00068fa8       ?$TSS1@?4??server_hitbox@@YAXXZ@4HA 100e1fa8     fsn_hook.obj
 0003:00068fac       ?oFrameStage@?1??FrameStageNotify@c_hooks@@SGXW4ClientFrameStage_t@@@Z@4P6GX0@ZA 100e1fac     fsn_hook.obj
 0003:00068fb0       ?$TSS0@?1??FrameStageNotify@c_hooks@@SGXW4ClientFrameStage_t@@@Z@4HA 100e1fb0     fsn_hook.obj
 0003:00068fb8       ?vec2_origin@@3VVector2D@@B 100e1fb8     hooking_init.obj
 0003:00068fc0       ?vec2_origin@@3VVector2D@@B 100e1fc0     lock_cursor_hook.obj
 0003:00068fc8       ?oLockCursor@?1??LockCursor@c_hooks@@SIXPAVISurface@@PAX@Z@4P6IX01@ZA 100e1fc8     lock_cursor_hook.obj
 0003:00068fcc       ?$TSS0@?1??LockCursor@c_hooks@@SIXPAVISurface@@PAX@Z@4HA 100e1fcc     lock_cursor_hook.obj
 0003:00068fd0       ?vec2_origin@@3VVector2D@@B 100e1fd0     oview_hook.obj
 0003:00068fe0       ?oOverrideView@?1??OverrideView@c_hooks@@SIXPAX0PAVCViewSetup@@@Z@4P6IX001@ZA 100e1fe0     oview_hook.obj
 0003:00068fe4       ?$TSS0@?1??OverrideView@c_hooks@@SIXPAX0PAVCViewSetup@@@Z@4HA 100e1fe4     oview_hook.obj
 0003:00068fe8       ?vec2_origin@@3VVector2D@@B 100e1fe8     painttraverse_hook.obj
 0003:00068ff4       ?oPaintTraverse@?1??PaintTraverse@c_hooks@@SIXPAXHI_N1@Z@4P6EX0I11@ZA 100e1ff4     painttraverse_hook.obj
 0003:00068ff8       ?$TSS0@?1??PaintTraverse@c_hooks@@SIXPAXHI_N1@Z@4HA 100e1ff8     painttraverse_hook.obj
 0003:00068ffc       ?panelID@?1??PaintTraverse@c_hooks@@SIXPAXHI_N1@Z@4IA 100e1ffc     painttraverse_hook.obj
 0003:00069000       ?panelHudID@?1??PaintTraverse@c_hooks@@SIXPAXHI_N1@Z@4IA 100e2000     painttraverse_hook.obj
 0003:00069004       ?vec2_origin@@3VVector2D@@B 100e2004     sceneend_hook.obj
 0003:0006900c       ?oSceneEnd@?1??SceneEnd@c_hooks@@SIXPAX0@Z@4P6IX00@ZA 100e200c     sceneend_hook.obj
 0003:00069010       ?$TSS0@?1??SceneEnd@c_hooks@@SIXPAX0@Z@4HA 100e2010     sceneend_hook.obj
 0003:00069014       ?vec2_origin@@3VVector2D@@B 100e2014     wndproc_hook.obj
 0003:0006901c       ?pressed@?1??WndProc@c_hooks@@SGJPAUHWND__@@IIJ@Z@4_NA 100e201c     wndproc_hook.obj
 0003:00069208       ?vec2_origin@@3VVector2D@@B 100e2208     menu_system.obj
 0003:00069211       ?w_printf@XorCompileTime@@3V<lambda>@@A 100e2211     menu_system.obj
 0003:00069212       ?w_printf_s@XorCompileTime@@3V<lambda>@@A 100e2212     menu_system.obj
 0003:00069213       ?w_sprintf_s@XorCompileTime@@3V<lambda>@@A 100e2213     menu_system.obj
 0003:00069214       ?w_sprintf@XorCompileTime@@3V<lambda>@@A 100e2214     menu_system.obj
 0003:00069218       ?chams_sub@?3??visuals_tab@@YAXXZ@4HA 100e2218     menu_system.obj
 0003:0006921c       ?buffer@?2??config_tab@@YAXXZ@4PADA 100e221c     menu_system.obj
 0003:0006922c       ?page@?1??Render@c_menu@@QAEXXZ@4HA 100e222c     menu_system.obj
 0003:00069230       ?vec2_origin@@3VVector2D@@B 100e2230     CEntity.obj
 0003:00069238       ?AbsAngles@?1??SetAbsAngles@C_BaseEntity@@QAEXVVector@@@Z@4P6EXPAV2@ABV3@@ZA 100e2238     CEntity.obj
 0003:0006923c       ?$TSS0@?1??SetAbsAngles@C_BaseEntity@@QAEXVVector@@@Z@4HA 100e223c     CEntity.obj
 0003:00069240       ?AbsOrigin@?1??SetAbsOrigin@C_BaseEntity@@QAEXVVector@@@Z@4P6EXPAXABV3@@ZA 100e2240     CEntity.obj
 0003:00069244       ?$TSS0@?1??SetAbsOrigin@C_BaseEntity@@QAEXVVector@@@Z@4HA 100e2244     CEntity.obj
 0003:0006e968       ?vec2_origin@@3VVector2D@@B 100e7968     GlobalVars.obj
 0003:000704c8       ?vec2_origin@@3VVector2D@@B 100e94c8     Interfaces.obj
 0003:000704e0       ?signmask@@3T__m128@@B     100e94e0     Math.obj
 0003:000704f0       ?vec2_origin@@3VVector2D@@B 100e94f0     Math.obj
 0003:000704f8       ?random_float@?1??RandomFloat@Math@@QAEMMM@Z@4P6AMMM@ZA 100e94f8     Math.obj
 0003:000704fc       ?$TSS0@?1??RandomFloat@Math@@QAEMMM@Z@4HA 100e94fc     Math.obj
 0003:00070504       ?_Fac_tidy_reg@std@@3U_Fac_tidy_reg_t@1@B 100e9504     msvcprt:locale0_implib.obj
 0003:00070508       ?_Fac_head@std@@3PAU_Fac_node@1@A 100e9508     msvcprt:locale0_implib.obj
 0003:0007051c       ?_Tss_mutex@@3U_RTL_CRITICAL_SECTION@@A 100e951c     MSVCRT:thread_safe_statics.obj
 0003:00070534       ?_Tss_cv@@3U_RTL_CONDITION_VARIABLE@@A 100e9534     MSVCRT:thread_safe_statics.obj
 0003:00070538       ?_Tss_event@@3PAXA         100e9538     MSVCRT:thread_safe_statics.obj
 0003:0007053c       ?encoded_sleep_condition_variable_cs@@3P6GHPAU_RTL_CONDITION_VARIABLE@@PAU_RTL_CRITICAL_SECTION@@K@ZA 100e953c     MSVCRT:thread_safe_statics.obj
 0003:00070540       ?encoded_wake_all_condition_variable@@3P6GXPAU_RTL_CONDITION_VARIABLE@@@ZA 100e9540     MSVCRT:thread_safe_statics.obj
 0003:00070550       ?is_initialized_as_dll@@3_NA 100e9550     MSVCRT:utility.obj
 0003:00070551       ?module_local_atexit_table_initialized@@3_NA 100e9551     MSVCRT:utility.obj
 0003:00070554       ?module_local_atexit_table@@3U_onexit_table_t@@A 100e9554     MSVCRT:utility.obj
 0003:00070560       ?module_local_at_quick_exit_table@@3U_onexit_table_t@@A 100e9560     MSVCRT:utility.obj
 0003:00070570       _GS_ExceptionRecord        100e9570     MSVCRT:gs_report.obj
 0003:000705c0       _GS_ContextRecord          100e95c0     MSVCRT:gs_report.obj
 0003:0007088c       ?__proc_attached@@3HA      100e988c     MSVCRT:dll_dllmain.obj
 0004:00000060       $R000000                   100ea060     * linker generated manifest res *

 Exports

  ordinal    name

