 hvh

 Timestamp is 5eb45c0b (Thu May  7 22:05:47 2020)

 Preferred load address is 10000000

 Start         Length     Name                   Class
 0001:00000000 00000790H .text$di                CODE
 0001:00000790 0005a600H .text$mn                CODE
 0001:0005ad90 000017f0H .text$x                 CODE
 0001:0005c580 00000099H .text$yd                CODE
 0002:00000000 000002e8H .idata$5                DATA
 0002:000002e8 00000004H .00cfg                  DATA
 0002:000002ec 00000004H .CRT$XCA                DATA
 0002:000002f0 00000004H .CRT$XCL                DATA
 0002:000002f4 000000c8H .CRT$XCU                DATA
 0002:000003bc 00000004H .CRT$XCZ                DATA
 0002:000003c0 00000004H .CRT$XIA                DATA
 0002:000003c4 00000004H .CRT$XIC                DATA
 0002:000003c8 00000004H .CRT$XIZ                DATA
 0002:000003cc 00000004H .CRT$XLA                DATA
 0002:000003d0 00000004H .CRT$XLZ                DATA
 0002:000003d4 00000004H .CRT$XPA                DATA
 0002:000003d8 00000004H .CRT$XPZ                DATA
 0002:000003dc 00000004H .CRT$XTA                DATA
 0002:000003e0 00000010H .CRT$XTZ                DATA
 0002:000003e4 00000000H .gfids$y                DATA
 0002:000003f0 00009428H .rdata                  DATA
 0002:00009818 00000018H .rdata$T                DATA
 0002:00009830 000005a0H .rdata$r                DATA
 0002:00009dd0 000001c4H .rdata$sxdata           DATA
 0002:00009f94 00000390H .rdata$zzzdbg           DATA
 0002:0000a324 00000004H .rtc$IAA                DATA
 0002:0000a328 00000004H .rtc$IZZ                DATA
 0002:0000a32c 00000004H .rtc$TAA                DATA
 0002:0000a330 00000004H .rtc$TZZ                DATA
 0002:0000a334 00000004H .tls                    DATA
 0002:0000a338 00000004H .tls$                   DATA
 0002:0000a33c 00000004H .tls$ZZZ                DATA
 0002:0000a340 00001850H .xdata$x                DATA
 0002:0000bb90 00000000H .edata                  DATA
 0002:0000bb90 00000104H .idata$2                DATA
 0002:0000bc94 00000014H .idata$3                DATA
 0002:0000bca8 000002e8H .idata$4                DATA
 0002:0000bf90 00001596H .idata$6                DATA
 0003:00000000 00000068H .data                   DATA
 0003:00000068 000002e0H .data$r                 DATA
 0003:00000348 0007c60cH .bss                    DATA
 0004:00000000 00000060H .rsrc$01                DATA
 0004:00000060 00000180H .rsrc$02                DATA

  Address         Publics by Value              Rva+Base       Lib:Object

 0000:00000000       ___guard_fids_table        00000000     <absolute>
 0000:00000000       ___hybrid_auxiliary_iat    00000000     <absolute>
 0000:00000000       ___guard_iat_table         00000000     <absolute>
 0000:00000000       ___guard_longjmp_count     00000000     <absolute>
 0000:00000000       ___hybrid_code_map_count   00000000     <absolute>
 0000:00000000       ___dynamic_value_reloc_table 00000000     <absolute>
 0000:00000000       ___guard_longjmp_table     00000000     <absolute>
 0000:00000000       ___guard_fids_count        00000000     <absolute>
 0000:00000000       ___guard_iat_count         00000000     <absolute>
 0000:00000000       ___volatile_metadata       00000000     <absolute>
 0000:00000000       ___enclave_config          00000000     <absolute>
 0000:00000000       ___hybrid_code_map         00000000     <absolute>
 0000:0000002c       __tls_array                0000002c     <absolute>
 0000:00000071       ___safe_se_handler_count   00000071     <absolute>
 0000:00000100       ___guard_flags             00000100     <absolute>
 0000:00000000       ___ImageBase               10000000     <linker-defined>
 0001:00000790       ??$GetVFunc@P6EXPAX@Z@Utils@@SAP6EXPAX@Z0I@Z 10001790 f i EnginePrediction.obj
 0001:00000790       ??$GetVFunc@P6EXPAXK@Z@Utils@@SAP6EXPAXK@Z0I@Z 10001790 f i other_esp.obj
 0001:00000790       ??$GetVFunc@P6EPAVIMaterial@@PAXPBD1_N1@Z@Utils@@SAP6EPAVIMaterial@@PAXPBD1_N1@Z0I@Z 10001790 f i dme_hook.obj
 0001:00000790       ??$GetVFunc@P6EXPAXHHHH@Z@Utils@@SAP6EXPAXHHHH@Z0I@Z 10001790 f i other_esp.obj
 0001:00000790       ??$GetVFunc@P6EXPAXPB_WHH@Z@Utils@@SAP6EXPAXPB_WHH@Z0I@Z 10001790 f i other_esp.obj
 0001:00000790       ??$GetVFunc@P6EPBDPAVIPanel@@I@Z@Utils@@SAP6EPBDPAVIPanel@@I@ZPAXI@Z 10001790 f i painttraverse_hook.obj
 0001:00000790       ??$GetVFunc@P6EXPAXKPBDHHHHHHH@Z@Utils@@SAP6EXPAXKPBDHHHHHHH@Z0I@Z 10001790 f i hooking_init.obj
 0001:00000790       ??$GetVFunc@P6EGPAXG@Z@Utils@@SAP6EGPAXG@Z0I@Z 10001790 f i other_esp.obj
 0001:00000790       ??$GetVFunc@P6EAAVVector@@PAX@Z@Utils@@SAP6EAAVVector@@PAX@Z0I@Z 10001790 f i CEntity.obj
 0001:00000790       ??$GetVFunc@P6EIPAX@Z@Utils@@SAP6EIPAX@Z0I@Z 10001790 f i hooking_init.obj
 0001:00000790       ??$GetVFunc@P6EXPAXPAVIMaterial@@W4OverrideType_t@@H@Z@Utils@@SAP6EXPAXPAVIMaterial@@W4OverrideType_t@@H@Z0I@Z 10001790 f i dme_hook.obj
 0001:00000790       ??$GetVFunc@P6EXPAXH@Z@Utils@@SAP6EXPAXH@Z0I@Z 10001790 f i other_esp.obj
 0001:00000790       ??$GetVFunc@P6EPAVIMaterial@@PAXG@Z@Utils@@SAP6EPAVIMaterial@@PAXG@Z0I@Z 10001790 f i other_esp.obj
 0001:00000790       ??$GetVFunc@P6EGPAX@Z@Utils@@SAP6EGPAX@Z0I@Z 10001790 f i other_esp.obj
 0001:00000790       ??$GetVFunc@P6EMPAX@Z@Utils@@SAP6EMPAX@Z0I@Z 10001790 f i Aimbot.obj
 0001:00000790       ??$GetVFunc@P6EXPAXAAVVector@@@Z@Utils@@SAP6EXPAXAAVVector@@@Z0I@Z 10001790 f i Aimbot.obj
 0001:00000790       ??$DUMBNIGGERSLOL@P6EPAVNetChannel@@PAX@Z@IVEngineClient@@SAP6EPAVNetChannel@@PAX@Z0I@Z 10001790 f i Resolver.obj
 0001:00000790       ??$GetVFunc@P6EXPAXHH@Z@Utils@@SAP6EXPAXHH@Z0I@Z 10001790 f i other_esp.obj
 0001:00000790       ??$GetVFunc@P6EXPAXKPB_WAAH2@Z@Utils@@SAP6EXPAXKPB_WAAH2@Z0I@Z 10001790 f i other_esp.obj
 0001:000007a0       ??$vsprintf_s@$0IAA@@@YAHAAY0IAA@DPBDPAD@Z 100017a0 f i other_esp.obj
 0001:000007c0       ??0Color@@QAE@HHHH@Z       100017c0 f i other_esp.obj
 0001:00000800       ??0ImVec2@@QAE@MM@Z        10001800 f i imgui_impl_dx9.obj
 0001:00000800       ??0Vector2D@@QAE@MM@Z      10001800 f i other_esp.obj
 0001:00000830       ??_H@YGXPAXIIP6EPAX0@Z@Z   10001830 f i other_esp.obj
 0001:00000870       ?DrawFilledRect@ISurface@@QAEXHHHH@Z 10001870 f i other_esp.obj
 0001:000008b0       ?DrawPrintText@ISurface@@QAEXPB_WH@Z 100018b0 f i other_esp.obj
 0001:000008e0       ?DrawSetColor@ISurface@@QAEXHHHH@Z 100018e0 f i other_esp.obj
 0001:00000920       ?DrawSetTextColor@ISurface@@QAEXHHHH@Z 10001920 f i other_esp.obj
 0001:00000960       ?DrawSetTextFont@ISurface@@QAEXK@Z 10001960 f i other_esp.obj
 0001:00000990       ?DrawSetTextPos@ISurface@@QAEXHH@Z 10001990 f i other_esp.obj
 0001:000009c0       ?DrawT@ISurface@@QAAXHHUColor@@H_NPBDZZ 100019c0 f i other_esp.obj
 0001:00000bd0       ?FilledRect@ISurface@@QAEXHHHHUColor@@@Z 10001bd0 f i other_esp.obj
 0001:00000c20       ?FirstMaterial@IMaterialSystem@@QAEGXZ 10001c20 f i other_esp.obj
 0001:00000c50       ?GetMaterial@IMaterialSystem@@QAEPAVIMaterial@@G@Z 10001c50 f i other_esp.obj
 0001:00000c80       ?GetTextSize@ISurface@@QAEXKPB_WAAH1@Z 10001c80 f i other_esp.obj
 0001:00000cc0       ?GradientH@@YAXHHHHUColor@@0@Z 10001cc0 f   other_esp.obj
 0001:00000df0       ?InvalidMaterial@IMaterialSystem@@QAEGXZ 10001df0 f i other_esp.obj
 0001:00000e20       ?NextMaterial@IMaterialSystem@@QAEGG@Z 10001e20 f i other_esp.obj
 0001:00000e50       ?SetValue@ConVar@@QAEXH@Z  10001e50 f i other_esp.obj
 0001:00000e80       ?night_mode@other_esp@@QAEXXZ 10001e80 f   other_esp.obj
 0001:00001100       ?watermak@other_esp@@QAEXXZ 10002100 f   other_esp.obj
 0001:00001500       ___local_stdio_printf_options 10002500 f i other_esp.obj
 0001:00001510       __vsprintf_s_l             10002510 f i other_esp.obj
 0001:00001560       _vsprintf_s                10002560 f i other_esp.obj
 0001:00001580       ??$?0$$V@?$_Compressed_pair@V?$allocator@_W@std@@V?$_String_val@U?$_Simple_types@_W@std@@@2@$00@std@@QAE@U_Zero_then_variadic_args_t@1@@Z 10002580 f i config_system.obj
 0001:00001580       ??$?0$$V@?$_Compressed_pair@V?$allocator@D@std@@V?$_String_val@U?$_Simple_types@D@std@@@2@$00@std@@QAE@U_Zero_then_variadic_args_t@1@@Z 10002580 f i c_hooks.obj
 0001:000015a0       ??$?0AAPAV_Facet_base@std@@@?$_Compressed_pair@U?$default_delete@V_Facet_base@std@@@std@@PAV_Facet_base@2@$00@std@@QAE@U_Zero_then_variadic_args_t@1@AAPAV_Facet_base@1@@Z 100025a0 f i config_system.obj
 0001:000015a0       ??$?0AAPAI@?$_Compressed_pair@U?$default_delete@$$BY0A@I@std@@PAI$00@std@@QAE@U_Zero_then_variadic_args_t@1@AAPAI@Z 100025a0 f i c_hooks.obj
 0001:000015a0       ??$?0AAPAVShadowVTManager@@@?$_Compressed_pair@U?$default_delete@VShadowVTManager@@@std@@PAVShadowVTManager@@$00@std@@QAE@U_Zero_then_variadic_args_t@1@AAPAVShadowVTManager@@@Z 100025a0 f i c_hooks.obj
 0001:000015a0       ??$?0AAPAVNetvarTree@@@?$_Compressed_pair@U?$default_delete@VNetvarTree@@@std@@PAVNetvarTree@@$00@std@@QAE@U_Zero_then_variadic_args_t@1@AAPAVNetvarTree@@@Z 100025a0 f i c_hooks.obj
 0001:000015a0       ??$?0AAPAVVMTHook@@@?$_Compressed_pair@U?$default_delete@VVMTHook@@@std@@PAVVMTHook@@$00@std@@QAE@U_Zero_then_variadic_args_t@1@AAPAVVMTHook@@@Z 100025a0 f i c_hooks.obj
 0001:000015d0       ??$?0PAI@?$_Unique_ptr_base@IU?$default_delete@$$BY0A@I@std@@@std@@QAE@PAI@Z 100025d0 f i c_hooks.obj
 0001:000015d0       ??$?0PAVNetvarTree@@@?$_Unique_ptr_base@VNetvarTree@@U?$default_delete@VNetvarTree@@@std@@@std@@QAE@PAVNetvarTree@@@Z 100025d0 f i c_hooks.obj
 0001:000015d0       ??$?0PAVShadowVTManager@@@?$_Unique_ptr_base@VShadowVTManager@@U?$default_delete@VShadowVTManager@@@std@@@std@@QAE@PAVShadowVTManager@@@Z 100025d0 f i c_hooks.obj
 0001:000015d0       ??$?0PAVVMTHook@@@?$_Unique_ptr_base@VVMTHook@@U?$default_delete@VVMTHook@@@std@@@std@@QAE@PAVVMTHook@@@Z 100025d0 f i c_hooks.obj
 0001:000015d0       ??$?0PAV_Facet_base@std@@@?$_Unique_ptr_base@V_Facet_base@std@@U?$default_delete@V_Facet_base@std@@@2@@std@@QAE@PAV_Facet_base@1@@Z 100025d0 f i config_system.obj
 0001:00001600       ??$?0U?$default_delete@V_Facet_base@std@@@std@@$0A@@?$unique_ptr@V_Facet_base@std@@U?$default_delete@V_Facet_base@std@@@2@@std@@QAE@PAV_Facet_base@1@@Z 10002600 f i config_system.obj
 0001:00001600       ??$?0PAIU?$default_delete@$$BY0A@I@std@@$0A@X@?$unique_ptr@$$BY0A@IU?$default_delete@$$BY0A@I@std@@@std@@QAE@PAI@Z 10002600 f i c_hooks.obj
 0001:00001600       ??$?0U?$default_delete@VNetvarTree@@@std@@$0A@@?$unique_ptr@VNetvarTree@@U?$default_delete@VNetvarTree@@@std@@@std@@QAE@PAVNetvarTree@@@Z 10002600 f i c_hooks.obj
 0001:00001600       ??$?0U?$default_delete@VVMTHook@@@std@@$0A@@?$unique_ptr@VVMTHook@@U?$default_delete@VVMTHook@@@std@@@std@@QAE@PAVVMTHook@@@Z 10002600 f i c_hooks.obj
 0001:00001650       ??$?0U?$default_delete@$$BY0A@I@std@@$0A@@?$unique_ptr@$$BY0A@IU?$default_delete@$$BY0A@I@std@@@std@@QAE@$$T@Z 10002650 f i c_hooks.obj
 0001:000016a0       ??$?0U?$default_delete@VShadowVTManager@@@std@@$0A@@?$unique_ptr@VShadowVTManager@@U?$default_delete@VShadowVTManager@@@std@@@std@@QAE@XZ 100026a0 f i c_hooks.obj
 0001:000016a0       ??$?0U?$default_delete@VNetvarTree@@@std@@$0A@@?$unique_ptr@VNetvarTree@@U?$default_delete@VNetvarTree@@@std@@@std@@QAE@XZ 100026a0 f i NetvarManager.obj
 0001:000016a0       ??$?0U?$default_delete@VVMTHook@@@std@@$0A@@?$unique_ptr@VVMTHook@@U?$default_delete@VVMTHook@@@std@@@std@@QAE@XZ 100026a0 f i c_hooks.obj
 0001:000016f0       ??$?RI$0A@@?$default_delete@$$BY0A@I@std@@QBEXPAI@Z 100026f0 f i c_hooks.obj
 0001:00001720       ??$_Allocate@$07U_Default_allocate_traits@std@@$0A@@std@@YAPAXI@Z 10002720 f i c_hooks.obj
 0001:00001760       ??$_Allocate_manually_vector_aligned@U_Default_allocate_traits@std@@@std@@YAPAXI@Z 10002760 f i c_hooks.obj
 0001:000017d0       ??$forward@V?$_List_iterator@V?$_List_val@U?$_List_simple_types@U?$pair@$$CBV?$basic_string@DU?$char_traits@D@std@@V?$allocator@D@2@@std@@V?$shared_ptr@UNode@NetvarTree@@@2@@std@@@std@@@std@@@std@@@std@@YA$$QAV?$_List_iterator@V?$_List_val@U?$_List_simple_types@U?$pair@$$CBV?$basic_string@DU?$char_traits@D@std@@V?$allocator@D@2@@std@@V?$shared_ptr@UNode@NetvarTree@@@2@@std@@@std@@@std@@@0@AAV10@@Z 100027d0 f i Aimbot.obj
 0001:000017d0       ??$forward@ABUpiecewise_construct_t@std@@@std@@YAABUpiecewise_construct_t@0@ABU10@@Z 100027d0 f i Aimbot.obj
 0001:000017d0       ??$move@AAULegitPlayerRecords@@@std@@YA$$QAULegitPlayerRecords@@AAU1@@Z 100027d0 f i Legitbot.obj
 0001:000017d0       ??$forward@AAPAV_Facet_base@std@@@std@@YAAAPAV_Facet_base@0@AAPAV10@@Z 100027d0 f i config_system.obj
 0001:000017d0       ??$forward@PBD@std@@YA$$QAPBDAAPBD@Z 100027d0 f i NetvarManager.obj
 0001:000017d0       ??$addressof@U?$pair@$$CBV?$basic_string@DU?$char_traits@D@std@@V?$allocator@D@2@@std@@V?$shared_ptr@UNode@NetvarTree@@@2@@std@@@std@@YAPAU?$pair@$$CBV?$basic_string@DU?$char_traits@D@std@@V?$allocator@D@2@@std@@V?$shared_ptr@UNode@NetvarTree@@@2@@0@AAU10@@Z 100027d0 f i c_hooks.obj
 0001:000017d0       ??$addressof@V?$_String_val@U?$_Simple_types@D@std@@@std@@@std@@YAPAV?$_String_val@U?$_Simple_types@D@std@@@0@AAV10@@Z 100027d0 f i Aimbot.obj
 0001:000017d0       ??$_Unfancy@ULegitPlayerRecords@@@std@@YAPAULegitPlayerRecords@@PAU1@@Z 100027d0 f i Legitbot.obj
 0001:000017d0       ??$forward@V?$tuple@$$V@std@@@std@@YA$$QAV?$tuple@$$V@0@AAV10@@Z 100027d0 f i Aimbot.obj
 0001:000017d0       ??$addressof@V?$_Deque_val@U?$_Deque_simple_types@UPlayerRecords@@@std@@@std@@@std@@YAPAV?$_Deque_val@U?$_Deque_simple_types@UPlayerRecords@@@std@@@0@AAV10@@Z 100027d0 f i Aimbot.obj
 0001:000017d0       ??$addressof@PA_W@std@@YAPAPA_WAAPA_W@Z 100027d0 f i config_system.obj
 0001:000017d0       ??$_Unfancy@UPlayerRecords@@@std@@YAPAUPlayerRecords@@PAU1@@Z 100027d0 f i LagComp.obj
 0001:000017d0       ??$forward@M@std@@YA$$QAMAAM@Z 100027d0 f i NetvarManager.obj
 0001:000017d0       ??$forward@ABV?$allocator@V?$_List_unchecked_iterator@V?$_List_val@U?$_List_simple_types@U?$pair@$$CBV?$basic_string@DU?$char_traits@D@std@@V?$allocator@D@2@@std@@V?$shared_ptr@UNode@NetvarTree@@@2@@std@@@std@@@std@@@std@@@std@@@std@@YAABV?$allocator@V?$_List_unchecked_iterator@V?$_List_val@U?$_List_simple_types@U?$pair@$$CBV?$basic_string@DU?$char_traits@D@std@@V?$allocator@D@2@@std@@V?$shared_ptr@UNode@NetvarTree@@@2@@std@@@std@@@std@@@std@@@0@ABV10@@Z 100027d0 f i NetvarManager.obj
 0001:000017d0       ??$forward@$$QAV?$basic_string@DU?$char_traits@D@std@@V?$allocator@D@2@@std@@@std@@YA$$QAV?$basic_string@DU?$char_traits@D@std@@V?$allocator@D@2@@0@AAV10@@Z 100027d0 f i Aimbot.obj
 0001:000017d0       ??$forward@ABQAD@std@@YAABQADABQAD@Z 100027d0 f i c_hooks.obj
 0001:000017d0       ??$_Get_unwrapped@PAULegitPlayerRecords@@@std@@YAPAPAULegitPlayerRecords@@QAPAU1@@Z 100027d0 f i Legitbot.obj
 0001:000017d0       ??$forward@AAPAVIPanel@@@std@@YAAAPAVIPanel@@AAPAV1@@Z 100027d0 f i c_hooks.obj
 0001:000017d0       ??$forward@U?$default_delete@VNetvarTree@@@std@@@std@@YA$$QAU?$default_delete@VNetvarTree@@@0@AAU10@@Z 100027d0 f i c_hooks.obj
 0001:000017d0       ??$forward@AAV?$_List_iterator@V?$_List_val@U?$_List_simple_types@U?$pair@$$CBV?$basic_string@DU?$char_traits@D@std@@V?$allocator@D@2@@std@@V?$shared_ptr@UNode@NetvarTree@@@2@@std@@@std@@@std@@@std@@@std@@YAAAV?$_List_iterator@V?$_List_val@U?$_List_simple_types@U?$pair@$$CBV?$basic_string@DU?$char_traits@D@std@@V?$allocator@D@2@@std@@V?$shared_ptr@UNode@NetvarTree@@@2@@std@@@std@@@std@@@0@AAV10@@Z 100027d0 f i Aimbot.obj
 0001:000017d0       ??$forward@AAPAVNetvarTree@@@std@@YAAAPAVNetvarTree@@AAPAV1@@Z 100027d0 f i c_hooks.obj
 0001:000017d0       ??$forward@U_Container_proxy@std@@@std@@YA$$QAU_Container_proxy@0@AAU10@@Z 100027d0 f i LagComp.obj
 0001:000017d0       ??$forward@AAU?$pair@$$CBV?$basic_string@DU?$char_traits@D@std@@V?$allocator@D@2@@std@@V?$shared_ptr@UNode@NetvarTree@@@2@@std@@@std@@YAAAU?$pair@$$CBV?$basic_string@DU?$char_traits@D@std@@V?$allocator@D@2@@std@@V?$shared_ptr@UNode@NetvarTree@@@2@@0@AAU10@@Z 100027d0 f i Aimbot.obj
 0001:000017d0       ??$forward@H@std@@YA$$QAHAAH@Z 100027d0 f i Aimbot.obj
 0001:000017d0       ??$addressof@V?$unique_ptr@VVMTHook@@U?$default_delete@VVMTHook@@@std@@@std@@@std@@YAPAV?$unique_ptr@VVMTHook@@U?$default_delete@VVMTHook@@@std@@@0@AAV10@@Z 100027d0 f i c_hooks.obj
 0001:000017d0       ??$_Get_unwrapped@H@std@@YAPAHQAH@Z 100027d0 f i Aimbot.obj
 0001:000017d0       ??$forward@AAPAVIClientMode@@@std@@YAAAPAVIClientMode@@AAPAV1@@Z 100027d0 f i c_hooks.obj
 0001:000017d0       ??$forward@AAU?$equal_to@V?$basic_string@DU?$char_traits@D@std@@V?$allocator@D@2@@std@@@std@@@std@@YAAAU?$equal_to@V?$basic_string@DU?$char_traits@D@std@@V?$allocator@D@2@@std@@@0@AAU10@@Z 100027d0 f i NetvarManager.obj
 0001:000017d0       ??$forward@AAPAVIBaseClientDLL@@@std@@YAAAPAVIBaseClientDLL@@AAPAV1@@Z 100027d0 f i c_hooks.obj
 0001:000017d0       ??$addressof@PAD@std@@YAPAPADAAPAD@Z 100027d0 f i c_hooks.obj
 0001:000017d0       ??$forward@AAPAU?$_List_node@U?$pair@$$CBV?$basic_string@DU?$char_traits@D@std@@V?$allocator@D@2@@std@@V?$shared_ptr@UNode@NetvarTree@@@2@@std@@PAX@std@@@std@@YAAAPAU?$_List_node@U?$pair@$$CBV?$basic_string@DU?$char_traits@D@std@@V?$allocator@D@2@@std@@V?$shared_ptr@UNode@NetvarTree@@@2@@std@@PAX@0@AAPAU10@@Z 100027d0 f i Aimbot.obj
 0001:000017d0       ??$forward@AAPAVShadowVTManager@@@std@@YAAAPAVShadowVTManager@@AAPAV1@@Z 100027d0 f i c_hooks.obj
 0001:000017d0       ??$_Get_unwrapped@D@std@@YAPADQAD@Z 100027d0 f i c_esp.obj
 0001:000017d0       ??$move@AAV?$shared_ptr@UNode@NetvarTree@@@std@@@std@@YA$$QAV?$shared_ptr@UNode@NetvarTree@@@0@AAV10@@Z 100027d0 f i NetvarManager.obj
 0001:000017d0       ??$forward@AAPAVISurface@@@std@@YAAAPAVISurface@@AAPAV1@@Z 100027d0 f i c_hooks.obj
 0001:000017d0       ??$_Kfn@$$CBV?$basic_string@DU?$char_traits@D@std@@V?$allocator@D@2@@std@@V?$shared_ptr@UNode@NetvarTree@@@2@@?$_Umap_traits@V?$basic_string@DU?$char_traits@D@std@@V?$allocator@D@2@@std@@V?$shared_ptr@UNode@NetvarTree@@@2@V?$_Uhash_compare@V?$basic_string@DU?$char_traits@D@std@@V?$allocator@D@2@@std@@U?$hash@V?$basic_string@DU?$char_traits@D@std@@V?$allocator@D@2@@std@@@2@U?$equal_to@V?$basic_string@DU?$char_traits@D@std@@V?$allocator@D@2@@std@@@2@@2@V?$allocator@U?$pair@$$CBV?$basic_string@DU?$char_traits@D@std@@V?$allocator@D@2@@std@@V?$shared_ptr@UNode@NetvarTree@@@2@@std@@@2@$0A@@std@@SAABV?$basic_string@DU?$char_traits@D@std@@V?$allocator@D@2@@1@ABU?$pair@$$CBV?$basic_string@DU?$char_traits@D@std@@V?$allocator@D@2@@std@@V?$shared_ptr@UNode@NetvarTree@@@2@@1@@Z 100027d0 f i Aimbot.obj
 0001:000017d0       ??$forward@U_One_then_variadic_args_t@std@@@std@@YA$$QAU_One_then_variadic_args_t@0@AAU10@@Z 100027d0 f i NetvarManager.obj
 0001:000017d0       ??$move@AAV?$tuple@$$QAV?$basic_string@DU?$char_traits@D@std@@V?$allocator@D@2@@std@@@std@@@std@@YA$$QAV?$tuple@$$QAV?$basic_string@DU?$char_traits@D@std@@V?$allocator@D@2@@std@@@0@AAV10@@Z 100027d0 f i Aimbot.obj
 0001:000017d0       ??$_Convert_size@I@std@@YAII@Z 100027d0 f i c_hooks.obj
 0001:000017d0       ??$forward@U?$default_delete@VVMTHook@@@std@@@std@@YA$$QAU?$default_delete@VVMTHook@@@0@AAU10@@Z 100027d0 f i c_hooks.obj
 0001:000017d0       ??$forward@V?$allocator@D@std@@@std@@YA$$QAV?$allocator@D@0@AAV10@@Z 100027d0 f i Aimbot.obj
 0001:000017d0       ??$addressof@V?$basic_string@DU?$char_traits@D@std@@V?$allocator@D@2@@std@@@std@@YAPAV?$basic_string@DU?$char_traits@D@std@@V?$allocator@D@2@@0@AAV10@@Z 100027d0 f i imgui.obj
 0001:000017d0       ??$_Unfancy@V?$basic_string@DU?$char_traits@D@std@@V?$allocator@D@2@@std@@@std@@YAPAV?$basic_string@DU?$char_traits@D@std@@V?$allocator@D@2@@0@PAV10@@Z 100027d0 f i config_system.obj
 0001:000017d0       ??$move@AAU?$default_delete@$$BY0A@I@std@@@std@@YA$$QAU?$default_delete@$$BY0A@I@0@AAU10@@Z 100027d0 f i c_hooks.obj
 0001:000017d0       ??$_Unfancy@U_Container_proxy@std@@@std@@YAPAU_Container_proxy@0@PAU10@@Z 100027d0 f i LagComp.obj
 0001:000017d0       ??$move@AAUPlayerRecords@@@std@@YA$$QAUPlayerRecords@@AAU1@@Z 100027d0 f i LagComp.obj
 0001:000017d0       ??$forward@AAPAI@std@@YAAAPAIAAPAI@Z 100027d0 f i c_hooks.obj
 0001:000017d0       ??$_Unfancy@D@std@@YAPADPAD@Z 100027d0 f i c_hooks.obj
 0001:000017d0       ??$addressof@V?$_List_val@U?$_List_simple_types@U?$pair@$$CBV?$basic_string@DU?$char_traits@D@std@@V?$allocator@D@2@@std@@V?$shared_ptr@UNode@NetvarTree@@@2@@std@@@std@@@std@@@std@@YAPAV?$_List_val@U?$_List_simple_types@U?$pair@$$CBV?$basic_string@DU?$char_traits@D@std@@V?$allocator@D@2@@std@@V?$shared_ptr@UNode@NetvarTree@@@2@@std@@@std@@@0@AAV10@@Z 100027d0 f i Aimbot.obj
 0001:000017d0       ??$addressof@V?$unique_ptr@VNetvarTree@@U?$default_delete@VNetvarTree@@@std@@@std@@@std@@YAPAV?$unique_ptr@VNetvarTree@@U?$default_delete@VNetvarTree@@@std@@@0@AAV10@@Z 100027d0 f i c_hooks.obj
 0001:000017d0       ??$addressof@$$CBV?$_List_val@U?$_List_simple_types@U?$pair@$$CBV?$basic_string@DU?$char_traits@D@std@@V?$allocator@D@2@@std@@V?$shared_ptr@UNode@NetvarTree@@@2@@std@@@std@@@std@@@std@@YAPBV?$_List_val@U?$_List_simple_types@U?$pair@$$CBV?$basic_string@DU?$char_traits@D@std@@V?$allocator@D@2@@std@@V?$shared_ptr@UNode@NetvarTree@@@2@@std@@@std@@@0@ABV10@@Z 100027d0 f i Aimbot.obj
 0001:000017d0       ??$move@AAH@std@@YA$$QAHAAH@Z 100027d0 f i Aimbot.obj
 0001:000017d0       ??$move@AAV?$basic_string@DU?$char_traits@D@std@@V?$allocator@D@2@@std@@@std@@YA$$QAV?$basic_string@DU?$char_traits@D@std@@V?$allocator@D@2@@0@AAV10@@Z 100027d0 f i Aimbot.obj
 0001:000017d0       ??$_Unfancy@H@std@@YAPAHPAH@Z 100027d0 f i Aimbot.obj
 0001:000017d0       ??$forward@ABUPlayerRecords@@@std@@YAABUPlayerRecords@@ABU1@@Z 100027d0 f i LagComp.obj
 0001:000017d0       ??$forward@AAPAVIVRenderView@@@std@@YAAAPAVIVRenderView@@AAPAV1@@Z 100027d0 f i c_hooks.obj
 0001:000017d0       ??$forward@_N@std@@YA$$QA_NAA_N@Z 100027d0 f i Aimbot.obj
 0001:000017d0       ??$_Const_cast@$$CBD@std@@YAPADPBD@Z 100027d0 f i c_esp.obj
 0001:000017d0       ??$forward@AAPAVVMTHook@@@std@@YAAAPAVVMTHook@@AAPAV1@@Z 100027d0 f i c_hooks.obj
 0001:000017d0       ??$forward@ABV?$allocator@U?$pair@$$CBV?$basic_string@DU?$char_traits@D@std@@V?$allocator@D@2@@std@@V?$shared_ptr@UNode@NetvarTree@@@2@@std@@@std@@@std@@YAABV?$allocator@U?$pair@$$CBV?$basic_string@DU?$char_traits@D@std@@V?$allocator@D@2@@std@@V?$shared_ptr@UNode@NetvarTree@@@2@@std@@@0@ABV10@@Z 100027d0 f i NetvarManager.obj
 0001:000017d0       ??$_Get_size_of_n@$00@std@@YAII@Z 100027d0 f i c_hooks.obj
 0001:000017d0       ??$_Get_unwrapped_n@PAULegitPlayerRecords@@H$0A@@std@@YAPAPAULegitPlayerRecords@@QAPAU1@H@Z 100027d0 f i Legitbot.obj
 0001:000017d0       ??$_Get_unwrapped@V?$_List_unchecked_iterator@V?$_List_val@U?$_List_simple_types@U?$pair@$$CBV?$basic_string@DU?$char_traits@D@std@@V?$allocator@D@2@@std@@V?$shared_ptr@UNode@NetvarTree@@@2@@std@@@std@@@std@@@std@@@std@@YAPAV?$_List_unchecked_iterator@V?$_List_val@U?$_List_simple_types@U?$pair@$$CBV?$basic_string@DU?$char_traits@D@std@@V?$allocator@D@2@@std@@V?$shared_ptr@UNode@NetvarTree@@@2@@std@@@std@@@std@@@0@QAV10@@Z 100027d0 f i Aimbot.obj
 0001:000017d0       ??$addressof@PAU?$_List_node@U?$pair@$$CBV?$basic_string@DU?$char_traits@D@std@@V?$allocator@D@2@@std@@V?$shared_ptr@UNode@NetvarTree@@@2@@std@@PAX@std@@@std@@YAPAPAU?$_List_node@U?$pair@$$CBV?$basic_string@DU?$char_traits@D@std@@V?$allocator@D@2@@std@@V?$shared_ptr@UNode@NetvarTree@@@2@@std@@PAX@0@AAPAU10@@Z 100027d0 f i c_hooks.obj
 0001:000017d0       ??$_Refancy@PAD$0A@@std@@YAPADPAD@Z 100027d0 f i c_esp.obj
 0001:000017d0       ??$move@AAV?$basic_ofstream@DU?$char_traits@D@std@@@std@@@std@@YA$$QAV?$basic_ofstream@DU?$char_traits@D@std@@@0@AAV10@@Z 100027d0 f i Interfaces.obj
 0001:000017d0       ??$addressof@$$CBV?$_Deque_val@U?$_Deque_simple_types@UPlayerRecords@@@std@@@std@@@std@@YAPBV?$_Deque_val@U?$_Deque_simple_types@UPlayerRecords@@@std@@@0@ABV10@@Z 100027d0 f i LagComp.obj
 0001:000017d0       ??$forward@AAU?$hash@V?$basic_string@DU?$char_traits@D@std@@V?$allocator@D@2@@std@@@std@@@std@@YAAAU?$hash@V?$basic_string@DU?$char_traits@D@std@@V?$allocator@D@2@@std@@@0@AAU10@@Z 100027d0 f i NetvarManager.obj
 0001:000017d0       ??$_Unfancy@V?$_List_unchecked_iterator@V?$_List_val@U?$_List_simple_types@U?$pair@$$CBV?$basic_string@DU?$char_traits@D@std@@V?$allocator@D@2@@std@@V?$shared_ptr@UNode@NetvarTree@@@2@@std@@@std@@@std@@@std@@@std@@YAPAV?$_List_unchecked_iterator@V?$_List_val@U?$_List_simple_types@U?$pair@$$CBV?$basic_string@DU?$char_traits@D@std@@V?$allocator@D@2@@std@@V?$shared_ptr@UNode@NetvarTree@@@2@@std@@@std@@@std@@@0@PAV10@@Z 100027d0 f i Aimbot.obj
 0001:000017d0       ??$forward@V?$_List_unchecked_iterator@V?$_List_val@U?$_List_simple_types@U?$pair@$$CBV?$basic_string@DU?$char_traits@D@std@@V?$allocator@D@2@@std@@V?$shared_ptr@UNode@NetvarTree@@@2@@std@@@std@@@std@@@std@@@std@@YA$$QAV?$_List_unchecked_iterator@V?$_List_val@U?$_List_simple_types@U?$pair@$$CBV?$basic_string@DU?$char_traits@D@std@@V?$allocator@D@2@@std@@V?$shared_ptr@UNode@NetvarTree@@@2@@std@@@std@@@std@@@0@AAV10@@Z 100027d0 f i Aimbot.obj
 0001:000017d0       ??$_Get_unwrapped_n@V?$_List_unchecked_iterator@V?$_List_val@U?$_List_simple_types@U?$pair@$$CBV?$basic_string@DU?$char_traits@D@std@@V?$allocator@D@2@@std@@V?$shared_ptr@UNode@NetvarTree@@@2@@std@@@std@@@std@@@std@@H$0A@@std@@YAPAV?$_List_unchecked_iterator@V?$_List_val@U?$_List_simple_types@U?$pair@$$CBV?$basic_string@DU?$char_traits@D@std@@V?$allocator@D@2@@std@@V?$shared_ptr@UNode@NetvarTree@@@2@@std@@@std@@@std@@@0@QAV10@H@Z 100027d0 f i Aimbot.obj
 0001:000017d0       ??$move@AAV?$_List_unchecked_iterator@V?$_List_val@U?$_List_simple_types@U?$pair@$$CBV?$basic_string@DU?$char_traits@D@std@@V?$allocator@D@2@@std@@V?$shared_ptr@UNode@NetvarTree@@@2@@std@@@std@@@std@@@std@@@std@@YA$$QAV?$_List_unchecked_iterator@V?$_List_val@U?$_List_simple_types@U?$pair@$$CBV?$basic_string@DU?$char_traits@D@std@@V?$allocator@D@2@@std@@V?$shared_ptr@UNode@NetvarTree@@@2@@std@@@std@@@std@@@0@AAV10@@Z 100027d0 f i Aimbot.obj
 0001:000017d0       ??$forward@V?$tuple@$$QAV?$basic_string@DU?$char_traits@D@std@@V?$allocator@D@2@@std@@@std@@@std@@YA$$QAV?$tuple@$$QAV?$basic_string@DU?$char_traits@D@std@@V?$allocator@D@2@@std@@@0@AAV10@@Z 100027d0 f i Aimbot.obj
 0001:000017d0       ??$addressof@$$CBV?$_Deque_val@U?$_Deque_simple_types@ULegitPlayerRecords@@@std@@@std@@@std@@YAPBV?$_Deque_val@U?$_Deque_simple_types@ULegitPlayerRecords@@@std@@@0@ABV10@@Z 100027d0 f i Legitbot.obj
 0001:000017d0       ??$move@AAV?$allocator@D@std@@@std@@YA$$QAV?$allocator@D@0@AAV10@@Z 100027d0 f i Aimbot.obj
 0001:000017d0       ??$_Get_unwrapped_n@PAUPlayerRecords@@H$0A@@std@@YAPAPAUPlayerRecords@@QAPAU1@H@Z 100027d0 f i LagComp.obj
 0001:000017d0       ??$addressof@$$CBV?$codecvt@DDU_Mbstatet@@@std@@@std@@YAPBV?$codecvt@DDU_Mbstatet@@@0@ABV10@@Z 100027d0 f i config_system.obj
 0001:000017d0       ??$forward@ABV?$allocator@D@std@@@std@@YAABV?$allocator@D@0@ABV10@@Z 100027d0 f i c_esp.obj
 0001:000017d0       ??$forward@PAPAK@std@@YA$$QAPAPAKAAPAPAK@Z 100027d0 f i c_hooks.obj
 0001:000017d0       ??$forward@ABV?$shared_ptr@UNode@NetvarTree@@@std@@@std@@YAABV?$shared_ptr@UNode@NetvarTree@@@0@ABV10@@Z 100027d0 f i NetvarManager.obj
 0001:000017d0       ??$forward@ABULegitPlayerRecords@@@std@@YAABULegitPlayerRecords@@ABU1@@Z 100027d0 f i Legitbot.obj
 0001:000017d0       ?select_on_container_copy_construction@?$_Default_allocator_traits@V?$allocator@D@std@@@std@@SA?AV?$allocator@D@2@ABV32@@Z 100027d0 f i c_esp.obj
 0001:000017d0       ??$addressof@PAULegitPlayerRecords@@@std@@YAPAPAULegitPlayerRecords@@AAPAU1@@Z 100027d0 f i Legitbot.obj
 0001:000017d0       ??$addressof@PAUPlayerRecords@@@std@@YAPAPAUPlayerRecords@@AAPAU1@@Z 100027d0 f i LagComp.obj
 0001:000017d0       ??$addressof@V?$unique_ptr@$$BY0A@IU?$default_delete@$$BY0A@I@std@@@std@@@std@@YAPAV?$unique_ptr@$$BY0A@IU?$default_delete@$$BY0A@I@std@@@0@AAV10@@Z 100027d0 f i c_hooks.obj
 0001:000017d0       ??$forward@AAPAVCModelRender@@@std@@YAAAPAVCModelRender@@AAPAV1@@Z 100027d0 f i c_hooks.obj
 0001:000017d0       ??$_Get_unwrapped@PAUPlayerRecords@@@std@@YAPAPAUPlayerRecords@@QAPAU1@@Z 100027d0 f i LagComp.obj
 0001:000017d0       ??$_Get_unwrapped_n@HH$0A@@std@@YAPAHQAHH@Z 100027d0 f i Aimbot.obj
 0001:000017d0       ??$addressof@V?$_Deque_val@U?$_Deque_simple_types@ULegitPlayerRecords@@@std@@@std@@@std@@YAPAV?$_Deque_val@U?$_Deque_simple_types@ULegitPlayerRecords@@@std@@@0@AAV10@@Z 100027d0 f i Legitbot.obj
 0001:000017d0       ??$forward@ABV?$_List_unchecked_iterator@V?$_List_val@U?$_List_simple_types@U?$pair@$$CBV?$basic_string@DU?$char_traits@D@std@@V?$allocator@D@2@@std@@V?$shared_ptr@UNode@NetvarTree@@@2@@std@@@std@@@std@@@std@@@std@@YAABV?$_List_unchecked_iterator@V?$_List_val@U?$_List_simple_types@U?$pair@$$CBV?$basic_string@DU?$char_traits@D@std@@V?$allocator@D@2@@std@@V?$shared_ptr@UNode@NetvarTree@@@2@@std@@@std@@@std@@@0@ABV10@@Z 100027d0 f i Aimbot.obj
 0001:000017d0       ??$forward@V?$basic_string@DU?$char_traits@D@std@@V?$allocator@D@2@@std@@@std@@YA$$QAV?$basic_string@DU?$char_traits@D@std@@V?$allocator@D@2@@0@AAV10@@Z 100027d0 f i Aimbot.obj
 0001:000017e0       ??$_Deallocate@$07$0A@@std@@YAXPAXI@Z 100027e0 f i c_hooks.obj
 0001:00001810       ??$destroy@PAULegitPlayerRecords@@@?$_Default_allocator_traits@V?$allocator@PAULegitPlayerRecords@@@std@@@std@@SAXAAV?$allocator@PAULegitPlayerRecords@@@1@QAPAULegitPlayerRecords@@@Z 10002810 f i Legitbot.obj
 0001:00001810       ??$_Destroy_range1@V?$allocator@PAULegitPlayerRecords@@@std@@@std@@YAXPAPAULegitPlayerRecords@@0AAV?$allocator@PAULegitPlayerRecords@@@0@U?$integral_constant@_N$00@0@@Z 10002810 f i Legitbot.obj
 0001:00001810       ??$_Adl_verify_range@V?$_String_const_iterator@V?$_String_val@U?$_Simple_types@D@std@@@std@@@std@@V12@@std@@YAXABV?$_String_const_iterator@V?$_String_val@U?$_Simple_types@D@std@@@std@@@0@0@Z 10002810 f i c_esp.obj
 0001:00001810       ??$_Destroy_range1@V?$allocator@V?$_List_unchecked_iterator@V?$_List_val@U?$_List_simple_types@U?$pair@$$CBV?$basic_string@DU?$char_traits@D@std@@V?$allocator@D@2@@std@@V?$shared_ptr@UNode@NetvarTree@@@2@@std@@@std@@@std@@@std@@@std@@@std@@YAXPAV?$_List_unchecked_iterator@V?$_List_val@U?$_List_simple_types@U?$pair@$$CBV?$basic_string@DU?$char_traits@D@std@@V?$allocator@D@2@@std@@V?$shared_ptr@UNode@NetvarTree@@@2@@std@@@std@@@std@@@0@0AAV?$allocator@V?$_List_unchecked_iterator@V?$_List_val@U?$_List_simple_types@U?$pair@$$CBV?$basic_string@DU?$char_traits@D@std@@V?$allocator@D@2@@std@@V?$shared_ptr@UNode@NetvarTree@@@2@@std@@@std@@@std@@@std@@@0@U?$integral_constant@_N$00@0@@Z 10002810 f i c_hooks.obj
 0001:00001810       ??$_Destroy_range1@V?$allocator@PAUPlayerRecords@@@std@@@std@@YAXPAPAUPlayerRecords@@0AAV?$allocator@PAUPlayerRecords@@@0@U?$integral_constant@_N$00@0@@Z 10002810 f i LagComp.obj
 0001:00001810       ??$destroy@PAUPlayerRecords@@@?$_Default_allocator_traits@V?$allocator@PAUPlayerRecords@@@std@@@std@@SAXAAV?$allocator@PAUPlayerRecords@@@1@QAPAUPlayerRecords@@@Z 10002810 f i LagComp.obj
 0001:00001810       ??$destroy@PA_W@?$_Default_allocator_traits@V?$allocator@_W@std@@@std@@SAXAAV?$allocator@_W@1@QAPA_W@Z 10002810 f i config_system.obj
 0001:00001810       ??$_Adl_verify_range@V?$_Deque_iterator@V?$_Deque_val@U?$_Deque_simple_types@ULegitPlayerRecords@@@std@@@std@@@std@@V12@@std@@YAXABV?$_Deque_iterator@V?$_Deque_val@U?$_Deque_simple_types@ULegitPlayerRecords@@@std@@@std@@@0@0@Z 10002810 f i Legitbot.obj
 0001:00001810       ?config_tab@@YAXXZ         10002810 f i menu_system.obj
 0001:00001810       ??$_Adl_verify_range@PADPAD@std@@YAXABQAD0@Z 10002810 f i c_esp.obj
 0001:00001810       ??$destroy@PAU?$_List_node@U?$pair@$$CBV?$basic_string@DU?$char_traits@D@std@@V?$allocator@D@2@@std@@V?$shared_ptr@UNode@NetvarTree@@@2@@std@@PAX@std@@@?$_Default_allocator_traits@V?$allocator@U?$_List_node@U?$pair@$$CBV?$basic_string@DU?$char_traits@D@std@@V?$allocator@D@2@@std@@V?$shared_ptr@UNode@NetvarTree@@@2@@std@@PAX@std@@@std@@@std@@SAXAAV?$allocator@U?$_List_node@U?$pair@$$CBV?$basic_string@DU?$char_traits@D@std@@V?$allocator@D@2@@std@@V?$shared_ptr@UNode@NetvarTree@@@2@@std@@PAX@std@@@1@QAPAU?$_List_node@U?$pair@$$CBV?$basic_string@DU?$char_traits@D@std@@V?$allocator@D@2@@std@@V?$shared_ptr@UNode@NetvarTree@@@2@@std@@PAX@1@@Z 10002810 f i c_hooks.obj
 0001:00001810       ??$_Enable_shared_from_this1@UNode@NetvarTree@@U12@@std@@YAXABV?$shared_ptr@UNode@NetvarTree@@@0@PAUNode@NetvarTree@@U?$integral_constant@_N$0A@@0@@Z 10002810 f i NetvarManager.obj
 0001:00001810       ??$destroy@UPlayerRecords@@@?$_Default_allocator_traits@V?$allocator@UPlayerRecords@@@std@@@std@@SAXAAV?$allocator@UPlayerRecords@@@1@QAUPlayerRecords@@@Z 10002810 f i LagComp.obj
 0001:00001810       ??$destroy@U_Container_proxy@std@@@?$_Default_allocator_traits@V?$allocator@U_Container_proxy@std@@@std@@@std@@SAXAAV?$allocator@U_Container_proxy@std@@@1@QAU_Container_proxy@1@@Z 10002810 f i LagComp.obj
 0001:00001810       ??$_Destroy_range1@V?$allocator@H@std@@@std@@YAXPAH0AAV?$allocator@H@0@U?$integral_constant@_N$00@0@@Z 10002810 f i Aimbot.obj
 0001:00001810       ??$destroy@ULegitPlayerRecords@@@?$_Default_allocator_traits@V?$allocator@ULegitPlayerRecords@@@std@@@std@@SAXAAV?$allocator@ULegitPlayerRecords@@@1@QAULegitPlayerRecords@@@Z 10002810 f i Legitbot.obj
 0001:00001810       ?Log@Utils@@SAXABV?$basic_string@DU?$char_traits@D@std@@V?$allocator@D@2@@std@@ZZ 10002810 f i c_hooks.obj
 0001:00001810       ??$_Adl_verify_range@V?$_Deque_iterator@V?$_Deque_val@U?$_Deque_simple_types@UPlayerRecords@@@std@@@std@@@std@@V12@@std@@YAXABV?$_Deque_iterator@V?$_Deque_val@U?$_Deque_simple_types@UPlayerRecords@@@std@@@std@@@0@0@Z 10002810 f i LagComp.obj
 0001:00001810       ??3@YAXPAXUImPlacementNewDummy@@0@Z 10002810 f i imgui.obj
 0001:00001810       ??$_Adl_verify_range@V?$_String_iterator@V?$_String_val@U?$_Simple_types@D@std@@@std@@@std@@V12@@std@@YAXABV?$_String_iterator@V?$_String_val@U?$_Simple_types@D@std@@@std@@@0@0@Z 10002810 f i c_esp.obj
 0001:00001810       ??$destroy@PAD@?$_Default_allocator_traits@V?$allocator@D@std@@@std@@SAXAAV?$allocator@D@1@QAPAD@Z 10002810 f i c_hooks.obj
 0001:00001820       ??$_Destroy_range@V?$allocator@V?$_List_unchecked_iterator@V?$_List_val@U?$_List_simple_types@U?$pair@$$CBV?$basic_string@DU?$char_traits@D@std@@V?$allocator@D@2@@std@@V?$shared_ptr@UNode@NetvarTree@@@2@@std@@@std@@@std@@@std@@@std@@@std@@YAXPAV?$_List_unchecked_iterator@V?$_List_val@U?$_List_simple_types@U?$pair@$$CBV?$basic_string@DU?$char_traits@D@std@@V?$allocator@D@2@@std@@V?$shared_ptr@UNode@NetvarTree@@@2@@std@@@std@@@std@@@0@0AAV?$allocator@V?$_List_unchecked_iterator@V?$_List_val@U?$_List_simple_types@U?$pair@$$CBV?$basic_string@DU?$char_traits@D@std@@V?$allocator@D@2@@std@@V?$shared_ptr@UNode@NetvarTree@@@2@@std@@@std@@@std@@@std@@@0@@Z 10002820 f i c_hooks.obj
 0001:00001820       ??$_Destroy_range@V?$allocator@PAUPlayerRecords@@@std@@@std@@YAXPAPAUPlayerRecords@@0AAV?$allocator@PAUPlayerRecords@@@0@@Z 10002820 f i LagComp.obj
 0001:00001820       ??$_Destroy_range@V?$allocator@H@std@@@std@@YAXPAH0AAV?$allocator@H@0@@Z 10002820 f i Aimbot.obj
 0001:00001820       ??$_Destroy_range@V?$allocator@PAULegitPlayerRecords@@@std@@@std@@YAXPAPAULegitPlayerRecords@@0AAV?$allocator@PAULegitPlayerRecords@@@0@@Z 10002820 f i Legitbot.obj
 0001:00001850       ??$_Freenode0@V?$allocator@U?$_List_node@U?$pair@$$CBV?$basic_string@DU?$char_traits@D@std@@V?$allocator@D@2@@std@@V?$shared_ptr@UNode@NetvarTree@@@2@@std@@PAX@std@@@std@@@?$_List_node@U?$pair@$$CBV?$basic_string@DU?$char_traits@D@std@@V?$allocator@D@2@@std@@V?$shared_ptr@UNode@NetvarTree@@@2@@std@@PAX@std@@SAXAAV?$allocator@U?$_List_node@U?$pair@$$CBV?$basic_string@DU?$char_traits@D@std@@V?$allocator@D@2@@std@@V?$shared_ptr@UNode@NetvarTree@@@2@@std@@PAX@std@@@1@PAU01@@Z 10002850 f i c_hooks.obj
 0001:000018d0       ??$_Max_value@I@std@@YAABIABI0@Z 100028d0 f i c_hooks.obj
 0001:00001900       ??$_Min_value@I@std@@YAABIABI0@Z 10002900 f i c_hooks.obj
 0001:00001930       ??$_Reallocate_for@V<lambda_9366063389c5f42a00a5088cf24e69de>@@PBD@?$basic_string@DU?$char_traits@D@std@@V?$allocator@D@2@@std@@QAEAAV01@IV<lambda_9366063389c5f42a00a5088cf24e69de>@@PBD@Z 10002930 f i c_hooks.obj
 0001:00001a10       ??$construct@PADABQAD@?$_Default_allocator_traits@V?$allocator@D@std@@@std@@SAXAAV?$allocator@D@1@QAPADABQAD@Z 10002a10 f i c_hooks.obj
 0001:00001a10       ??$construct@PAU?$_List_node@U?$pair@$$CBV?$basic_string@DU?$char_traits@D@std@@V?$allocator@D@2@@std@@V?$shared_ptr@UNode@NetvarTree@@@2@@std@@PAX@std@@AAPAU12@@?$_Default_allocator_traits@V?$allocator@U?$_List_node@U?$pair@$$CBV?$basic_string@DU?$char_traits@D@std@@V?$allocator@D@2@@std@@V?$shared_ptr@UNode@NetvarTree@@@2@@std@@PAX@std@@@std@@@std@@SAXAAV?$allocator@U?$_List_node@U?$pair@$$CBV?$basic_string@DU?$char_traits@D@std@@V?$allocator@D@2@@std@@V?$shared_ptr@UNode@NetvarTree@@@2@@std@@PAX@std@@@1@QAPAU?$_List_node@U?$pair@$$CBV?$basic_string@DU?$char_traits@D@std@@V?$allocator@D@2@@std@@V?$shared_ptr@UNode@NetvarTree@@@2@@std@@PAX@1@AAPAU31@@Z 10002a10 f i Aimbot.obj
 0001:00001a10       ??$construct@HH@?$_Default_allocator_traits@V?$allocator@H@std@@@std@@SAXAAV?$allocator@H@1@QAH$$QAH@Z 10002a10 f i Aimbot.obj
 0001:00001a40       ??$destroy@U?$pair@$$CBV?$basic_string@DU?$char_traits@D@std@@V?$allocator@D@2@@std@@V?$shared_ptr@UNode@NetvarTree@@@2@@std@@@?$_Default_allocator_traits@V?$allocator@U?$_List_node@U?$pair@$$CBV?$basic_string@DU?$char_traits@D@std@@V?$allocator@D@2@@std@@V?$shared_ptr@UNode@NetvarTree@@@2@@std@@PAX@std@@@std@@@std@@SAXAAV?$allocator@U?$_List_node@U?$pair@$$CBV?$basic_string@DU?$char_traits@D@std@@V?$allocator@D@2@@std@@V?$shared_ptr@UNode@NetvarTree@@@2@@std@@PAX@std@@@1@QAU?$pair@$$CBV?$basic_string@DU?$char_traits@D@std@@V?$allocator@D@2@@std@@V?$shared_ptr@UNode@NetvarTree@@@2@@1@@Z 10002a40 f i c_hooks.obj
 0001:00001a50       ??$make_unique@$$BY0A@I$0A@@std@@YA?AV?$unique_ptr@$$BY0A@IU?$default_delete@$$BY0A@I@std@@@0@I@Z 10002a50 f i c_hooks.obj
 0001:00001ad0       ??$make_unique@VNetvarTree@@$$V$0A@@std@@YA?AV?$unique_ptr@VNetvarTree@@U?$default_delete@VNetvarTree@@@std@@@0@XZ 10002ad0 f i c_hooks.obj
 0001:00001b60       ??$make_unique@VVMTHook@@AAPAVISurface@@$0A@@std@@YA?AV?$unique_ptr@VVMTHook@@U?$default_delete@VVMTHook@@@std@@@0@AAPAVISurface@@@Z 10002b60 f i c_hooks.obj
 0001:00001b60       ??$make_unique@VVMTHook@@AAPAVCModelRender@@$0A@@std@@YA?AV?$unique_ptr@VVMTHook@@U?$default_delete@VVMTHook@@@std@@@0@AAPAVCModelRender@@@Z 10002b60 f i c_hooks.obj
 0001:00001b60       ??$make_unique@VVMTHook@@PAPAK$0A@@std@@YA?AV?$unique_ptr@VVMTHook@@U?$default_delete@VVMTHook@@@std@@@0@$$QAPAPAK@Z 10002b60 f i c_hooks.obj
 0001:00001b60       ??$make_unique@VVMTHook@@AAPAVIPanel@@$0A@@std@@YA?AV?$unique_ptr@VVMTHook@@U?$default_delete@VVMTHook@@@std@@@0@AAPAVIPanel@@@Z 10002b60 f i c_hooks.obj
 0001:00001b60       ??$make_unique@VVMTHook@@AAPAVIClientMode@@$0A@@std@@YA?AV?$unique_ptr@VVMTHook@@U?$default_delete@VVMTHook@@@std@@@0@AAPAVIClientMode@@@Z 10002b60 f i c_hooks.obj
 0001:00001b60       ??$make_unique@VVMTHook@@AAPAVIVRenderView@@$0A@@std@@YA?AV?$unique_ptr@VVMTHook@@U?$default_delete@VVMTHook@@@std@@@0@AAPAVIVRenderView@@@Z 10002b60 f i c_hooks.obj
 0001:00001b60       ??$make_unique@VVMTHook@@AAPAVIBaseClientDLL@@$0A@@std@@YA?AV?$unique_ptr@VVMTHook@@U?$default_delete@VVMTHook@@@std@@@0@AAPAVIBaseClientDLL@@@Z 10002b60 f i c_hooks.obj
 0001:00001c10       ??$reset@PAIX@?$unique_ptr@$$BY0A@IU?$default_delete@$$BY0A@I@std@@@std@@QAEXPAI@Z 10002c10 f i c_hooks.obj
 0001:00001c60       ??0?$_String_alloc@U?$_String_base_types@DV?$allocator@D@std@@@std@@@std@@QAE@XZ 10002c60 f i c_hooks.obj
 0001:00001c60       ??0?$_String_alloc@U?$_String_base_types@_WV?$allocator@_W@std@@@std@@@std@@QAE@XZ 10002c60 f i config_system.obj
 0001:00001c90       ??0?$_String_val@U?$_Simple_types@D@std@@@std@@QAE@XZ 10002c90 f i c_hooks.obj
 0001:00001c90       ??0?$_String_val@U?$_Simple_types@_W@std@@@std@@QAE@XZ 10002c90 f i config_system.obj
 0001:00001cc0       ?_Get_first@?$_Compressed_pair@V?$allocator@U?$_List_node@U?$pair@$$CBV?$basic_string@DU?$char_traits@D@std@@V?$allocator@D@2@@std@@V?$shared_ptr@UNode@NetvarTree@@@2@@std@@PAX@std@@@std@@V?$_List_val@U?$_List_simple_types@U?$pair@$$CBV?$basic_string@DU?$char_traits@D@std@@V?$allocator@D@2@@std@@V?$shared_ptr@UNode@NetvarTree@@@2@@std@@@std@@@2@$00@std@@QBEABV?$allocator@U?$_List_node@U?$pair@$$CBV?$basic_string@DU?$char_traits@D@std@@V?$allocator@D@2@@std@@V?$shared_ptr@UNode@NetvarTree@@@2@@std@@PAX@std@@@2@XZ 10002cc0 f i Aimbot.obj
 0001:00001cc0       ?_Get_second@?$_Compressed_pair@V?$allocator@D@std@@V?$_String_val@U?$_Simple_types@D@std@@@2@$00@std@@QAEAAV?$_String_val@U?$_Simple_types@D@std@@@2@XZ 10002cc0 f i c_hooks.obj
 0001:00001cc0       ??0?$allocator@ULegitPlayerRecords@@@std@@QAE@XZ 10002cc0 f i Legitbot.obj
 0001:00001cc0       ??0_Bxty@?$_String_val@U?$_Simple_types@_W@std@@@std@@QAE@XZ 10002cc0 f i config_system.obj
 0001:00001cc0       ?_Get_first@?$_Compressed_pair@V?$allocator@ULegitPlayerRecords@@@std@@V?$_Deque_val@U?$_Deque_simple_types@ULegitPlayerRecords@@@std@@@2@$00@std@@QAEAAV?$allocator@ULegitPlayerRecords@@@2@XZ 10002cc0 f i Legitbot.obj
 0001:00001cc0       ?_Get_second@?$_Compressed_pair@U?$default_delete@VShadowVTManager@@@std@@PAVShadowVTManager@@$00@std@@QBEABQAVShadowVTManager@@XZ 10002cc0 f i c_hooks.obj
 0001:00001cc0       ?_Get_second@?$_Compressed_pair@U?$hash@V?$basic_string@DU?$char_traits@D@std@@V?$allocator@D@2@@std@@@std@@V?$_Compressed_pair@U?$equal_to@V?$basic_string@DU?$char_traits@D@std@@V?$allocator@D@2@@std@@@std@@M$00@2@$00@std@@QBEABV?$_Compressed_pair@U?$equal_to@V?$basic_string@DU?$char_traits@D@std@@V?$allocator@D@2@@std@@@std@@M$00@2@XZ 10002cc0 f i Aimbot.obj
 0001:00001cc0       ?_Get_first@?$_Compressed_pair@V?$allocator@H@std@@V?$_Vector_val@U?$_Simple_types@H@std@@@2@$00@std@@QBEABV?$allocator@H@2@XZ 10002cc0 f i Aimbot.obj
 0001:00001cc0       ??0matrix3x4_t@@QAE@XZ     10002cc0 f i Aimbot.obj
 0001:00001cc0       ?_Get_second@?$_Compressed_pair@V?$allocator@V?$_List_unchecked_iterator@V?$_List_val@U?$_List_simple_types@U?$pair@$$CBV?$basic_string@DU?$char_traits@D@std@@V?$allocator@D@2@@std@@V?$shared_ptr@UNode@NetvarTree@@@2@@std@@@std@@@std@@@std@@@std@@V?$_Vector_val@U?$_Simple_types@V?$_List_unchecked_iterator@V?$_List_val@U?$_List_simple_types@U?$pair@$$CBV?$basic_string@DU?$char_traits@D@std@@V?$allocator@D@2@@std@@V?$shared_ptr@UNode@NetvarTree@@@2@@std@@@std@@@std@@@std@@@std@@@2@$00@std@@QBEABV?$_Vector_val@U?$_Simple_types@V?$_List_unchecked_iterator@V?$_List_val@U?$_List_simple_types@U?$pair@$$CBV?$basic_string@DU?$char_traits@D@std@@V?$allocator@D@2@@std@@V?$shared_ptr@UNode@NetvarTree@@@2@@std@@@std@@@std@@@std@@@std@@@2@XZ 10002cc0 f i c_hooks.obj
 0001:00001cc0       ?_Get_first@?$_Compressed_pair@V?$allocator@_W@std@@V?$_String_val@U?$_Simple_types@_W@std@@@2@$00@std@@QAEAAV?$allocator@_W@2@XZ 10002cc0 f i config_system.obj
 0001:00001cc0       ?_Get_first@?$_Compressed_pair@V?$allocator@D@std@@V?$_String_val@U?$_Simple_types@D@std@@@2@$00@std@@QAEAAV?$allocator@D@2@XZ 10002cc0 f i c_hooks.obj
 0001:00001cc0       ?_Get_second@?$_Compressed_pair@V?$allocator@V?$_List_unchecked_iterator@V?$_List_val@U?$_List_simple_types@U?$pair@$$CBV?$basic_string@DU?$char_traits@D@std@@V?$allocator@D@2@@std@@V?$shared_ptr@UNode@NetvarTree@@@2@@std@@@std@@@std@@@std@@@std@@V?$_Vector_val@U?$_Simple_types@V?$_List_unchecked_iterator@V?$_List_val@U?$_List_simple_types@U?$pair@$$CBV?$basic_string@DU?$char_traits@D@std@@V?$allocator@D@2@@std@@V?$shared_ptr@UNode@NetvarTree@@@2@@std@@@std@@@std@@@std@@@std@@@2@$00@std@@QAEAAV?$_Vector_val@U?$_Simple_types@V?$_List_unchecked_iterator@V?$_List_val@U?$_List_simple_types@U?$pair@$$CBV?$basic_string@DU?$char_traits@D@std@@V?$allocator@D@2@@std@@V?$shared_ptr@UNode@NetvarTree@@@2@@std@@@std@@@std@@@std@@@std@@@2@XZ 10002cc0 f i c_hooks.obj
 0001:00001cc0       ?_Get_second@?$_Compressed_pair@V?$allocator@V?$basic_string@DU?$char_traits@D@std@@V?$allocator@D@2@@std@@@std@@V?$_Vector_val@U?$_Simple_types@V?$basic_string@DU?$char_traits@D@std@@V?$allocator@D@2@@std@@@std@@@2@$00@std@@QBEABV?$_Vector_val@U?$_Simple_types@V?$basic_string@DU?$char_traits@D@std@@V?$allocator@D@2@@std@@@std@@@2@XZ 10002cc0 f i config_system.obj
 0001:00001cc0       ??0?$allocator@D@std@@QAE@XZ 10002cc0 f i c_hooks.obj
 0001:00001cc0       ?_Get_first@?$_Compressed_pair@V?$allocator@ULegitPlayerRecords@@@std@@V?$_Deque_val@U?$_Deque_simple_types@ULegitPlayerRecords@@@std@@@2@$00@std@@QBEABV?$allocator@ULegitPlayerRecords@@@2@XZ 10002cc0 f i Legitbot.obj
 0001:00001cc0       ?_Get_second@?$_Compressed_pair@V?$allocator@ULegitPlayerRecords@@@std@@V?$_Deque_val@U?$_Deque_simple_types@ULegitPlayerRecords@@@std@@@2@$00@std@@QAEAAV?$_Deque_val@U?$_Deque_simple_types@ULegitPlayerRecords@@@std@@@2@XZ 10002cc0 f i Legitbot.obj
 0001:00001cc0       ?_Get_second@?$_Compressed_pair@V?$allocator@UPlayerRecords@@@std@@V?$_Deque_val@U?$_Deque_simple_types@UPlayerRecords@@@std@@@2@$00@std@@QAEAAV?$_Deque_val@U?$_Deque_simple_types@UPlayerRecords@@@std@@@2@XZ 10002cc0 f i Aimbot.obj
 0001:00001cc0       ?_Get_second@?$_Compressed_pair@V?$allocator@U?$_List_node@U?$pair@$$CBV?$basic_string@DU?$char_traits@D@std@@V?$allocator@D@2@@std@@V?$shared_ptr@UNode@NetvarTree@@@2@@std@@PAX@std@@@std@@V?$_List_val@U?$_List_simple_types@U?$pair@$$CBV?$basic_string@DU?$char_traits@D@std@@V?$allocator@D@2@@std@@V?$shared_ptr@UNode@NetvarTree@@@2@@std@@@std@@@2@$00@std@@QAEAAV?$_List_val@U?$_List_simple_types@U?$pair@$$CBV?$basic_string@DU?$char_traits@D@std@@V?$allocator@D@2@@std@@V?$shared_ptr@UNode@NetvarTree@@@2@@std@@@std@@@2@XZ 10002cc0 f i c_hooks.obj
 0001:00001cc0       ??0Vector2D@@QAE@XZ        10002cc0 f i Legitbot.obj
 0001:00001cc0       ?_Get_second@?$_Compressed_pair@U?$default_delete@$$BY0A@I@std@@PAI$00@std@@QBEABQAIXZ 10002cc0 f i c_hooks.obj
 0001:00001cc0       ?_Get_first@?$_Compressed_pair@V?$allocator@V?$basic_string@DU?$char_traits@D@std@@V?$allocator@D@2@@std@@@std@@V?$_Vector_val@U?$_Simple_types@V?$basic_string@DU?$char_traits@D@std@@V?$allocator@D@2@@std@@@std@@@2@$00@std@@QAEAAV?$allocator@V?$basic_string@DU?$char_traits@D@std@@V?$allocator@D@2@@std@@@2@XZ 10002cc0 f i config_system.obj
 0001:00001cc0       ??0_Bxty@?$_String_val@U?$_Simple_types@D@std@@@std@@QAE@XZ 10002cc0 f i c_hooks.obj
 0001:00001cc0       ?_Get_second@?$_Compressed_pair@V?$allocator@UPlayerRecords@@@std@@V?$_Deque_val@U?$_Deque_simple_types@UPlayerRecords@@@std@@@2@$00@std@@QBEABV?$_Deque_val@U?$_Deque_simple_types@UPlayerRecords@@@std@@@2@XZ 10002cc0 f i Aimbot.obj
 0001:00001cc0       ?_Get_first@?$_Compressed_pair@V?$allocator@UPlayerRecords@@@std@@V?$_Deque_val@U?$_Deque_simple_types@UPlayerRecords@@@std@@@2@$00@std@@QBEABV?$allocator@UPlayerRecords@@@2@XZ 10002cc0 f i LagComp.obj
 0001:00001cc0       ??0?$allocator@UPlayerRecords@@@std@@QAE@XZ 10002cc0 f i LagComp.obj
 0001:00001cc0       ?_Get_second@?$_Compressed_pair@U?$default_delete@VNetvarTree@@@std@@PAVNetvarTree@@$00@std@@QBEABQAVNetvarTree@@XZ 10002cc0 f i c_hooks.obj
 0001:00001cc0       ?_Get_second@?$_Compressed_pair@U?$default_delete@VVMTHook@@@std@@PAVVMTHook@@$00@std@@QAEAAPAVVMTHook@@XZ 10002cc0 f i c_hooks.obj
 0001:00001cc0       ?_Get_first@?$_Compressed_pair@U?$default_delete@VVMTHook@@@std@@PAVVMTHook@@$00@std@@QAEAAU?$default_delete@VVMTHook@@@2@XZ 10002cc0 f i c_hooks.obj
 0001:00001cc0       ?_Get_first@?$_Compressed_pair@U?$default_delete@V_Facet_base@std@@@std@@PAV_Facet_base@2@$00@std@@QAEAAU?$default_delete@V_Facet_base@std@@@2@XZ 10002cc0 f i config_system.obj
 0001:00001cc0       ?_Get_first@?$_Compressed_pair@V?$allocator@UPlayerRecords@@@std@@V?$_Deque_val@U?$_Deque_simple_types@UPlayerRecords@@@std@@@2@$00@std@@QAEAAV?$allocator@UPlayerRecords@@@2@XZ 10002cc0 f i LagComp.obj
 0001:00001cc0       ?_Get_second@?$_Compressed_pair@V?$allocator@_W@std@@V?$_String_val@U?$_Simple_types@_W@std@@@2@$00@std@@QAEAAV?$_String_val@U?$_Simple_types@_W@std@@@2@XZ 10002cc0 f i config_system.obj
 0001:00001cc0       ?_Get_second@?$_Compressed_pair@U?$default_delete@VVMTHook@@@std@@PAVVMTHook@@$00@std@@QBEABQAVVMTHook@@XZ 10002cc0 f i c_hooks.obj
 0001:00001cc0       ?_Get_first@?$_Compressed_pair@V?$allocator@H@std@@V?$_Vector_val@U?$_Simple_types@H@std@@@2@$00@std@@QAEAAV?$allocator@H@2@XZ 10002cc0 f i Aimbot.obj
 0001:00001cc0       ?_Get_second@?$_Compressed_pair@U?$default_delete@$$BY0A@I@std@@PAI$00@std@@QAEAAPAIXZ 10002cc0 f i c_hooks.obj
 0001:00001cc0       ??0?$allocator@U?$pair@$$CBV?$basic_string@DU?$char_traits@D@std@@V?$allocator@D@2@@std@@V?$shared_ptr@UNode@NetvarTree@@@2@@std@@@std@@QAE@XZ 10002cc0 f i NetvarManager.obj
 0001:00001cc0       ?_Get_second@?$_Compressed_pair@V?$allocator@U?$_List_node@U?$pair@$$CBV?$basic_string@DU?$char_traits@D@std@@V?$allocator@D@2@@std@@V?$shared_ptr@UNode@NetvarTree@@@2@@std@@PAX@std@@@std@@V?$_List_val@U?$_List_simple_types@U?$pair@$$CBV?$basic_string@DU?$char_traits@D@std@@V?$allocator@D@2@@std@@V?$shared_ptr@UNode@NetvarTree@@@2@@std@@@std@@@2@$00@std@@QBEABV?$_List_val@U?$_List_simple_types@U?$pair@$$CBV?$basic_string@DU?$char_traits@D@std@@V?$allocator@D@2@@std@@V?$shared_ptr@UNode@NetvarTree@@@2@@std@@@std@@@2@XZ 10002cc0 f i Aimbot.obj
 0001:00001cc0       ??0?$allocator@H@std@@QAE@XZ 10002cc0 f i Aimbot.obj
 0001:00001cc0       ?_Get_second@?$_Compressed_pair@V?$allocator@ULegitPlayerRecords@@@std@@V?$_Deque_val@U?$_Deque_simple_types@ULegitPlayerRecords@@@std@@@2@$00@std@@QBEABV?$_Deque_val@U?$_Deque_simple_types@ULegitPlayerRecords@@@std@@@2@XZ 10002cc0 f i Legitbot.obj
 0001:00001cc0       ?_Get_second@?$_Compressed_pair@V?$allocator@H@std@@V?$_Vector_val@U?$_Simple_types@H@std@@@2@$00@std@@QBEABV?$_Vector_val@U?$_Simple_types@H@std@@@2@XZ 10002cc0 f i Aimbot.obj
 0001:00001cc0       ?_Get_second@?$_Compressed_pair@U?$default_delete@V_Facet_base@std@@@std@@PAV_Facet_base@2@$00@std@@QAEAAPAV_Facet_base@2@XZ 10002cc0 f i config_system.obj
 0001:00001cc0       ?_Get_first@?$_Compressed_pair@U?$hash@V?$basic_string@DU?$char_traits@D@std@@V?$allocator@D@2@@std@@@std@@V?$_Compressed_pair@U?$equal_to@V?$basic_string@DU?$char_traits@D@std@@V?$allocator@D@2@@std@@@std@@M$00@2@$00@std@@QBEABU?$hash@V?$basic_string@DU?$char_traits@D@std@@V?$allocator@D@2@@std@@@2@XZ 10002cc0 f i Aimbot.obj
 0001:00001cc0       ?_Get_second@?$_Compressed_pair@V?$allocator@D@std@@V?$_String_val@U?$_Simple_types@D@std@@@2@$00@std@@QBEABV?$_String_val@U?$_Simple_types@D@std@@@2@XZ 10002cc0 f i c_hooks.obj
 0001:00001cc0       ?_Get_second@?$_Compressed_pair@V?$allocator@H@std@@V?$_Vector_val@U?$_Simple_types@H@std@@@2@$00@std@@QAEAAV?$_Vector_val@U?$_Simple_types@H@std@@@2@XZ 10002cc0 f i Aimbot.obj
 0001:00001cc0       ?_Get_second@?$_Compressed_pair@U?$default_delete@V_Facet_base@std@@@std@@PAV_Facet_base@2@$00@std@@QBEABQAV_Facet_base@2@XZ 10002cc0 f i config_system.obj
 0001:00001cc0       ?_Get_second@?$_Compressed_pair@U?$default_delete@VNetvarTree@@@std@@PAVNetvarTree@@$00@std@@QAEAAPAVNetvarTree@@XZ 10002cc0 f i c_hooks.obj
 0001:00001cc0       ??0Vector@@QAE@XZ          10002cc0 f i Aimbot.obj
 0001:00001cc0       ??0?$tuple@$$V@std@@QAE@XZ 10002cc0 f i Aimbot.obj
 0001:00001cc0       ?_Get_first@?$_Compressed_pair@V?$allocator@U?$_List_node@U?$pair@$$CBV?$basic_string@DU?$char_traits@D@std@@V?$allocator@D@2@@std@@V?$shared_ptr@UNode@NetvarTree@@@2@@std@@PAX@std@@@std@@V?$_List_val@U?$_List_simple_types@U?$pair@$$CBV?$basic_string@DU?$char_traits@D@std@@V?$allocator@D@2@@std@@V?$shared_ptr@UNode@NetvarTree@@@2@@std@@@std@@@2@$00@std@@QAEAAV?$allocator@U?$_List_node@U?$pair@$$CBV?$basic_string@DU?$char_traits@D@std@@V?$allocator@D@2@@std@@V?$shared_ptr@UNode@NetvarTree@@@2@@std@@PAX@std@@@2@XZ 10002cc0 f i c_hooks.obj
 0001:00001cc0       ??0?$allocator@V?$basic_string@DU?$char_traits@D@std@@V?$allocator@D@2@@std@@@std@@QAE@XZ 10002cc0 f i config_system.obj
 0001:00001cc0       ?_Get_first@?$_Compressed_pair@U?$default_delete@$$BY0A@I@std@@PAI$00@std@@QAEAAU?$default_delete@$$BY0A@I@2@XZ 10002cc0 f i c_hooks.obj
 0001:00001cc0       ?_Get_first@?$_Compressed_pair@V?$allocator@D@std@@V?$_String_val@U?$_Simple_types@D@std@@@2@$00@std@@QBEABV?$allocator@D@2@XZ 10002cc0 f i c_hooks.obj
 0001:00001cc0       ?_Get_first@?$_Compressed_pair@U?$default_delete@VNetvarTree@@@std@@PAVNetvarTree@@$00@std@@QAEAAU?$default_delete@VNetvarTree@@@2@XZ 10002cc0 f i c_hooks.obj
 0001:00001cc0       ?_Get_second@?$_Compressed_pair@U?$equal_to@V?$basic_string@DU?$char_traits@D@std@@V?$allocator@D@2@@std@@@std@@M$00@std@@QBEABMXZ 10002cc0 f i Aimbot.obj
 0001:00001cc0       ?_Get_second@?$_Compressed_pair@U?$equal_to@V?$basic_string@DU?$char_traits@D@std@@V?$allocator@D@2@@std@@@std@@M$00@std@@QAEAAMXZ 10002cc0 f i NetvarManager.obj
 0001:00001cc0       ?_Get_first@?$_Compressed_pair@U?$default_delete@VShadowVTManager@@@std@@PAVShadowVTManager@@$00@std@@QAEAAU?$default_delete@VShadowVTManager@@@2@XZ 10002cc0 f i c_hooks.obj
 0001:00001cc0       ?_Get_second@?$_Compressed_pair@V?$allocator@V?$basic_string@DU?$char_traits@D@std@@V?$allocator@D@2@@std@@@std@@V?$_Vector_val@U?$_Simple_types@V?$basic_string@DU?$char_traits@D@std@@V?$allocator@D@2@@std@@@std@@@2@$00@std@@QAEAAV?$_Vector_val@U?$_Simple_types@V?$basic_string@DU?$char_traits@D@std@@V?$allocator@D@2@@std@@@std@@@2@XZ 10002cc0 f i config_system.obj
 0001:00001cc0       ?_Get_second@?$_Compressed_pair@U?$hash@V?$basic_string@DU?$char_traits@D@std@@V?$allocator@D@2@@std@@@std@@V?$_Compressed_pair@U?$equal_to@V?$basic_string@DU?$char_traits@D@std@@V?$allocator@D@2@@std@@@std@@M$00@2@$00@std@@QAEAAV?$_Compressed_pair@U?$equal_to@V?$basic_string@DU?$char_traits@D@std@@V?$allocator@D@2@@std@@@std@@M$00@2@XZ 10002cc0 f i NetvarManager.obj
 0001:00001cc0       ?_Get_first@?$_Compressed_pair@V?$allocator@V?$_List_unchecked_iterator@V?$_List_val@U?$_List_simple_types@U?$pair@$$CBV?$basic_string@DU?$char_traits@D@std@@V?$allocator@D@2@@std@@V?$shared_ptr@UNode@NetvarTree@@@2@@std@@@std@@@std@@@std@@@std@@V?$_Vector_val@U?$_Simple_types@V?$_List_unchecked_iterator@V?$_List_val@U?$_List_simple_types@U?$pair@$$CBV?$basic_string@DU?$char_traits@D@std@@V?$allocator@D@2@@std@@V?$shared_ptr@UNode@NetvarTree@@@2@@std@@@std@@@std@@@std@@@std@@@2@$00@std@@QBEABV?$allocator@V?$_List_unchecked_iterator@V?$_List_val@U?$_List_simple_types@U?$pair@$$CBV?$basic_string@DU?$char_traits@D@std@@V?$allocator@D@2@@std@@V?$shared_ptr@UNode@NetvarTree@@@2@@std@@@std@@@std@@@std@@@2@XZ 10002cc0 f i Aimbot.obj
 0001:00001cc0       ?_Get_first@?$_Compressed_pair@U?$equal_to@V?$basic_string@DU?$char_traits@D@std@@V?$allocator@D@2@@std@@@std@@M$00@std@@QBEABU?$equal_to@V?$basic_string@DU?$char_traits@D@std@@V?$allocator@D@2@@std@@@2@XZ 10002cc0 f i Aimbot.obj
 0001:00001cc0       ?_Get_first@?$_Compressed_pair@V?$allocator@V?$_List_unchecked_iterator@V?$_List_val@U?$_List_simple_types@U?$pair@$$CBV?$basic_string@DU?$char_traits@D@std@@V?$allocator@D@2@@std@@V?$shared_ptr@UNode@NetvarTree@@@2@@std@@@std@@@std@@@std@@@std@@V?$_Vector_val@U?$_Simple_types@V?$_List_unchecked_iterator@V?$_List_val@U?$_List_simple_types@U?$pair@$$CBV?$basic_string@DU?$char_traits@D@std@@V?$allocator@D@2@@std@@V?$shared_ptr@UNode@NetvarTree@@@2@@std@@@std@@@std@@@std@@@std@@@2@$00@std@@QAEAAV?$allocator@V?$_List_unchecked_iterator@V?$_List_val@U?$_List_simple_types@U?$pair@$$CBV?$basic_string@DU?$char_traits@D@std@@V?$allocator@D@2@@std@@V?$shared_ptr@UNode@NetvarTree@@@2@@std@@@std@@@std@@@std@@@2@XZ 10002cc0 f i c_hooks.obj
 0001:00001cc0       ??0?$allocator@_W@std@@QAE@XZ 10002cc0 f i config_system.obj
 0001:00001cd0       ??0?$basic_string@DU?$char_traits@D@std@@V?$allocator@D@2@@std@@QAE@QBD@Z 10002cd0 f i c_hooks.obj
 0001:00001d40       ??0Event@@QAE@XZ           10002d40 f i c_hooks.obj
 0001:00001d70       ??0IGameEventListener@@QAE@XZ 10002d70 f i c_hooks.obj
 0001:00001d90       ??0ProtectGuard@@QAE@PAXII@Z 10002d90 f i c_hooks.obj
 0001:00001df0       ??0VMTHook@@QAE@PAX@Z      10002df0 f i c_hooks.obj
 0001:00001f10       ??0c_hooks@@QAE@XZ         10002f10 f i c_hooks.obj
 0001:00001fe0       ??0exception@std@@QAE@ABV01@@Z 10002fe0 f i c_hooks.obj
 0001:00002020       ??0exception@std@@QAE@QBD@Z 10003020 f i c_hooks.obj
 0001:00002070       ??0runtime_error@std@@QAE@ABV01@@Z 10003070 f i c_hooks.obj
 0001:000020a0       ??0runtime_error@std@@QAE@PBD@Z 100030a0 f i c_hooks.obj
 0001:000020d0       ??1?$_Compressed_pair@V?$allocator@_W@std@@V?$_String_val@U?$_Simple_types@_W@std@@@2@$00@std@@QAE@XZ 100030d0 f i config_system.obj
 0001:000020d0       ??1?$_Compressed_pair@V?$allocator@D@std@@V?$_String_val@U?$_Simple_types@D@std@@@2@$00@std@@QAE@XZ 100030d0 f i c_hooks.obj
 0001:000020d0       ??1?$_Deque_iterator@V?$_Deque_val@U?$_Deque_simple_types@UPlayerRecords@@@std@@@std@@@std@@QAE@XZ 100030d0 f i Aimbot.obj
 0001:000020d0       ??1?$_Deque_iterator@V?$_Deque_val@U?$_Deque_simple_types@ULegitPlayerRecords@@@std@@@std@@@std@@QAE@XZ 100030d0 f i Legitbot.obj
 0001:000020f0       ??1?$_Hash@V?$_Umap_traits@V?$basic_string@DU?$char_traits@D@std@@V?$allocator@D@2@@std@@V?$shared_ptr@UNode@NetvarTree@@@2@V?$_Uhash_compare@V?$basic_string@DU?$char_traits@D@std@@V?$allocator@D@2@@std@@U?$hash@V?$basic_string@DU?$char_traits@D@std@@V?$allocator@D@2@@std@@@2@U?$equal_to@V?$basic_string@DU?$char_traits@D@std@@V?$allocator@D@2@@std@@@2@@2@V?$allocator@U?$pair@$$CBV?$basic_string@DU?$char_traits@D@std@@V?$allocator@D@2@@std@@V?$shared_ptr@UNode@NetvarTree@@@2@@std@@@2@$0A@@std@@@std@@QAE@XZ 100030f0 f i c_hooks.obj
 0001:00002120       ??1?$_List_alloc@U?$_List_base_types@U?$pair@$$CBV?$basic_string@DU?$char_traits@D@std@@V?$allocator@D@2@@std@@V?$shared_ptr@UNode@NetvarTree@@@2@@std@@V?$allocator@U?$pair@$$CBV?$basic_string@DU?$char_traits@D@std@@V?$allocator@D@2@@std@@V?$shared_ptr@UNode@NetvarTree@@@2@@std@@@2@@std@@@std@@QAE@XZ 10003120 f i c_hooks.obj
 0001:00002170       ??1?$_List_buy@U?$pair@$$CBV?$basic_string@DU?$char_traits@D@std@@V?$allocator@D@2@@std@@V?$shared_ptr@UNode@NetvarTree@@@2@@std@@V?$allocator@U?$pair@$$CBV?$basic_string@DU?$char_traits@D@std@@V?$allocator@D@2@@std@@V?$shared_ptr@UNode@NetvarTree@@@2@@std@@@2@@std@@QAE@XZ 10003170 f i c_hooks.obj
 0001:00002190       ??1?$_String_alloc@U?$_String_base_types@_WV?$allocator@_W@std@@@std@@@std@@QAE@XZ 10003190 f i config_system.obj
 0001:00002190       ??1?$_String_alloc@U?$_String_base_types@DV?$allocator@D@std@@@std@@@std@@QAE@XZ 10003190 f i c_hooks.obj
 0001:000021b0       ??1?$_String_val@U?$_Simple_types@D@std@@@std@@QAE@XZ 100031b0 f i c_hooks.obj
 0001:000021b0       ??1?$_Ref_count_obj@UNode@NetvarTree@@@std@@UAE@XZ 100031b0 f i NetvarManager.obj
 0001:000021b0       ??1?$_String_val@U?$_Simple_types@_W@std@@@std@@QAE@XZ 100031b0 f i config_system.obj
 0001:000021b0       ??1?$_Deque_const_iterator@V?$_Deque_val@U?$_Deque_simple_types@UPlayerRecords@@@std@@@std@@@std@@QAE@XZ 100031b0 f i Aimbot.obj
 0001:000021b0       ??1?$_Deque_const_iterator@V?$_Deque_val@U?$_Deque_simple_types@ULegitPlayerRecords@@@std@@@std@@@std@@QAE@XZ 100031b0 f i Legitbot.obj
 0001:000021d0       ??1?$basic_string@DU?$char_traits@D@std@@V?$allocator@D@2@@std@@QAE@XZ 100031d0 f i c_hooks.obj
 0001:00002220       ??1?$list@U?$pair@$$CBV?$basic_string@DU?$char_traits@D@std@@V?$allocator@D@2@@std@@V?$shared_ptr@UNode@NetvarTree@@@2@@std@@V?$allocator@U?$pair@$$CBV?$basic_string@DU?$char_traits@D@std@@V?$allocator@D@2@@std@@V?$shared_ptr@UNode@NetvarTree@@@2@@std@@@2@@std@@QAE@XZ 10003220 f i c_hooks.obj
 0001:00002270       ??1?$pair@$$CBV?$basic_string@DU?$char_traits@D@std@@V?$allocator@D@2@@std@@V?$shared_ptr@UNode@NetvarTree@@@2@@std@@QAE@XZ 10003270 f i c_hooks.obj
 0001:00002290       ??1?$shared_ptr@UNode@NetvarTree@@@std@@QAE@XZ 10003290 f i c_hooks.obj
 0001:000022d0       ??1?$unique_ptr@$$BY0A@IU?$default_delete@$$BY0A@I@std@@@std@@QAE@XZ 100032d0 f i c_hooks.obj
 0001:00002310       ??1?$unique_ptr@VNetvarTree@@U?$default_delete@VNetvarTree@@@std@@@std@@QAE@XZ 10003310 f i c_hooks.obj
 0001:00002350       ??1?$unique_ptr@VShadowVTManager@@U?$default_delete@VShadowVTManager@@@std@@@std@@QAE@XZ 10003350 f i c_hooks.obj
 0001:00002390       ??1?$unique_ptr@VVMTHook@@U?$default_delete@VVMTHook@@@std@@@std@@QAE@XZ 10003390 f i c_hooks.obj
 0001:000023d0       ??1?$unordered_map@V?$basic_string@DU?$char_traits@D@std@@V?$allocator@D@2@@std@@V?$shared_ptr@UNode@NetvarTree@@@2@U?$hash@V?$basic_string@DU?$char_traits@D@std@@V?$allocator@D@2@@std@@@2@U?$equal_to@V?$basic_string@DU?$char_traits@D@std@@V?$allocator@D@2@@std@@@2@V?$allocator@U?$pair@$$CBV?$basic_string@DU?$char_traits@D@std@@V?$allocator@D@2@@std@@V?$shared_ptr@UNode@NetvarTree@@@2@@std@@@2@@std@@QAE@XZ 100033d0 f i c_hooks.obj
 0001:000023f0       ??1?$vector@HV?$allocator@H@std@@@std@@QAE@XZ 100033f0 f i Aimbot.obj
 0001:000023f0       ??1?$vector@V?$_List_unchecked_iterator@V?$_List_val@U?$_List_simple_types@U?$pair@$$CBV?$basic_string@DU?$char_traits@D@std@@V?$allocator@D@2@@std@@V?$shared_ptr@UNode@NetvarTree@@@2@@std@@@std@@@std@@@std@@V?$allocator@V?$_List_unchecked_iterator@V?$_List_val@U?$_List_simple_types@U?$pair@$$CBV?$basic_string@DU?$char_traits@D@std@@V?$allocator@D@2@@std@@V?$shared_ptr@UNode@NetvarTree@@@2@@std@@@std@@@std@@@std@@@2@@std@@QAE@XZ 100033f0 f i c_hooks.obj
 0001:00002430       ??1Event@@UAE@XZ           10003430 f i c_hooks.obj
 0001:00002450       ??1IGameEventListener@@UAE@XZ 10003450 f i c_hooks.obj
 0001:00002470       ??1NetvarTree@@QAE@XZ      10003470 f i c_hooks.obj
 0001:00002470       ??1Node@NetvarTree@@QAE@XZ 10003470 f i NetvarManager.obj
 0001:00002490       ??1ProtectGuard@@QAE@XZ    10003490 f i c_hooks.obj
 0001:000024c0       ??1ShadowVTManager@@QAE@XZ 100034c0 f i c_hooks.obj
 0001:00002520       ??1VMTHook@@QAE@XZ         10003520 f i c_hooks.obj
 0001:00002550       ?_Orphan_all@_Container_base12@std@@QAEXXZ 10003550 f i LagComp.obj
 0001:00002550       ??1_Bxty@?$_String_val@U?$_Simple_types@_W@std@@@std@@QAE@XZ 10003550 f i config_system.obj
 0001:00002550       ?_Orphan_all@_Container_base0@std@@QAEXXZ 10003550 f i c_hooks.obj
 0001:00002550       ??1_Iterator_base12@std@@QAE@XZ 10003550 f i Aimbot.obj
 0001:00002550       ??1_Bxty@?$_String_val@U?$_Simple_types@D@std@@@std@@QAE@XZ 10003550 f i c_hooks.obj
 0001:00002550       ??1_Ref_count_base@std@@UAE@XZ 10003550 f i config_system.obj
 0001:00002560       ??1c_hooks@@QAE@XZ         10003560 f i c_hooks.obj
 0001:00002610       ??1exception@std@@UAE@XZ   10003610 f i c_hooks.obj
 0001:00002640       ??1runtime_error@std@@UAE@XZ 10003640 f i c_hooks.obj
 0001:00002640       ??1bad_cast@std@@UAE@XZ    10003640 f i config_system.obj
 0001:00002660       ??2@YAPAXIPAX@Z            10003660 f i c_hooks.obj
 0001:00002670       ??4?$unique_ptr@$$BY0A@IU?$default_delete@$$BY0A@I@std@@@std@@QAEAAV01@$$QAV01@@Z 10003670 f i c_hooks.obj
 0001:000026c0       ??4?$unique_ptr@VNetvarTree@@U?$default_delete@VNetvarTree@@@std@@@std@@QAEAAV01@$$QAV01@@Z 100036c0 f i c_hooks.obj
 0001:00002710       ??4?$unique_ptr@VVMTHook@@U?$default_delete@VVMTHook@@@std@@@std@@QAEAAV01@$$QAV01@@Z 10003710 f i c_hooks.obj
 0001:00002760       ??A?$unique_ptr@$$BY0A@IU?$default_delete@$$BY0A@I@std@@@std@@QBEAAII@Z 10003760 f i c_hooks.obj
 0001:00002780       ??C?$unique_ptr@VNetvarTree@@U?$default_delete@VNetvarTree@@@std@@@std@@QBEPAVNetvarTree@@XZ 10003780 f i Aimbot.obj
 0001:00002780       ?get@?$unique_ptr@$$BY0A@IU?$default_delete@$$BY0A@I@std@@@std@@QBEPAIXZ 10003780 f i c_hooks.obj
 0001:00002780       ?get@?$unique_ptr@VShadowVTManager@@U?$default_delete@VShadowVTManager@@@std@@@std@@QBEPAVShadowVTManager@@XZ 10003780 f i c_hooks.obj
 0001:00002780       ?get@?$unique_ptr@V_Facet_base@std@@U?$default_delete@V_Facet_base@std@@@2@@std@@QBEPAV_Facet_base@2@XZ 10003780 f i config_system.obj
 0001:00002780       ??C?$unique_ptr@VVMTHook@@U?$default_delete@VVMTHook@@@std@@@std@@QBEPAVVMTHook@@XZ 10003780 f i c_hooks.obj
 0001:00002780       ?get@?$unique_ptr@VNetvarTree@@U?$default_delete@VNetvarTree@@@std@@@std@@QBEPAVNetvarTree@@XZ 10003780 f i c_hooks.obj
 0001:00002780       ?get@?$unique_ptr@VVMTHook@@U?$default_delete@VVMTHook@@@std@@@std@@QBEPAVVMTHook@@XZ 10003780 f i c_hooks.obj
 0001:000027a0       ??R<lambda_9366063389c5f42a00a5088cf24e69de>@@QBEXQADIQBD@Z 100037a0 f i c_hooks.obj
 0001:000027e0       ??R?$default_delete@VNetvarTree@@@std@@QBEXPAVNetvarTree@@@Z 100037e0 f i c_hooks.obj
 0001:00002820       ??R?$default_delete@VShadowVTManager@@@std@@QBEXPAVShadowVTManager@@@Z 10003820 f i c_hooks.obj
 0001:00002860       ??R?$default_delete@VVMTHook@@@std@@QBEXPAVVMTHook@@@Z 10003860 f i c_hooks.obj
 0001:000028a0       ??_G?$pair@$$CBV?$basic_string@DU?$char_traits@D@std@@V?$allocator@D@2@@std@@V?$shared_ptr@UNode@NetvarTree@@@2@@std@@QAEPAXI@Z 100038a0 f i c_hooks.obj
 0001:000028d0       ??_GEvent@@UAEPAXI@Z       100038d0 f i c_hooks.obj
 0001:000028d0       ??_EEvent@@UAEPAXI@Z       100038d0 f i c_hooks.obj
 0001:00002900       ??_GIGameEventListener@@UAEPAXI@Z 10003900 f i c_hooks.obj
 0001:00002900       ??_EIGameEventListener@@UAEPAXI@Z 10003900 f i c_hooks.obj
 0001:00002930       ??_GNetvarTree@@QAEPAXI@Z  10003930 f i c_hooks.obj
 0001:00002960       ??_GShadowVTManager@@QAEPAXI@Z 10003960 f i c_hooks.obj
 0001:00002990       ??_GVMTHook@@QAEPAXI@Z     10003990 f i c_hooks.obj
 0001:000029c0       ??_Eexception@std@@UAEPAXI@Z 100039c0 f i c_hooks.obj
 0001:000029c0       ??_Gexception@std@@UAEPAXI@Z 100039c0 f i c_hooks.obj
 0001:000029f0       ??_Eruntime_error@std@@UAEPAXI@Z 100039f0 f i c_hooks.obj
 0001:000029f0       ??_Gbad_cast@std@@UAEPAXI@Z 100039f0 f i config_system.obj
 0001:000029f0       ??_Ebad_cast@std@@UAEPAXI@Z 100039f0 f i config_system.obj
 0001:000029f0       ??_Gruntime_error@std@@UAEPAXI@Z 100039f0 f i c_hooks.obj
 0001:00002a20       ?FindSignature@Utils@@SAIPBD0@Z 10003a20 f i c_hooks.obj
 0001:00002c50       ?GetEventDebugID@IGameEventListener@@UAEHXZ 10003c50 f i c_hooks.obj
 0001:00002c60       ?Hook@VMTHook@@QAEJIPAX@Z  10003c60 f i c_hooks.obj
 0001:00002ca0       ?Init@Event@@QAEXXZ        10003ca0 f i c_hooks.obj
 0001:00002cd0       ?Init@c_hooks@@SAXXZ       10003cd0 f   c_hooks.obj
 0001:00002da0       ?Restore@c_hooks@@SAXXZ    10003da0 f   c_hooks.obj
 0001:00002ef0       ?RestoreTable@ShadowVTManager@@QAEXXZ 10003ef0 f i c_hooks.obj
 0001:00002f90       ?Unhook@VMTHook@@QAEJI@Z   10003f90 f i c_hooks.obj
 0001:00002fe0       ?_Adjust_manually_vector_aligned@std@@YAXAAPAXAAI@Z 10003fe0 f i c_hooks.obj
 0001:00003050       ?_Allocate@_Default_allocate_traits@std@@SAPAXI@Z 10004050 f i c_hooks.obj
 0001:00003070       ?_Calculate_growth@?$basic_string@DU?$char_traits@D@std@@V?$allocator@D@2@@std@@QBEII@Z 10004070 f i c_hooks.obj
 0001:000030f0       ?_Decref@?$_Ptr_base@UNode@NetvarTree@@@std@@IAEXXZ 100040f0 f i c_hooks.obj
 0001:00003110       ?_Decref@_Ref_count_base@std@@QAEXXZ 10004110 f i c_hooks.obj
 0001:00003140       ?_Decwref@_Ref_count_base@std@@QAEXXZ 10004140 f i c_hooks.obj
 0001:00003170       ?_Delete@?$unique_ptr@$$BY0A@IU?$default_delete@$$BY0A@I@std@@@std@@AAEXXZ 10004170 f i c_hooks.obj
 0001:000031b0       ?_Destroy@?$vector@V?$_List_unchecked_iterator@V?$_List_val@U?$_List_simple_types@U?$pair@$$CBV?$basic_string@DU?$char_traits@D@std@@V?$allocator@D@2@@std@@V?$shared_ptr@UNode@NetvarTree@@@2@@std@@@std@@@std@@@std@@V?$allocator@V?$_List_unchecked_iterator@V?$_List_val@U?$_List_simple_types@U?$pair@$$CBV?$basic_string@DU?$char_traits@D@std@@V?$allocator@D@2@@std@@V?$shared_ptr@UNode@NetvarTree@@@2@@std@@@std@@@std@@@std@@@2@@std@@AAEXPAV?$_List_unchecked_iterator@V?$_List_val@U?$_List_simple_types@U?$pair@$$CBV?$basic_string@DU?$char_traits@D@std@@V?$allocator@D@2@@std@@V?$shared_ptr@UNode@NetvarTree@@@2@@std@@@std@@@std@@@2@0@Z 100041b0 f i c_hooks.obj
 0001:000031b0       ?_Destroy@?$vector@HV?$allocator@H@std@@@std@@AAEXPAH0@Z 100041b0 f i Aimbot.obj
 0001:000031e0       ?_Freeheadnode@?$_List_alloc@U?$_List_base_types@U?$pair@$$CBV?$basic_string@DU?$char_traits@D@std@@V?$allocator@D@2@@std@@V?$shared_ptr@UNode@NetvarTree@@@2@@std@@V?$allocator@U?$pair@$$CBV?$basic_string@DU?$char_traits@D@std@@V?$allocator@D@2@@std@@V?$shared_ptr@UNode@NetvarTree@@@2@@std@@@2@@std@@@std@@QAEXPAU?$_List_node@U?$pair@$$CBV?$basic_string@DU?$char_traits@D@std@@V?$allocator@D@2@@std@@V?$shared_ptr@UNode@NetvarTree@@@2@@std@@PAX@2@@Z 100041e0 f i c_hooks.obj
 0001:00003210       ?_Freenode@?$_List_buy@U?$pair@$$CBV?$basic_string@DU?$char_traits@D@std@@V?$allocator@D@2@@std@@V?$shared_ptr@UNode@NetvarTree@@@2@@std@@V?$allocator@U?$pair@$$CBV?$basic_string@DU?$char_traits@D@std@@V?$allocator@D@2@@std@@V?$shared_ptr@UNode@NetvarTree@@@2@@std@@@2@@std@@QAEXPAU?$_List_node@U?$pair@$$CBV?$basic_string@DU?$char_traits@D@std@@V?$allocator@D@2@@std@@V?$shared_ptr@UNode@NetvarTree@@@2@@std@@PAX@2@@Z 10004210 f i c_hooks.obj
 0001:00003260       ?_Get_data@?$_Deque_alloc@U?$_Deque_base_types@UPlayerRecords@@V?$allocator@UPlayerRecords@@@std@@@std@@@std@@QAEAAV?$_Deque_val@U?$_Deque_simple_types@UPlayerRecords@@@std@@@2@XZ 10004260 f i Aimbot.obj
 0001:00003260       ?_Get_data@?$_Vector_alloc@U?$_Vec_base_types@V?$basic_string@DU?$char_traits@D@std@@V?$allocator@D@2@@std@@V?$allocator@V?$basic_string@DU?$char_traits@D@std@@V?$allocator@D@2@@std@@@2@@std@@@std@@QAEAAV?$_Vector_val@U?$_Simple_types@V?$basic_string@DU?$char_traits@D@std@@V?$allocator@D@2@@std@@@std@@@2@XZ 10004260 f i config_system.obj
 0001:00003260       ?get_deleter@?$_Unique_ptr_base@IU?$default_delete@$$BY0A@I@std@@@std@@QAEAAU?$default_delete@$$BY0A@I@2@XZ 10004260 f i c_hooks.obj
 0001:00003260       ?_Gethash@?$_Uhash_compare@V?$basic_string@DU?$char_traits@D@std@@V?$allocator@D@2@@std@@U?$hash@V?$basic_string@DU?$char_traits@D@std@@V?$allocator@D@2@@std@@@2@U?$equal_to@V?$basic_string@DU?$char_traits@D@std@@V?$allocator@D@2@@std@@@2@@std@@QBEABU?$hash@V?$basic_string@DU?$char_traits@D@std@@V?$allocator@D@2@@std@@@2@XZ 10004260 f i Aimbot.obj
 0001:00003260       ?_Getal@?$_String_alloc@U?$_String_base_types@DV?$allocator@D@std@@@std@@@std@@QBEABV?$allocator@D@2@XZ 10004260 f i c_hooks.obj
 0001:00003260       ?_Getal@?$_Vector_alloc@U?$_Vec_base_types@V?$_List_unchecked_iterator@V?$_List_val@U?$_List_simple_types@U?$pair@$$CBV?$basic_string@DU?$char_traits@D@std@@V?$allocator@D@2@@std@@V?$shared_ptr@UNode@NetvarTree@@@2@@std@@@std@@@std@@@std@@V?$allocator@V?$_List_unchecked_iterator@V?$_List_val@U?$_List_simple_types@U?$pair@$$CBV?$basic_string@DU?$char_traits@D@std@@V?$allocator@D@2@@std@@V?$shared_ptr@UNode@NetvarTree@@@2@@std@@@std@@@std@@@std@@@2@@std@@@std@@QAEAAV?$allocator@V?$_List_unchecked_iterator@V?$_List_val@U?$_List_simple_types@U?$pair@$$CBV?$basic_string@DU?$char_traits@D@std@@V?$allocator@D@2@@std@@V?$shared_ptr@UNode@NetvarTree@@@2@@std@@@std@@@std@@@std@@@2@XZ 10004260 f i c_hooks.obj
 0001:00003260       ?_Get_data@?$_Vector_alloc@U?$_Vec_base_types@V?$_List_unchecked_iterator@V?$_List_val@U?$_List_simple_types@U?$pair@$$CBV?$basic_string@DU?$char_traits@D@std@@V?$allocator@D@2@@std@@V?$shared_ptr@UNode@NetvarTree@@@2@@std@@@std@@@std@@@std@@V?$allocator@V?$_List_unchecked_iterator@V?$_List_val@U?$_List_simple_types@U?$pair@$$CBV?$basic_string@DU?$char_traits@D@std@@V?$allocator@D@2@@std@@V?$shared_ptr@UNode@NetvarTree@@@2@@std@@@std@@@std@@@std@@@2@@std@@@std@@QAEAAV?$_Vector_val@U?$_Simple_types@V?$_List_unchecked_iterator@V?$_List_val@U?$_List_simple_types@U?$pair@$$CBV?$basic_string@DU?$char_traits@D@std@@V?$allocator@D@2@@std@@V?$shared_ptr@UNode@NetvarTree@@@2@@std@@@std@@@std@@@std@@@std@@@2@XZ 10004260 f i c_hooks.obj
 0001:00003260       ?_Myptr@?$_Unique_ptr_base@IU?$default_delete@$$BY0A@I@std@@@std@@QBEABQAIXZ 10004260 f i c_hooks.obj
 0001:00003260       ?get_deleter@?$_Unique_ptr_base@VVMTHook@@U?$default_delete@VVMTHook@@@std@@@std@@QAEAAU?$default_delete@VVMTHook@@@2@XZ 10004260 f i c_hooks.obj
 0001:00003260       ?_Myptr@?$_Unique_ptr_base@V_Facet_base@std@@U?$default_delete@V_Facet_base@std@@@2@@std@@QAEAAPAV_Facet_base@2@XZ 10004260 f i config_system.obj
 0001:00003260       ?_Getal@?$_Vector_alloc@U?$_Vec_base_types@V?$basic_string@DU?$char_traits@D@std@@V?$allocator@D@2@@std@@V?$allocator@V?$basic_string@DU?$char_traits@D@std@@V?$allocator@D@2@@std@@@2@@std@@@std@@QAEAAV?$allocator@V?$basic_string@DU?$char_traits@D@std@@V?$allocator@D@2@@std@@@2@XZ 10004260 f i config_system.obj
 0001:00003260       ?_Myptr@?$_Unique_ptr_base@VVMTHook@@U?$default_delete@VVMTHook@@@std@@@std@@QAEAAPAVVMTHook@@XZ 10004260 f i c_hooks.obj
 0001:00003260       ?get_deleter@?$_Unique_ptr_base@VNetvarTree@@U?$default_delete@VNetvarTree@@@std@@@std@@QAEAAU?$default_delete@VNetvarTree@@@2@XZ 10004260 f i c_hooks.obj
 0001:00003260       ?_Get_data@?$_String_alloc@U?$_String_base_types@DV?$allocator@D@std@@@std@@@std@@QBEABV?$_String_val@U?$_Simple_types@D@std@@@2@XZ 10004260 f i c_hooks.obj
 0001:00003260       ?_Get_data@?$_Deque_alloc@U?$_Deque_base_types@UPlayerRecords@@V?$allocator@UPlayerRecords@@@std@@@std@@@std@@QBEABV?$_Deque_val@U?$_Deque_simple_types@UPlayerRecords@@@std@@@2@XZ 10004260 f i Aimbot.obj
 0001:00003260       ?_Get_data@?$_Vector_alloc@U?$_Vec_base_types@V?$_List_unchecked_iterator@V?$_List_val@U?$_List_simple_types@U?$pair@$$CBV?$basic_string@DU?$char_traits@D@std@@V?$allocator@D@2@@std@@V?$shared_ptr@UNode@NetvarTree@@@2@@std@@@std@@@std@@@std@@V?$allocator@V?$_List_unchecked_iterator@V?$_List_val@U?$_List_simple_types@U?$pair@$$CBV?$basic_string@DU?$char_traits@D@std@@V?$allocator@D@2@@std@@V?$shared_ptr@UNode@NetvarTree@@@2@@std@@@std@@@std@@@std@@@2@@std@@@std@@QBEABV?$_Vector_val@U?$_Simple_types@V?$_List_unchecked_iterator@V?$_List_val@U?$_List_simple_types@U?$pair@$$CBV?$basic_string@DU?$char_traits@D@std@@V?$allocator@D@2@@std@@V?$shared_ptr@UNode@NetvarTree@@@2@@std@@@std@@@std@@@std@@@std@@@2@XZ 10004260 f i c_hooks.obj
 0001:00003260       ?_Get_data@?$_Deque_alloc@U?$_Deque_base_types@ULegitPlayerRecords@@V?$allocator@ULegitPlayerRecords@@@std@@@std@@@std@@QBEABV?$_Deque_val@U?$_Deque_simple_types@ULegitPlayerRecords@@@std@@@2@XZ 10004260 f i Legitbot.obj
 0001:00003260       ?_Myptr@?$_Unique_ptr_base@VNetvarTree@@U?$default_delete@VNetvarTree@@@std@@@std@@QAEAAPAVNetvarTree@@XZ 10004260 f i c_hooks.obj
 0001:00003260       ?_Myptr@?$_Unique_ptr_base@IU?$default_delete@$$BY0A@I@std@@@std@@QAEAAPAIXZ 10004260 f i c_hooks.obj
 0001:00003260       ?_Getal@?$_Vector_alloc@U?$_Vec_base_types@V?$_List_unchecked_iterator@V?$_List_val@U?$_List_simple_types@U?$pair@$$CBV?$basic_string@DU?$char_traits@D@std@@V?$allocator@D@2@@std@@V?$shared_ptr@UNode@NetvarTree@@@2@@std@@@std@@@std@@@std@@V?$allocator@V?$_List_unchecked_iterator@V?$_List_val@U?$_List_simple_types@U?$pair@$$CBV?$basic_string@DU?$char_traits@D@std@@V?$allocator@D@2@@std@@V?$shared_ptr@UNode@NetvarTree@@@2@@std@@@std@@@std@@@std@@@2@@std@@@std@@QBEABV?$allocator@V?$_List_unchecked_iterator@V?$_List_val@U?$_List_simple_types@U?$pair@$$CBV?$basic_string@DU?$char_traits@D@std@@V?$allocator@D@2@@std@@V?$shared_ptr@UNode@NetvarTree@@@2@@std@@@std@@@std@@@std@@@2@XZ 10004260 f i Aimbot.obj
 0001:00003260       ?_Myptr@?$_Unique_ptr_base@VVMTHook@@U?$default_delete@VVMTHook@@@std@@@std@@QBEABQAVVMTHook@@XZ 10004260 f i c_hooks.obj
 0001:00003260       ?get_deleter@?$_Unique_ptr_base@V_Facet_base@std@@U?$default_delete@V_Facet_base@std@@@2@@std@@QAEAAU?$default_delete@V_Facet_base@std@@@2@XZ 10004260 f i config_system.obj
 0001:00003260       ?_Myptr@?$_Unique_ptr_base@VShadowVTManager@@U?$default_delete@VShadowVTManager@@@std@@@std@@QBEABQAVShadowVTManager@@XZ 10004260 f i c_hooks.obj
 0001:00003260       ?_Get_data@?$_Vector_alloc@U?$_Vec_base_types@V?$basic_string@DU?$char_traits@D@std@@V?$allocator@D@2@@std@@V?$allocator@V?$basic_string@DU?$char_traits@D@std@@V?$allocator@D@2@@std@@@2@@std@@@std@@QBEABV?$_Vector_val@U?$_Simple_types@V?$basic_string@DU?$char_traits@D@std@@V?$allocator@D@2@@std@@@std@@@2@XZ 10004260 f i config_system.obj
 0001:00003260       ?_Get_data@?$_List_alloc@U?$_List_base_types@U?$pair@$$CBV?$basic_string@DU?$char_traits@D@std@@V?$allocator@D@2@@std@@V?$shared_ptr@UNode@NetvarTree@@@2@@std@@V?$allocator@U?$pair@$$CBV?$basic_string@DU?$char_traits@D@std@@V?$allocator@D@2@@std@@V?$shared_ptr@UNode@NetvarTree@@@2@@std@@@2@@std@@@std@@QAEAAV?$_List_val@U?$_List_simple_types@U?$pair@$$CBV?$basic_string@DU?$char_traits@D@std@@V?$allocator@D@2@@std@@V?$shared_ptr@UNode@NetvarTree@@@2@@std@@@std@@@2@XZ 10004260 f i c_hooks.obj
 0001:00003260       ?_Get_data@?$_Vector_alloc@U?$_Vec_base_types@HV?$allocator@H@std@@@std@@@std@@QAEAAV?$_Vector_val@U?$_Simple_types@H@std@@@2@XZ 10004260 f i Aimbot.obj
 0001:00003260       ?_Getal@?$_Deque_alloc@U?$_Deque_base_types@UPlayerRecords@@V?$allocator@UPlayerRecords@@@std@@@std@@@std@@QAEAAV?$allocator@UPlayerRecords@@@2@XZ 10004260 f i LagComp.obj
 0001:00003260       ?_Getal@?$_Vector_alloc@U?$_Vec_base_types@HV?$allocator@H@std@@@std@@@std@@QBEABV?$allocator@H@2@XZ 10004260 f i Aimbot.obj
 0001:00003260       ?_Get_data@?$_String_alloc@U?$_String_base_types@_WV?$allocator@_W@std@@@std@@@std@@QAEAAV?$_String_val@U?$_Simple_types@_W@std@@@2@XZ 10004260 f i config_system.obj
 0001:00003260       ?get_deleter@?$_Unique_ptr_base@VShadowVTManager@@U?$default_delete@VShadowVTManager@@@std@@@std@@QAEAAU?$default_delete@VShadowVTManager@@@2@XZ 10004260 f i c_hooks.obj
 0001:00003260       ?_Getal@?$_List_alloc@U?$_List_base_types@U?$pair@$$CBV?$basic_string@DU?$char_traits@D@std@@V?$allocator@D@2@@std@@V?$shared_ptr@UNode@NetvarTree@@@2@@std@@V?$allocator@U?$pair@$$CBV?$basic_string@DU?$char_traits@D@std@@V?$allocator@D@2@@std@@V?$shared_ptr@UNode@NetvarTree@@@2@@std@@@2@@std@@@std@@QBEABV?$allocator@U?$_List_node@U?$pair@$$CBV?$basic_string@DU?$char_traits@D@std@@V?$allocator@D@2@@std@@V?$shared_ptr@UNode@NetvarTree@@@2@@std@@PAX@std@@@2@XZ 10004260 f i Aimbot.obj
 0001:00003260       ?_Getal@?$_Deque_alloc@U?$_Deque_base_types@UPlayerRecords@@V?$allocator@UPlayerRecords@@@std@@@std@@@std@@QBEABV?$allocator@UPlayerRecords@@@2@XZ 10004260 f i LagComp.obj
 0001:00003260       ?_Getal@?$_List_alloc@U?$_List_base_types@U?$pair@$$CBV?$basic_string@DU?$char_traits@D@std@@V?$allocator@D@2@@std@@V?$shared_ptr@UNode@NetvarTree@@@2@@std@@V?$allocator@U?$pair@$$CBV?$basic_string@DU?$char_traits@D@std@@V?$allocator@D@2@@std@@V?$shared_ptr@UNode@NetvarTree@@@2@@std@@@2@@std@@@std@@QAEAAV?$allocator@U?$_List_node@U?$pair@$$CBV?$basic_string@DU?$char_traits@D@std@@V?$allocator@D@2@@std@@V?$shared_ptr@UNode@NetvarTree@@@2@@std@@PAX@std@@@2@XZ 10004260 f i c_hooks.obj
 0001:00003260       ?_Get_data@?$_Vector_alloc@U?$_Vec_base_types@HV?$allocator@H@std@@@std@@@std@@QBEABV?$_Vector_val@U?$_Simple_types@H@std@@@2@XZ 10004260 f i Aimbot.obj
 0001:00003260       ?_Get_data@?$_Deque_alloc@U?$_Deque_base_types@ULegitPlayerRecords@@V?$allocator@ULegitPlayerRecords@@@std@@@std@@@std@@QAEAAV?$_Deque_val@U?$_Deque_simple_types@ULegitPlayerRecords@@@std@@@2@XZ 10004260 f i Legitbot.obj
 0001:00003260       ?_Getal@?$_String_alloc@U?$_String_base_types@_WV?$allocator@_W@std@@@std@@@std@@QAEAAV?$allocator@_W@2@XZ 10004260 f i config_system.obj
 0001:00003260       ?_Myptr@?$_Unique_ptr_base@V_Facet_base@std@@U?$default_delete@V_Facet_base@std@@@2@@std@@QBEABQAV_Facet_base@2@XZ 10004260 f i config_system.obj
 0001:00003260       ?_Get_data@?$_String_alloc@U?$_String_base_types@DV?$allocator@D@std@@@std@@@std@@QAEAAV?$_String_val@U?$_Simple_types@D@std@@@2@XZ 10004260 f i c_hooks.obj
[...]
 0002:0000b988       __unwindtable$??$make_shared@UNode@NetvarTree@@H@std@@YA?AV?$shared_ptr@UNode@NetvarTree@@@0@$$QAH@Z 10069988     NetvarManager.obj
 0002:0000b998       __ehfuncinfo$??$make_shared@UNode@NetvarTree@@H@std@@YA?AV?$shared_ptr@UNode@NetvarTree@@@0@$$QAH@Z 10069998     NetvarManager.obj
 0002:0000b9bc       __unwindtable$??$?0H@?$_Ref_count_obj@UNode@NetvarTree@@@std@@QAE@$$QAH@Z 100699bc     NetvarManager.obj
 0002:0000b9c4       __ehfuncinfo$??$?0H@?$_Ref_count_obj@UNode@NetvarTree@@@std@@QAE@$$QAH@Z 100699c4     NetvarManager.obj
 0002:0000b9e8       __catchsym$??$_Buynode@PBDABV?$shared_ptr@UNode@NetvarTree@@@std@@@?$_List_buy@U?$pair@$$CBV?$basic_string@DU?$char_traits@D@std@@V?$allocator@D@2@@std@@V?$shared_ptr@UNode@NetvarTree@@@2@@std@@V?$allocator@U?$pair@$$CBV?$basic_string@DU?$char_traits@D@std@@V?$allocator@D@2@@std@@V?$shared_ptr@UNode@NetvarTree@@@2@@std@@@2@@std@@QAEPAU?$_List_node@U?$pair@$$CBV?$basic_string@DU?$char_traits@D@std@@V?$allocator@D@2@@std@@V?$shared_ptr@UNode@NetvarTree@@@2@@std@@PAX@1@PAU21@0$$QAPBDABV?$shared_ptr@UNode@NetvarTree@@@1@@Z$2 100699e8     NetvarManager.obj
 0002:0000b9f8       __unwindtable$??$_Buynode@PBDABV?$shared_ptr@UNode@NetvarTree@@@std@@@?$_List_buy@U?$pair@$$CBV?$basic_string@DU?$char_traits@D@std@@V?$allocator@D@2@@std@@V?$shared_ptr@UNode@NetvarTree@@@2@@std@@V?$allocator@U?$pair@$$CBV?$basic_string@DU?$char_traits@D@std@@V?$allocator@D@2@@std@@V?$shared_ptr@UNode@NetvarTree@@@2@@std@@@2@@std@@QAEPAU?$_List_node@U?$pair@$$CBV?$basic_string@DU?$char_traits@D@std@@V?$allocator@D@2@@std@@V?$shared_ptr@UNode@NetvarTree@@@2@@std@@PAX@1@PAU21@0$$QAPBDABV?$shared_ptr@UNode@NetvarTree@@@1@@Z 100699f8     NetvarManager.obj
 0002:0000ba08       __tryblocktable$??$_Buynode@PBDABV?$shared_ptr@UNode@NetvarTree@@@std@@@?$_List_buy@U?$pair@$$CBV?$basic_string@DU?$char_traits@D@std@@V?$allocator@D@2@@std@@V?$shared_ptr@UNode@NetvarTree@@@2@@std@@V?$allocator@U?$pair@$$CBV?$basic_string@DU?$char_traits@D@std@@V?$allocator@D@2@@std@@V?$shared_ptr@UNode@NetvarTree@@@2@@std@@@2@@std@@QAEPAU?$_List_node@U?$pair@$$CBV?$basic_string@DU?$char_traits@D@std@@V?$allocator@D@2@@std@@V?$shared_ptr@UNode@NetvarTree@@@2@@std@@PAX@1@PAU21@0$$QAPBDABV?$shared_ptr@UNode@NetvarTree@@@1@@Z 10069a08     NetvarManager.obj
 0002:0000ba1c       __ehfuncinfo$??$_Buynode@PBDABV?$shared_ptr@UNode@NetvarTree@@@std@@@?$_List_buy@U?$pair@$$CBV?$basic_string@DU?$char_traits@D@std@@V?$allocator@D@2@@std@@V?$shared_ptr@UNode@NetvarTree@@@2@@std@@V?$allocator@U?$pair@$$CBV?$basic_string@DU?$char_traits@D@std@@V?$allocator@D@2@@std@@V?$shared_ptr@UNode@NetvarTree@@@2@@std@@@2@@std@@QAEPAU?$_List_node@U?$pair@$$CBV?$basic_string@DU?$char_traits@D@std@@V?$allocator@D@2@@std@@V?$shared_ptr@UNode@NetvarTree@@@2@@std@@PAX@1@PAU21@0$$QAPBDABV?$shared_ptr@UNode@NetvarTree@@@1@@Z 10069a1c     NetvarManager.obj
 0002:0000ba40       __sehtable$??_L@YGXPAXIIP6EX0@Z1@Z 10069a40     MSVCRT:ehvecctr.obj
 0002:0000ba60       __sehtable$??_M@YGXPAXIIP6EX0@Z@Z 10069a60     MSVCRT:ehvecdtr.obj
 0002:0000ba80       __sehtable$?__ArrayUnwind@@YGXPAXIIP6EX0@Z@Z 10069a80     MSVCRT:ehvecdtr.obj
 0002:0000baa0       __sehtable$___scrt_is_nonwritable_in_current_image 10069aa0     MSVCRT:utility.obj
 0002:0000bac0       __sehtable$?dllmain_crt_process_attach@@YAHQAUHINSTANCE__@@QAX@Z 10069ac0     MSVCRT:dll_dllmain.obj
 0002:0000bae0       __sehtable$?dllmain_crt_process_detach@@YAH_N@Z 10069ae0     MSVCRT:dll_dllmain.obj
 0002:0000bb00       __sehtable$?dllmain_dispatch@@YAHQAUHINSTANCE__@@KQAX@Z 10069b00     MSVCRT:dll_dllmain.obj
 0002:0000c0bc       .idata$6                   1006a0bc     kernel32:KERNEL32.dll
 0002:0000c1a4       .idata$6                   1006a1a4     user32:USER32.dll
 0002:0000cdb6       .idata$6                   1006adb6     msvcprt:MSVCP140.dll
 0002:0000cdee       .idata$6                   1006adee     imm32:IMM32.dll
 0002:0000cee2       .idata$6                   1006aee2     vcruntime:VCRUNTIME140.dll
 0002:0000d27e       .idata$6                   1006b27e     ucrt:api-ms-win-crt-heap-l1-1-0.dll
 0002:0000d29e       .idata$6                   1006b29e     ucrt:api-ms-win-crt-convert-l1-1-0.dll
 0002:0000d2c0       .idata$6                   1006b2c0     ucrt:api-ms-win-crt-stdio-l1-1-0.dll
 0002:0000d2e0       .idata$6                   1006b2e0     ucrt:api-ms-win-crt-runtime-l1-1-0.dll
 0002:0000d302       .idata$6                   1006b302     ucrt:api-ms-win-crt-math-l1-1-0.dll
 0002:0000d322       .idata$6                   1006b322     ucrt:api-ms-win-crt-utility-l1-1-0.dll
 0002:0000d344       .idata$6                   1006b344     ucrt:api-ms-win-crt-string-l1-1-0.dll
 0002:0000d366       .idata$6                   1006b366     ucrt:api-ms-win-crt-filesystem-l1-1-0.dll
 0003:00000000       ?Speed@?1??Autostop@Aimbot@@AAEXXZ@4MA 1006c000     Aimbot.obj
 0003:00000004       ?HitboxForMuti@?1??Hitscan@Aimbot@@AAE?AVVector@@PAVC_BaseEntity@@@Z@4PAHA 1006c004     Aimbot.obj
 0003:0000001c       ?g_VertexBufferSize@@3HA   1006c01c     imgui_impl_dx9.obj
 0003:00000020       ?g_IndexBufferSize@@3HA    1006c020     imgui_impl_dx9.obj
 0003:00000028       ?STB_TEXTEDIT_NEWLINE@ImGuiStb@@3GA 1006c028     imgui.obj
 0003:0000034c       ?vec2_origin@@3VVector2D@@B 1006c34c     other_esp.obj
 0003:00000360       ?OldNightmode@?1??night_mode@other_esp@@QAEXXZ@4_NA 1006c360     other_esp.obj
 0003:000004a0       ?vec2_origin@@3VVector2D@@B 1006c4a0     c_hooks.obj
 0003:000004b4       ?vec2_origin@@3VVector2D@@B 1006c4b4     dll_main.obj
 0003:000004c0       ?vec2_origin@@3VVector2D@@B 1006c4c0     Aimbot.obj
 0003:00061dc0       ?oldSimtime@?1??ShouldBaim@@YA_NPAVC_BaseEntity@@@Z@4PAMA 100cddc0     Aimbot.obj
 0003:00061ec8       ?storedSimtime@?1??ShouldBaim@@YA_NPAVC_BaseEntity@@@Z@4PAMA 100cdec8     Aimbot.obj
 0003:00061fd0       ?ShotTime@?1??ShouldBaim@@YA_NPAVC_BaseEntity@@@Z@4PAMA 100cdfd0     Aimbot.obj
 0003:000620d8       ?NextShotTime@?1??ShouldBaim@@YA_NPAVC_BaseEntity@@@Z@4PAMA 100ce0d8     Aimbot.obj
 0003:000621e0       ?BaimShot@?1??ShouldBaim@@YA_NPAVC_BaseEntity@@@Z@4PA_NA 100ce1e0     Aimbot.obj
 0003:00062221       ?shot@?1??OnCreateMove@Aimbot@@QAEXXZ@4_NA 100ce221     Aimbot.obj
 0003:00062228       ?vec2_origin@@3VVector2D@@B 100ce228     Autowall.obj
 0003:00062240       ?dwAddress@?1??UTIL_ClipTraceToPlayers@@YAXABVVector@@0IPAVITraceFilter@@PAUC_Trace@@@Z@4KA 100ce240     Autowall.obj
 0003:00062244       ?$TSS0@?1??UTIL_ClipTraceToPlayers@@YAXABVVector@@0IPAVITraceFilter@@PAUC_Trace@@@Z@4HA 100ce244     Autowall.obj
 0003:00062248       ?oTraceToExit@?1??TraceToExitalt@@YA_NAAVVector@@AAUC_Trace@@V2@2PAU3@@Z@4P6I_N01MMMMMM3@ZA 100ce248     Autowall.obj
 0003:0006224c       ?$TSS0@?1??TraceToExitalt@@YA_NAAVVector@@AAUC_Trace@@V2@2PAU3@@Z@4HA 100ce24c     Autowall.obj
 0003:00062260       ?vec2_origin@@3VVector2D@@B 100ce260     EnginePrediction.obj
 0003:00062270       ?vec2_origin@@3VVector2D@@B 100ce270     LagComp.obj
 0003:00062890       ?ShotTime@?1??StoreRecord@LagComp@@QAEXPAVC_BaseEntity@@@Z@4PAMA 100ce890     LagComp.obj
 0003:00062998       ?OldSimtime@?1??StoreRecord@LagComp@@QAEXPAVC_BaseEntity@@@Z@4PAMA 100ce998     LagComp.obj
 0003:00062aa0       ?vec2_origin@@3VVector2D@@B 100ceaa0     AntiAim.obj
 0003:00062aa8       ?FinalAngle@?1??FreeStanding@@YAXXZ@4MA 100ceaa8     AntiAim.obj
 0003:00062aac       ?oldSwtich@?CL@??FreeStanding@@YAXXZ@4_NA 100ceaac     AntiAim.obj
 0003:00062ab0       ?$TSS0@?CL@??FreeStanding@@YAXXZ@4HA 100ceab0     AntiAim.obj
 0003:00062ab4       ?Add@?CL@??FreeStanding@@YAXXZ@4HA 100ceab4     AntiAim.obj
 0003:00062ab8       ?Swtich2@?1??Real@@YAXXZ@4_NA 100ceab8     AntiAim.obj
 0003:00062abc       ?test@?1??Real@@YAXXZ@4MA  100ceabc     AntiAim.obj
 0003:00062ac0       ?vec2_origin@@3VVector2D@@B 100ceac0     Legitbot.obj
 0003:00062fe0       ?bestEntTick@?1??OnCreateMove@Legitbot@@QAEXXZ@4PAHA 100cefe0     Legitbot.obj
 0003:000630e8       ?StoredSimTime@?9??OnCreateMove@Legitbot@@QAEXXZ@4PAMA 100cf0e8     Legitbot.obj
 0003:000631f0       ?vec2_origin@@3VVector2D@@B 100cf1f0     Resolver.obj
 0003:00063468       ?oldSimtime@?1??AnimationFix@Resolver@@AAEXPAVC_BaseEntity@@@Z@4PAMA 100cf468     Resolver.obj
 0003:00063570       ?storedSimtime@?1??AnimationFix@Resolver@@AAEXPAVC_BaseEntity@@@Z@4PAMA 100cf570     Resolver.obj
 0003:00063678       ?ShotTime@?1??AnimationFix@Resolver@@AAEXPAVC_BaseEntity@@@Z@4PAMA 100cf678     Resolver.obj
 0003:00063780       ?SideTime@?1??AnimationFix@Resolver@@AAEXPAVC_BaseEntity@@@Z@4PAY02MA 100cf780     Resolver.obj
 0003:00063a90       ?LastDesyncSide@?1??AnimationFix@Resolver@@AAEXPAVC_BaseEntity@@@Z@4PAHA 100cfa90     Resolver.obj
 0003:00063b98       ?Delaying@?1??AnimationFix@Resolver@@AAEXPAVC_BaseEntity@@@Z@4PA_NA 100cfb98     Resolver.obj
 0003:00063be0       ?StoredLayers@?1??AnimationFix@Resolver@@AAEXPAVC_BaseEntity@@@Z@4PAY0P@VAnimationLayer@@A 100cfbe0     Resolver.obj
 0003:00070de0       ?StoredAnimState@?1??AnimationFix@Resolver@@AAEXPAVC_BaseEntity@@@Z@4PAPAVC_AnimState@@A 100dcde0     Resolver.obj
 0003:00070ee8       ?StoredPosParams@?1??AnimationFix@Resolver@@AAEXPAVC_BaseEntity@@@Z@4PAY0BI@MA 100dcee8     Resolver.obj
 0003:00072748       ?oldEyeAngles@?1??AnimationFix@Resolver@@AAEXPAVC_BaseEntity@@@Z@4PAVVector@@A 100de748     Resolver.obj
 0003:00072a54       ?$TSS0@?1??AnimationFix@Resolver@@AAEXPAVC_BaseEntity@@@Z@4HA 100dea54     Resolver.obj
 0003:00072a58       ?oldGoalfeetYaw@?1??AnimationFix@Resolver@@AAEXPAVC_BaseEntity@@@Z@4PAMA 100dea58     Resolver.obj
 0003:00072b60       ?jittering@?1??AnimationFix@Resolver@@AAEXPAVC_BaseEntity@@@Z@4PA_NA 100deb60     Resolver.obj
 0003:00072ba8       ?predTime@?1??HandleHits@@YAXPAVC_BaseEntity@@@Z@4PAMA 100deba8     Resolver.obj
 0003:00072cb0       ?init@?1??HandleHits@@YAXPAVC_BaseEntity@@@Z@4PA_NA 100decb0     Resolver.obj
 0003:00072cf8       ?wasDormant@?1??FrameStage@Resolver@@QAEXW4ClientFrameStage_t@@@Z@4PA_NA 100decf8     Resolver.obj
 0003:00072d88       ?vec2_origin@@3VVector2D@@B 100ded88     c_esp.obj
 0003:00072da0       ?g_hWnd@@3PAUHWND__@@A     100deda0     imgui_impl_dx9.obj
 0003:00072da4       ?g_pd3dDevice@@3PAUIDirect3DDevice9@@A 100deda4     imgui_impl_dx9.obj
 0003:00072da8       ?g_Time@@3_JA              100deda8     imgui_impl_dx9.obj
 0003:00072db0       ?g_TicksPerSecond@@3_JA    100dedb0     imgui_impl_dx9.obj
 0003:00072db8       ?g_pVB@@3PAUIDirect3DVertexBuffer9@@A 100dedb8     imgui_impl_dx9.obj
 0003:00072dbc       ?g_pIB@@3PAUIDirect3DIndexBuffer9@@A 100dedbc     imgui_impl_dx9.obj
 0003:00072dc0       ?g_FontTexture@@3PAUIDirect3DTexture9@@A 100dedc0     imgui_impl_dx9.obj
 0003:00072dd0       ?GImDefaultFontAtlas@@3UImFontAtlas@@A 100dedd0     imgui.obj
 0003:00072e18       ?GImDefaultContext@@3UImGuiContext@@A 100dee18     imgui.obj
 0003:000763d8       ?crc32_lut@?1??ImHash@@YAIPBXHI@Z@4PAIA 100e23d8     imgui.obj
 0003:000767d8       ?buf_local@?1??GetClipboardTextFn_DefaultImpl@@YAPBDPAX@Z@4V?$ImVector@D@@A 100e27d8     imgui.obj
 0003:000767e4       ?$TSS0@?1??GetClipboardTextFn_DefaultImpl@@YAPBDPAX@Z@4HA 100e27e4     imgui.obj
 0003:000767e8       ?GNullClipRect@@3UImVec4@@B 100e27e8     imgui_draw.obj
 0003:000767f8       ?stb__barrier@@3PAEA       100e27f8     imgui_draw.obj
 0003:000767fc       ?stb__barrier2@@3PAEA      100e27fc     imgui_draw.obj
 0003:00076800       ?stb__barrier3@@3PAEA      100e2800     imgui_draw.obj
 0003:00076804       ?stb__barrier4@@3PAEA      100e2804     imgui_draw.obj
 0003:00076808       ?stb__dout@@3PAEA          100e2808     imgui_draw.obj
 0003:00076810       ?circle_vtx@?1??PathArcToFast@ImDrawList@@QAEXABUImVec2@@MHH@Z@4PAU3@A 100e2810     imgui_draw.obj
 0003:00076870       ?$TSS0@?1??PathArcToFast@ImDrawList@@QAEXABUImVec2@@MHH@Z@4HA 100e2870     imgui_draw.obj
 0003:00076874       ?circle_vtx_builds@?1??PathArcToFast@ImDrawList@@QAEXABUImVec2@@MHH@Z@4_NA 100e2874     imgui_draw.obj
 0003:00076878       ?vec2_origin@@3VVector2D@@B 100e2878     bone_processing_hook.obj
 0003:00076880       ?vec2_origin@@3VVector2D@@B 100e2880     createmove_hook.obj
 0003:0007688c       ?oCreateMove@?1??CreateMove@c_hooks@@SI_NPAVIClientMode@@PAXMPAVCUserCmd@@@Z@4P6I_N01M2@ZA 100e288c     createmove_hook.obj
 0003:00076890       ?$TSS0@?1??CreateMove@c_hooks@@SI_NPAVIClientMode@@PAXMPAVCUserCmd@@@Z@4HA 100e2890     createmove_hook.obj
 0003:000768a4       ?vec2_origin@@3VVector2D@@B 100e28a4     directx_preset_hook.obj
 0003:000768ac       ?initialized@@3_NA         100e28ac     directx_preset_hook.obj
 0003:000768b0       ?oEndScene@?1??Hooked_EndScene@c_hooks@@SGXPAUIDirect3DDevice9@@@Z@4P6GX0@ZA 100e28b0     directx_preset_hook.obj
 0003:000768b4       ?$TSS0@?1??Hooked_EndScene@c_hooks@@SGXPAUIDirect3DDevice9@@@Z@4HA 100e28b4     directx_preset_hook.obj
 0003:000768b8       ?oEndSceneReset@?1??Hooked_EndScene_Reset@c_hooks@@SGXPAUIDirect3DDevice9@@PAU_D3DPRESENT_PARAMETERS_@@@Z@4P6GX01@ZA 100e28b8     directx_preset_hook.obj
 0003:000768bc       ?$TSS0@?1??Hooked_EndScene_Reset@c_hooks@@SGXPAUIDirect3DDevice9@@PAU_D3DPRESENT_PARAMETERS_@@@Z@4HA 100e28bc     directx_preset_hook.obj
 0003:000768c0       ?vec2_origin@@3VVector2D@@B 100e28c0     dme_hook.obj
 0003:000768c8       ?glowOverlay@@3PAVIMaterial@@A 100e28c8     dme_hook.obj
 0003:000768cc       ?materialRegular@@3PAVIMaterial@@A 100e28cc     dme_hook.obj
 0003:000768d0       ?rifk_glow@@3PAVIMaterial@@A 100e28d0     dme_hook.obj
 0003:000768d4       ?oDrawModelExecute@?1??DrawModelExecute@c_hooks@@SIXPAX0PAVIMatRenderContext@@ABUDrawModelState_t@@ABUModelRenderInfo_t@@PAVmatrix3x4_t@@@Z@4P6EX01234@ZA 100e28d4     dme_hook.obj
 0003:000768d8       ?$TSS0@?1??DrawModelExecute@c_hooks@@SIXPAX0PAVIMatRenderContext@@ABUDrawModelState_t@@ABUModelRenderInfo_t@@PAVmatrix3x4_t@@@Z@4HA 100e28d8     dme_hook.obj
 0003:000768dc       ?normal_enemy@?1??DrawModelExecute@c_hooks@@SIXPAX0PAVIMatRenderContext@@ABUDrawModelState_t@@ABUModelRenderInfo_t@@PAVmatrix3x4_t@@@Z@4PAVIMaterial@@A 100e28dc     dme_hook.obj
 0003:000768e0       ?overide_enemy@?1??DrawModelExecute@c_hooks@@SIXPAX0PAVIMatRenderContext@@ABUDrawModelState_t@@ABUModelRenderInfo_t@@PAVmatrix3x4_t@@@Z@4PAVIMaterial@@A 100e28e0     dme_hook.obj
 0003:000768e4       ?normal_local@?1??DrawModelExecute@c_hooks@@SIXPAX0PAVIMatRenderContext@@ABUDrawModelState_t@@ABUModelRenderInfo_t@@PAVmatrix3x4_t@@@Z@4PAVIMaterial@@A 100e28e4     dme_hook.obj
 0003:000768e8       ?overide_local@?1??DrawModelExecute@c_hooks@@SIXPAX0PAVIMatRenderContext@@ABUDrawModelState_t@@ABUModelRenderInfo_t@@PAVmatrix3x4_t@@@Z@4PAVIMaterial@@A 100e28e8     dme_hook.obj
 0003:000768ec       ?vec2_origin@@3VVector2D@@B 100e28ec     event_hook.obj
 0003:000768f4       ?vec2_origin@@3VVector2D@@B 100e28f4     fsn_hook.obj
 0003:00076900       ?oFrameStage@?1??FrameStageNotify@c_hooks@@SGXW4ClientFrameStage_t@@@Z@4P6GX0@ZA 100e2900     fsn_hook.obj
 0003:00076904       ?$TSS0@?1??FrameStageNotify@c_hooks@@SGXW4ClientFrameStage_t@@@Z@4HA 100e2904     fsn_hook.obj
 0003:0007690c       ?vec2_origin@@3VVector2D@@B 100e290c     hooking_init.obj
 0003:00076914       ?vec2_origin@@3VVector2D@@B 100e2914     lock_cursor_hook.obj
 0003:0007691c       ?oLockCursor@?1??LockCursor@c_hooks@@SIXPAVISurface@@PAX@Z@4P6IX01@ZA 100e291c     lock_cursor_hook.obj
 0003:00076920       ?$TSS0@?1??LockCursor@c_hooks@@SIXPAVISurface@@PAX@Z@4HA 100e2920     lock_cursor_hook.obj
 0003:00076924       ?vec2_origin@@3VVector2D@@B 100e2924     oview_hook.obj
 0003:00076934       ?oOverrideView@?1??OverrideView@c_hooks@@SIXPAX0PAVCViewSetup@@@Z@4P6IX001@ZA 100e2934     oview_hook.obj
 0003:00076938       ?$TSS0@?1??OverrideView@c_hooks@@SIXPAX0PAVCViewSetup@@@Z@4HA 100e2938     oview_hook.obj
 0003:0007693c       ?vec2_origin@@3VVector2D@@B 100e293c     painttraverse_hook.obj
 0003:00076948       ?oPaintTraverse@?1??PaintTraverse@c_hooks@@SIXPAXHI_N1@Z@4P6EX0I11@ZA 100e2948     painttraverse_hook.obj
 0003:0007694c       ?$TSS0@?1??PaintTraverse@c_hooks@@SIXPAXHI_N1@Z@4HA 100e294c     painttraverse_hook.obj
 0003:00076950       ?panelID@?1??PaintTraverse@c_hooks@@SIXPAXHI_N1@Z@4IA 100e2950     painttraverse_hook.obj
 0003:00076954       ?panelHudID@?1??PaintTraverse@c_hooks@@SIXPAXHI_N1@Z@4IA 100e2954     painttraverse_hook.obj
 0003:00076958       ?vec2_origin@@3VVector2D@@B 100e2958     sceneend_hook.obj
 0003:00076960       ?oSceneEnd@?1??SceneEnd@c_hooks@@SIXPAX0@Z@4P6IX00@ZA 100e2960     sceneend_hook.obj
 0003:00076964       ?$TSS0@?1??SceneEnd@c_hooks@@SIXPAX0@Z@4HA 100e2964     sceneend_hook.obj
 0003:00076968       ?vec2_origin@@3VVector2D@@B 100e2968     wndproc_hook.obj
 0003:00076970       ?pressed@?1??WndProc@c_hooks@@SGJPAUHWND__@@IIJ@Z@4_NA 100e2970     wndproc_hook.obj
 0003:00076ae4       ?vec2_origin@@3VVector2D@@B 100e2ae4     menu_system.obj
 0003:00076aed       ?w_printf@XorCompileTime@@3V<lambda>@@A 100e2aed     menu_system.obj
 0003:00076aee       ?w_printf_s@XorCompileTime@@3V<lambda>@@A 100e2aee     menu_system.obj
 0003:00076aef       ?w_sprintf_s@XorCompileTime@@3V<lambda>@@A 100e2aef     menu_system.obj
 0003:00076af0       ?w_sprintf@XorCompileTime@@3V<lambda>@@A 100e2af0     menu_system.obj
 0003:00076af4       ?chams_sub@?3??visuals_tab@@YAXXZ@4HA 100e2af4     menu_system.obj
 0003:00076af8       ?page@?1??Render@c_menu@@QAEXXZ@4HA 100e2af8     menu_system.obj
 0003:00076afc       ?vec2_origin@@3VVector2D@@B 100e2afc     CEntity.obj
 0003:00076b04       ?AbsAngles@?1??SetAbsAngles@C_BaseEntity@@QAEXVVector@@@Z@4P6EXPAV2@ABV3@@ZA 100e2b04     CEntity.obj
 0003:00076b08       ?$TSS0@?1??SetAbsAngles@C_BaseEntity@@QAEXVVector@@@Z@4HA 100e2b08     CEntity.obj
 0003:00076b0c       ?AbsOrigin@?1??SetAbsOrigin@C_BaseEntity@@QAEXVVector@@@Z@4P6EXPAXABV3@@ZA 100e2b0c     CEntity.obj
 0003:00076b10       ?$TSS0@?1??SetAbsOrigin@C_BaseEntity@@QAEXVVector@@@Z@4HA 100e2b10     CEntity.obj
 0003:0007c238       ?vec2_origin@@3VVector2D@@B 100e8238     GlobalVars.obj
 0003:0007c594       ?vec2_origin@@3VVector2D@@B 100e8594     Interfaces.obj
 0003:0007c5a0       ?vec2_origin@@3VVector2D@@B 100e85a0     Math.obj
 0003:0007c5a8       ?random_float@?1??RandomFloat@Math@@QAEMMM@Z@4P6AMMM@ZA 100e85a8     Math.obj
 0003:0007c5ac       ?$TSS0@?1??RandomFloat@Math@@QAEMMM@Z@4HA 100e85ac     Math.obj
 0003:0007c5b4       ?_Fac_tidy_reg@std@@3U_Fac_tidy_reg_t@1@B 100e85b4     msvcprt:locale0_implib.obj
 0003:0007c5b8       ?_Fac_head@std@@3PAU_Fac_node@1@A 100e85b8     msvcprt:locale0_implib.obj
 0003:0007c5d4       ?is_initialized_as_dll@@3_NA 100e85d4     MSVCRT:utility.obj
 0003:0007c5d5       ?module_local_atexit_table_initialized@@3_NA 100e85d5     MSVCRT:utility.obj
 0003:0007c5d8       ?module_local_atexit_table@@3U_onexit_table_t@@A 100e85d8     MSVCRT:utility.obj
 0003:0007c5e4       ?module_local_at_quick_exit_table@@3U_onexit_table_t@@A 100e85e4     MSVCRT:utility.obj
 0003:0007c5f0       _GS_ExceptionRecord        100e85f0     MSVCRT:gs_report.obj
 0003:0007c640       _GS_ContextRecord          100e8640     MSVCRT:gs_report.obj
 0003:0007c90c       ?_Tss_mutex@@3U_RTL_CRITICAL_SECTION@@A 100e890c     MSVCRT:thread_safe_statics.obj
 0003:0007c924       ?_Tss_cv@@3U_RTL_CONDITION_VARIABLE@@A 100e8924     MSVCRT:thread_safe_statics.obj
 0003:0007c928       ?_Tss_event@@3PAXA         100e8928     MSVCRT:thread_safe_statics.obj
 0003:0007c92c       ?encoded_sleep_condition_variable_cs@@3P6GHPAU_RTL_CONDITION_VARIABLE@@PAU_RTL_CRITICAL_SECTION@@K@ZA 100e892c     MSVCRT:thread_safe_statics.obj
 0003:0007c930       ?encoded_wake_all_condition_variable@@3P6GXPAU_RTL_CONDITION_VARIABLE@@@ZA 100e8930     MSVCRT:thread_safe_statics.obj
 0003:0007c938       ?__proc_attached@@3HA      100e8938     MSVCRT:dll_dllmain.obj
 0004:00000060       $R000000                   100e9060     * linker generated manifest res *

 Exports

  ordinal    name

