 hvh

 Timestamp is 5eb2eaaf (Wed May  6 19:49:51 2020)

 Preferred load address is 10000000

 Start         Length     Name                   Class
 0001:00000000 00000760H .text$di                CODE
 0001:00000760 00049960H .text$mn                CODE
 0001:0004a0c0 000016e0H .text$x                 CODE
 0001:0004b7a0 00000099H .text$yd                CODE
 0002:00000000 000002d4H .idata$5                DATA
 0002:000002d4 00000004H .00cfg                  DATA
 0002:000002d8 00000004H .CRT$XCA                DATA
 0002:000002dc 00000004H .CRT$XCL                DATA
 0002:000002e0 000000c4H .CRT$XCU                DATA
 0002:000003a4 00000004H .CRT$XCZ                DATA
 0002:000003a8 00000004H .CRT$XIA                DATA
 0002:000003ac 00000004H .CRT$XIC                DATA
 0002:000003b0 00000004H .CRT$XIZ                DATA
 0002:000003b4 00000004H .CRT$XLA                DATA
 0002:000003b8 00000004H .CRT$XLZ                DATA
 0002:000003bc 00000004H .CRT$XPA                DATA
 0002:000003c0 00000004H .CRT$XPZ                DATA
 0002:000003c4 00000004H .CRT$XTA                DATA
 0002:000003c8 00000008H .CRT$XTZ                DATA
 0002:000003cc 00000000H .gfids$y                DATA
 0002:000003d0 00008f68H .rdata                  DATA
 0002:00009338 00000018H .rdata$T                DATA
 0002:00009350 000005a0H .rdata$r                DATA
 0002:000098f0 000001b4H .rdata$sxdata           DATA
 0002:00009aa4 00000390H .rdata$zzzdbg           DATA
 0002:00009e34 00000004H .rtc$IAA                DATA
 0002:00009e38 00000004H .rtc$IZZ                DATA
 0002:00009e3c 00000004H .rtc$TAA                DATA
 0002:00009e40 00000004H .rtc$TZZ                DATA
 0002:00009e44 00000004H .tls                    DATA
 0002:00009e48 00000004H .tls$                   DATA
 0002:00009e4c 00000004H .tls$ZZZ                DATA
 0002:00009e50 00001778H .xdata$x                DATA
 0002:0000b5c8 00000000H .edata                  DATA
 0002:0000b5c8 000000f0H .idata$2                DATA
 0002:0000b6b8 00000014H .idata$3                DATA
 0002:0000b6cc 000002d4H .idata$4                DATA
 0002:0000b9a0 0000154eH .idata$6                DATA
 0003:00000000 00000068H .data                   DATA
 0003:00000068 000002e0H .data$r                 DATA
 0003:00000348 0007c4f4H .bss                    DATA
 0004:00000000 00000060H .rsrc$01                DATA
 0004:00000060 00000180H .rsrc$02                DATA

  Address         Publics by Value              Rva+Base       Lib:Object

 0000:00000000       ___hybrid_code_map_count   00000000     <absolute>
 0000:00000000       ___guard_fids_count        00000000     <absolute>
 0000:00000000       ___guard_fids_table        00000000     <absolute>
 0000:00000000       ___guard_iat_count         00000000     <absolute>
 0000:00000000       ___dynamic_value_reloc_table 00000000     <absolute>
 0000:00000000       ___guard_longjmp_count     00000000     <absolute>
 0000:00000000       ___guard_iat_table         00000000     <absolute>
 0000:00000000       ___guard_longjmp_table     00000000     <absolute>
 0000:00000000       ___hybrid_auxiliary_iat    00000000     <absolute>
 0000:00000000       ___enclave_config          00000000     <absolute>
 0000:00000000       ___volatile_metadata       00000000     <absolute>
 0000:00000000       ___hybrid_code_map         00000000     <absolute>
 0000:0000002c       __tls_array                0000002c     <absolute>
 0000:0000006d       ___safe_se_handler_count   0000006d     <absolute>
 0000:00000100       ___guard_flags             00000100     <absolute>
 0000:00000000       ___ImageBase               10000000     <linker-defined>
 0001:00000760       ??$?0$$V@?$_Compressed_pair@V?$allocator@_W@std@@V?$_String_val@U?$_Simple_types@_W@std@@@2@$00@std@@QAE@U_Zero_then_variadic_args_t@1@@Z 10001760 f i config_system.obj
 0001:00000760       ??$?0$$V@?$_Compressed_pair@V?$allocator@D@std@@V?$_String_val@U?$_Simple_types@D@std@@@2@$00@std@@QAE@U_Zero_then_variadic_args_t@1@@Z 10001760 f i c_hooks.obj
 0001:00000780       ??$?0AAPAVVMTHook@@@?$_Compressed_pair@U?$default_delete@VVMTHook@@@std@@PAVVMTHook@@$00@std@@QAE@U_Zero_then_variadic_args_t@1@AAPAVVMTHook@@@Z 10001780 f i c_hooks.obj
 0001:00000780       ??$?0AAPAVShadowVTManager@@@?$_Compressed_pair@U?$default_delete@VShadowVTManager@@@std@@PAVShadowVTManager@@$00@std@@QAE@U_Zero_then_variadic_args_t@1@AAPAVShadowVTManager@@@Z 10001780 f i c_hooks.obj
 0001:00000780       ??$?0AAPAVNetvarTree@@@?$_Compressed_pair@U?$default_delete@VNetvarTree@@@std@@PAVNetvarTree@@$00@std@@QAE@U_Zero_then_variadic_args_t@1@AAPAVNetvarTree@@@Z 10001780 f i c_hooks.obj
 0001:00000780       ??$?0AAPAV_Facet_base@std@@@?$_Compressed_pair@U?$default_delete@V_Facet_base@std@@@std@@PAV_Facet_base@2@$00@std@@QAE@U_Zero_then_variadic_args_t@1@AAPAV_Facet_base@1@@Z 10001780 f i config_system.obj
 0001:00000780       ??$?0AAPAI@?$_Compressed_pair@U?$default_delete@$$BY0A@I@std@@PAI$00@std@@QAE@U_Zero_then_variadic_args_t@1@AAPAI@Z 10001780 f i c_hooks.obj
 0001:000007b0       ??$?0PAI@?$_Unique_ptr_base@IU?$default_delete@$$BY0A@I@std@@@std@@QAE@PAI@Z 100017b0 f i c_hooks.obj
 0001:000007b0       ??$?0PAVNetvarTree@@@?$_Unique_ptr_base@VNetvarTree@@U?$default_delete@VNetvarTree@@@std@@@std@@QAE@PAVNetvarTree@@@Z 100017b0 f i c_hooks.obj
 0001:000007b0       ??$?0PAV_Facet_base@std@@@?$_Unique_ptr_base@V_Facet_base@std@@U?$default_delete@V_Facet_base@std@@@2@@std@@QAE@PAV_Facet_base@1@@Z 100017b0 f i config_system.obj
 0001:000007b0       ??$?0PAVShadowVTManager@@@?$_Unique_ptr_base@VShadowVTManager@@U?$default_delete@VShadowVTManager@@@std@@@std@@QAE@PAVShadowVTManager@@@Z 100017b0 f i c_hooks.obj
 0001:000007b0       ??$?0PAVVMTHook@@@?$_Unique_ptr_base@VVMTHook@@U?$default_delete@VVMTHook@@@std@@@std@@QAE@PAVVMTHook@@@Z 100017b0 f i c_hooks.obj
 0001:000007e0       ??$?0PAIU?$default_delete@$$BY0A@I@std@@$0A@X@?$unique_ptr@$$BY0A@IU?$default_delete@$$BY0A@I@std@@@std@@QAE@PAI@Z 100017e0 f i c_hooks.obj
 0001:000007e0       ??$?0U?$default_delete@V_Facet_base@std@@@std@@$0A@@?$unique_ptr@V_Facet_base@std@@U?$default_delete@V_Facet_base@std@@@2@@std@@QAE@PAV_Facet_base@1@@Z 100017e0 f i config_system.obj
 0001:000007e0       ??$?0U?$default_delete@VNetvarTree@@@std@@$0A@@?$unique_ptr@VNetvarTree@@U?$default_delete@VNetvarTree@@@std@@@std@@QAE@PAVNetvarTree@@@Z 100017e0 f i c_hooks.obj
 0001:000007e0       ??$?0U?$default_delete@VVMTHook@@@std@@$0A@@?$unique_ptr@VVMTHook@@U?$default_delete@VVMTHook@@@std@@@std@@QAE@PAVVMTHook@@@Z 100017e0 f i c_hooks.obj
 0001:00000830       ??$?0U?$default_delete@$$BY0A@I@std@@$0A@@?$unique_ptr@$$BY0A@IU?$default_delete@$$BY0A@I@std@@@std@@QAE@$$T@Z 10001830 f i c_hooks.obj
 0001:00000880       ??$?0U?$default_delete@VNetvarTree@@@std@@$0A@@?$unique_ptr@VNetvarTree@@U?$default_delete@VNetvarTree@@@std@@@std@@QAE@XZ 10001880 f i NetvarManager.obj
 0001:00000880       ??$?0U?$default_delete@VVMTHook@@@std@@$0A@@?$unique_ptr@VVMTHook@@U?$default_delete@VVMTHook@@@std@@@std@@QAE@XZ 10001880 f i c_hooks.obj
 0001:00000880       ??$?0U?$default_delete@VShadowVTManager@@@std@@$0A@@?$unique_ptr@VShadowVTManager@@U?$default_delete@VShadowVTManager@@@std@@@std@@QAE@XZ 10001880 f i c_hooks.obj
 0001:000008d0       ??$?RI$0A@@?$default_delete@$$BY0A@I@std@@QBEXPAI@Z 100018d0 f i c_hooks.obj
 0001:00000900       ??$_Allocate@$07U_Default_allocate_traits@std@@$0A@@std@@YAPAXI@Z 10001900 f i c_hooks.obj
 0001:00000940       ??$_Allocate_manually_vector_aligned@U_Default_allocate_traits@std@@@std@@YAPAXI@Z 10001940 f i c_hooks.obj
 0001:000009b0       ??$addressof@V?$unique_ptr@$$BY0A@IU?$default_delete@$$BY0A@I@std@@@std@@@std@@YAPAV?$unique_ptr@$$BY0A@IU?$default_delete@$$BY0A@I@std@@@0@AAV10@@Z 100019b0 f i c_hooks.obj
 0001:000009b0       ??$forward@V?$allocator@D@std@@@std@@YA$$QAV?$allocator@D@0@AAV10@@Z 100019b0 f i Aimbot.obj
 0001:000009b0       ??$_Get_unwrapped@PAUPlayerRecords@@@std@@YAPAPAUPlayerRecords@@QAPAU1@@Z 100019b0 f i LagComp.obj
 0001:000009b0       ??$forward@_N@std@@YA$$QA_NAA_N@Z 100019b0 f i Aimbot.obj
 0001:000009b0       ??$forward@AAU?$pair@$$CBV?$basic_string@DU?$char_traits@D@std@@V?$allocator@D@2@@std@@V?$shared_ptr@UNode@NetvarTree@@@2@@std@@@std@@YAAAU?$pair@$$CBV?$basic_string@DU?$char_traits@D@std@@V?$allocator@D@2@@std@@V?$shared_ptr@UNode@NetvarTree@@@2@@0@AAU10@@Z 100019b0 f i Aimbot.obj
 0001:000009b0       ??$_Get_unwrapped_n@HH$0A@@std@@YAPAHQAHH@Z 100019b0 f i Aimbot.obj
 0001:000009b0       ??$forward@ABUPlayerRecords@@@std@@YAABUPlayerRecords@@ABU1@@Z 100019b0 f i LagComp.obj
 0001:000009b0       ??$_Convert_size@I@std@@YAII@Z 100019b0 f i c_hooks.obj
 0001:000009b0       ??$addressof@PAULegitPlayerRecords@@@std@@YAPAPAULegitPlayerRecords@@AAPAU1@@Z 100019b0 f i Legitbot.obj
 0001:000009b0       ??$_Unfancy@UPlayerRecords@@@std@@YAPAUPlayerRecords@@PAU1@@Z 100019b0 f i LagComp.obj
 0001:000009b0       ??$forward@AAU?$hash@V?$basic_string@DU?$char_traits@D@std@@V?$allocator@D@2@@std@@@std@@@std@@YAAAU?$hash@V?$basic_string@DU?$char_traits@D@std@@V?$allocator@D@2@@std@@@0@AAU10@@Z 100019b0 f i NetvarManager.obj
 0001:000009b0       ??$_Unfancy@ULegitPlayerRecords@@@std@@YAPAULegitPlayerRecords@@PAU1@@Z 100019b0 f i Legitbot.obj
 0001:000009b0       ??$addressof@V?$unique_ptr@VNetvarTree@@U?$default_delete@VNetvarTree@@@std@@@std@@@std@@YAPAV?$unique_ptr@VNetvarTree@@U?$default_delete@VNetvarTree@@@std@@@0@AAV10@@Z 100019b0 f i c_hooks.obj
 0001:000009b0       ??$addressof@V?$_String_val@U?$_Simple_types@D@std@@@std@@@std@@YAPAV?$_String_val@U?$_Simple_types@D@std@@@0@AAV10@@Z 100019b0 f i Aimbot.obj
 0001:000009b0       ??$_Get_unwrapped@V?$_List_unchecked_iterator@V?$_List_val@U?$_List_simple_types@U?$pair@$$CBV?$basic_string@DU?$char_traits@D@std@@V?$allocator@D@2@@std@@V?$shared_ptr@UNode@NetvarTree@@@2@@std@@@std@@@std@@@std@@@std@@YAPAV?$_List_unchecked_iterator@V?$_List_val@U?$_List_simple_types@U?$pair@$$CBV?$basic_string@DU?$char_traits@D@std@@V?$allocator@D@2@@std@@V?$shared_ptr@UNode@NetvarTree@@@2@@std@@@std@@@std@@@0@QAV10@@Z 100019b0 f i Aimbot.obj
 0001:000009b0       ??$forward@AAPAVShadowVTManager@@@std@@YAAAPAVShadowVTManager@@AAPAV1@@Z 100019b0 f i c_hooks.obj
 0001:000009b0       ??$_Unfancy@U_Container_proxy@std@@@std@@YAPAU_Container_proxy@0@PAU10@@Z 100019b0 f i LagComp.obj
 0001:000009b0       ??$move@AAUPlayerRecords@@@std@@YA$$QAUPlayerRecords@@AAU1@@Z 100019b0 f i LagComp.obj
 0001:000009b0       ??$forward@V?$tuple@$$V@std@@@std@@YA$$QAV?$tuple@$$V@0@AAV10@@Z 100019b0 f i Aimbot.obj
 0001:000009b0       ??$forward@U?$default_delete@VVMTHook@@@std@@@std@@YA$$QAU?$default_delete@VVMTHook@@@0@AAU10@@Z 100019b0 f i c_hooks.obj
 0001:000009b0       ??$forward@AAPAVCModelRender@@@std@@YAAAPAVCModelRender@@AAPAV1@@Z 100019b0 f i c_hooks.obj
 0001:000009b0       ??$_Get_unwrapped@D@std@@YAPADQAD@Z 100019b0 f i c_esp.obj
 0001:000009b0       ??$forward@ABV?$allocator@U?$pair@$$CBV?$basic_string@DU?$char_traits@D@std@@V?$allocator@D@2@@std@@V?$shared_ptr@UNode@NetvarTree@@@2@@std@@@std@@@std@@YAABV?$allocator@U?$pair@$$CBV?$basic_string@DU?$char_traits@D@std@@V?$allocator@D@2@@std@@V?$shared_ptr@UNode@NetvarTree@@@2@@std@@@0@ABV10@@Z 100019b0 f i NetvarManager.obj
 0001:000009b0       ??$forward@AAV?$_List_iterator@V?$_List_val@U?$_List_simple_types@U?$pair@$$CBV?$basic_string@DU?$char_traits@D@std@@V?$allocator@D@2@@std@@V?$shared_ptr@UNode@NetvarTree@@@2@@std@@@std@@@std@@@std@@@std@@YAAAV?$_List_iterator@V?$_List_val@U?$_List_simple_types@U?$pair@$$CBV?$basic_string@DU?$char_traits@D@std@@V?$allocator@D@2@@std@@V?$shared_ptr@UNode@NetvarTree@@@2@@std@@@std@@@std@@@0@AAV10@@Z 100019b0 f i Aimbot.obj
 0001:000009b0       ??$addressof@$$CBV?$codecvt@DDU_Mbstatet@@@std@@@std@@YAPBV?$codecvt@DDU_Mbstatet@@@0@ABV10@@Z 100019b0 f i config_system.obj
 0001:000009b0       ??$move@AAV?$allocator@D@std@@@std@@YA$$QAV?$allocator@D@0@AAV10@@Z 100019b0 f i Aimbot.obj
 0001:000009b0       ??$move@AAULegitPlayerRecords@@@std@@YA$$QAULegitPlayerRecords@@AAU1@@Z 100019b0 f i Legitbot.obj
 0001:000009b0       ??$forward@PAPAK@std@@YA$$QAPAPAKAAPAPAK@Z 100019b0 f i c_hooks.obj
 0001:000009b0       ??$addressof@V?$_Deque_val@U?$_Deque_simple_types@UPlayerRecords@@@std@@@std@@@std@@YAPAV?$_Deque_val@U?$_Deque_simple_types@UPlayerRecords@@@std@@@0@AAV10@@Z 100019b0 f i Aimbot.obj
 0001:000009b0       ??$forward@V?$tuple@$$QAV?$basic_string@DU?$char_traits@D@std@@V?$allocator@D@2@@std@@@std@@@std@@YA$$QAV?$tuple@$$QAV?$basic_string@DU?$char_traits@D@std@@V?$allocator@D@2@@std@@@0@AAV10@@Z 100019b0 f i Aimbot.obj
 0001:000009b0       ??$forward@U?$default_delete@VNetvarTree@@@std@@@std@@YA$$QAU?$default_delete@VNetvarTree@@@0@AAU10@@Z 100019b0 f i c_hooks.obj
 0001:000009b0       ??$forward@U_One_then_variadic_args_t@std@@@std@@YA$$QAU_One_then_variadic_args_t@0@AAU10@@Z 100019b0 f i NetvarManager.obj
 0001:000009b0       ??$_Unfancy@H@std@@YAPAHPAH@Z 100019b0 f i Aimbot.obj
 0001:000009b0       ??$_Refancy@PAD$0A@@std@@YAPADPAD@Z 100019b0 f i config_system.obj
 0001:000009b0       ??$move@AAV?$basic_string@DU?$char_traits@D@std@@V?$allocator@D@2@@std@@@std@@YA$$QAV?$basic_string@DU?$char_traits@D@std@@V?$allocator@D@2@@0@AAV10@@Z 100019b0 f i Aimbot.obj
 0001:000009b0       ??$forward@U_Container_proxy@std@@@std@@YA$$QAU_Container_proxy@0@AAU10@@Z 100019b0 f i LagComp.obj
 0001:000009b0       ??$forward@AAPAVIPanel@@@std@@YAAAPAVIPanel@@AAPAV1@@Z 100019b0 f i c_hooks.obj
 0001:000009b0       ??$_Get_size_of_n@$00@std@@YAII@Z 100019b0 f i c_hooks.obj
 0001:000009b0       ??$addressof@U?$pair@$$CBV?$basic_string@DU?$char_traits@D@std@@V?$allocator@D@2@@std@@V?$shared_ptr@UNode@NetvarTree@@@2@@std@@@std@@YAPAU?$pair@$$CBV?$basic_string@DU?$char_traits@D@std@@V?$allocator@D@2@@std@@V?$shared_ptr@UNode@NetvarTree@@@2@@0@AAU10@@Z 100019b0 f i c_hooks.obj
 0001:000009b0       ??$forward@ABQAD@std@@YAABQADABQAD@Z 100019b0 f i c_hooks.obj
 0001:000009b0       ??$addressof@V?$unique_ptr@VVMTHook@@U?$default_delete@VVMTHook@@@std@@@std@@@std@@YAPAV?$unique_ptr@VVMTHook@@U?$default_delete@VVMTHook@@@std@@@0@AAV10@@Z 100019b0 f i c_hooks.obj
 0001:000009b0       ??$addressof@PAD@std@@YAPAPADAAPAD@Z 100019b0 f i c_hooks.obj
 0001:000009b0       ??$_Unfancy@D@std@@YAPADPAD@Z 100019b0 f i c_hooks.obj
 0001:000009b0       ??$forward@ABV?$allocator@D@std@@@std@@YAABV?$allocator@D@0@ABV10@@Z 100019b0 f i c_esp.obj
 0001:000009b0       ??$move@AAV?$_List_unchecked_iterator@V?$_List_val@U?$_List_simple_types@U?$pair@$$CBV?$basic_string@DU?$char_traits@D@std@@V?$allocator@D@2@@std@@V?$shared_ptr@UNode@NetvarTree@@@2@@std@@@std@@@std@@@std@@@std@@YA$$QAV?$_List_unchecked_iterator@V?$_List_val@U?$_List_simple_types@U?$pair@$$CBV?$basic_string@DU?$char_traits@D@std@@V?$allocator@D@2@@std@@V?$shared_ptr@UNode@NetvarTree@@@2@@std@@@std@@@std@@@0@AAV10@@Z 100019b0 f i Aimbot.obj
 0001:000009b0       ??$_Get_unwrapped_n@V?$_List_unchecked_iterator@V?$_List_val@U?$_List_simple_types@U?$pair@$$CBV?$basic_string@DU?$char_traits@D@std@@V?$allocator@D@2@@std@@V?$shared_ptr@UNode@NetvarTree@@@2@@std@@@std@@@std@@@std@@H$0A@@std@@YAPAV?$_List_unchecked_iterator@V?$_List_val@U?$_List_simple_types@U?$pair@$$CBV?$basic_string@DU?$char_traits@D@std@@V?$allocator@D@2@@std@@V?$shared_ptr@UNode@NetvarTree@@@2@@std@@@std@@@std@@@0@QAV10@H@Z 100019b0 f i Aimbot.obj
 0001:000009b0       ??$_Get_unwrapped_n@PAUPlayerRecords@@H$0A@@std@@YAPAPAUPlayerRecords@@QAPAU1@H@Z 100019b0 f i LagComp.obj
 0001:000009b0       ??$forward@ABULegitPlayerRecords@@@std@@YAABULegitPlayerRecords@@ABU1@@Z 100019b0 f i Legitbot.obj
 0001:000009b0       ??$move@AAV?$basic_ofstream@DU?$char_traits@D@std@@@std@@@std@@YA$$QAV?$basic_ofstream@DU?$char_traits@D@std@@@0@AAV10@@Z 100019b0 f i Interfaces.obj
 0001:000009b0       ??$_Get_unwrapped@PAULegitPlayerRecords@@@std@@YAPAPAULegitPlayerRecords@@QAPAU1@@Z 100019b0 f i Legitbot.obj
 0001:000009b0       ??$move@AAV?$shared_ptr@UNode@NetvarTree@@@std@@@std@@YA$$QAV?$shared_ptr@UNode@NetvarTree@@@0@AAV10@@Z 100019b0 f i NetvarManager.obj
 0001:000009b0       ??$forward@V?$_List_iterator@V?$_List_val@U?$_List_simple_types@U?$pair@$$CBV?$basic_string@DU?$char_traits@D@std@@V?$allocator@D@2@@std@@V?$shared_ptr@UNode@NetvarTree@@@2@@std@@@std@@@std@@@std@@@std@@YA$$QAV?$_List_iterator@V?$_List_val@U?$_List_simple_types@U?$pair@$$CBV?$basic_string@DU?$char_traits@D@std@@V?$allocator@D@2@@std@@V?$shared_ptr@UNode@NetvarTree@@@2@@std@@@std@@@std@@@0@AAV10@@Z 100019b0 f i Aimbot.obj
 0001:000009b0       ??$forward@AAPAVIVRenderView@@@std@@YAAAPAVIVRenderView@@AAPAV1@@Z 100019b0 f i c_hooks.obj
 0001:000009b0       ??$forward@AAPAVNetvarTree@@@std@@YAAAPAVNetvarTree@@AAPAV1@@Z 100019b0 f i c_hooks.obj
 0001:000009b0       ??$_Get_unwrapped@H@std@@YAPAHQAH@Z 100019b0 f i Aimbot.obj
 0001:000009b0       ??$addressof@PA_W@std@@YAPAPA_WAAPA_W@Z 100019b0 f i config_system.obj
 0001:000009b0       ??$forward@H@std@@YA$$QAHAAH@Z 100019b0 f i Aimbot.obj
 0001:000009b0       ??$forward@ABV?$allocator@V?$_List_unchecked_iterator@V?$_List_val@U?$_List_simple_types@U?$pair@$$CBV?$basic_string@DU?$char_traits@D@std@@V?$allocator@D@2@@std@@V?$shared_ptr@UNode@NetvarTree@@@2@@std@@@std@@@std@@@std@@@std@@@std@@YAABV?$allocator@V?$_List_unchecked_iterator@V?$_List_val@U?$_List_simple_types@U?$pair@$$CBV?$basic_string@DU?$char_traits@D@std@@V?$allocator@D@2@@std@@V?$shared_ptr@UNode@NetvarTree@@@2@@std@@@std@@@std@@@std@@@0@ABV10@@Z 100019b0 f i NetvarManager.obj
 0001:000009b0       ??$addressof@V?$_List_val@U?$_List_simple_types@U?$pair@$$CBV?$basic_string@DU?$char_traits@D@std@@V?$allocator@D@2@@std@@V?$shared_ptr@UNode@NetvarTree@@@2@@std@@@std@@@std@@@std@@YAPAV?$_List_val@U?$_List_simple_types@U?$pair@$$CBV?$basic_string@DU?$char_traits@D@std@@V?$allocator@D@2@@std@@V?$shared_ptr@UNode@NetvarTree@@@2@@std@@@std@@@0@AAV10@@Z 100019b0 f i Aimbot.obj
 0001:000009b0       ??$_Get_unwrapped_n@PAULegitPlayerRecords@@H$0A@@std@@YAPAPAULegitPlayerRecords@@QAPAU1@H@Z 100019b0 f i Legitbot.obj
 0001:000009b0       ??$addressof@PAUPlayerRecords@@@std@@YAPAPAUPlayerRecords@@AAPAU1@@Z 100019b0 f i LagComp.obj
 0001:000009b0       ??$forward@PBD@std@@YA$$QAPBDAAPBD@Z 100019b0 f i NetvarManager.obj
 0001:000009b0       ??$addressof@V?$_Deque_val@U?$_Deque_simple_types@ULegitPlayerRecords@@@std@@@std@@@std@@YAPAV?$_Deque_val@U?$_Deque_simple_types@ULegitPlayerRecords@@@std@@@0@AAV10@@Z 100019b0 f i Legitbot.obj
 0001:000009b0       ??$forward@AAPAVIClientMode@@@std@@YAAAPAVIClientMode@@AAPAV1@@Z 100019b0 f i c_hooks.obj
 0001:000009b0       ??$addressof@$$CBV?$_List_val@U?$_List_simple_types@U?$pair@$$CBV?$basic_string@DU?$char_traits@D@std@@V?$allocator@D@2@@std@@V?$shared_ptr@UNode@NetvarTree@@@2@@std@@@std@@@std@@@std@@YAPBV?$_List_val@U?$_List_simple_types@U?$pair@$$CBV?$basic_string@DU?$char_traits@D@std@@V?$allocator@D@2@@std@@V?$shared_ptr@UNode@NetvarTree@@@2@@std@@@std@@@0@ABV10@@Z 100019b0 f i Aimbot.obj
 0001:000009b0       ??$forward@AAPAI@std@@YAAAPAIAAPAI@Z 100019b0 f i c_hooks.obj
 0001:000009b0       ??$forward@AAU?$equal_to@V?$basic_string@DU?$char_traits@D@std@@V?$allocator@D@2@@std@@@std@@@std@@YAAAU?$equal_to@V?$basic_string@DU?$char_traits@D@std@@V?$allocator@D@2@@std@@@0@AAU10@@Z 100019b0 f i NetvarManager.obj
 0001:000009b0       ??$addressof@PAU?$_List_node@U?$pair@$$CBV?$basic_string@DU?$char_traits@D@std@@V?$allocator@D@2@@std@@V?$shared_ptr@UNode@NetvarTree@@@2@@std@@PAX@std@@@std@@YAPAPAU?$_List_node@U?$pair@$$CBV?$basic_string@DU?$char_traits@D@std@@V?$allocator@D@2@@std@@V?$shared_ptr@UNode@NetvarTree@@@2@@std@@PAX@0@AAPAU10@@Z 100019b0 f i c_hooks.obj
 0001:000009b0       ??$_Unfancy@V?$_List_unchecked_iterator@V?$_List_val@U?$_List_simple_types@U?$pair@$$CBV?$basic_string@DU?$char_traits@D@std@@V?$allocator@D@2@@std@@V?$shared_ptr@UNode@NetvarTree@@@2@@std@@@std@@@std@@@std@@@std@@YAPAV?$_List_unchecked_iterator@V?$_List_val@U?$_List_simple_types@U?$pair@$$CBV?$basic_string@DU?$char_traits@D@std@@V?$allocator@D@2@@std@@V?$shared_ptr@UNode@NetvarTree@@@2@@std@@@std@@@std@@@0@PAV10@@Z 100019b0 f i Aimbot.obj
 0001:000009b0       ??$forward@V?$_List_unchecked_iterator@V?$_List_val@U?$_List_simple_types@U?$pair@$$CBV?$basic_string@DU?$char_traits@D@std@@V?$allocator@D@2@@std@@V?$shared_ptr@UNode@NetvarTree@@@2@@std@@@std@@@std@@@std@@@std@@YA$$QAV?$_List_unchecked_iterator@V?$_List_val@U?$_List_simple_types@U?$pair@$$CBV?$basic_string@DU?$char_traits@D@std@@V?$allocator@D@2@@std@@V?$shared_ptr@UNode@NetvarTree@@@2@@std@@@std@@@std@@@0@AAV10@@Z 100019b0 f i Aimbot.obj
 0001:000009b0       ??$_Unfancy@V?$basic_string@DU?$char_traits@D@std@@V?$allocator@D@2@@std@@@std@@YAPAV?$basic_string@DU?$char_traits@D@std@@V?$allocator@D@2@@0@PAV10@@Z 100019b0 f i config_system.obj
 0001:000009b0       ??$addressof@V?$basic_string@DU?$char_traits@D@std@@V?$allocator@D@2@@std@@@std@@YAPAV?$basic_string@DU?$char_traits@D@std@@V?$allocator@D@2@@0@AAV10@@Z 100019b0 f i imgui.obj
 0001:000009b0       ??$forward@V?$basic_string@DU?$char_traits@D@std@@V?$allocator@D@2@@std@@@std@@YA$$QAV?$basic_string@DU?$char_traits@D@std@@V?$allocator@D@2@@0@AAV10@@Z 100019b0 f i Aimbot.obj
 0001:000009b0       ??$forward@AAPAVISurface@@@std@@YAAAPAVISurface@@AAPAV1@@Z 100019b0 f i c_hooks.obj
 0001:000009b0       ??$forward@AAPAVIBaseClientDLL@@@std@@YAAAPAVIBaseClientDLL@@AAPAV1@@Z 100019b0 f i c_hooks.obj
 0001:000009b0       ??$forward@M@std@@YA$$QAMAAM@Z 100019b0 f i NetvarManager.obj
 0001:000009b0       ??$_Kfn@$$CBV?$basic_string@DU?$char_traits@D@std@@V?$allocator@D@2@@std@@V?$shared_ptr@UNode@NetvarTree@@@2@@?$_Umap_traits@V?$basic_string@DU?$char_traits@D@std@@V?$allocator@D@2@@std@@V?$shared_ptr@UNode@NetvarTree@@@2@V?$_Uhash_compare@V?$basic_string@DU?$char_traits@D@std@@V?$allocator@D@2@@std@@U?$hash@V?$basic_string@DU?$char_traits@D@std@@V?$allocator@D@2@@std@@@2@U?$equal_to@V?$basic_string@DU?$char_traits@D@std@@V?$allocator@D@2@@std@@@2@@2@V?$allocator@U?$pair@$$CBV?$basic_string@DU?$char_traits@D@std@@V?$allocator@D@2@@std@@V?$shared_ptr@UNode@NetvarTree@@@2@@std@@@2@$0A@@std@@SAABV?$basic_string@DU?$char_traits@D@std@@V?$allocator@D@2@@1@ABU?$pair@$$CBV?$basic_string@DU?$char_traits@D@std@@V?$allocator@D@2@@std@@V?$shared_ptr@UNode@NetvarTree@@@2@@1@@Z 100019b0 f i Aimbot.obj
 0001:000009b0       ??$forward@AAPAU?$_List_node@U?$pair@$$CBV?$basic_string@DU?$char_traits@D@std@@V?$allocator@D@2@@std@@V?$shared_ptr@UNode@NetvarTree@@@2@@std@@PAX@std@@@std@@YAAAPAU?$_List_node@U?$pair@$$CBV?$basic_string@DU?$char_traits@D@std@@V?$allocator@D@2@@std@@V?$shared_ptr@UNode@NetvarTree@@@2@@std@@PAX@0@AAPAU10@@Z 100019b0 f i Aimbot.obj
 0001:000009b0       ??$forward@ABV?$shared_ptr@UNode@NetvarTree@@@std@@@std@@YAABV?$shared_ptr@UNode@NetvarTree@@@0@ABV10@@Z 100019b0 f i NetvarManager.obj
 0001:000009b0       ??$move@AAH@std@@YA$$QAHAAH@Z 100019b0 f i Aimbot.obj
 0001:000009b0       ??$addressof@$$CBV?$_Deque_val@U?$_Deque_simple_types@ULegitPlayerRecords@@@std@@@std@@@std@@YAPBV?$_Deque_val@U?$_Deque_simple_types@ULegitPlayerRecords@@@std@@@0@ABV10@@Z 100019b0 f i Legitbot.obj
 0001:000009b0       ??$forward@AAPAV_Facet_base@std@@@std@@YAAAPAV_Facet_base@0@AAPAV10@@Z 100019b0 f i config_system.obj
 0001:000009b0       ??$move@AAV?$tuple@$$QAV?$basic_string@DU?$char_traits@D@std@@V?$allocator@D@2@@std@@@std@@@std@@YA$$QAV?$tuple@$$QAV?$basic_string@DU?$char_traits@D@std@@V?$allocator@D@2@@std@@@0@AAV10@@Z 100019b0 f i Aimbot.obj
 0001:000009b0       ??$forward@ABUpiecewise_construct_t@std@@@std@@YAABUpiecewise_construct_t@0@ABU10@@Z 100019b0 f i Aimbot.obj
 0001:000009b0       ??$addressof@$$CBV?$_Deque_val@U?$_Deque_simple_types@UPlayerRecords@@@std@@@std@@@std@@YAPBV?$_Deque_val@U?$_Deque_simple_types@UPlayerRecords@@@std@@@0@ABV10@@Z 100019b0 f i LagComp.obj
 0001:000009b0       ??$forward@AAPAVVMTHook@@@std@@YAAAPAVVMTHook@@AAPAV1@@Z 100019b0 f i c_hooks.obj
 0001:000009b0       ??$move@AAU?$default_delete@$$BY0A@I@std@@@std@@YA$$QAU?$default_delete@$$BY0A@I@0@AAU10@@Z 100019b0 f i c_hooks.obj
 0001:000009b0       ??$forward@ABV?$_List_unchecked_iterator@V?$_List_val@U?$_List_simple_types@U?$pair@$$CBV?$basic_string@DU?$char_traits@D@std@@V?$allocator@D@2@@std@@V?$shared_ptr@UNode@NetvarTree@@@2@@std@@@std@@@std@@@std@@@std@@YAABV?$_List_unchecked_iterator@V?$_List_val@U?$_List_simple_types@U?$pair@$$CBV?$basic_string@DU?$char_traits@D@std@@V?$allocator@D@2@@std@@V?$shared_ptr@UNode@NetvarTree@@@2@@std@@@std@@@std@@@0@ABV10@@Z 100019b0 f i Aimbot.obj
 0001:000009b0       ??$forward@$$QAV?$basic_string@DU?$char_traits@D@std@@V?$allocator@D@2@@std@@@std@@YA$$QAV?$basic_string@DU?$char_traits@D@std@@V?$allocator@D@2@@0@AAV10@@Z 100019b0 f i Aimbot.obj
 0001:000009c0       ??$_Deallocate@$07$0A@@std@@YAXPAXI@Z 100019c0 f i c_hooks.obj
 0001:000009f0       ??$destroy@U_Container_proxy@std@@@?$_Default_allocator_traits@V?$allocator@U_Container_proxy@std@@@std@@@std@@SAXAAV?$allocator@U_Container_proxy@std@@@1@QAU_Container_proxy@1@@Z 100019f0 f i LagComp.obj
 0001:000009f0       ??$_Destroy_range1@V?$allocator@PAULegitPlayerRecords@@@std@@@std@@YAXPAPAULegitPlayerRecords@@0AAV?$allocator@PAULegitPlayerRecords@@@0@U?$integral_constant@_N$00@0@@Z 100019f0 f i Legitbot.obj
 0001:000009f0       ?Log@Utils@@SAXABV?$basic_string@DU?$char_traits@D@std@@V?$allocator@D@2@@std@@ZZ 100019f0 f i c_hooks.obj
 0001:000009f0       ??$destroy@ULegitPlayerRecords@@@?$_Default_allocator_traits@V?$allocator@ULegitPlayerRecords@@@std@@@std@@SAXAAV?$allocator@ULegitPlayerRecords@@@1@QAULegitPlayerRecords@@@Z 100019f0 f i Legitbot.obj
 0001:000009f0       ??$destroy@PA_W@?$_Default_allocator_traits@V?$allocator@_W@std@@@std@@SAXAAV?$allocator@_W@1@QAPA_W@Z 100019f0 f i config_system.obj
 0001:000009f0       ??$_Destroy_range1@V?$allocator@H@std@@@std@@YAXPAH0AAV?$allocator@H@0@U?$integral_constant@_N$00@0@@Z 100019f0 f i Aimbot.obj
 0001:000009f0       ??$destroy@PAU?$_List_node@U?$pair@$$CBV?$basic_string@DU?$char_traits@D@std@@V?$allocator@D@2@@std@@V?$shared_ptr@UNode@NetvarTree@@@2@@std@@PAX@std@@@?$_Default_allocator_traits@V?$allocator@U?$_List_node@U?$pair@$$CBV?$basic_string@DU?$char_traits@D@std@@V?$allocator@D@2@@std@@V?$shared_ptr@UNode@NetvarTree@@@2@@std@@PAX@std@@@std@@@std@@SAXAAV?$allocator@U?$_List_node@U?$pair@$$CBV?$basic_string@DU?$char_traits@D@std@@V?$allocator@D@2@@std@@V?$shared_ptr@UNode@NetvarTree@@@2@@std@@PAX@std@@@1@QAPAU?$_List_node@U?$pair@$$CBV?$basic_string@DU?$char_traits@D@std@@V?$allocator@D@2@@std@@V?$shared_ptr@UNode@NetvarTree@@@2@@std@@PAX@1@@Z 100019f0 f i c_hooks.obj
 0001:000009f0       ??$destroy@UPlayerRecords@@@?$_Default_allocator_traits@V?$allocator@UPlayerRecords@@@std@@@std@@SAXAAV?$allocator@UPlayerRecords@@@1@QAUPlayerRecords@@@Z 100019f0 f i LagComp.obj
 0001:000009f0       ?config_tab@@YAXXZ         100019f0 f i menu_system.obj
 0001:000009f0       ??$_Adl_verify_range@PADPAD@std@@YAXABQAD0@Z 100019f0 f i c_esp.obj
 0001:000009f0       ??$_Adl_verify_range@V?$_Deque_iterator@V?$_Deque_val@U?$_Deque_simple_types@UPlayerRecords@@@std@@@std@@@std@@V12@@std@@YAXABV?$_Deque_iterator@V?$_Deque_val@U?$_Deque_simple_types@UPlayerRecords@@@std@@@std@@@0@0@Z 100019f0 f i LagComp.obj
 0001:000009f0       ??$destroy@PAULegitPlayerRecords@@@?$_Default_allocator_traits@V?$allocator@PAULegitPlayerRecords@@@std@@@std@@SAXAAV?$allocator@PAULegitPlayerRecords@@@1@QAPAULegitPlayerRecords@@@Z 100019f0 f i Legitbot.obj
 0001:000009f0       ??$destroy@PAD@?$_Default_allocator_traits@V?$allocator@D@std@@@std@@SAXAAV?$allocator@D@1@QAPAD@Z 100019f0 f i c_hooks.obj
 0001:000009f0       ??$destroy@PAUPlayerRecords@@@?$_Default_allocator_traits@V?$allocator@PAUPlayerRecords@@@std@@@std@@SAXAAV?$allocator@PAUPlayerRecords@@@1@QAPAUPlayerRecords@@@Z 100019f0 f i LagComp.obj
 0001:000009f0       ??$_Enable_shared_from_this1@UNode@NetvarTree@@U12@@std@@YAXABV?$shared_ptr@UNode@NetvarTree@@@0@PAUNode@NetvarTree@@U?$integral_constant@_N$0A@@0@@Z 100019f0 f i NetvarManager.obj
 0001:000009f0       ??$_Destroy_range1@V?$allocator@PAUPlayerRecords@@@std@@@std@@YAXPAPAUPlayerRecords@@0AAV?$allocator@PAUPlayerRecords@@@0@U?$integral_constant@_N$00@0@@Z 100019f0 f i LagComp.obj
 0001:000009f0       ??$_Destroy_range1@V?$allocator@V?$_List_unchecked_iterator@V?$_List_val@U?$_List_simple_types@U?$pair@$$CBV?$basic_string@DU?$char_traits@D@std@@V?$allocator@D@2@@std@@V?$shared_ptr@UNode@NetvarTree@@@2@@std@@@std@@@std@@@std@@@std@@@std@@YAXPAV?$_List_unchecked_iterator@V?$_List_val@U?$_List_simple_types@U?$pair@$$CBV?$basic_string@DU?$char_traits@D@std@@V?$allocator@D@2@@std@@V?$shared_ptr@UNode@NetvarTree@@@2@@std@@@std@@@std@@@0@0AAV?$allocator@V?$_List_unchecked_iterator@V?$_List_val@U?$_List_simple_types@U?$pair@$$CBV?$basic_string@DU?$char_traits@D@std@@V?$allocator@D@2@@std@@V?$shared_ptr@UNode@NetvarTree@@@2@@std@@@std@@@std@@@std@@@0@U?$integral_constant@_N$00@0@@Z 100019f0 f i c_hooks.obj
 0001:000009f0       ??3@YAXPAXUImPlacementNewDummy@@0@Z 100019f0 f i imgui.obj
 0001:000009f0       ??$_Adl_verify_range@V?$_Deque_iterator@V?$_Deque_val@U?$_Deque_simple_types@ULegitPlayerRecords@@@std@@@std@@@std@@V12@@std@@YAXABV?$_Deque_iterator@V?$_Deque_val@U?$_Deque_simple_types@ULegitPlayerRecords@@@std@@@std@@@0@0@Z 100019f0 f i Legitbot.obj
 0001:00000a00       ??$_Destroy_range@V?$allocator@V?$_List_unchecked_iterator@V?$_List_val@U?$_List_simple_types@U?$pair@$$CBV?$basic_string@DU?$char_traits@D@std@@V?$allocator@D@2@@std@@V?$shared_ptr@UNode@NetvarTree@@@2@@std@@@std@@@std@@@std@@@std@@@std@@YAXPAV?$_List_unchecked_iterator@V?$_List_val@U?$_List_simple_types@U?$pair@$$CBV?$basic_string@DU?$char_traits@D@std@@V?$allocator@D@2@@std@@V?$shared_ptr@UNode@NetvarTree@@@2@@std@@@std@@@std@@@0@0AAV?$allocator@V?$_List_unchecked_iterator@V?$_List_val@U?$_List_simple_types@U?$pair@$$CBV?$basic_string@DU?$char_traits@D@std@@V?$allocator@D@2@@std@@V?$shared_ptr@UNode@NetvarTree@@@2@@std@@@std@@@std@@@std@@@0@@Z 10001a00 f i c_hooks.obj
 0001:00000a00       ??$_Destroy_range@V?$allocator@PAULegitPlayerRecords@@@std@@@std@@YAXPAPAULegitPlayerRecords@@0AAV?$allocator@PAULegitPlayerRecords@@@0@@Z 10001a00 f i Legitbot.obj
 0001:00000a00       ??$_Destroy_range@V?$allocator@PAUPlayerRecords@@@std@@@std@@YAXPAPAUPlayerRecords@@0AAV?$allocator@PAUPlayerRecords@@@0@@Z 10001a00 f i LagComp.obj
 0001:00000a00       ??$_Destroy_range@V?$allocator@H@std@@@std@@YAXPAH0AAV?$allocator@H@0@@Z 10001a00 f i Aimbot.obj
 0001:00000a30       ??$_Freenode0@V?$allocator@U?$_List_node@U?$pair@$$CBV?$basic_string@DU?$char_traits@D@std@@V?$allocator@D@2@@std@@V?$shared_ptr@UNode@NetvarTree@@@2@@std@@PAX@std@@@std@@@?$_List_node@U?$pair@$$CBV?$basic_string@DU?$char_traits@D@std@@V?$allocator@D@2@@std@@V?$shared_ptr@UNode@NetvarTree@@@2@@std@@PAX@std@@SAXAAV?$allocator@U?$_List_node@U?$pair@$$CBV?$basic_string@DU?$char_traits@D@std@@V?$allocator@D@2@@std@@V?$shared_ptr@UNode@NetvarTree@@@2@@std@@PAX@std@@@1@PAU01@@Z 10001a30 f i c_hooks.obj
 0001:00000ab0       ??$_Max_value@I@std@@YAABIABI0@Z 10001ab0 f i c_hooks.obj
 0001:00000ae0       ??$_Min_value@I@std@@YAABIABI0@Z 10001ae0 f i c_hooks.obj
 0001:00000b10       ??$_Reallocate_for@V<lambda_9366063389c5f42a00a5088cf24e69de>@@PBD@?$basic_string@DU?$char_traits@D@std@@V?$allocator@D@2@@std@@QAEAAV01@IV<lambda_9366063389c5f42a00a5088cf24e69de>@@PBD@Z 10001b10 f i c_hooks.obj
 0001:00000bf0       ??$construct@PADABQAD@?$_Default_allocator_traits@V?$allocator@D@std@@@std@@SAXAAV?$allocator@D@1@QAPADABQAD@Z 10001bf0 f i c_hooks.obj
 0001:00000bf0       ??$construct@HH@?$_Default_allocator_traits@V?$allocator@H@std@@@std@@SAXAAV?$allocator@H@1@QAH$$QAH@Z 10001bf0 f i Aimbot.obj
 0001:00000bf0       ??$construct@PAU?$_List_node@U?$pair@$$CBV?$basic_string@DU?$char_traits@D@std@@V?$allocator@D@2@@std@@V?$shared_ptr@UNode@NetvarTree@@@2@@std@@PAX@std@@AAPAU12@@?$_Default_allocator_traits@V?$allocator@U?$_List_node@U?$pair@$$CBV?$basic_string@DU?$char_traits@D@std@@V?$allocator@D@2@@std@@V?$shared_ptr@UNode@NetvarTree@@@2@@std@@PAX@std@@@std@@@std@@SAXAAV?$allocator@U?$_List_node@U?$pair@$$CBV?$basic_string@DU?$char_traits@D@std@@V?$allocator@D@2@@std@@V?$shared_ptr@UNode@NetvarTree@@@2@@std@@PAX@std@@@1@QAPAU?$_List_node@U?$pair@$$CBV?$basic_string@DU?$char_traits@D@std@@V?$allocator@D@2@@std@@V?$shared_ptr@UNode@NetvarTree@@@2@@std@@PAX@1@AAPAU31@@Z 10001bf0 f i Aimbot.obj
 0001:00000c20       ??$destroy@U?$pair@$$CBV?$basic_string@DU?$char_traits@D@std@@V?$allocator@D@2@@std@@V?$shared_ptr@UNode@NetvarTree@@@2@@std@@@?$_Default_allocator_traits@V?$allocator@U?$_List_node@U?$pair@$$CBV?$basic_string@DU?$char_traits@D@std@@V?$allocator@D@2@@std@@V?$shared_ptr@UNode@NetvarTree@@@2@@std@@PAX@std@@@std@@@std@@SAXAAV?$allocator@U?$_List_node@U?$pair@$$CBV?$basic_string@DU?$char_traits@D@std@@V?$allocator@D@2@@std@@V?$shared_ptr@UNode@NetvarTree@@@2@@std@@PAX@std@@@1@QAU?$pair@$$CBV?$basic_string@DU?$char_traits@D@std@@V?$allocator@D@2@@std@@V?$shared_ptr@UNode@NetvarTree@@@2@@1@@Z 10001c20 f i c_hooks.obj
 0001:00000c30       ??$make_unique@$$BY0A@I$0A@@std@@YA?AV?$unique_ptr@$$BY0A@IU?$default_delete@$$BY0A@I@std@@@0@I@Z 10001c30 f i c_hooks.obj
 0001:00000cb0       ??$make_unique@VNetvarTree@@$$V$0A@@std@@YA?AV?$unique_ptr@VNetvarTree@@U?$default_delete@VNetvarTree@@@std@@@0@XZ 10001cb0 f i c_hooks.obj
 0001:00000d40       ??$make_unique@VVMTHook@@AAPAVIPanel@@$0A@@std@@YA?AV?$unique_ptr@VVMTHook@@U?$default_delete@VVMTHook@@@std@@@0@AAPAVIPanel@@@Z 10001d40 f i c_hooks.obj
 0001:00000d40       ??$make_unique@VVMTHook@@AAPAVIVRenderView@@$0A@@std@@YA?AV?$unique_ptr@VVMTHook@@U?$default_delete@VVMTHook@@@std@@@0@AAPAVIVRenderView@@@Z 10001d40 f i c_hooks.obj
 0001:00000d40       ??$make_unique@VVMTHook@@AAPAVIClientMode@@$0A@@std@@YA?AV?$unique_ptr@VVMTHook@@U?$default_delete@VVMTHook@@@std@@@0@AAPAVIClientMode@@@Z 10001d40 f i c_hooks.obj
 0001:00000d40       ??$make_unique@VVMTHook@@AAPAVISurface@@$0A@@std@@YA?AV?$unique_ptr@VVMTHook@@U?$default_delete@VVMTHook@@@std@@@0@AAPAVISurface@@@Z 10001d40 f i c_hooks.obj
 0001:00000d40       ??$make_unique@VVMTHook@@PAPAK$0A@@std@@YA?AV?$unique_ptr@VVMTHook@@U?$default_delete@VVMTHook@@@std@@@0@$$QAPAPAK@Z 10001d40 f i c_hooks.obj
 0001:00000d40       ??$make_unique@VVMTHook@@AAPAVCModelRender@@$0A@@std@@YA?AV?$unique_ptr@VVMTHook@@U?$default_delete@VVMTHook@@@std@@@0@AAPAVCModelRender@@@Z 10001d40 f i c_hooks.obj
 0001:00000d40       ??$make_unique@VVMTHook@@AAPAVIBaseClientDLL@@$0A@@std@@YA?AV?$unique_ptr@VVMTHook@@U?$default_delete@VVMTHook@@@std@@@0@AAPAVIBaseClientDLL@@@Z 10001d40 f i c_hooks.obj
 0001:00000df0       ??$reset@PAIX@?$unique_ptr@$$BY0A@IU?$default_delete@$$BY0A@I@std@@@std@@QAEXPAI@Z 10001df0 f i c_hooks.obj
 0001:00000e40       ??0?$_String_alloc@U?$_String_base_types@_WV?$allocator@_W@std@@@std@@@std@@QAE@XZ 10001e40 f i config_system.obj
 0001:00000e40       ??0?$_String_alloc@U?$_String_base_types@DV?$allocator@D@std@@@std@@@std@@QAE@XZ 10001e40 f i c_hooks.obj
 0001:00000e70       ??0?$_String_val@U?$_Simple_types@_W@std@@@std@@QAE@XZ 10001e70 f i config_system.obj
 0001:00000e70       ??0?$_String_val@U?$_Simple_types@D@std@@@std@@QAE@XZ 10001e70 f i c_hooks.obj
 0001:00000ea0       ?_Get_first@?$_Compressed_pair@U?$default_delete@VShadowVTManager@@@std@@PAVShadowVTManager@@$00@std@@QAEAAU?$default_delete@VShadowVTManager@@@2@XZ 10001ea0 f i c_hooks.obj
 0001:00000ea0       ?_Get_second@?$_Compressed_pair@U?$default_delete@VShadowVTManager@@@std@@PAVShadowVTManager@@$00@std@@QBEABQAVShadowVTManager@@XZ 10001ea0 f i c_hooks.obj
 0001:00000ea0       ??0?$allocator@V?$basic_string@DU?$char_traits@D@std@@V?$allocator@D@2@@std@@@std@@QAE@XZ 10001ea0 f i config_system.obj
 0001:00000ea0       ?_Get_first@?$_Compressed_pair@V?$allocator@UPlayerRecords@@@std@@V?$_Deque_val@U?$_Deque_simple_types@UPlayerRecords@@@std@@@2@$00@std@@QBEABV?$allocator@UPlayerRecords@@@2@XZ 10001ea0 f i LagComp.obj
 0001:00000ea0       ?_Get_first@?$_Compressed_pair@V?$allocator@H@std@@V?$_Vector_val@U?$_Simple_types@H@std@@@2@$00@std@@QAEAAV?$allocator@H@2@XZ 10001ea0 f i Aimbot.obj
 0001:00000ea0       ?_Get_first@?$_Compressed_pair@V?$allocator@UPlayerRecords@@@std@@V?$_Deque_val@U?$_Deque_simple_types@UPlayerRecords@@@std@@@2@$00@std@@QAEAAV?$allocator@UPlayerRecords@@@2@XZ 10001ea0 f i LagComp.obj
 0001:00000ea0       ?_Get_second@?$_Compressed_pair@U?$hash@V?$basic_string@DU?$char_traits@D@std@@V?$allocator@D@2@@std@@@std@@V?$_Compressed_pair@U?$equal_to@V?$basic_string@DU?$char_traits@D@std@@V?$allocator@D@2@@std@@@std@@M$00@2@$00@std@@QBEABV?$_Compressed_pair@U?$equal_to@V?$basic_string@DU?$char_traits@D@std@@V?$allocator@D@2@@std@@@std@@M$00@2@XZ 10001ea0 f i Aimbot.obj
 0001:00000ea0       ?_Get_first@?$_Compressed_pair@V?$allocator@U?$_List_node@U?$pair@$$CBV?$basic_string@DU?$char_traits@D@std@@V?$allocator@D@2@@std@@V?$shared_ptr@UNode@NetvarTree@@@2@@std@@PAX@std@@@std@@V?$_List_val@U?$_List_simple_types@U?$pair@$$CBV?$basic_string@DU?$char_traits@D@std@@V?$allocator@D@2@@std@@V?$shared_ptr@UNode@NetvarTree@@@2@@std@@@std@@@2@$00@std@@QBEABV?$allocator@U?$_List_node@U?$pair@$$CBV?$basic_string@DU?$char_traits@D@std@@V?$allocator@D@2@@std@@V?$shared_ptr@UNode@NetvarTree@@@2@@std@@PAX@std@@@2@XZ 10001ea0 f i Aimbot.obj
 0001:00000ea0       ?_Get_first@?$_Compressed_pair@V?$allocator@D@std@@V?$_String_val@U?$_Simple_types@D@std@@@2@$00@std@@QAEAAV?$allocator@D@2@XZ 10001ea0 f i c_hooks.obj
 0001:00000ea0       ?_Get_first@?$_Compressed_pair@V?$allocator@V?$_List_unchecked_iterator@V?$_List_val@U?$_List_simple_types@U?$pair@$$CBV?$basic_string@DU?$char_traits@D@std@@V?$allocator@D@2@@std@@V?$shared_ptr@UNode@NetvarTree@@@2@@std@@@std@@@std@@@std@@@std@@V?$_Vector_val@U?$_Simple_types@V?$_List_unchecked_iterator@V?$_List_val@U?$_List_simple_types@U?$pair@$$CBV?$basic_string@DU?$char_traits@D@std@@V?$allocator@D@2@@std@@V?$shared_ptr@UNode@NetvarTree@@@2@@std@@@std@@@std@@@std@@@std@@@2@$00@std@@QAEAAV?$allocator@V?$_List_unchecked_iterator@V?$_List_val@U?$_List_simple_types@U?$pair@$$CBV?$basic_string@DU?$char_traits@D@std@@V?$allocator@D@2@@std@@V?$shared_ptr@UNode@NetvarTree@@@2@@std@@@std@@@std@@@std@@@2@XZ 10001ea0 f i c_hooks.obj
 0001:00000ea0       ??0_Bxty@?$_String_val@U?$_Simple_types@D@std@@@std@@QAE@XZ 10001ea0 f i c_hooks.obj
 0001:00000ea0       ??0?$tuple@$$V@std@@QAE@XZ 10001ea0 f i Aimbot.obj
 0001:00000ea0       ?_Get_first@?$_Compressed_pair@V?$allocator@H@std@@V?$_Vector_val@U?$_Simple_types@H@std@@@2@$00@std@@QBEABV?$allocator@H@2@XZ 10001ea0 f i Aimbot.obj
 0001:00000ea0       ?_Get_second@?$_Compressed_pair@U?$default_delete@V_Facet_base@std@@@std@@PAV_Facet_base@2@$00@std@@QAEAAPAV_Facet_base@2@XZ 10001ea0 f i config_system.obj
 0001:00000ea0       ?_Get_second@?$_Compressed_pair@U?$default_delete@VVMTHook@@@std@@PAVVMTHook@@$00@std@@QBEABQAVVMTHook@@XZ 10001ea0 f i c_hooks.obj
 0001:00000ea0       ??0?$allocator@H@std@@QAE@XZ 10001ea0 f i Aimbot.obj
 0001:00000ea0       ?_Get_second@?$_Compressed_pair@V?$allocator@ULegitPlayerRecords@@@std@@V?$_Deque_val@U?$_Deque_simple_types@ULegitPlayerRecords@@@std@@@2@$00@std@@QBEABV?$_Deque_val@U?$_Deque_simple_types@ULegitPlayerRecords@@@std@@@2@XZ 10001ea0 f i Legitbot.obj
 0001:00000ea0       ?_Get_second@?$_Compressed_pair@V?$allocator@V?$_List_unchecked_iterator@V?$_List_val@U?$_List_simple_types@U?$pair@$$CBV?$basic_string@DU?$char_traits@D@std@@V?$allocator@D@2@@std@@V?$shared_ptr@UNode@NetvarTree@@@2@@std@@@std@@@std@@@std@@@std@@V?$_Vector_val@U?$_Simple_types@V?$_List_unchecked_iterator@V?$_List_val@U?$_List_simple_types@U?$pair@$$CBV?$basic_string@DU?$char_traits@D@std@@V?$allocator@D@2@@std@@V?$shared_ptr@UNode@NetvarTree@@@2@@std@@@std@@@std@@@std@@@std@@@2@$00@std@@QAEAAV?$_Vector_val@U?$_Simple_types@V?$_List_unchecked_iterator@V?$_List_val@U?$_List_simple_types@U?$pair@$$CBV?$basic_string@DU?$char_traits@D@std@@V?$allocator@D@2@@std@@V?$shared_ptr@UNode@NetvarTree@@@2@@std@@@std@@@std@@@std@@@std@@@2@XZ 10001ea0 f i c_hooks.obj
 0001:00000ea0       ?_Get_second@?$_Compressed_pair@V?$allocator@V?$basic_string@DU?$char_traits@D@std@@V?$allocator@D@2@@std@@@std@@V?$_Vector_val@U?$_Simple_types@V?$basic_string@DU?$char_traits@D@std@@V?$allocator@D@2@@std@@@std@@@2@$00@std@@QBEABV?$_Vector_val@U?$_Simple_types@V?$basic_string@DU?$char_traits@D@std@@V?$allocator@D@2@@std@@@std@@@2@XZ 10001ea0 f i config_system.obj
 0001:00000ea0       ?_Get_second@?$_Compressed_pair@V?$allocator@ULegitPlayerRecords@@@std@@V?$_Deque_val@U?$_Deque_simple_types@ULegitPlayerRecords@@@std@@@2@$00@std@@QAEAAV?$_Deque_val@U?$_Deque_simple_types@ULegitPlayerRecords@@@std@@@2@XZ 10001ea0 f i Legitbot.obj
 0001:00000ea0       ?_Get_second@?$_Compressed_pair@V?$allocator@UPlayerRecords@@@std@@V?$_Deque_val@U?$_Deque_simple_types@UPlayerRecords@@@std@@@2@$00@std@@QAEAAV?$_Deque_val@U?$_Deque_simple_types@UPlayerRecords@@@std@@@2@XZ 10001ea0 f i Aimbot.obj
 0001:00000ea0       ??0?$allocator@D@std@@QAE@XZ 10001ea0 f i c_hooks.obj
 0001:00000ea0       ??0Vector2D@@QAE@XZ        10001ea0 f i Legitbot.obj
 0001:00000ea0       ?_Get_second@?$_Compressed_pair@V?$allocator@H@std@@V?$_Vector_val@U?$_Simple_types@H@std@@@2@$00@std@@QAEAAV?$_Vector_val@U?$_Simple_types@H@std@@@2@XZ 10001ea0 f i Aimbot.obj
 0001:00000ea0       ?_Get_second@?$_Compressed_pair@U?$default_delete@VNetvarTree@@@std@@PAVNetvarTree@@$00@std@@QBEABQAVNetvarTree@@XZ 10001ea0 f i c_hooks.obj
 0001:00000ea0       ?_Get_second@?$_Compressed_pair@U?$default_delete@$$BY0A@I@std@@PAI$00@std@@QBEABQAIXZ 10001ea0 f i c_hooks.obj
 0001:00000ea0       ?_Get_first@?$_Compressed_pair@V?$allocator@ULegitPlayerRecords@@@std@@V?$_Deque_val@U?$_Deque_simple_types@ULegitPlayerRecords@@@std@@@2@$00@std@@QAEAAV?$allocator@ULegitPlayerRecords@@@2@XZ 10001ea0 f i Legitbot.obj
 0001:00000ea0       ?_Get_second@?$_Compressed_pair@V?$allocator@UPlayerRecords@@@std@@V?$_Deque_val@U?$_Deque_simple_types@UPlayerRecords@@@std@@@2@$00@std@@QBEABV?$_Deque_val@U?$_Deque_simple_types@UPlayerRecords@@@std@@@2@XZ 10001ea0 f i Aimbot.obj
 0001:00000ea0       ?_Get_second@?$_Compressed_pair@V?$allocator@_W@std@@V?$_String_val@U?$_Simple_types@_W@std@@@2@$00@std@@QAEAAV?$_String_val@U?$_Simple_types@_W@std@@@2@XZ 10001ea0 f i config_system.obj
 0001:00000ea0       ?_Get_second@?$_Compressed_pair@V?$allocator@U?$_List_node@U?$pair@$$CBV?$basic_string@DU?$char_traits@D@std@@V?$allocator@D@2@@std@@V?$shared_ptr@UNode@NetvarTree@@@2@@std@@PAX@std@@@std@@V?$_List_val@U?$_List_simple_types@U?$pair@$$CBV?$basic_string@DU?$char_traits@D@std@@V?$allocator@D@2@@std@@V?$shared_ptr@UNode@NetvarTree@@@2@@std@@@std@@@2@$00@std@@QAEAAV?$_List_val@U?$_List_simple_types@U?$pair@$$CBV?$basic_string@DU?$char_traits@D@std@@V?$allocator@D@2@@std@@V?$shared_ptr@UNode@NetvarTree@@@2@@std@@@std@@@2@XZ 10001ea0 f i c_hooks.obj
 0001:00000ea0       ?_Get_first@?$_Compressed_pair@U?$default_delete@VVMTHook@@@std@@PAVVMTHook@@$00@std@@QAEAAU?$default_delete@VVMTHook@@@2@XZ 10001ea0 f i c_hooks.obj
 0001:00000ea0       ??0?$allocator@ULegitPlayerRecords@@@std@@QAE@XZ 10001ea0 f i Legitbot.obj
 0001:00000ea0       ?_Get_second@?$_Compressed_pair@U?$default_delete@VVMTHook@@@std@@PAVVMTHook@@$00@std@@QAEAAPAVVMTHook@@XZ 10001ea0 f i c_hooks.obj
 0001:00000ea0       ?_Get_second@?$_Compressed_pair@V?$allocator@D@std@@V?$_String_val@U?$_Simple_types@D@std@@@2@$00@std@@QBEABV?$_String_val@U?$_Simple_types@D@std@@@2@XZ 10001ea0 f i c_hooks.obj
 0001:00000ea0       ??0?$allocator@_W@std@@QAE@XZ 10001ea0 f i config_system.obj
 0001:00000ea0       ??0matrix3x4_t@@QAE@XZ     10001ea0 f i Aimbot.obj
 0001:00000ea0       ??0_Bxty@?$_String_val@U?$_Simple_types@_W@std@@@std@@QAE@XZ 10001ea0 f i config_system.obj
 0001:00000ea0       ?_Get_first@?$_Compressed_pair@U?$equal_to@V?$basic_string@DU?$char_traits@D@std@@V?$allocator@D@2@@std@@@std@@M$00@std@@QBEABU?$equal_to@V?$basic_string@DU?$char_traits@D@std@@V?$allocator@D@2@@std@@@2@XZ 10001ea0 f i Aimbot.obj
 0001:00000ea0       ??0Vector@@QAE@XZ          10001ea0 f i Aimbot.obj
 0001:00000ea0       ??0?$allocator@U?$pair@$$CBV?$basic_string@DU?$char_traits@D@std@@V?$allocator@D@2@@std@@V?$shared_ptr@UNode@NetvarTree@@@2@@std@@@std@@QAE@XZ 10001ea0 f i NetvarManager.obj
 0001:00000ea0       ?_Get_first@?$_Compressed_pair@V?$allocator@V?$basic_string@DU?$char_traits@D@std@@V?$allocator@D@2@@std@@@std@@V?$_Vector_val@U?$_Simple_types@V?$basic_string@DU?$char_traits@D@std@@V?$allocator@D@2@@std@@@std@@@2@$00@std@@QAEAAV?$allocator@V?$basic_string@DU?$char_traits@D@std@@V?$allocator@D@2@@std@@@2@XZ 10001ea0 f i config_system.obj
 0001:00000ea0       ?_Get_first@?$_Compressed_pair@V?$allocator@U?$_List_node@U?$pair@$$CBV?$basic_string@DU?$char_traits@D@std@@V?$allocator@D@2@@std@@V?$shared_ptr@UNode@NetvarTree@@@2@@std@@PAX@std@@@std@@V?$_List_val@U?$_List_simple_types@U?$pair@$$CBV?$basic_string@DU?$char_traits@D@std@@V?$allocator@D@2@@std@@V?$shared_ptr@UNode@NetvarTree@@@2@@std@@@std@@@2@$00@std@@QAEAAV?$allocator@U?$_List_node@U?$pair@$$CBV?$basic_string@DU?$char_traits@D@std@@V?$allocator@D@2@@std@@V?$shared_ptr@UNode@NetvarTree@@@2@@std@@PAX@std@@@2@XZ 10001ea0 f i c_hooks.obj
 0001:00000ea0       ?_Get_first@?$_Compressed_pair@U?$hash@V?$basic_string@DU?$char_traits@D@std@@V?$allocator@D@2@@std@@@std@@V?$_Compressed_pair@U?$equal_to@V?$basic_string@DU?$char_traits@D@std@@V?$allocator@D@2@@std@@@std@@M$00@2@$00@std@@QBEABU?$hash@V?$basic_string@DU?$char_traits@D@std@@V?$allocator@D@2@@std@@@2@XZ 10001ea0 f i Aimbot.obj
 0001:00000ea0       ?_Get_first@?$_Compressed_pair@V?$allocator@V?$_List_unchecked_iterator@V?$_List_val@U?$_List_simple_types@U?$pair@$$CBV?$basic_string@DU?$char_traits@D@std@@V?$allocator@D@2@@std@@V?$shared_ptr@UNode@NetvarTree@@@2@@std@@@std@@@std@@@std@@@std@@V?$_Vector_val@U?$_Simple_types@V?$_List_unchecked_iterator@V?$_List_val@U?$_List_simple_types@U?$pair@$$CBV?$basic_string@DU?$char_traits@D@std@@V?$allocator@D@2@@std@@V?$shared_ptr@UNode@NetvarTree@@@2@@std@@@std@@@std@@@std@@@std@@@2@$00@std@@QBEABV?$allocator@V?$_List_unchecked_iterator@V?$_List_val@U?$_List_simple_types@U?$pair@$$CBV?$basic_string@DU?$char_traits@D@std@@V?$allocator@D@2@@std@@V?$shared_ptr@UNode@NetvarTree@@@2@@std@@@std@@@std@@@std@@@2@XZ 10001ea0 f i Aimbot.obj
 0001:00000ea0       ?_Get_first@?$_Compressed_pair@U?$default_delete@VNetvarTree@@@std@@PAVNetvarTree@@$00@std@@QAEAAU?$default_delete@VNetvarTree@@@2@XZ 10001ea0 f i c_hooks.obj
 0001:00000ea0       ?_Get_second@?$_Compressed_pair@V?$allocator@D@std@@V?$_String_val@U?$_Simple_types@D@std@@@2@$00@std@@QAEAAV?$_String_val@U?$_Simple_types@D@std@@@2@XZ 10001ea0 f i c_hooks.obj
 0001:00000ea0       ??0?$allocator@UPlayerRecords@@@std@@QAE@XZ 10001ea0 f i LagComp.obj
 0001:00000ea0       ?_Get_second@?$_Compressed_pair@U?$equal_to@V?$basic_string@DU?$char_traits@D@std@@V?$allocator@D@2@@std@@@std@@M$00@std@@QBEABMXZ 10001ea0 f i Aimbot.obj
 0001:00000ea0       ?_Get_second@?$_Compressed_pair@V?$allocator@V?$basic_string@DU?$char_traits@D@std@@V?$allocator@D@2@@std@@@std@@V?$_Vector_val@U?$_Simple_types@V?$basic_string@DU?$char_traits@D@std@@V?$allocator@D@2@@std@@@std@@@2@$00@std@@QAEAAV?$_Vector_val@U?$_Simple_types@V?$basic_string@DU?$char_traits@D@std@@V?$allocator@D@2@@std@@@std@@@2@XZ 10001ea0 f i config_system.obj
 0001:00000ea0       ?_Get_second@?$_Compressed_pair@V?$allocator@H@std@@V?$_Vector_val@U?$_Simple_types@H@std@@@2@$00@std@@QBEABV?$_Vector_val@U?$_Simple_types@H@std@@@2@XZ 10001ea0 f i Aimbot.obj
 0001:00000ea0       ?_Get_first@?$_Compressed_pair@U?$default_delete@V_Facet_base@std@@@std@@PAV_Facet_base@2@$00@std@@QAEAAU?$default_delete@V_Facet_base@std@@@2@XZ 10001ea0 f i config_system.obj
 0001:00000ea0       ?_Get_first@?$_Compressed_pair@V?$allocator@D@std@@V?$_String_val@U?$_Simple_types@D@std@@@2@$00@std@@QBEABV?$allocator@D@2@XZ 10001ea0 f i c_hooks.obj
 0001:00000ea0       ?_Get_second@?$_Compressed_pair@U?$default_delete@V_Facet_base@std@@@std@@PAV_Facet_base@2@$00@std@@QBEABQAV_Facet_base@2@XZ 10001ea0 f i config_system.obj
 0001:00000ea0       ?_Get_second@?$_Compressed_pair@V?$allocator@U?$_List_node@U?$pair@$$CBV?$basic_string@DU?$char_traits@D@std@@V?$allocator@D@2@@std@@V?$shared_ptr@UNode@NetvarTree@@@2@@std@@PAX@std@@@std@@V?$_List_val@U?$_List_simple_types@U?$pair@$$CBV?$basic_string@DU?$char_traits@D@std@@V?$allocator@D@2@@std@@V?$shared_ptr@UNode@NetvarTree@@@2@@std@@@std@@@2@$00@std@@QBEABV?$_List_val@U?$_List_simple_types@U?$pair@$$CBV?$basic_string@DU?$char_traits@D@std@@V?$allocator@D@2@@std@@V?$shared_ptr@UNode@NetvarTree@@@2@@std@@@std@@@2@XZ 10001ea0 f i Aimbot.obj
 0001:00000ea0       ?_Get_second@?$_Compressed_pair@U?$equal_to@V?$basic_string@DU?$char_traits@D@std@@V?$allocator@D@2@@std@@@std@@M$00@std@@QAEAAMXZ 10001ea0 f i NetvarManager.obj
 0001:00000ea0       ?_Get_first@?$_Compressed_pair@V?$allocator@_W@std@@V?$_String_val@U?$_Simple_types@_W@std@@@2@$00@std@@QAEAAV?$allocator@_W@2@XZ 10001ea0 f i config_system.obj
 0001:00000ea0       ?_Get_second@?$_Compressed_pair@U?$hash@V?$basic_string@DU?$char_traits@D@std@@V?$allocator@D@2@@std@@@std@@V?$_Compressed_pair@U?$equal_to@V?$basic_string@DU?$char_traits@D@std@@V?$allocator@D@2@@std@@@std@@M$00@2@$00@std@@QAEAAV?$_Compressed_pair@U?$equal_to@V?$basic_string@DU?$char_traits@D@std@@V?$allocator@D@2@@std@@@std@@M$00@2@XZ 10001ea0 f i NetvarManager.obj
 0001:00000ea0       ?_Get_first@?$_Compressed_pair@V?$allocator@ULegitPlayerRecords@@@std@@V?$_Deque_val@U?$_Deque_simple_types@ULegitPlayerRecords@@@std@@@2@$00@std@@QBEABV?$allocator@ULegitPlayerRecords@@@2@XZ 10001ea0 f i Legitbot.obj
 0001:00000ea0       ?_Get_first@?$_Compressed_pair@U?$default_delete@$$BY0A@I@std@@PAI$00@std@@QAEAAU?$default_delete@$$BY0A@I@2@XZ 10001ea0 f i c_hooks.obj
 0001:00000ea0       ?_Get_second@?$_Compressed_pair@U?$default_delete@VNetvarTree@@@std@@PAVNetvarTree@@$00@std@@QAEAAPAVNetvarTree@@XZ 10001ea0 f i c_hooks.obj
 0001:00000ea0       ?_Get_second@?$_Compressed_pair@V?$allocator@V?$_List_unchecked_iterator@V?$_List_val@U?$_List_simple_types@U?$pair@$$CBV?$basic_string@DU?$char_traits@D@std@@V?$allocator@D@2@@std@@V?$shared_ptr@UNode@NetvarTree@@@2@@std@@@std@@@std@@@std@@@std@@V?$_Vector_val@U?$_Simple_types@V?$_List_unchecked_iterator@V?$_List_val@U?$_List_simple_types@U?$pair@$$CBV?$basic_string@DU?$char_traits@D@std@@V?$allocator@D@2@@std@@V?$shared_ptr@UNode@NetvarTree@@@2@@std@@@std@@@std@@@std@@@std@@@2@$00@std@@QBEABV?$_Vector_val@U?$_Simple_types@V?$_List_unchecked_iterator@V?$_List_val@U?$_List_simple_types@U?$pair@$$CBV?$basic_string@DU?$char_traits@D@std@@V?$allocator@D@2@@std@@V?$shared_ptr@UNode@NetvarTree@@@2@@std@@@std@@@std@@@std@@@std@@@2@XZ 10001ea0 f i c_hooks.obj
 0001:00000ea0       ?_Get_second@?$_Compressed_pair@U?$default_delete@$$BY0A@I@std@@PAI$00@std@@QAEAAPAIXZ 10001ea0 f i c_hooks.obj
 0001:00000eb0       ??0?$basic_string@DU?$char_traits@D@std@@V?$allocator@D@2@@std@@QAE@QBD@Z 10001eb0 f i c_hooks.obj
 0001:00000f20       ??0Event@@QAE@XZ           10001f20 f i c_hooks.obj
 0001:00000f50       ??0IGameEventListener@@QAE@XZ 10001f50 f i c_hooks.obj
 0001:00000f70       ??0ProtectGuard@@QAE@PAXII@Z 10001f70 f i c_hooks.obj
 0001:00000fd0       ??0VMTHook@@QAE@PAX@Z      10001fd0 f i c_hooks.obj
 0001:000010f0       ??0Vector2D@@QAE@MM@Z      100020f0 f i c_hooks.obj
 0001:000010f0       ??0ImVec2@@QAE@MM@Z        100020f0 f i imgui_impl_dx9.obj
 0001:00001120       ??0c_hooks@@QAE@XZ         10002120 f i c_hooks.obj
 0001:000011f0       ??0exception@std@@QAE@ABV01@@Z 100021f0 f i c_hooks.obj
 0001:00001230       ??0exception@std@@QAE@QBD@Z 10002230 f i c_hooks.obj
 0001:00001280       ??0runtime_error@std@@QAE@ABV01@@Z 10002280 f i c_hooks.obj
 0001:000012b0       ??0runtime_error@std@@QAE@PBD@Z 100022b0 f i c_hooks.obj
 0001:000012e0       ??1?$_Compressed_pair@V?$allocator@_W@std@@V?$_String_val@U?$_Simple_types@_W@std@@@2@$00@std@@QAE@XZ 100022e0 f i config_system.obj
 0001:000012e0       ??1?$_Deque_iterator@V?$_Deque_val@U?$_Deque_simple_types@UPlayerRecords@@@std@@@std@@@std@@QAE@XZ 100022e0 f i Aimbot.obj
 0001:000012e0       ??1?$_Compressed_pair@V?$allocator@D@std@@V?$_String_val@U?$_Simple_types@D@std@@@2@$00@std@@QAE@XZ 100022e0 f i c_hooks.obj
 0001:000012e0       ??1?$_Deque_iterator@V?$_Deque_val@U?$_Deque_simple_types@ULegitPlayerRecords@@@std@@@std@@@std@@QAE@XZ 100022e0 f i Legitbot.obj
 0001:00001300       ??1?$_Hash@V?$_Umap_traits@V?$basic_string@DU?$char_traits@D@std@@V?$allocator@D@2@@std@@V?$shared_ptr@UNode@NetvarTree@@@2@V?$_Uhash_compare@V?$basic_string@DU?$char_traits@D@std@@V?$allocator@D@2@@std@@U?$hash@V?$basic_string@DU?$char_traits@D@std@@V?$allocator@D@2@@std@@@2@U?$equal_to@V?$basic_string@DU?$char_traits@D@std@@V?$allocator@D@2@@std@@@2@@2@V?$allocator@U?$pair@$$CBV?$basic_string@DU?$char_traits@D@std@@V?$allocator@D@2@@std@@V?$shared_ptr@UNode@NetvarTree@@@2@@std@@@2@$0A@@std@@@std@@QAE@XZ 10002300 f i c_hooks.obj
 0001:00001330       ??1?$_List_alloc@U?$_List_base_types@U?$pair@$$CBV?$basic_string@DU?$char_traits@D@std@@V?$allocator@D@2@@std@@V?$shared_ptr@UNode@NetvarTree@@@2@@std@@V?$allocator@U?$pair@$$CBV?$basic_string@DU?$char_traits@D@std@@V?$allocator@D@2@@std@@V?$shared_ptr@UNode@NetvarTree@@@2@@std@@@2@@std@@@std@@QAE@XZ 10002330 f i c_hooks.obj
 0001:00001380       ??1?$_List_buy@U?$pair@$$CBV?$basic_string@DU?$char_traits@D@std@@V?$allocator@D@2@@std@@V?$shared_ptr@UNode@NetvarTree@@@2@@std@@V?$allocator@U?$pair@$$CBV?$basic_string@DU?$char_traits@D@std@@V?$allocator@D@2@@std@@V?$shared_ptr@UNode@NetvarTree@@@2@@std@@@2@@std@@QAE@XZ 10002380 f i c_hooks.obj
 0001:000013a0       ??1?$_String_alloc@U?$_String_base_types@_WV?$allocator@_W@std@@@std@@@std@@QAE@XZ 100023a0 f i config_system.obj
 0001:000013a0       ??1?$_String_alloc@U?$_String_base_types@DV?$allocator@D@std@@@std@@@std@@QAE@XZ 100023a0 f i c_hooks.obj
 0001:000013c0       ??1?$_Deque_const_iterator@V?$_Deque_val@U?$_Deque_simple_types@ULegitPlayerRecords@@@std@@@std@@@std@@QAE@XZ 100023c0 f i Legitbot.obj
 0001:000013c0       ??1?$_String_val@U?$_Simple_types@D@std@@@std@@QAE@XZ 100023c0 f i c_hooks.obj
 0001:000013c0       ??1?$_Deque_const_iterator@V?$_Deque_val@U?$_Deque_simple_types@UPlayerRecords@@@std@@@std@@@std@@QAE@XZ 100023c0 f i Aimbot.obj
 0001:000013c0       ??1?$_Ref_count_obj@UNode@NetvarTree@@@std@@UAE@XZ 100023c0 f i NetvarManager.obj
 0001:000013c0       ??1?$_String_val@U?$_Simple_types@_W@std@@@std@@QAE@XZ 100023c0 f i config_system.obj
 0001:000013e0       ??1?$basic_string@DU?$char_traits@D@std@@V?$allocator@D@2@@std@@QAE@XZ 100023e0 f i c_hooks.obj
 0001:00001430       ??1?$list@U?$pair@$$CBV?$basic_string@DU?$char_traits@D@std@@V?$allocator@D@2@@std@@V?$shared_ptr@UNode@NetvarTree@@@2@@std@@V?$allocator@U?$pair@$$CBV?$basic_string@DU?$char_traits@D@std@@V?$allocator@D@2@@std@@V?$shared_ptr@UNode@NetvarTree@@@2@@std@@@2@@std@@QAE@XZ 10002430 f i c_hooks.obj
 0001:00001480       ??1?$pair@$$CBV?$basic_string@DU?$char_traits@D@std@@V?$allocator@D@2@@std@@V?$shared_ptr@UNode@NetvarTree@@@2@@std@@QAE@XZ 10002480 f i c_hooks.obj
 0001:000014a0       ??1?$shared_ptr@UNode@NetvarTree@@@std@@QAE@XZ 100024a0 f i c_hooks.obj
 0001:000014e0       ??1?$unique_ptr@$$BY0A@IU?$default_delete@$$BY0A@I@std@@@std@@QAE@XZ 100024e0 f i c_hooks.obj
 0001:00001520       ??1?$unique_ptr@VNetvarTree@@U?$default_delete@VNetvarTree@@@std@@@std@@QAE@XZ 10002520 f i c_hooks.obj
 0001:00001560       ??1?$unique_ptr@VShadowVTManager@@U?$default_delete@VShadowVTManager@@@std@@@std@@QAE@XZ 10002560 f i c_hooks.obj
 0001:000015a0       ??1?$unique_ptr@VVMTHook@@U?$default_delete@VVMTHook@@@std@@@std@@QAE@XZ 100025a0 f i c_hooks.obj
 0001:000015e0       ??1?$unordered_map@V?$basic_string@DU?$char_traits@D@std@@V?$allocator@D@2@@std@@V?$shared_ptr@UNode@NetvarTree@@@2@U?$hash@V?$basic_string@DU?$char_traits@D@std@@V?$allocator@D@2@@std@@@2@U?$equal_to@V?$basic_string@DU?$char_traits@D@std@@V?$allocator@D@2@@std@@@2@V?$allocator@U?$pair@$$CBV?$basic_string@DU?$char_traits@D@std@@V?$allocator@D@2@@std@@V?$shared_ptr@UNode@NetvarTree@@@2@@std@@@2@@std@@QAE@XZ 100025e0 f i c_hooks.obj
 0001:00001600       ??1?$vector@HV?$allocator@H@std@@@std@@QAE@XZ 10002600 f i Aimbot.obj
 0001:00001600       ??1?$vector@V?$_List_unchecked_iterator@V?$_List_val@U?$_List_simple_types@U?$pair@$$CBV?$basic_string@DU?$char_traits@D@std@@V?$allocator@D@2@@std@@V?$shared_ptr@UNode@NetvarTree@@@2@@std@@@std@@@std@@@std@@V?$allocator@V?$_List_unchecked_iterator@V?$_List_val@U?$_List_simple_types@U?$pair@$$CBV?$basic_string@DU?$char_traits@D@std@@V?$allocator@D@2@@std@@V?$shared_ptr@UNode@NetvarTree@@@2@@std@@@std@@@std@@@std@@@2@@std@@QAE@XZ 10002600 f i c_hooks.obj
 0001:00001640       ??1Event@@UAE@XZ           10002640 f i c_hooks.obj
 0001:00001660       ??1IGameEventListener@@UAE@XZ 10002660 f i c_hooks.obj
 0001:00001680       ??1NetvarTree@@QAE@XZ      10002680 f i c_hooks.obj
 0001:00001680       ??1Node@NetvarTree@@QAE@XZ 10002680 f i NetvarManager.obj
 0001:000016a0       ??1ProtectGuard@@QAE@XZ    100026a0 f i c_hooks.obj
 0001:000016d0       ??1ShadowVTManager@@QAE@XZ 100026d0 f i c_hooks.obj
 0001:00001730       ??1VMTHook@@QAE@XZ         10002730 f i c_hooks.obj
 0001:00001760       ??1_Bxty@?$_String_val@U?$_Simple_types@_W@std@@@std@@QAE@XZ 10002760 f i config_system.obj
 0001:00001760       ?_Orphan_all@_Container_base12@std@@QAEXXZ 10002760 f i LagComp.obj
 0001:00001760       ?_Orphan_all@_Container_base0@std@@QAEXXZ 10002760 f i c_hooks.obj
 0001:00001760       ??1_Iterator_base12@std@@QAE@XZ 10002760 f i Aimbot.obj
 0001:00001760       ??1_Ref_count_base@std@@UAE@XZ 10002760 f i config_system.obj
 0001:00001760       ??1_Bxty@?$_String_val@U?$_Simple_types@D@std@@@std@@QAE@XZ 10002760 f i c_hooks.obj
 0001:00001770       ??1c_hooks@@QAE@XZ         10002770 f i c_hooks.obj
 0001:00001820       ??1exception@std@@UAE@XZ   10002820 f i c_hooks.obj
 0001:00001850       ??1runtime_error@std@@UAE@XZ 10002850 f i c_hooks.obj
 0001:00001850       ??1bad_cast@std@@UAE@XZ    10002850 f i config_system.obj
 0001:00001870       ??2@YAPAXIPAX@Z            10002870 f i c_hooks.obj
 0001:00001880       ??4?$unique_ptr@$$BY0A@IU?$default_delete@$$BY0A@I@std@@@std@@QAEAAV01@$$QAV01@@Z 10002880 f i c_hooks.obj
 0001:000018d0       ??4?$unique_ptr@VNetvarTree@@U?$default_delete@VNetvarTree@@@std@@@std@@QAEAAV01@$$QAV01@@Z 100028d0 f i c_hooks.obj
 0001:00001920       ??4?$unique_ptr@VVMTHook@@U?$default_delete@VVMTHook@@@std@@@std@@QAEAAV01@$$QAV01@@Z 10002920 f i c_hooks.obj
 0001:00001970       ??A?$unique_ptr@$$BY0A@IU?$default_delete@$$BY0A@I@std@@@std@@QBEAAII@Z 10002970 f i c_hooks.obj
 0001:00001990       ?get@?$unique_ptr@VVMTHook@@U?$default_delete@VVMTHook@@@std@@@std@@QBEPAVVMTHook@@XZ 10002990 f i c_hooks.obj
 0001:00001990       ??C?$unique_ptr@VNetvarTree@@U?$default_delete@VNetvarTree@@@std@@@std@@QBEPAVNetvarTree@@XZ 10002990 f i Aimbot.obj
 0001:00001990       ?get@?$unique_ptr@VShadowVTManager@@U?$default_delete@VShadowVTManager@@@std@@@std@@QBEPAVShadowVTManager@@XZ 10002990 f i c_hooks.obj
 0001:00001990       ??C?$unique_ptr@VVMTHook@@U?$default_delete@VVMTHook@@@std@@@std@@QBEPAVVMTHook@@XZ 10002990 f i c_hooks.obj
 0001:00001990       ?get@?$unique_ptr@VNetvarTree@@U?$default_delete@VNetvarTree@@@std@@@std@@QBEPAVNetvarTree@@XZ 10002990 f i c_hooks.obj
 0001:00001990       ?get@?$unique_ptr@V_Facet_base@std@@U?$default_delete@V_Facet_base@std@@@2@@std@@QBEPAV_Facet_base@2@XZ 10002990 f i config_system.obj
 0001:00001990       ?get@?$unique_ptr@$$BY0A@IU?$default_delete@$$BY0A@I@std@@@std@@QBEPAIXZ 10002990 f i c_hooks.obj
 0001:000019b0       ??R<lambda_9366063389c5f42a00a5088cf24e69de>@@QBEXQADIQBD@Z 100029b0 f i c_hooks.obj
 0001:000019f0       ??R?$default_delete@VNetvarTree@@@std@@QBEXPAVNetvarTree@@@Z 100029f0 f i c_hooks.obj
 0001:00001a30       ??R?$default_delete@VShadowVTManager@@@std@@QBEXPAVShadowVTManager@@@Z 10002a30 f i c_hooks.obj
 0001:00001a70       ??R?$default_delete@VVMTHook@@@std@@QBEXPAVVMTHook@@@Z 10002a70 f i c_hooks.obj
 0001:00001ab0       ??_G?$pair@$$CBV?$basic_string@DU?$char_traits@D@std@@V?$allocator@D@2@@std@@V?$shared_ptr@UNode@NetvarTree@@@2@@std@@QAEPAXI@Z 10002ab0 f i c_hooks.obj
 0001:00001ae0       ??_GEvent@@UAEPAXI@Z       10002ae0 f i c_hooks.obj
 0001:00001ae0       ??_EEvent@@UAEPAXI@Z       10002ae0 f i c_hooks.obj
 0001:00001b10       ??_GIGameEventListener@@UAEPAXI@Z 10002b10 f i c_hooks.obj
 0001:00001b10       ??_EIGameEventListener@@UAEPAXI@Z 10002b10 f i c_hooks.obj
 0001:00001b40       ??_GNetvarTree@@QAEPAXI@Z  10002b40 f i c_hooks.obj
 0001:00001b70       ??_GShadowVTManager@@QAEPAXI@Z 10002b70 f i c_hooks.obj
 0001:00001ba0       ??_GVMTHook@@QAEPAXI@Z     10002ba0 f i c_hooks.obj
 0001:00001bd0       ??_Eexception@std@@UAEPAXI@Z 10002bd0 f i c_hooks.obj
 0001:00001bd0       ??_Gexception@std@@UAEPAXI@Z 10002bd0 f i c_hooks.obj
 0001:00001c00       ??_Gruntime_error@std@@UAEPAXI@Z 10002c00 f i c_hooks.obj
 0001:00001c00       ??_Gbad_cast@std@@UAEPAXI@Z 10002c00 f i config_system.obj
 0001:00001c00       ??_Eruntime_error@std@@UAEPAXI@Z 10002c00 f i c_hooks.obj
 0001:00001c00       ??_Ebad_cast@std@@UAEPAXI@Z 10002c00 f i config_system.obj
 0001:00001c30       ??_H@YGXPAXIIP6EPAX0@Z@Z   10002c30 f i c_hooks.obj
 0001:00001c70       ?FindSignature@Utils@@SAIPBD0@Z 10002c70 f i c_hooks.obj
 0001:00001ea0       ?GetEventDebugID@IGameEventListener@@UAEHXZ 10002ea0 f i c_hooks.obj
 0001:00001eb0       ?Hook@VMTHook@@QAEJIPAX@Z  10002eb0 f i c_hooks.obj
 0001:00001ef0       ?Init@Event@@QAEXXZ        10002ef0 f i c_hooks.obj
 0001:00001f20       ?Init@c_hooks@@SAXXZ       10002f20 f   c_hooks.obj
 0001:00001ff0       ?Restore@c_hooks@@SAXXZ    10002ff0 f   c_hooks.obj
 0001:00002140       ?RestoreTable@ShadowVTManager@@QAEXXZ 10003140 f i c_hooks.obj
 0001:000021e0       ?Unhook@VMTHook@@QAEJI@Z   100031e0 f i c_hooks.obj
 0001:00002230       ?_Adjust_manually_vector_aligned@std@@YAXAAPAXAAI@Z 10003230 f i c_hooks.obj
 0001:000022a0       ?_Allocate@_Default_allocate_traits@std@@SAPAXI@Z 100032a0 f i c_hooks.obj
 0001:000022c0       ?_Calculate_growth@?$basic_string@DU?$char_traits@D@std@@V?$allocator@D@2@@std@@QBEII@Z 100032c0 f i c_hooks.obj
 0001:00002340       ?_Decref@?$_Ptr_base@UNode@NetvarTree@@@std@@IAEXXZ 10003340 f i c_hooks.obj
 0001:00002360       ?_Decref@_Ref_count_base@std@@QAEXXZ 10003360 f i c_hooks.obj
 0001:00002390       ?_Decwref@_Ref_count_base@std@@QAEXXZ 10003390 f i c_hooks.obj
 0001:000023c0       ?_Delete@?$unique_ptr@$$BY0A@IU?$default_delete@$$BY0A@I@std@@@std@@AAEXXZ 100033c0 f i c_hooks.obj
 0001:00002400       ?_Destroy@?$vector@HV?$allocator@H@std@@@std@@AAEXPAH0@Z 10003400 f i Aimbot.obj
 0001:00002400       ?_Destroy@?$vector@V?$_List_unchecked_iterator@V?$_List_val@U?$_List_simple_types@U?$pair@$$CBV?$basic_string@DU?$char_traits@D@std@@V?$allocator@D@2@@std@@V?$shared_ptr@UNode@NetvarTree@@@2@@std@@@std@@@std@@@std@@V?$allocator@V?$_List_unchecked_iterator@V?$_List_val@U?$_List_simple_types@U?$pair@$$CBV?$basic_string@DU?$char_traits@D@std@@V?$allocator@D@2@@std@@V?$shared_ptr@UNode@NetvarTree@@@2@@std@@@std@@@std@@@std@@@2@@std@@AAEXPAV?$_List_unchecked_iterator@V?$_List_val@U?$_List_simple_types@U?$pair@$$CBV?$basic_string@DU?$char_traits@D@std@@V?$allocator@D@2@@std@@V?$shared_ptr@UNode@NetvarTree@@@2@@std@@@std@@@std@@@2@0@Z 10003400 f i c_hooks.obj
 0001:00002430       ?_Freeheadnode@?$_List_alloc@U?$_List_base_types@U?$pair@$$CBV?$basic_string@DU?$char_traits@D@std@@V?$allocator@D@2@@std@@V?$shared_ptr@UNode@NetvarTree@@@2@@std@@V?$allocator@U?$pair@$$CBV?$basic_string@DU?$char_traits@D@std@@V?$allocator@D@2@@std@@V?$shared_ptr@UNode@NetvarTree@@@2@@std@@@2@@std@@@std@@QAEXPAU?$_List_node@U?$pair@$$CBV?$basic_string@DU?$char_traits@D@std@@V?$allocator@D@2@@std@@V?$shared_ptr@UNode@NetvarTree@@@2@@std@@PAX@2@@Z 10003430 f i c_hooks.obj
 0001:00002460       ?_Freenode@?$_List_buy@U?$pair@$$CBV?$basic_string@DU?$char_traits@D@std@@V?$allocator@D@2@@std@@V?$shared_ptr@UNode@NetvarTree@@@2@@std@@V?$allocator@U?$pair@$$CBV?$basic_string@DU?$char_traits@D@std@@V?$allocator@D@2@@std@@V?$shared_ptr@UNode@NetvarTree@@@2@@std@@@2@@std@@QAEXPAU?$_List_node@U?$pair@$$CBV?$basic_string@DU?$char_traits@D@std@@V?$allocator@D@2@@std@@V?$shared_ptr@UNode@NetvarTree@@@2@@std@@PAX@2@@Z 10003460 f i c_hooks.obj
 0001:000024b0       ?_Getal@?$_Vector_alloc@U?$_Vec_base_types@V?$_List_unchecked_iterator@V?$_List_val@U?$_List_simple_types@U?$pair@$$CBV?$basic_string@DU?$char_traits@D@std@@V?$allocator@D@2@@std@@V?$shared_ptr@UNode@NetvarTree@@@2@@std@@@std@@@std@@@std@@V?$allocator@V?$_List_unchecked_iterator@V?$_List_val@U?$_List_simple_types@U?$pair@$$CBV?$basic_string@DU?$char_traits@D@std@@V?$allocator@D@2@@std@@V?$shared_ptr@UNode@NetvarTree@@@2@@std@@@std@@@std@@@std@@@2@@std@@@std@@QAEAAV?$allocator@V?$_List_unchecked_iterator@V?$_List_val@U?$_List_simple_types@U?$pair@$$CBV?$basic_string@DU?$char_traits@D@std@@V?$allocator@D@2@@std@@V?$shared_ptr@UNode@NetvarTree@@@2@@std@@@std@@@std@@@std@@@2@XZ 100034b0 f i c_hooks.obj
 0001:000024b0       ?_Getal@?$_List_alloc@U?$_List_base_types@U?$pair@$$CBV?$basic_string@DU?$char_traits@D@std@@V?$allocator@D@2@@std@@V?$shared_ptr@UNode@NetvarTree@@@2@@std@@V?$allocator@U?$pair@$$CBV?$basic_string@DU?$char_traits@D@std@@V?$allocator@D@2@@std@@V?$shared_ptr@UNode@NetvarTree@@@2@@std@@@2@@std@@@std@@QBEABV?$allocator@U?$_List_node@U?$pair@$$CBV?$basic_string@DU?$char_traits@D@std@@V?$allocator@D@2@@std@@V?$shared_ptr@UNode@NetvarTree@@@2@@std@@PAX@std@@@2@XZ 100034b0 f i Aimbot.obj
 0001:000024b0       ?_Getal@?$_Deque_alloc@U?$_Deque_base_types@UPlayerRecords@@V?$allocator@UPlayerRecords@@@std@@@std@@@std@@QAEAAV?$allocator@UPlayerRecords@@@2@XZ 100034b0 f i LagComp.obj
 0001:000024b0       ?_Get_data@?$_Vector_alloc@U?$_Vec_base_types@V?$basic_string@DU?$char_traits@D@std@@V?$allocator@D@2@@std@@V?$allocator@V?$basic_string@DU?$char_traits@D@std@@V?$allocator@D@2@@std@@@2@@std@@@std@@QBEABV?$_Vector_val@U?$_Simple_types@V?$basic_string@DU?$char_traits@D@std@@V?$allocator@D@2@@std@@@std@@@2@XZ 100034b0 f i config_system.obj
 0001:000024b0       ?_Myptr@?$_Unique_ptr_base@VVMTHook@@U?$default_delete@VVMTHook@@@std@@@std@@QAEAAPAVVMTHook@@XZ 100034b0 f i c_hooks.obj
 0001:000024b0       ?_Myptr@?$_Unique_ptr_base@IU?$default_delete@$$BY0A@I@std@@@std@@QBEABQAIXZ 100034b0 f i c_hooks.obj
 0001:000024b0       ?_Getal@?$_Deque_alloc@U?$_Deque_base_types@ULegitPlayerRecords@@V?$allocator@ULegitPlayerRecords@@@std@@@std@@@std@@QAEAAV?$allocator@ULegitPlayerRecords@@@2@XZ 100034b0 f i Legitbot.obj
 0001:000024b0       ?_Myptr@?$_Unique_ptr_base@IU?$default_delete@$$BY0A@I@std@@@std@@QAEAAPAIXZ 100034b0 f i c_hooks.obj
 0001:000024b0       ?get_deleter@?$_Unique_ptr_base@IU?$default_delete@$$BY0A@I@std@@@std@@QAEAAU?$default_delete@$$BY0A@I@2@XZ 100034b0 f i c_hooks.obj
 0001:000024b0       ?_Getal@?$_Vector_alloc@U?$_Vec_base_types@HV?$allocator@H@std@@@std@@@std@@QBEABV?$allocator@H@2@XZ 100034b0 f i Aimbot.obj
 0001:000024b0       ?_Getal@?$_Vector_alloc@U?$_Vec_base_types@V?$_List_unchecked_iterator@V?$_List_val@U?$_List_simple_types@U?$pair@$$CBV?$basic_string@DU?$char_traits@D@std@@V?$allocator@D@2@@std@@V?$shared_ptr@UNode@NetvarTree@@@2@@std@@@std@@@std@@@std@@V?$allocator@V?$_List_unchecked_iterator@V?$_List_val@U?$_List_simple_types@U?$pair@$$CBV?$basic_string@DU?$char_traits@D@std@@V?$allocator@D@2@@std@@V?$shared_ptr@UNode@NetvarTree@@@2@@std@@@std@@@std@@@std@@@2@@std@@@std@@QBEABV?$allocator@V?$_List_unchecked_iterator@V?$_List_val@U?$_List_simple_types@U?$pair@$$CBV?$basic_string@DU?$char_traits@D@std@@V?$allocator@D@2@@std@@V?$shared_ptr@UNode@NetvarTree@@@2@@std@@@std@@@std@@@std@@@2@XZ 100034b0 f i Aimbot.obj
 0001:000024b0       ?_Getal@?$_Deque_alloc@U?$_Deque_base_types@ULegitPlayerRecords@@V?$allocator@ULegitPlayerRecords@@@std@@@std@@@std@@QBEABV?$allocator@ULegitPlayerRecords@@@2@XZ 100034b0 f i Legitbot.obj
 0001:000024b0       ?_Get_data@?$_Deque_alloc@U?$_Deque_base_types@ULegitPlayerRecords@@V?$allocator@ULegitPlayerRecords@@@std@@@std@@@std@@QAEAAV?$_Deque_val@U?$_Deque_simple_types@ULegitPlayerRecords@@@std@@@2@XZ 100034b0 f i Legitbot.obj
 0001:000024b0       ?_Myptr@?$_Unique_ptr_base@VVMTHook@@U?$default_delete@VVMTHook@@@std@@@std@@QBEABQAVVMTHook@@XZ 100034b0 f i c_hooks.obj
 0001:000024b0       ?_Myptr@?$_Unique_ptr_base@VNetvarTree@@U?$default_delete@VNetvarTree@@@std@@@std@@QBEABQAVNetvarTree@@XZ 100034b0 f i c_hooks.obj
 0001:000024b0       ?_Get_data@?$_Vector_alloc@U?$_Vec_base_types@V?$_List_unchecked_iterator@V?$_List_val@U?$_List_simple_types@U?$pair@$$CBV?$basic_string@DU?$char_traits@D@std@@V?$allocator@D@2@@std@@V?$shared_ptr@UNode@NetvarTree@@@2@@std@@@std@@@std@@@std@@V?$allocator@V?$_List_unchecked_iterator@V?$_List_val@U?$_List_simple_types@U?$pair@$$CBV?$basic_string@DU?$char_traits@D@std@@V?$allocator@D@2@@std@@V?$shared_ptr@UNode@NetvarTree@@@2@@std@@@std@@@std@@@std@@@2@@std@@@std@@QBEABV?$_Vector_val@U?$_Simple_types@V?$_List_unchecked_iterator@V?$_List_val@U?$_List_simple_types@U?$pair@$$CBV?$basic_string@DU?$char_traits@D@std@@V?$allocator@D@2@@std@@V?$shared_ptr@UNode@NetvarTree@@@2@@std@@@std@@@std@@@std@@@std@@@2@XZ 100034b0 f i c_hooks.obj
 0001:000024b0       ?_Get_data@?$_String_alloc@U?$_String_base_types@DV?$allocator@D@std@@@std@@@std@@QAEAAV?$_String_val@U?$_Simple_types@D@std@@@2@XZ 100034b0 f i c_hooks.obj
 0001:000024b0       ?_Get_data@?$_String_alloc@U?$_String_base_types@_WV?$allocator@_W@std@@@std@@@std@@QAEAAV?$_String_val@U?$_Simple_types@_W@std@@@2@XZ 100034b0 f i config_system.obj
 0001:000024b0       ?get_deleter@?$_Unique_ptr_base@VNetvarTree@@U?$default_delete@VNetvarTree@@@std@@@std@@QAEAAU?$default_delete@VNetvarTree@@@2@XZ 100034b0 f i c_hooks.obj
 0001:000024b0       ?_Getal@?$_Vector_alloc@U?$_Vec_base_types@V?$basic_string@DU?$char_traits@D@std@@V?$allocator@D@2@@std@@V?$allocator@V?$basic_string@DU?$char_traits@D@std@@V?$allocator@D@2@@std@@@2@@std@@@std@@QAEAAV?$allocator@V?$basic_string@DU?$char_traits@D@std@@V?$allocator@D@2@@std@@@2@XZ 100034b0 f i config_system.obj
 0001:000024b0       ?_Get_data@?$_Deque_alloc@U?$_Deque_base_types@ULegitPlayerRecords@@V?$allocator@ULegitPlayerRecords@@@std@@@std@@@std@@QBEABV?$_Deque_val@U?$_Deque_simple_types@ULegitPlayerRecords@@@std@@@2@XZ 100034b0 f i Legitbot.obj
 0001:000024b0       ?_Get_data@?$_List_alloc@U?$_List_base_types@U?$pair@$$CBV?$basic_string@DU?$char_traits@D@std@@V?$allocator@D@2@@std@@V?$shared_ptr@UNode@NetvarTree@@@2@@std@@V?$allocator@U?$pair@$$CBV?$basic_string@DU?$char_traits@D@std@@V?$allocator@D@2@@std@@V?$shared_ptr@UNode@NetvarTree@@@2@@std@@@2@@std@@@std@@QBEABV?$_List_val@U?$_List_simple_types@U?$pair@$$CBV?$basic_string@DU?$char_traits@D@std@@V?$allocator@D@2@@std@@V?$shared_ptr@UNode@NetvarTree@@@2@@std@@@std@@@2@XZ 100034b0 f i Aimbot.obj
 0001:000024b0       ?_Getal@?$_String_alloc@U?$_String_base_types@DV?$allocator@D@std@@@std@@@std@@QBEABV?$allocator@D@2@XZ 100034b0 f i c_hooks.obj
 0001:000024b0       ?get_deleter@?$_Unique_ptr_base@VShadowVTManager@@U?$default_delete@VShadowVTManager@@@std@@@std@@QAEAAU?$default_delete@VShadowVTManager@@@2@XZ 100034b0 f i c_hooks.obj
 0001:000024b0       ?_Myptr@?$_Unique_ptr_base@VShadowVTManager@@U?$default_delete@VShadowVTManager@@@std@@@std@@QBEABQAVShadowVTManager@@XZ 100034b0 f i c_hooks.obj
 0001:000024b0       ?_Get_data@?$_String_alloc@U?$_String_base_types@DV?$allocator@D@std@@@std@@@std@@QBEABV?$_String_val@U?$_Simple_types@D@std@@@2@XZ 100034b0 f i c_hooks.obj
 0001:000024b0       ?_Get_data@?$_Vector_alloc@U?$_Vec_base_types@V?$_List_unchecked_iterator@V?$_List_val@U?$_List_simple_types@U?$pair@$$CBV?$basic_string@DU?$char_traits@D@std@@V?$allocator@D@2@@std@@V?$shared_ptr@UNode@NetvarTree@@@2@@std@@@std@@@std@@@std@@V?$allocator@V?$_List_unchecked_iterator@V?$_List_val@U?$_List_simple_types@U?$pair@$$CBV?$basic_string@DU?$char_traits@D@std@@V?$allocator@D@2@@std@@V?$shared_ptr@UNode@NetvarTree@@@2@@std@@@std@@@std@@@std@@@2@@std@@@std@@QAEAAV?$_Vector_val@U?$_Simple_types@V?$_List_unchecked_iterator@V?$_List_val@U?$_List_simple_types@U?$pair@$$CBV?$basic_string@DU?$char_traits@D@std@@V?$allocator@D@2@@std@@V?$shared_ptr@UNode@NetvarTree@@@2@@std@@@std@@@std@@@std@@@std@@@2@XZ 100034b0 f i c_hooks.obj
 0001:000024b0       ?_Myptr@?$_Unique_ptr_base@V_Facet_base@std@@U?$default_delete@V_Facet_base@std@@@2@@std@@QBEABQAV_Facet_base@2@XZ 100034b0 f i config_system.obj
 0001:000024b0       ?_Getal@?$_Deque_alloc@U?$_Deque_base_types@UPlayerRecords@@V?$allocator@UPlayerRecords@@@std@@@std@@@std@@QBEABV?$allocator@UPlayerRecords@@@2@XZ 100034b0 f i LagComp.obj
 0001:000024b0       ?_Myptr@?$_Unique_ptr_base@VNetvarTree@@U?$default_delete@VNetvarTree@@@std@@@std@@QAEAAPAVNetvarTree@@XZ 100034b0 f i c_hooks.obj
 0001:000024b0       ?_Get_data@?$_Vector_alloc@U?$_Vec_base_types@V?$basic_string@DU?$char_traits@D@std@@V?$allocator@D@2@@std@@V?$allocator@V?$basic_string@DU?$char_traits@D@std@@V?$allocator@D@2@@std@@@2@@std@@@std@@QAEAAV?$_Vector_val@U?$_Simple_types@V?$basic_string@DU?$char_traits@D@std@@V?$allocator@D@2@@std@@@std@@@2@XZ 100034b0 f i config_system.obj
 0001:000024b0       ?_Getal@?$_String_alloc@U?$_String_base_types@DV?$allocator@D@std@@@std@@@std@@QAEAAV?$allocator@D@2@XZ 100034b0 f i c_hooks.obj
 0001:000024b0       ?_Get_data@?$_Deque_alloc@U?$_Deque_base_types@UPlayerRecords@@V?$allocator@UPlayerRecords@@@std@@@std@@@std@@QBEABV?$_Deque_val@U?$_Deque_simple_types@UPlayerRecords@@@std@@@2@XZ 100034b0 f i Aimbot.obj
 0001:000024b0       ?_Getal@?$_String_alloc@U?$_String_base_types@_WV?$allocator@_W@std@@@std@@@std@@QAEAAV?$allocator@_W@2@XZ 100034b0 f i config_system.obj
 0001:000024b0       ?_Getal@?$_Vector_alloc@U?$_Vec_base_types@HV?$allocator@H@std@@@std@@@std@@QAEAAV?$allocator@H@2@XZ 100034b0 f i Aimbot.obj
 0001:000024b0       ?_Getal@?$_List_alloc@U?$_List_base_types@U?$pair@$$CBV?$basic_string@DU?$char_traits@D@std@@V?$allocator@D@2@@std@@V?$shared_ptr@UNode@NetvarTree@@@2@@std@@V?$allocator@U?$pair@$$CBV?$basic_string@DU?$char_traits@D@std@@V?$allocator@D@2@@std@@V?$shared_ptr@UNode@NetvarTree@@@2@@std@@@2@@std@@@std@@QAEAAV?$allocator@U?$_List_node@U?$pair@$$CBV?$basic_string@DU?$char_traits@D@std@@V?$allocator@D@2@@std@@V?$shared_ptr@UNode@NetvarTree@@@2@@std@@PAX@std@@@2@XZ 100034b0 f i c_hooks.obj
 0001:000024b0       ?_Myptr@?$_Unique_ptr_base@V_Facet_base@std@@U?$default_delete@V_Facet_base@std@@@2@@std@@QAEAAPAV_Facet_base@2@XZ 100034b0 f i config_system.obj
 0001:000024b0       ?_Get_data@?$_Deque_alloc@U?$_Deque_base_types@UPlayerRecords@@V?$allocator@UPlayerRecords@@@std@@@std@@@std@@QAEAAV?$_Deque_val@U?$_Deque_simple_types@UPlayerRecords@@@std@@@2@XZ 100034b0 f i Aimbot.obj
 0001:000024b0       ?_Gethash@?$_Uhash_compare@V?$basic_string@DU?$char_traits@D@std@@V?$allocator@D@2@@std@@U?$hash@V?$basic_string@DU?$char_traits@D@std@@V?$allocator@D@2@@std@@@2@U?$equal_to@V?$basic_string@DU?$char_traits@D@std@@V?$allocator@D@2@@std@@@2@@std@@QBEABU?$hash@V?$basic_string@DU?$char_traits@D@std@@V?$allocator@D@2@@std@@@2@XZ 100034b0 f i Aimbot.obj
 0001:000024b0       ?get_deleter@?$_Unique_ptr_base@V_Facet_base@std@@U?$default_delete@V_Facet_base@std@@@2@@std@@QAEAAU?$default_delete@V_Facet_base@std@@@2@XZ 100034b0 f i config_system.obj
 0001:000024b0       ?_Get_data@?$_List_alloc@U?$_List_base_types@U?$pair@$$CBV?$basic_string@DU?$char_traits@D@std@@V?$allocator@D@2@@std@@V?$shared_ptr@UNode@NetvarTree@@@2@@std@@V?$allocator@U?$pair@$$CBV?$basic_string@DU?$char_traits@D@std@@V?$allocator@D@2@@std@@V?$shared_ptr@UNode@NetvarTree@@@2@@std@@@2@@std@@@std@@QAEAAV?$_List_val@U?$_List_simple_types@U?$pair@$$CBV?$basic_string@DU?$char_traits@D@std@@V?$allocator@D@2@@std@@V?$shared_ptr@UNode@NetvarTree@@@2@@std@@@std@@@2@XZ 100034b0 f i c_hooks.obj
 0001:000024b0       ?_Get_data@?$_Vector_alloc@U?$_Vec_base_types@HV?$allocator@H@std@@@std@@@std@@QBEABV?$_Vector_val@U?$_Simple_types@H@std@@@2@XZ 100034b0 f i Aimbot.obj
 0001:000024b0       ?_Get_data@?$_Vector_alloc@U?$_Vec_base_types@HV?$allocator@H@std@@@std@@@std@@QAEAAV?$_Vector_val@U?$_Simple_types@H@std@@@2@XZ 100034b0 f i Aimbot.obj
 0001:000024b0       ?get_deleter@?$_Unique_ptr_base@VVMTHook@@U?$default_delete@VVMTHook@@@std@@@std@@QAEAAU?$default_delete@VVMTHook@@@2@XZ 100034b0 f i c_hooks.obj
 0001:000024d0       ?_Large_string_engaged@?$_String_val@U?$_Simple_types@D@std@@@std@@QBE_NXZ 100034d0 f i c_hooks.obj
 0001:00002500       ?_Myend@?$_Vector_alloc@U?$_Vec_base_types@HV?$allocator@H@std@@@std@@@std@@QAEAAPAHXZ 10003500 f i Aimbot.obj
 0001:00002500       ?_Myend@?$_Vector_alloc@U?$_Vec_base_types@V?$basic_string@DU?$char_traits@D@std@@V?$allocator@D@2@@std@@V?$allocator@V?$basic_string@DU?$char_traits@D@std@@V?$allocator@D@2@@std@@@2@@std@@@std@@QBEABQAV?$basic_string@DU?$char_traits@D@std@@V?$allocator@D@2@@2@XZ 10003500 f i config_system.obj
 0001:00002500       ?_Myend@?$_Vector_alloc@U?$_Vec_base_types@V?$_List_unchecked_iterator@V?$_List_val@U?$_List_simple_types@U?$pair@$$CBV?$basic_string@DU?$char_traits@D@std@@V?$allocator@D@2@@std@@V?$shared_ptr@UNode@NetvarTree@@@2@@std@@@std@@@std@@@std@@V?$allocator@V?$_List_unchecked_iterator@V?$_List_val@U?$_List_simple_types@U?$pair@$$CBV?$basic_string@DU?$char_traits@D@std@@V?$allocator@D@2@@std@@V?$shared_ptr@UNode@NetvarTree@@@2@@std@@@std@@@std@@@std@@@2@@std@@@std@@QAEAAPAV?$_List_unchecked_iterator@V?$_List_val@U?$_List_simple_types@U?$pair@$$CBV?$basic_string@DU?$char_traits@D@std@@V?$allocator@D@2@@std@@V?$shared_ptr@UNode@NetvarTree@@@2@@std@@@std@@@std@@@2@XZ 10003500 f i c_hooks.obj
 0001:00002500       ?_Myend@?$_Vector_alloc@U?$_Vec_base_types@HV?$allocator@H@std@@@std@@@std@@QBEABQAHXZ 10003500 f i Aimbot.obj
 0001:00002500       ?_Mapsize@?$_Deque_alloc@U?$_Deque_base_types@ULegitPlayerRecords@@V?$allocator@ULegitPlayerRecords@@@std@@@std@@@std@@QAEAAIXZ 10003500 f i Legitbot.obj
 0001:00002500       ?_Mapsize@?$_Deque_alloc@U?$_Deque_base_types@UPlayerRecords@@V?$allocator@UPlayerRecords@@@std@@@std@@@std@@QAEAAIXZ 10003500 f i LagComp.obj
 0001:00002500       ?_Myend@?$_Vector_alloc@U?$_Vec_base_types@V?$_List_unchecked_iterator@V?$_List_val@U?$_List_simple_types@U?$pair@$$CBV?$basic_string@DU?$char_traits@D@std@@V?$allocator@D@2@@std@@V?$shared_ptr@UNode@NetvarTree@@@2@@std@@@std@@@std@@@std@@V?$allocator@V?$_List_unchecked_iterator@V?$_List_val@U?$_List_simple_types@U?$pair@$$CBV?$basic_string@DU?$char_traits@D@std@@V?$allocator@D@2@@std@@V?$shared_ptr@UNode@NetvarTree@@@2@@std@@@std@@@std@@@std@@@2@@std@@@std@@QBEABQAV?$_List_unchecked_iterator@V?$_List_val@U?$_List_simple_types@U?$pair@$$CBV?$basic_string@DU?$char_traits@D@std@@V?$allocator@D@2@@std@@V?$shared_ptr@UNode@NetvarTree@@@2@@std@@@std@@@std@@@2@XZ 10003500 f i c_hooks.obj
 0001:00002500       ?_Myend@?$_Vector_alloc@U?$_Vec_base_types@V?$basic_string@DU?$char_traits@D@std@@V?$allocator@D@2@@std@@V?$allocator@V?$basic_string@DU?$char_traits@D@std@@V?$allocator@D@2@@std@@@2@@std@@@std@@QAEAAPAV?$basic_string@DU?$char_traits@D@std@@V?$allocator@D@2@@2@XZ 10003500 f i config_system.obj
 0001:00002520       ?_Myfirst@?$_Vector_alloc@U?$_Vec_base_types@HV?$allocator@H@std@@@std@@@std@@QAEAAPAHXZ 10003520 f i Aimbot.obj
 0001:00002520       ?_Myfirst@?$_Vector_alloc@U?$_Vec_base_types@V?$basic_string@DU?$char_traits@D@std@@V?$allocator@D@2@@std@@V?$allocator@V?$basic_string@DU?$char_traits@D@std@@V?$allocator@D@2@@std@@@2@@std@@@std@@QAEAAPAV?$basic_string@DU?$char_traits@D@std@@V?$allocator@D@2@@2@XZ 10003520 f i config_system.obj
 0001:00002520       ?_Myfirst@?$_Vector_alloc@U?$_Vec_base_types@HV?$allocator@H@std@@@std@@@std@@QBEABQAHXZ 10003520 f i Aimbot.obj
[...]
 0002:0000b360       __unwindtable$??0NetvarTree@@QAE@XZ 10058360     NetvarManager.obj
 0002:0000b370       __ehfuncinfo$??0NetvarTree@@QAE@XZ 10058370     NetvarManager.obj
 0002:0000b394       __unwindtable$?PopulateNodes@NetvarTree@@AAEXPAVRecvTable@@PAV?$unordered_map@V?$basic_string@DU?$char_traits@D@std@@V?$allocator@D@2@@std@@V?$shared_ptr@UNode@NetvarTree@@@2@U?$hash@V?$basic_string@DU?$char_traits@D@std@@V?$allocator@D@2@@std@@@2@U?$equal_to@V?$basic_string@DU?$char_traits@D@std@@V?$allocator@D@2@@std@@@2@V?$allocator@U?$pair@$$CBV?$basic_string@DU?$char_traits@D@std@@V?$allocator@D@2@@std@@V?$shared_ptr@UNode@NetvarTree@@@2@@std@@@2@@std@@@Z 10058394     NetvarManager.obj
 0002:0000b39c       __ehfuncinfo$?PopulateNodes@NetvarTree@@AAEXPAVRecvTable@@PAV?$unordered_map@V?$basic_string@DU?$char_traits@D@std@@V?$allocator@D@2@@std@@V?$shared_ptr@UNode@NetvarTree@@@2@U?$hash@V?$basic_string@DU?$char_traits@D@std@@V?$allocator@D@2@@std@@@2@U?$equal_to@V?$basic_string@DU?$char_traits@D@std@@V?$allocator@D@2@@std@@@2@V?$allocator@U?$pair@$$CBV?$basic_string@DU?$char_traits@D@std@@V?$allocator@D@2@@std@@V?$shared_ptr@UNode@NetvarTree@@@2@@std@@@2@@std@@@Z 1005839c     NetvarManager.obj
 0002:0000b3c0       __unwindtable$??$make_shared@UNode@NetvarTree@@H@std@@YA?AV?$shared_ptr@UNode@NetvarTree@@@0@$$QAH@Z 100583c0     NetvarManager.obj
 0002:0000b3d0       __ehfuncinfo$??$make_shared@UNode@NetvarTree@@H@std@@YA?AV?$shared_ptr@UNode@NetvarTree@@@0@$$QAH@Z 100583d0     NetvarManager.obj
 0002:0000b3f4       __unwindtable$??$?0H@?$_Ref_count_obj@UNode@NetvarTree@@@std@@QAE@$$QAH@Z 100583f4     NetvarManager.obj
 0002:0000b3fc       __ehfuncinfo$??$?0H@?$_Ref_count_obj@UNode@NetvarTree@@@std@@QAE@$$QAH@Z 100583fc     NetvarManager.obj
 0002:0000b420       __catchsym$??$_Buynode@PBDABV?$shared_ptr@UNode@NetvarTree@@@std@@@?$_List_buy@U?$pair@$$CBV?$basic_string@DU?$char_traits@D@std@@V?$allocator@D@2@@std@@V?$shared_ptr@UNode@NetvarTree@@@2@@std@@V?$allocator@U?$pair@$$CBV?$basic_string@DU?$char_traits@D@std@@V?$allocator@D@2@@std@@V?$shared_ptr@UNode@NetvarTree@@@2@@std@@@2@@std@@QAEPAU?$_List_node@U?$pair@$$CBV?$basic_string@DU?$char_traits@D@std@@V?$allocator@D@2@@std@@V?$shared_ptr@UNode@NetvarTree@@@2@@std@@PAX@1@PAU21@0$$QAPBDABV?$shared_ptr@UNode@NetvarTree@@@1@@Z$2 10058420     NetvarManager.obj
 0002:0000b430       __unwindtable$??$_Buynode@PBDABV?$shared_ptr@UNode@NetvarTree@@@std@@@?$_List_buy@U?$pair@$$CBV?$basic_string@DU?$char_traits@D@std@@V?$allocator@D@2@@std@@V?$shared_ptr@UNode@NetvarTree@@@2@@std@@V?$allocator@U?$pair@$$CBV?$basic_string@DU?$char_traits@D@std@@V?$allocator@D@2@@std@@V?$shared_ptr@UNode@NetvarTree@@@2@@std@@@2@@std@@QAEPAU?$_List_node@U?$pair@$$CBV?$basic_string@DU?$char_traits@D@std@@V?$allocator@D@2@@std@@V?$shared_ptr@UNode@NetvarTree@@@2@@std@@PAX@1@PAU21@0$$QAPBDABV?$shared_ptr@UNode@NetvarTree@@@1@@Z 10058430     NetvarManager.obj
 0002:0000b440       __tryblocktable$??$_Buynode@PBDABV?$shared_ptr@UNode@NetvarTree@@@std@@@?$_List_buy@U?$pair@$$CBV?$basic_string@DU?$char_traits@D@std@@V?$allocator@D@2@@std@@V?$shared_ptr@UNode@NetvarTree@@@2@@std@@V?$allocator@U?$pair@$$CBV?$basic_string@DU?$char_traits@D@std@@V?$allocator@D@2@@std@@V?$shared_ptr@UNode@NetvarTree@@@2@@std@@@2@@std@@QAEPAU?$_List_node@U?$pair@$$CBV?$basic_string@DU?$char_traits@D@std@@V?$allocator@D@2@@std@@V?$shared_ptr@UNode@NetvarTree@@@2@@std@@PAX@1@PAU21@0$$QAPBDABV?$shared_ptr@UNode@NetvarTree@@@1@@Z 10058440     NetvarManager.obj
 0002:0000b454       __ehfuncinfo$??$_Buynode@PBDABV?$shared_ptr@UNode@NetvarTree@@@std@@@?$_List_buy@U?$pair@$$CBV?$basic_string@DU?$char_traits@D@std@@V?$allocator@D@2@@std@@V?$shared_ptr@UNode@NetvarTree@@@2@@std@@V?$allocator@U?$pair@$$CBV?$basic_string@DU?$char_traits@D@std@@V?$allocator@D@2@@std@@V?$shared_ptr@UNode@NetvarTree@@@2@@std@@@2@@std@@QAEPAU?$_List_node@U?$pair@$$CBV?$basic_string@DU?$char_traits@D@std@@V?$allocator@D@2@@std@@V?$shared_ptr@UNode@NetvarTree@@@2@@std@@PAX@1@PAU21@0$$QAPBDABV?$shared_ptr@UNode@NetvarTree@@@1@@Z 10058454     NetvarManager.obj
 0002:0000b478       __sehtable$??_L@YGXPAXIIP6EX0@Z1@Z 10058478     MSVCRT:ehvecctr.obj
 0002:0000b498       __sehtable$??_M@YGXPAXIIP6EX0@Z@Z 10058498     MSVCRT:ehvecdtr.obj
 0002:0000b4b8       __sehtable$?__ArrayUnwind@@YGXPAXIIP6EX0@Z@Z 100584b8     MSVCRT:ehvecdtr.obj
 0002:0000b4d8       __sehtable$___scrt_is_nonwritable_in_current_image 100584d8     MSVCRT:utility.obj
 0002:0000b4f8       __sehtable$?dllmain_crt_process_attach@@YAHQAUHINSTANCE__@@QAX@Z 100584f8     MSVCRT:dll_dllmain.obj
 0002:0000b518       __sehtable$?dllmain_crt_process_detach@@YAH_N@Z 10058518     MSVCRT:dll_dllmain.obj
 0002:0000b538       __sehtable$?dllmain_dispatch@@YAHQAUHINSTANCE__@@KQAX@Z 10058538     MSVCRT:dll_dllmain.obj
 0002:0000bacc       .idata$6                   10058acc     kernel32:KERNEL32.dll
 0002:0000bbb4       .idata$6                   10058bb4     user32:USER32.dll
 0002:0000c7c6       .idata$6                   100597c6     msvcprt:MSVCP140.dll
 0002:0000c7fe       .idata$6                   100597fe     imm32:IMM32.dll
 0002:0000c8f2       .idata$6                   100598f2     vcruntime:VCRUNTIME140.dll
 0002:0000cc68       .idata$6                   10059c68     ucrt:api-ms-win-crt-runtime-l1-1-0.dll
 0002:0000cc8a       .idata$6                   10059c8a     ucrt:api-ms-win-crt-heap-l1-1-0.dll
 0002:0000ccaa       .idata$6                   10059caa     ucrt:api-ms-win-crt-math-l1-1-0.dll
 0002:0000ccca       .idata$6                   10059cca     ucrt:api-ms-win-crt-utility-l1-1-0.dll
 0002:0000ccec       .idata$6                   10059cec     ucrt:api-ms-win-crt-convert-l1-1-0.dll
 0002:0000cd0e       .idata$6                   10059d0e     ucrt:api-ms-win-crt-stdio-l1-1-0.dll
 0002:0000cd2e       .idata$6                   10059d2e     ucrt:api-ms-win-crt-filesystem-l1-1-0.dll
 0003:00000000       ?Speed@?1??Autostop@Aimbot@@AAEXXZ@4MA 1005a000     Aimbot.obj
 0003:00000004       ?HitboxForMuti@?1??Hitscan@Aimbot@@AAE?AVVector@@PAVC_BaseEntity@@@Z@4PAHA 1005a004     Aimbot.obj
 0003:0000001c       ?g_VertexBufferSize@@3HA   1005a01c     imgui_impl_dx9.obj
 0003:00000020       ?g_IndexBufferSize@@3HA    1005a020     imgui_impl_dx9.obj
 0003:00000028       ?STB_TEXTEDIT_NEWLINE@ImGuiStb@@3GA 1005a028     imgui.obj
 0003:00000480       ?vec2_origin@@3VVector2D@@B 1005a480     c_hooks.obj
 0003:00000494       ?vec2_origin@@3VVector2D@@B 1005a494     dll_main.obj
 0003:000004a0       ?vec2_origin@@3VVector2D@@B 1005a4a0     Aimbot.obj
 0003:00061da0       ?oldSimtime@?1??ShouldBaim@@YA_NPAVC_BaseEntity@@@Z@4PAMA 100bbda0     Aimbot.obj
 0003:00061ea8       ?storedSimtime@?1??ShouldBaim@@YA_NPAVC_BaseEntity@@@Z@4PAMA 100bbea8     Aimbot.obj
 0003:00061fb0       ?ShotTime@?1??ShouldBaim@@YA_NPAVC_BaseEntity@@@Z@4PAMA 100bbfb0     Aimbot.obj
 0003:000620b8       ?NextShotTime@?1??ShouldBaim@@YA_NPAVC_BaseEntity@@@Z@4PAMA 100bc0b8     Aimbot.obj
 0003:000621c0       ?BaimShot@?1??ShouldBaim@@YA_NPAVC_BaseEntity@@@Z@4PA_NA 100bc1c0     Aimbot.obj
 0003:00062201       ?shot@?1??OnCreateMove@Aimbot@@QAEXXZ@4_NA 100bc201     Aimbot.obj
 0003:00062208       ?vec2_origin@@3VVector2D@@B 100bc208     Autowall.obj
 0003:00062220       ?dwAddress@?1??UTIL_ClipTraceToPlayers@@YAXABVVector@@0IPAVITraceFilter@@PAUC_Trace@@@Z@4KA 100bc220     Autowall.obj
 0003:00062224       ?$TSS0@?1??UTIL_ClipTraceToPlayers@@YAXABVVector@@0IPAVITraceFilter@@PAUC_Trace@@@Z@4HA 100bc224     Autowall.obj
 0003:00062228       ?oTraceToExit@?1??TraceToExitalt@@YA_NAAVVector@@AAUC_Trace@@V2@2PAU3@@Z@4P6I_N01MMMMMM3@ZA 100bc228     Autowall.obj
 0003:0006222c       ?$TSS0@?1??TraceToExitalt@@YA_NAAVVector@@AAUC_Trace@@V2@2PAU3@@Z@4HA 100bc22c     Autowall.obj
 0003:00062240       ?vec2_origin@@3VVector2D@@B 100bc240     EnginePrediction.obj
 0003:00062250       ?vec2_origin@@3VVector2D@@B 100bc250     LagComp.obj
 0003:00062870       ?ShotTime@?1??StoreRecord@LagComp@@QAEXPAVC_BaseEntity@@@Z@4PAMA 100bc870     LagComp.obj
 0003:00062978       ?OldSimtime@?1??StoreRecord@LagComp@@QAEXPAVC_BaseEntity@@@Z@4PAMA 100bc978     LagComp.obj
 0003:00062a80       ?vec2_origin@@3VVector2D@@B 100bca80     AntiAim.obj
 0003:00062a88       ?FinalAngle@?1??FreeStanding@@YAXXZ@4MA 100bca88     AntiAim.obj
 0003:00062a8c       ?oldSwtich@?CL@??FreeStanding@@YAXXZ@4_NA 100bca8c     AntiAim.obj
 0003:00062a90       ?$TSS0@?CL@??FreeStanding@@YAXXZ@4HA 100bca90     AntiAim.obj
 0003:00062a94       ?Add@?CL@??FreeStanding@@YAXXZ@4HA 100bca94     AntiAim.obj
 0003:00062a98       ?Swtich2@?1??Real@@YAXXZ@4_NA 100bca98     AntiAim.obj
 0003:00062a9c       ?test@?1??Real@@YAXXZ@4MA  100bca9c     AntiAim.obj
 0003:00062aa0       ?vec2_origin@@3VVector2D@@B 100bcaa0     Legitbot.obj
 0003:00062fc0       ?bestEntTick@?1??OnCreateMove@Legitbot@@QAEXXZ@4PAHA 100bcfc0     Legitbot.obj
 0003:000630c8       ?StoredSimTime@?9??OnCreateMove@Legitbot@@QAEXXZ@4PAMA 100bd0c8     Legitbot.obj
 0003:000631d0       ?vec2_origin@@3VVector2D@@B 100bd1d0     Resolver.obj
 0003:00063448       ?oldSimtime@?1??AnimationFix@Resolver@@AAEXPAVC_BaseEntity@@@Z@4PAMA 100bd448     Resolver.obj
 0003:00063550       ?storedSimtime@?1??AnimationFix@Resolver@@AAEXPAVC_BaseEntity@@@Z@4PAMA 100bd550     Resolver.obj
 0003:00063658       ?ShotTime@?1??AnimationFix@Resolver@@AAEXPAVC_BaseEntity@@@Z@4PAMA 100bd658     Resolver.obj
 0003:00063760       ?SideTime@?1??AnimationFix@Resolver@@AAEXPAVC_BaseEntity@@@Z@4PAY02MA 100bd760     Resolver.obj
 0003:00063a70       ?LastDesyncSide@?1??AnimationFix@Resolver@@AAEXPAVC_BaseEntity@@@Z@4PAHA 100bda70     Resolver.obj
 0003:00063b78       ?Delaying@?1??AnimationFix@Resolver@@AAEXPAVC_BaseEntity@@@Z@4PA_NA 100bdb78     Resolver.obj
 0003:00063bc0       ?StoredLayers@?1??AnimationFix@Resolver@@AAEXPAVC_BaseEntity@@@Z@4PAY0P@VAnimationLayer@@A 100bdbc0     Resolver.obj
 0003:00070dc0       ?StoredAnimState@?1??AnimationFix@Resolver@@AAEXPAVC_BaseEntity@@@Z@4PAPAVC_AnimState@@A 100cadc0     Resolver.obj
 0003:00070ec8       ?StoredPosParams@?1??AnimationFix@Resolver@@AAEXPAVC_BaseEntity@@@Z@4PAY0BI@MA 100caec8     Resolver.obj
 0003:00072728       ?oldEyeAngles@?1??AnimationFix@Resolver@@AAEXPAVC_BaseEntity@@@Z@4PAVVector@@A 100cc728     Resolver.obj
 0003:00072a34       ?$TSS0@?1??AnimationFix@Resolver@@AAEXPAVC_BaseEntity@@@Z@4HA 100cca34     Resolver.obj
 0003:00072a38       ?oldGoalfeetYaw@?1??AnimationFix@Resolver@@AAEXPAVC_BaseEntity@@@Z@4PAMA 100cca38     Resolver.obj
 0003:00072b40       ?jittering@?1??AnimationFix@Resolver@@AAEXPAVC_BaseEntity@@@Z@4PA_NA 100ccb40     Resolver.obj
 0003:00072b88       ?predTime@?1??HandleHits@@YAXPAVC_BaseEntity@@@Z@4PAMA 100ccb88     Resolver.obj
 0003:00072c90       ?init@?1??HandleHits@@YAXPAVC_BaseEntity@@@Z@4PA_NA 100ccc90     Resolver.obj
 0003:00072cd8       ?wasDormant@?1??FrameStage@Resolver@@QAEXW4ClientFrameStage_t@@@Z@4PA_NA 100cccd8     Resolver.obj
 0003:00072d28       ?vec2_origin@@3VVector2D@@B 100ccd28     c_esp.obj
 0003:00072d78       ?g_hWnd@@3PAUHWND__@@A     100ccd78     imgui_impl_dx9.obj
 0003:00072d7c       ?g_pd3dDevice@@3PAUIDirect3DDevice9@@A 100ccd7c     imgui_impl_dx9.obj
 0003:00072d80       ?g_Time@@3_JA              100ccd80     imgui_impl_dx9.obj
 0003:00072d88       ?g_TicksPerSecond@@3_JA    100ccd88     imgui_impl_dx9.obj
 0003:00072d90       ?g_pVB@@3PAUIDirect3DVertexBuffer9@@A 100ccd90     imgui_impl_dx9.obj
 0003:00072d94       ?g_pIB@@3PAUIDirect3DIndexBuffer9@@A 100ccd94     imgui_impl_dx9.obj
 0003:00072d98       ?g_FontTexture@@3PAUIDirect3DTexture9@@A 100ccd98     imgui_impl_dx9.obj
 0003:00072da8       ?GImDefaultFontAtlas@@3UImFontAtlas@@A 100ccda8     imgui.obj
 0003:00072df0       ?GImDefaultContext@@3UImGuiContext@@A 100ccdf0     imgui.obj
 0003:000763b0       ?crc32_lut@?1??ImHash@@YAIPBXHI@Z@4PAIA 100d03b0     imgui.obj
 0003:000767b0       ?buf_local@?1??GetClipboardTextFn_DefaultImpl@@YAPBDPAX@Z@4V?$ImVector@D@@A 100d07b0     imgui.obj
 0003:000767bc       ?$TSS0@?1??GetClipboardTextFn_DefaultImpl@@YAPBDPAX@Z@4HA 100d07bc     imgui.obj
 0003:000767c0       ?GNullClipRect@@3UImVec4@@B 100d07c0     imgui_draw.obj
 0003:000767d0       ?stb__barrier@@3PAEA       100d07d0     imgui_draw.obj
 0003:000767d4       ?stb__barrier2@@3PAEA      100d07d4     imgui_draw.obj
 0003:000767d8       ?stb__barrier3@@3PAEA      100d07d8     imgui_draw.obj
 0003:000767dc       ?stb__barrier4@@3PAEA      100d07dc     imgui_draw.obj
 0003:000767e0       ?stb__dout@@3PAEA          100d07e0     imgui_draw.obj
 0003:000767e8       ?circle_vtx@?1??PathArcToFast@ImDrawList@@QAEXABUImVec2@@MHH@Z@4PAU3@A 100d07e8     imgui_draw.obj
 0003:00076848       ?$TSS0@?1??PathArcToFast@ImDrawList@@QAEXABUImVec2@@MHH@Z@4HA 100d0848     imgui_draw.obj
 0003:0007684c       ?circle_vtx_builds@?1??PathArcToFast@ImDrawList@@QAEXABUImVec2@@MHH@Z@4_NA 100d084c     imgui_draw.obj
 0003:00076850       ?vec2_origin@@3VVector2D@@B 100d0850     bone_processing_hook.obj
 0003:00076858       ?vec2_origin@@3VVector2D@@B 100d0858     createmove_hook.obj
 0003:00076864       ?oCreateMove@?1??CreateMove@c_hooks@@SI_NPAVIClientMode@@PAXMPAVCUserCmd@@@Z@4P6I_N01M2@ZA 100d0864     createmove_hook.obj
 0003:00076868       ?$TSS0@?1??CreateMove@c_hooks@@SI_NPAVIClientMode@@PAXMPAVCUserCmd@@@Z@4HA 100d0868     createmove_hook.obj
 0003:0007687c       ?vec2_origin@@3VVector2D@@B 100d087c     directx_preset_hook.obj
 0003:00076884       ?initialized@@3_NA         100d0884     directx_preset_hook.obj
 0003:00076888       ?oEndScene@?1??Hooked_EndScene@c_hooks@@SGXPAUIDirect3DDevice9@@@Z@4P6GX0@ZA 100d0888     directx_preset_hook.obj
 0003:0007688c       ?$TSS0@?1??Hooked_EndScene@c_hooks@@SGXPAUIDirect3DDevice9@@@Z@4HA 100d088c     directx_preset_hook.obj
 0003:00076890       ?oEndSceneReset@?1??Hooked_EndScene_Reset@c_hooks@@SGXPAUIDirect3DDevice9@@PAU_D3DPRESENT_PARAMETERS_@@@Z@4P6GX01@ZA 100d0890     directx_preset_hook.obj
 0003:00076894       ?$TSS0@?1??Hooked_EndScene_Reset@c_hooks@@SGXPAUIDirect3DDevice9@@PAU_D3DPRESENT_PARAMETERS_@@@Z@4HA 100d0894     directx_preset_hook.obj
 0003:00076898       ?vec2_origin@@3VVector2D@@B 100d0898     dme_hook.obj
 0003:000768a0       ?oDrawModelExecute@?1??DrawModelExecute@c_hooks@@SIXPAX0PAVIMatRenderContext@@ABUDrawModelState_t@@ABUModelRenderInfo_t@@PAVmatrix3x4_t@@@Z@4P6EX01234@ZA 100d08a0     dme_hook.obj
 0003:000768a4       ?$TSS0@?1??DrawModelExecute@c_hooks@@SIXPAX0PAVIMatRenderContext@@ABUDrawModelState_t@@ABUModelRenderInfo_t@@PAVmatrix3x4_t@@@Z@4HA 100d08a4     dme_hook.obj
 0003:000768a8       ?vec2_origin@@3VVector2D@@B 100d08a8     event_hook.obj
 0003:000768b0       ?vec2_origin@@3VVector2D@@B 100d08b0     fsn_hook.obj
 0003:000768bc       ?oFrameStage@?1??FrameStageNotify@c_hooks@@SGXW4ClientFrameStage_t@@@Z@4P6GX0@ZA 100d08bc     fsn_hook.obj
 0003:000768c0       ?$TSS0@?1??FrameStageNotify@c_hooks@@SGXW4ClientFrameStage_t@@@Z@4HA 100d08c0     fsn_hook.obj
 0003:000768c8       ?vec2_origin@@3VVector2D@@B 100d08c8     hooking_init.obj
 0003:000768d0       ?vec2_origin@@3VVector2D@@B 100d08d0     lock_cursor_hook.obj
 0003:000768d8       ?oLockCursor@?1??LockCursor@c_hooks@@SIXPAVISurface@@PAX@Z@4P6IX01@ZA 100d08d8     lock_cursor_hook.obj
 0003:000768dc       ?$TSS0@?1??LockCursor@c_hooks@@SIXPAVISurface@@PAX@Z@4HA 100d08dc     lock_cursor_hook.obj
 0003:000768e0       ?vec2_origin@@3VVector2D@@B 100d08e0     oview_hook.obj
 0003:000768f0       ?oOverrideView@?1??OverrideView@c_hooks@@SIXPAX0PAVCViewSetup@@@Z@4P6IX001@ZA 100d08f0     oview_hook.obj
 0003:000768f4       ?$TSS0@?1??OverrideView@c_hooks@@SIXPAX0PAVCViewSetup@@@Z@4HA 100d08f4     oview_hook.obj
 0003:000768f8       ?vec2_origin@@3VVector2D@@B 100d08f8     painttraverse_hook.obj
 0003:00076904       ?oPaintTraverse@?1??PaintTraverse@c_hooks@@SIXPAXHI_N1@Z@4P6EX0I11@ZA 100d0904     painttraverse_hook.obj
 0003:00076908       ?$TSS0@?1??PaintTraverse@c_hooks@@SIXPAXHI_N1@Z@4HA 100d0908     painttraverse_hook.obj
 0003:0007690c       ?panelID@?1??PaintTraverse@c_hooks@@SIXPAXHI_N1@Z@4IA 100d090c     painttraverse_hook.obj
 0003:00076910       ?panelHudID@?1??PaintTraverse@c_hooks@@SIXPAXHI_N1@Z@4IA 100d0910     painttraverse_hook.obj
 0003:00076914       ?vec2_origin@@3VVector2D@@B 100d0914     sceneend_hook.obj
 0003:0007691c       ?oSceneEnd@?1??SceneEnd@c_hooks@@SIXPAX0@Z@4P6IX00@ZA 100d091c     sceneend_hook.obj
 0003:00076920       ?$TSS0@?1??SceneEnd@c_hooks@@SIXPAX0@Z@4HA 100d0920     sceneend_hook.obj
 0003:00076924       ?vec2_origin@@3VVector2D@@B 100d0924     wndproc_hook.obj
 0003:0007692c       ?pressed@?1??WndProc@c_hooks@@SGJPAUHWND__@@IIJ@Z@4_NA 100d092c     wndproc_hook.obj
 0003:000769dc       ?vec2_origin@@3VVector2D@@B 100d09dc     menu_system.obj
 0003:000769e5       ?w_printf@XorCompileTime@@3V<lambda>@@A 100d09e5     menu_system.obj
 0003:000769e6       ?w_printf_s@XorCompileTime@@3V<lambda>@@A 100d09e6     menu_system.obj
 0003:000769e7       ?w_sprintf_s@XorCompileTime@@3V<lambda>@@A 100d09e7     menu_system.obj
 0003:000769e8       ?w_sprintf@XorCompileTime@@3V<lambda>@@A 100d09e8     menu_system.obj
 0003:000769ec       ?page@?1??Render@c_menu@@QAEXXZ@4HA 100d09ec     menu_system.obj
 0003:000769f0       ?vec2_origin@@3VVector2D@@B 100d09f0     CEntity.obj
 0003:000769f8       ?AbsAngles@?1??SetAbsAngles@C_BaseEntity@@QAEXVVector@@@Z@4P6EXPAV2@ABV3@@ZA 100d09f8     CEntity.obj
 0003:000769fc       ?$TSS0@?1??SetAbsAngles@C_BaseEntity@@QAEXVVector@@@Z@4HA 100d09fc     CEntity.obj
 0003:00076a00       ?AbsOrigin@?1??SetAbsOrigin@C_BaseEntity@@QAEXVVector@@@Z@4P6EXPAXABV3@@ZA 100d0a00     CEntity.obj
 0003:00076a04       ?$TSS0@?1??SetAbsOrigin@C_BaseEntity@@QAEXVVector@@@Z@4HA 100d0a04     CEntity.obj
 0003:0007c120       ?vec2_origin@@3VVector2D@@B 100d6120     GlobalVars.obj
 0003:0007c47c       ?vec2_origin@@3VVector2D@@B 100d647c     Interfaces.obj
 0003:0007c488       ?vec2_origin@@3VVector2D@@B 100d6488     Math.obj
 0003:0007c490       ?random_float@?1??RandomFloat@Math@@QAEMMM@Z@4P6AMMM@ZA 100d6490     Math.obj
 0003:0007c494       ?$TSS0@?1??RandomFloat@Math@@QAEMMM@Z@4HA 100d6494     Math.obj
 0003:0007c49c       ?_Fac_tidy_reg@std@@3U_Fac_tidy_reg_t@1@B 100d649c     msvcprt:locale0_implib.obj
 0003:0007c4a0       ?_Fac_head@std@@3PAU_Fac_node@1@A 100d64a0     msvcprt:locale0_implib.obj
 0003:0007c4bc       ?is_initialized_as_dll@@3_NA 100d64bc     MSVCRT:utility.obj
 0003:0007c4bd       ?module_local_atexit_table_initialized@@3_NA 100d64bd     MSVCRT:utility.obj
 0003:0007c4c0       ?module_local_atexit_table@@3U_onexit_table_t@@A 100d64c0     MSVCRT:utility.obj
 0003:0007c4cc       ?module_local_at_quick_exit_table@@3U_onexit_table_t@@A 100d64cc     MSVCRT:utility.obj
 0003:0007c4d8       _GS_ExceptionRecord        100d64d8     MSVCRT:gs_report.obj
 0003:0007c528       _GS_ContextRecord          100d6528     MSVCRT:gs_report.obj
 0003:0007c7f4       ?_Tss_mutex@@3U_RTL_CRITICAL_SECTION@@A 100d67f4     MSVCRT:thread_safe_statics.obj
 0003:0007c80c       ?_Tss_cv@@3U_RTL_CONDITION_VARIABLE@@A 100d680c     MSVCRT:thread_safe_statics.obj
 0003:0007c810       ?_Tss_event@@3PAXA         100d6810     MSVCRT:thread_safe_statics.obj
 0003:0007c814       ?encoded_sleep_condition_variable_cs@@3P6GHPAU_RTL_CONDITION_VARIABLE@@PAU_RTL_CRITICAL_SECTION@@K@ZA 100d6814     MSVCRT:thread_safe_statics.obj
 0003:0007c818       ?encoded_wake_all_condition_variable@@3P6GXPAU_RTL_CONDITION_VARIABLE@@@ZA 100d6818     MSVCRT:thread_safe_statics.obj
 0003:0007c820       ?__proc_attached@@3HA      100d6820     MSVCRT:dll_dllmain.obj
 0004:00000060       $R000000                   100d7060     * linker generated manifest res *

 Exports

  ordinal    name

