 hvh

 Timestamp is 5eb52036 (Fri May  8 12:02:46 2020)

 Preferred load address is 10000000

 Start         Length     Name                   Class
 0001:00000000 00000790H .text$di                CODE
 0001:00000790 00063c40H .text$mn                CODE
 0001:000643d0 00001e90H .text$x                 CODE
 0001:00066260 00000099H .text$yd                CODE
 0002:00000000 00000360H .idata$5                DATA
 0002:00000360 00000004H .00cfg                  DATA
 0002:00000364 00000004H .CRT$XCA                DATA
 0002:00000368 00000004H .CRT$XCL                DATA
 0002:0000036c 000000c8H .CRT$XCU                DATA
 0002:00000434 00000004H .CRT$XCZ                DATA
 0002:00000438 00000004H .CRT$XIA                DATA
 0002:0000043c 00000004H .CRT$XIC                DATA
 0002:00000440 00000004H .CRT$XIZ                DATA
 0002:00000444 00000004H .CRT$XLA                DATA
 0002:00000448 00000004H .CRT$XLZ                DATA
 0002:0000044c 00000004H .CRT$XPA                DATA
 0002:00000450 00000004H .CRT$XPZ                DATA
 0002:00000454 00000004H .CRT$XTA                DATA
 0002:00000458 00000008H .CRT$XTZ                DATA
 0002:0000045c 00000000H .gfids$y                DATA
 0002:00000460 000096f8H .rdata                  DATA
 0002:00009b58 00000018H .rdata$T                DATA
 0002:00009b70 00000850H .rdata$r                DATA
 0002:0000a3c0 00000248H .rdata$sxdata           DATA
 0002:0000a608 00000390H .rdata$zzzdbg           DATA
 0002:0000a998 00000004H .rtc$IAA                DATA
 0002:0000a99c 00000004H .rtc$IZZ                DATA
 0002:0000a9a0 00000004H .rtc$TAA                DATA
 0002:0000a9a4 00000004H .rtc$TZZ                DATA
 0002:0000a9a8 00000004H .tls                    DATA
 0002:0000a9ac 00000004H .tls$                   DATA
 0002:0000a9b0 00000008H .tls$ZZZ                DATA
 0002:0000a9b8 00001e78H .xdata$x                DATA
 0002:0000c830 00000000H .edata                  DATA
 0002:0000c830 00000140H .idata$2                DATA
 0002:0000c970 00000014H .idata$3                DATA
 0002:0000c984 00000360H .idata$4                DATA
 0002:0000cce4 00001912H .idata$6                DATA
 0003:00000000 00000078H .data                   DATA
 0003:00000078 00000488H .data$r                 DATA
 0003:00000500 0007c634H .bss                    DATA
 0004:00000000 00000060H .rsrc$01                DATA
 0004:00000060 00000180H .rsrc$02                DATA

  Address         Publics by Value              Rva+Base       Lib:Object

 0000:00000000       ___guard_fids_table        00000000     <absolute>
 0000:00000000       ___guard_iat_table         00000000     <absolute>
 0000:00000000       ___hybrid_code_map_count   00000000     <absolute>
 0000:00000000       ___guard_longjmp_table     00000000     <absolute>
 0000:00000000       ___guard_fids_count        00000000     <absolute>
 0000:00000000       ___hybrid_auxiliary_iat    00000000     <absolute>
 0000:00000000       ___enclave_config          00000000     <absolute>
 0000:00000000       ___volatile_metadata       00000000     <absolute>
 0000:00000000       ___guard_iat_count         00000000     <absolute>
 0000:00000000       ___dynamic_value_reloc_table 00000000     <absolute>
 0000:00000000       ___guard_longjmp_count     00000000     <absolute>
 0000:00000000       ___hybrid_code_map         00000000     <absolute>
 0000:0000002c       __tls_array                0000002c     <absolute>
 0000:00000092       ___safe_se_handler_count   00000092     <absolute>
 0000:00000100       ___guard_flags             00000100     <absolute>
 0000:00000000       ___ImageBase               10000000     <linker-defined>
 0001:00000790       ??$GetVFunc@P6EPAVIMaterial@@PAXG@Z@Utils@@SAP6EPAVIMaterial@@PAXG@Z0I@Z 10001790 f i other_esp.obj
 0001:00000790       ??$GetVFunc@P6EXPAXK@Z@Utils@@SAP6EXPAXK@Z0I@Z 10001790 f i other_esp.obj
 0001:00000790       ??$GetVFunc@P6EXPAXPAVIMaterial@@W4OverrideType_t@@H@Z@Utils@@SAP6EXPAXPAVIMaterial@@W4OverrideType_t@@H@Z0I@Z 10001790 f i dme_hook.obj
 0001:00000790       ??$GetVFunc@P6EXPAXH@Z@Utils@@SAP6EXPAXH@Z0I@Z 10001790 f i other_esp.obj
 0001:00000790       ??$GetVFunc@P6EGPAX@Z@Utils@@SAP6EGPAX@Z0I@Z 10001790 f i other_esp.obj
 0001:00000790       ??$GetVFunc@P6EXPAXKPBDHHHHHHH@Z@Utils@@SAP6EXPAXKPBDHHHHHHH@Z0I@Z 10001790 f i hooking_init.obj
 0001:00000790       ??$GetVFunc@P6EPBDPAVIPanel@@I@Z@Utils@@SAP6EPBDPAVIPanel@@I@ZPAXI@Z 10001790 f i painttraverse_hook.obj
 0001:00000790       ??$GetVFunc@P6EAAVVector@@PAX@Z@Utils@@SAP6EAAVVector@@PAX@Z0I@Z 10001790 f i CEntity.obj
 0001:00000790       ??$GetVFunc@P6EMPAX@Z@Utils@@SAP6EMPAX@Z0I@Z 10001790 f i c_ragebot.obj
 0001:00000790       ??$DUMBNIGGERSLOL@P6EPAVNetChannel@@PAX@Z@IVEngineClient@@SAP6EPAVNetChannel@@PAX@Z0I@Z 10001790 f i Resolver.obj
 0001:00000790       ??$GetVFunc@P6EXPAXPB_WHH@Z@Utils@@SAP6EXPAXPB_WHH@Z0I@Z 10001790 f i other_esp.obj
 0001:00000790       ??$GetVFunc@P6EXPAX@Z@Utils@@SAP6EXPAX@Z0I@Z 10001790 f i EnginePrediction.obj
 0001:00000790       ??$GetVFunc@P6EXPAXAAVVector@@@Z@Utils@@SAP6EXPAXAAVVector@@@Z0I@Z 10001790 f i c_ragebot.obj
 0001:00000790       ??$GetVFunc@P6EIPAX@Z@Utils@@SAP6EIPAX@Z0I@Z 10001790 f i hooking_init.obj
 0001:00000790       ??$GetVFunc@P6EXPAXHH@Z@Utils@@SAP6EXPAXHH@Z0I@Z 10001790 f i other_esp.obj
 0001:00000790       ??$GetVFunc@P6EGPAXG@Z@Utils@@SAP6EGPAXG@Z0I@Z 10001790 f i other_esp.obj
 0001:00000790       ??$GetVFunc@P6EXPAXKPB_WAAH2@Z@Utils@@SAP6EXPAXKPB_WAAH2@Z0I@Z 10001790 f i other_esp.obj
 0001:00000790       ??$GetVFunc@P6EPAVIMaterial@@PAXPBD1_N1@Z@Utils@@SAP6EPAVIMaterial@@PAXPBD1_N1@Z0I@Z 10001790 f i dme_hook.obj
 0001:00000790       ??$GetVFunc@P6EXPAXHHHH@Z@Utils@@SAP6EXPAXHHHH@Z0I@Z 10001790 f i other_esp.obj
 0001:000007a0       ??$vsprintf_s@$0IAA@@@YAHAAY0IAA@DPBDPAD@Z 100017a0 f i other_esp.obj
 0001:000007c0       ??0Color@@QAE@HHHH@Z       100017c0 f i other_esp.obj
 0001:00000800       ??0ImVec2@@QAE@MM@Z        10001800 f i imgui_impl_dx9.obj
 0001:00000800       ??0Vector2D@@QAE@MM@Z      10001800 f i other_esp.obj
 0001:00000830       ??_H@YGXPAXIIP6EPAX0@Z@Z   10001830 f i other_esp.obj
 0001:00000870       ?DrawFilledRect@ISurface@@QAEXHHHH@Z 10001870 f i other_esp.obj
 0001:000008b0       ?DrawPrintText@ISurface@@QAEXPB_WH@Z 100018b0 f i other_esp.obj
 0001:000008e0       ?DrawSetColor@ISurface@@QAEXHHHH@Z 100018e0 f i other_esp.obj
 0001:00000920       ?DrawSetTextColor@ISurface@@QAEXHHHH@Z 10001920 f i other_esp.obj
 0001:00000960       ?DrawSetTextFont@ISurface@@QAEXK@Z 10001960 f i other_esp.obj
 0001:00000990       ?DrawSetTextPos@ISurface@@QAEXHH@Z 10001990 f i other_esp.obj
 0001:000009c0       ?DrawT@ISurface@@QAAXHHUColor@@H_NPBDZZ 100019c0 f i other_esp.obj
 0001:00000bd0       ?FilledRect@ISurface@@QAEXHHHHUColor@@@Z 10001bd0 f i other_esp.obj
 0001:00000c20       ?FirstMaterial@IMaterialSystem@@QAEGXZ 10001c20 f i other_esp.obj
 0001:00000c50       ?GetMaterial@IMaterialSystem@@QAEPAVIMaterial@@G@Z 10001c50 f i other_esp.obj
 0001:00000c80       ?GetTextSize@ISurface@@QAEXKPB_WAAH1@Z 10001c80 f i other_esp.obj
 0001:00000cc0       ?GradientH@@YAXHHHHUColor@@0@Z 10001cc0 f   other_esp.obj
 0001:00000df0       ?InvalidMaterial@IMaterialSystem@@QAEGXZ 10001df0 f i other_esp.obj
 0001:00000e20       ?NextMaterial@IMaterialSystem@@QAEGG@Z 10001e20 f i other_esp.obj
 0001:00000e50       ?SetValue@ConVar@@QAEXH@Z  10001e50 f i other_esp.obj
 0001:00000e80       ?night_mode@other_esp@@QAEXXZ 10001e80 f   other_esp.obj
 0001:00001100       ?watermak@other_esp@@QAEXXZ 10002100 f   other_esp.obj
 0001:00001500       ___local_stdio_printf_options 10002500 f i other_esp.obj
 0001:00001510       __vsprintf_s_l             10002510 f i other_esp.obj
 0001:00001560       _vsprintf_s                10002560 f i other_esp.obj
 0001:00001580       _wmemcpy                   10002580 f i other_esp.obj
 0001:000015a0       ??$?0$$V@?$_Compressed_pair@V?$allocator@_W@std@@V?$_String_val@U?$_Simple_types@_W@std@@@2@$00@std@@QAE@U_Zero_then_variadic_args_t@1@@Z 100025a0 f i config_system.obj
 0001:000015a0       ??$?0$$V@?$_Compressed_pair@V?$allocator@D@std@@V?$_String_val@U?$_Simple_types@D@std@@@2@$00@std@@QAE@U_Zero_then_variadic_args_t@1@@Z 100025a0 f i c_hooks.obj
 0001:000015c0       ??$?0AAPAVVMTHook@@@?$_Compressed_pair@U?$default_delete@VVMTHook@@@std@@PAVVMTHook@@$00@std@@QAE@U_Zero_then_variadic_args_t@1@AAPAVVMTHook@@@Z 100025c0 f i c_hooks.obj
 0001:000015c0       ??$?0AAPAVNetvarTree@@@?$_Compressed_pair@U?$default_delete@VNetvarTree@@@std@@PAVNetvarTree@@$00@std@@QAE@U_Zero_then_variadic_args_t@1@AAPAVNetvarTree@@@Z 100025c0 f i c_hooks.obj
 0001:000015c0       ??$?0AAPAV_Facet_base@std@@@?$_Compressed_pair@U?$default_delete@V_Facet_base@std@@@std@@PAV_Facet_base@2@$00@std@@QAE@U_Zero_then_variadic_args_t@1@AAPAV_Facet_base@1@@Z 100025c0 f i config_system.obj
 0001:000015c0       ??$?0AAPAVShadowVTManager@@@?$_Compressed_pair@U?$default_delete@VShadowVTManager@@@std@@PAVShadowVTManager@@$00@std@@QAE@U_Zero_then_variadic_args_t@1@AAPAVShadowVTManager@@@Z 100025c0 f i c_hooks.obj
 0001:000015c0       ??$?0AAPAI@?$_Compressed_pair@U?$default_delete@$$BY0A@I@std@@PAI$00@std@@QAE@U_Zero_then_variadic_args_t@1@AAPAI@Z 100025c0 f i c_hooks.obj
 0001:000015f0       ??$?0PAVShadowVTManager@@@?$_Unique_ptr_base@VShadowVTManager@@U?$default_delete@VShadowVTManager@@@std@@@std@@QAE@PAVShadowVTManager@@@Z 100025f0 f i c_hooks.obj
 0001:000015f0       ??$?0PAI@?$_Unique_ptr_base@IU?$default_delete@$$BY0A@I@std@@@std@@QAE@PAI@Z 100025f0 f i c_hooks.obj
 0001:000015f0       ??$?0PAVVMTHook@@@?$_Unique_ptr_base@VVMTHook@@U?$default_delete@VVMTHook@@@std@@@std@@QAE@PAVVMTHook@@@Z 100025f0 f i c_hooks.obj
 0001:000015f0       ??$?0PAV_Facet_base@std@@@?$_Unique_ptr_base@V_Facet_base@std@@U?$default_delete@V_Facet_base@std@@@2@@std@@QAE@PAV_Facet_base@1@@Z 100025f0 f i config_system.obj
 0001:000015f0       ??$?0PAVNetvarTree@@@?$_Unique_ptr_base@VNetvarTree@@U?$default_delete@VNetvarTree@@@std@@@std@@QAE@PAVNetvarTree@@@Z 100025f0 f i c_hooks.obj
 0001:00001620       ??$?0U?$default_delete@V_Facet_base@std@@@std@@$0A@@?$unique_ptr@V_Facet_base@std@@U?$default_delete@V_Facet_base@std@@@2@@std@@QAE@PAV_Facet_base@1@@Z 10002620 f i config_system.obj
 0001:00001620       ??$?0U?$default_delete@VVMTHook@@@std@@$0A@@?$unique_ptr@VVMTHook@@U?$default_delete@VVMTHook@@@std@@@std@@QAE@PAVVMTHook@@@Z 10002620 f i c_hooks.obj
 0001:00001620       ??$?0U?$default_delete@VNetvarTree@@@std@@$0A@@?$unique_ptr@VNetvarTree@@U?$default_delete@VNetvarTree@@@std@@@std@@QAE@PAVNetvarTree@@@Z 10002620 f i c_hooks.obj
 0001:00001620       ??$?0PAIU?$default_delete@$$BY0A@I@std@@$0A@X@?$unique_ptr@$$BY0A@IU?$default_delete@$$BY0A@I@std@@@std@@QAE@PAI@Z 10002620 f i c_hooks.obj
 0001:00001670       ??$?0U?$default_delete@$$BY0A@I@std@@$0A@@?$unique_ptr@$$BY0A@IU?$default_delete@$$BY0A@I@std@@@std@@QAE@$$T@Z 10002670 f i c_hooks.obj
 0001:000016c0       ??$?0U?$default_delete@VShadowVTManager@@@std@@$0A@@?$unique_ptr@VShadowVTManager@@U?$default_delete@VShadowVTManager@@@std@@@std@@QAE@XZ 100026c0 f i c_hooks.obj
 0001:000016c0       ??$?0U?$default_delete@VVMTHook@@@std@@$0A@@?$unique_ptr@VVMTHook@@U?$default_delete@VVMTHook@@@std@@@std@@QAE@XZ 100026c0 f i c_hooks.obj
 0001:000016c0       ??$?0U?$default_delete@VNetvarTree@@@std@@$0A@@?$unique_ptr@VNetvarTree@@U?$default_delete@VNetvarTree@@@std@@@std@@QAE@XZ 100026c0 f i NetvarManager.obj
 0001:00001710       ??$?RI$0A@@?$default_delete@$$BY0A@I@std@@QBEXPAI@Z 10002710 f i c_hooks.obj
 0001:00001740       ??$_Allocate@$07U_Default_allocate_traits@std@@$0A@@std@@YAPAXI@Z 10002740 f i c_hooks.obj
 0001:00001780       ??$_Allocate_manually_vector_aligned@U_Default_allocate_traits@std@@@std@@YAPAXI@Z 10002780 f i c_hooks.obj
 0001:000017f0       ??$forward@PBD@std@@YA$$QAPBDAAPBD@Z 100027f0 f i NetvarManager.obj
 0001:000017f0       ??$forward@V?$_List_iterator@V?$_List_val@U?$_List_simple_types@U?$pair@$$CBV?$basic_string@DU?$char_traits@D@std@@V?$allocator@D@2@@std@@V?$shared_ptr@UNode@NetvarTree@@@2@@std@@@std@@@std@@@std@@@std@@YA$$QAV?$_List_iterator@V?$_List_val@U?$_List_simple_types@U?$pair@$$CBV?$basic_string@DU?$char_traits@D@std@@V?$allocator@D@2@@std@@V?$shared_ptr@UNode@NetvarTree@@@2@@std@@@std@@@std@@@0@AAV10@@Z 100027f0 f i c_ragebot.obj
 0001:000017f0       ??$_Get_unwrapped_unverified@_W@std@@YAPA_WQA_W@Z 100027f0 f i config_system.obj
 0001:000017f0       ??$move@AAVpath@filesystem@std@@@std@@YA$$QAVpath@filesystem@0@AAV120@@Z 100027f0 f i config_system.obj
 0001:000017f0       ??$addressof@V?$basic_string@_WU?$char_traits@_W@std@@V?$allocator@_W@2@@std@@@std@@YAPAV?$basic_string@_WU?$char_traits@_W@std@@V?$allocator@_W@2@@0@AAV10@@Z 100027f0 f i config_system.obj
 0001:000017f0       ??$forward@ABV?$allocator@D@std@@@std@@YAABV?$allocator@D@0@ABV10@@Z 100027f0 f i c_esp.obj
 0001:000017f0       ??$_Get_unwrapped_n@PAUPlayerRecords@@H$0A@@std@@YAPAPAUPlayerRecords@@QAPAU1@H@Z 100027f0 f i LagComp.obj
 0001:000017f0       ??$_Refancy@PAD$0A@@std@@YAPADPAD@Z 100027f0 f i c_esp.obj
 0001:000017f0       ??$addressof@PAULegitPlayerRecords@@@std@@YAPAPAULegitPlayerRecords@@AAPAU1@@Z 100027f0 f i Legitbot.obj
 0001:000017f0       ??$forward@V?$tuple@$$QAV?$basic_string@DU?$char_traits@D@std@@V?$allocator@D@2@@std@@@std@@@std@@YA$$QAV?$tuple@$$QAV?$basic_string@DU?$char_traits@D@std@@V?$allocator@D@2@@std@@@0@AAV10@@Z 100027f0 f i c_ragebot.obj
 0001:000017f0       ??$_Convert_size@I@std@@YAII@Z 100027f0 f i c_hooks.obj
 0001:000017f0       ??$forward@PAPAK@std@@YA$$QAPAPAKAAPAPAK@Z 100027f0 f i c_hooks.obj
 0001:000017f0       ??$forward@AAV?$_List_iterator@V?$_List_val@U?$_List_simple_types@U?$pair@$$CBV?$basic_string@DU?$char_traits@D@std@@V?$allocator@D@2@@std@@V?$shared_ptr@UNode@NetvarTree@@@2@@std@@@std@@@std@@@std@@@std@@YAAAV?$_List_iterator@V?$_List_val@U?$_List_simple_types@U?$pair@$$CBV?$basic_string@DU?$char_traits@D@std@@V?$allocator@D@2@@std@@V?$shared_ptr@UNode@NetvarTree@@@2@@std@@@std@@@std@@@0@AAV10@@Z 100027f0 f i c_ragebot.obj
 0001:000017f0       ??$addressof@V?$_Deque_val@U?$_Deque_simple_types@UPlayerRecords@@@std@@@std@@@std@@YAPAV?$_Deque_val@U?$_Deque_simple_types@UPlayerRecords@@@std@@@0@AAV10@@Z 100027f0 f i c_ragebot.obj
 0001:000017f0       ??$forward@ABV?$allocator@U?$pair@$$CBV?$basic_string@DU?$char_traits@D@std@@V?$allocator@D@2@@std@@V?$shared_ptr@UNode@NetvarTree@@@2@@std@@@std@@@std@@YAABV?$allocator@U?$pair@$$CBV?$basic_string@DU?$char_traits@D@std@@V?$allocator@D@2@@std@@V?$shared_ptr@UNode@NetvarTree@@@2@@std@@@0@ABV10@@Z 100027f0 f i NetvarManager.obj
 0001:000017f0       ??$addressof@V?$_Vector_val@U?$_Simple_types@V?$basic_string@DU?$char_traits@D@std@@V?$allocator@D@2@@std@@@std@@@std@@@std@@YAPAV?$_Vector_val@U?$_Simple_types@V?$basic_string@DU?$char_traits@D@std@@V?$allocator@D@2@@std@@@std@@@0@AAV10@@Z 100027f0 f i config_system.obj
 0001:000017f0       ??$move@AAULegitPlayerRecords@@@std@@YA$$QAULegitPlayerRecords@@AAU1@@Z 100027f0 f i Legitbot.obj
 0001:000017f0       ??$forward@U?$default_delete@VVMTHook@@@std@@@std@@YA$$QAU?$default_delete@VVMTHook@@@0@AAU10@@Z 100027f0 f i c_hooks.obj
 0001:000017f0       ??$move@AAV?$basic_ofstream@DU?$char_traits@D@std@@@std@@@std@@YA$$QAV?$basic_ofstream@DU?$char_traits@D@std@@@0@AAV10@@Z 100027f0 f i Interfaces.obj
 0001:000017f0       ??$forward@ABV?$_List_unchecked_iterator@V?$_List_val@U?$_List_simple_types@U?$pair@$$CBV?$basic_string@DU?$char_traits@D@std@@V?$allocator@D@2@@std@@V?$shared_ptr@UNode@NetvarTree@@@2@@std@@@std@@@std@@@std@@@std@@YAABV?$_List_unchecked_iterator@V?$_List_val@U?$_List_simple_types@U?$pair@$$CBV?$basic_string@DU?$char_traits@D@std@@V?$allocator@D@2@@std@@V?$shared_ptr@UNode@NetvarTree@@@2@@std@@@std@@@std@@@0@ABV10@@Z 100027f0 f i c_ragebot.obj
 0001:000017f0       ??$forward@AAU?$pair@$$CBV?$basic_string@DU?$char_traits@D@std@@V?$allocator@D@2@@std@@V?$shared_ptr@UNode@NetvarTree@@@2@@std@@@std@@YAAAU?$pair@$$CBV?$basic_string@DU?$char_traits@D@std@@V?$allocator@D@2@@std@@V?$shared_ptr@UNode@NetvarTree@@@2@@0@AAU10@@Z 100027f0 f i c_ragebot.obj
 0001:000017f0       ??$forward@M@std@@YA$$QAMAAM@Z 100027f0 f i NetvarManager.obj
 0001:000017f0       ??$addressof@V?$vector@V?$basic_string@DU?$char_traits@D@std@@V?$allocator@D@2@@std@@V?$allocator@V?$basic_string@DU?$char_traits@D@std@@V?$allocator@D@2@@std@@@2@@std@@@std@@YAPAV?$vector@V?$basic_string@DU?$char_traits@D@std@@V?$allocator@D@2@@std@@V?$allocator@V?$basic_string@DU?$char_traits@D@std@@V?$allocator@D@2@@std@@@2@@0@AAV10@@Z 100027f0 f i config_system.obj
 0001:000017f0       ??$move@AAV?$tuple@$$QAV?$basic_string@DU?$char_traits@D@std@@V?$allocator@D@2@@std@@@std@@@std@@YA$$QAV?$tuple@$$QAV?$basic_string@DU?$char_traits@D@std@@V?$allocator@D@2@@std@@@0@AAV10@@Z 100027f0 f i c_ragebot.obj
 0001:000017f0       ??$_Get_unwrapped@V?$basic_string@DU?$char_traits@D@std@@V?$allocator@D@2@@std@@@std@@YAPAV?$basic_string@DU?$char_traits@D@std@@V?$allocator@D@2@@0@QAV10@@Z 100027f0 f i config_system.obj
 0001:000017f0       ??$addressof@PAU?$_List_node@U?$pair@$$CBV?$basic_string@DU?$char_traits@D@std@@V?$allocator@D@2@@std@@V?$shared_ptr@UNode@NetvarTree@@@2@@std@@PAX@std@@@std@@YAPAPAU?$_List_node@U?$pair@$$CBV?$basic_string@DU?$char_traits@D@std@@V?$allocator@D@2@@std@@V?$shared_ptr@UNode@NetvarTree@@@2@@std@@PAX@0@AAPAU10@@Z 100027f0 f i c_hooks.obj
 0001:000017f0       ??$_Get_unwrapped@Vdirectory_iterator@filesystem@std@@$0A@@std@@YAABVdirectory_iterator@filesystem@0@ABV120@@Z 100027f0 f i config_system.obj
 0001:000017f0       ??$forward@V?$_List_unchecked_iterator@V?$_List_val@U?$_List_simple_types@U?$pair@$$CBV?$basic_string@DU?$char_traits@D@std@@V?$allocator@D@2@@std@@V?$shared_ptr@UNode@NetvarTree@@@2@@std@@@std@@@std@@@std@@@std@@YA$$QAV?$_List_unchecked_iterator@V?$_List_val@U?$_List_simple_types@U?$pair@$$CBV?$basic_string@DU?$char_traits@D@std@@V?$allocator@D@2@@std@@V?$shared_ptr@UNode@NetvarTree@@@2@@std@@@std@@@std@@@0@AAV10@@Z 100027f0 f i c_ragebot.obj
 0001:000017f0       ??$addressof@V?$unique_ptr@VVMTHook@@U?$default_delete@VVMTHook@@@std@@@std@@@std@@YAPAV?$unique_ptr@VVMTHook@@U?$default_delete@VVMTHook@@@std@@@0@AAV10@@Z 100027f0 f i c_hooks.obj
 0001:000017f0       ??$_Get_unwrapped@PAULegitPlayerRecords@@@std@@YAPAPAULegitPlayerRecords@@QAPAU1@@Z 100027f0 f i Legitbot.obj
 0001:000017f0       ??$addressof@PAD@std@@YAPAPADAAPAD@Z 100027f0 f i c_hooks.obj
 0001:000017f0       ??$forward@ABV?$allocator@_W@std@@@std@@YAABV?$allocator@_W@0@ABV10@@Z 100027f0 f i config_system.obj
 0001:000017f0       ??$_Get_unwrapped@$$CB_W@std@@YAPB_WQB_W@Z 100027f0 f i config_system.obj
 0001:000017f0       ??$move@AAUPlayerRecords@@@std@@YA$$QAUPlayerRecords@@AAU1@@Z 100027f0 f i LagComp.obj
 0001:000017f0       ??$forward@AAU?$hash@V?$basic_string@DU?$char_traits@D@std@@V?$allocator@D@2@@std@@@std@@@std@@YAAAU?$hash@V?$basic_string@DU?$char_traits@D@std@@V?$allocator@D@2@@std@@@0@AAU10@@Z 100027f0 f i NetvarManager.obj
 0001:000017f0       ??$_Get_unwrapped@D@std@@YAPADQAD@Z 100027f0 f i c_esp.obj
 0001:000017f0       ??$forward@AAPAVShadowVTManager@@@std@@YAAAPAVShadowVTManager@@AAPAV1@@Z 100027f0 f i c_hooks.obj
 0001:000017f0       ??$_Kfn@$$CBV?$basic_string@DU?$char_traits@D@std@@V?$allocator@D@2@@std@@V?$shared_ptr@UNode@NetvarTree@@@2@@?$_Umap_traits@V?$basic_string@DU?$char_traits@D@std@@V?$allocator@D@2@@std@@V?$shared_ptr@UNode@NetvarTree@@@2@V?$_Uhash_compare@V?$basic_string@DU?$char_traits@D@std@@V?$allocator@D@2@@std@@U?$hash@V?$basic_string@DU?$char_traits@D@std@@V?$allocator@D@2@@std@@@2@U?$equal_to@V?$basic_string@DU?$char_traits@D@std@@V?$allocator@D@2@@std@@@2@@2@V?$allocator@U?$pair@$$CBV?$basic_string@DU?$char_traits@D@std@@V?$allocator@D@2@@std@@V?$shared_ptr@UNode@NetvarTree@@@2@@std@@@2@$0A@@std@@SAABV?$basic_string@DU?$char_traits@D@std@@V?$allocator@D@2@@1@ABU?$pair@$$CBV?$basic_string@DU?$char_traits@D@std@@V?$allocator@D@2@@std@@V?$shared_ptr@UNode@NetvarTree@@@2@@1@@Z 100027f0 f i c_ragebot.obj
 0001:000017f0       ??$_Unfancy@UPlayerRecords@@@std@@YAPAUPlayerRecords@@PAU1@@Z 100027f0 f i LagComp.obj
 0001:000017f0       ??$move@AAW4__std_fs_dir_handle@@@std@@YA$$QAW4__std_fs_dir_handle@@AAW41@@Z 100027f0 f i config_system.obj
 0001:000017f0       ??$forward@ABQAD@std@@YAABQADABQAD@Z 100027f0 f i c_hooks.obj
 0001:000017f0       ??$forward@AAPAVIPanel@@@std@@YAAAPAVIPanel@@AAPAV1@@Z 100027f0 f i c_hooks.obj
 0001:000017f0       ??$forward@AAPAVIVRenderView@@@std@@YAAAPAVIVRenderView@@AAPAV1@@Z 100027f0 f i c_hooks.obj
 0001:000017f0       ??$_Unfancy@V?$_List_unchecked_iterator@V?$_List_val@U?$_List_simple_types@U?$pair@$$CBV?$basic_string@DU?$char_traits@D@std@@V?$allocator@D@2@@std@@V?$shared_ptr@UNode@NetvarTree@@@2@@std@@@std@@@std@@@std@@@std@@YAPAV?$_List_unchecked_iterator@V?$_List_val@U?$_List_simple_types@U?$pair@$$CBV?$basic_string@DU?$char_traits@D@std@@V?$allocator@D@2@@std@@V?$shared_ptr@UNode@NetvarTree@@@2@@std@@@std@@@std@@@0@PAV10@@Z 100027f0 f i c_ragebot.obj
 0001:000017f0       ??$_Unfancy@_W@std@@YAPA_WPA_W@Z 100027f0 f i config_system.obj
 0001:000017f0       ??$move@AAU?$default_delete@$$BY0A@I@std@@@std@@YA$$QAU?$default_delete@$$BY0A@I@0@AAU10@@Z 100027f0 f i c_hooks.obj
 0001:000017f0       ??$_Get_unwrapped_n@V?$back_insert_iterator@V?$vector@V?$basic_string@DU?$char_traits@D@std@@V?$allocator@D@2@@std@@V?$allocator@V?$basic_string@DU?$char_traits@D@std@@V?$allocator@D@2@@std@@@2@@std@@@std@@U_Distance_unknown@2@$0A@@std@@YAABV?$back_insert_iterator@V?$vector@V?$basic_string@DU?$char_traits@D@std@@V?$allocator@D@2@@std@@V?$allocator@V?$basic_string@DU?$char_traits@D@std@@V?$allocator@D@2@@std@@@2@@std@@@0@ABV10@U_Distance_unknown@0@@Z 100027f0 f i config_system.obj
 0001:000017f0       ??$addressof@V?$basic_string@DU?$char_traits@D@std@@V?$allocator@D@2@@std@@@std@@YAPAV?$basic_string@DU?$char_traits@D@std@@V?$allocator@D@2@@0@AAV10@@Z 100027f0 f i imgui.obj
 0001:000017f0       ??$addressof@V?$unique_ptr@$$BY0A@IU?$default_delete@$$BY0A@I@std@@@std@@@std@@YAPAV?$unique_ptr@$$BY0A@IU?$default_delete@$$BY0A@I@std@@@0@AAV10@@Z 100027f0 f i c_hooks.obj
 0001:000017f0       ??$_Unfancy@V?$basic_string@DU?$char_traits@D@std@@V?$allocator@D@2@@std@@@std@@YAPAV?$basic_string@DU?$char_traits@D@std@@V?$allocator@D@2@@0@PAV10@@Z 100027f0 f i config_system.obj
 0001:000017f0       ??$forward@W4__std_fs_dir_handle@@@std@@YA$$QAW4__std_fs_dir_handle@@AAW41@@Z 100027f0 f i config_system.obj
 0001:000017f0       ??$forward@ABV?$allocator@V?$_List_unchecked_iterator@V?$_List_val@U?$_List_simple_types@U?$pair@$$CBV?$basic_string@DU?$char_traits@D@std@@V?$allocator@D@2@@std@@V?$shared_ptr@UNode@NetvarTree@@@2@@std@@@std@@@std@@@std@@@std@@@std@@YAABV?$allocator@V?$_List_unchecked_iterator@V?$_List_val@U?$_List_simple_types@U?$pair@$$CBV?$basic_string@DU?$char_traits@D@std@@V?$allocator@D@2@@std@@V?$shared_ptr@UNode@NetvarTree@@@2@@std@@@std@@@std@@@std@@@0@ABV10@@Z 100027f0 f i NetvarManager.obj
 0001:000017f0       ??$addressof@$$CBV?$_Deque_val@U?$_Deque_simple_types@UPlayerRecords@@@std@@@std@@@std@@YAPBV?$_Deque_val@U?$_Deque_simple_types@UPlayerRecords@@@std@@@0@ABV10@@Z 100027f0 f i LagComp.obj
 0001:000017f0       ??$addressof@$$CBV?$_Deque_val@U?$_Deque_simple_types@ULegitPlayerRecords@@@std@@@std@@@std@@YAPBV?$_Deque_val@U?$_Deque_simple_types@ULegitPlayerRecords@@@std@@@0@ABV10@@Z 100027f0 f i Legitbot.obj
 0001:000017f0       ??$forward@AAPAI@std@@YAAAPAIAAPAI@Z 100027f0 f i c_hooks.obj
 0001:000017f0       ??$forward@ABULegitPlayerRecords@@@std@@YAABULegitPlayerRecords@@ABU1@@Z 100027f0 f i Legitbot.obj
 0001:000017f0       ??$_Const_cast@$$CBV?$basic_string@DU?$char_traits@D@std@@V?$allocator@D@2@@std@@@std@@YAPAV?$basic_string@DU?$char_traits@D@std@@V?$allocator@D@2@@0@PBV10@@Z 100027f0 f i config_system.obj
 0001:000017f0       ??$_Unfancy@D@std@@YAPADPAD@Z 100027f0 f i c_hooks.obj
 0001:000017f0       ??$addressof@V?$_Deque_val@U?$_Deque_simple_types@ULegitPlayerRecords@@@std@@@std@@@std@@YAPAV?$_Deque_val@U?$_Deque_simple_types@ULegitPlayerRecords@@@std@@@0@AAV10@@Z 100027f0 f i Legitbot.obj
 0001:000017f0       ??$move@AAV?$basic_string@DU?$char_traits@D@std@@V?$allocator@D@2@@std@@@std@@YA$$QAV?$basic_string@DU?$char_traits@D@std@@V?$allocator@D@2@@0@AAV10@@Z 100027f0 f i c_ragebot.obj
 0001:000017f0       ??$forward@U_Creator@_Dir_enum_impl@filesystem@std@@@std@@YA$$QAU_Creator@_Dir_enum_impl@filesystem@0@AAU1230@@Z 100027f0 f i config_system.obj
 0001:000017f0       ??$_Unfancy@H@std@@YAPAHPAH@Z 100027f0 f i c_ragebot.obj
 0001:000017f0       ?select_on_container_copy_construction@?$_Default_allocator_traits@V?$allocator@D@std@@@std@@SA?AV?$allocator@D@2@ABV32@@Z 100027f0 f i c_esp.obj
 0001:000017f0       ?select_on_container_copy_construction@?$_Default_allocator_traits@V?$allocator@_W@std@@@std@@SA?AV?$allocator@_W@2@ABV32@@Z 100027f0 f i config_system.obj
 0001:000017f0       ??$_Const_cast@$$CBD@std@@YAPADPBD@Z 100027f0 f i c_esp.obj
 0001:000017f0       ??$move@AAV?$allocator@_W@std@@@std@@YA$$QAV?$allocator@_W@0@AAV10@@Z 100027f0 f i config_system.obj
 0001:000017f0       ??$forward@AAPAVVMTHook@@@std@@YAAAPAVVMTHook@@AAPAV1@@Z 100027f0 f i c_hooks.obj
 0001:000017f0       ??$move@AAPAV_Ref_count_base@std@@@std@@YA$$QAPAV_Ref_count_base@0@AAPAV10@@Z 100027f0 f i config_system.obj
 0001:000017f0       ??$_Get_unwrapped@PAUPlayerRecords@@@std@@YAPAPAUPlayerRecords@@QAPAU1@@Z 100027f0 f i LagComp.obj
 0001:000017f0       ??$move@AAPAU_Dir_enum_impl@filesystem@std@@@std@@YA$$QAPAU_Dir_enum_impl@filesystem@0@AAPAU120@@Z 100027f0 f i config_system.obj
 0001:000017f0       ??$forward@H@std@@YA$$QAHAAH@Z 100027f0 f i c_ragebot.obj
 0001:000017f0       ??$forward@AAU?$equal_to@V?$basic_string@DU?$char_traits@D@std@@V?$allocator@D@2@@std@@@std@@@std@@YAAAU?$equal_to@V?$basic_string@DU?$char_traits@D@std@@V?$allocator@D@2@@std@@@0@AAU10@@Z 100027f0 f i NetvarManager.obj
 0001:000017f0       ??$move@AAU_Find_file_handle@filesystem@std@@@std@@YA$$QAU_Find_file_handle@filesystem@0@AAU120@@Z 100027f0 f i config_system.obj
 0001:000017f0       ??$forward@AAPAVIBaseClientDLL@@@std@@YAAAPAVIBaseClientDLL@@AAPAV1@@Z 100027f0 f i c_hooks.obj
 0001:000017f0       ??$addressof@$$CBV?$codecvt@DDU_Mbstatet@@@std@@@std@@YAPBV?$codecvt@DDU_Mbstatet@@@0@ABV10@@Z 100027f0 f i config_system.obj
 0001:000017f0       ??$addressof@V?$_List_val@U?$_List_simple_types@U?$pair@$$CBV?$basic_string@DU?$char_traits@D@std@@V?$allocator@D@2@@std@@V?$shared_ptr@UNode@NetvarTree@@@2@@std@@@std@@@std@@@std@@YAPAV?$_List_val@U?$_List_simple_types@U?$pair@$$CBV?$basic_string@DU?$char_traits@D@std@@V?$allocator@D@2@@std@@V?$shared_ptr@UNode@NetvarTree@@@2@@std@@@std@@@0@AAV10@@Z 100027f0 f i c_ragebot.obj
 0001:000017f0       ??$move@AAU_Creator@_Dir_enum_impl@filesystem@std@@@std@@YA$$QAU_Creator@_Dir_enum_impl@filesystem@0@AAU1230@@Z 100027f0 f i config_system.obj
 0001:000017f0       ??$addressof@$$CBV?$basic_string@_WU?$char_traits@_W@std@@V?$allocator@_W@2@@std@@@std@@YAPBV?$basic_string@_WU?$char_traits@_W@std@@V?$allocator@_W@2@@0@ABV10@@Z 100027f0 f i config_system.obj
 0001:000017f0       ??$_Get_unwrapped@H@std@@YAPAHQAH@Z 100027f0 f i c_ragebot.obj
 0001:000017f0       ??$forward@AAPAVIClientMode@@@std@@YAAAPAVIClientMode@@AAPAV1@@Z 100027f0 f i c_hooks.obj
 0001:000017f0       ??$_Get_unwrapped_unverified@$$CBD@std@@YAPBDQBD@Z 100027f0 f i config_system.obj
 0001:000017f0       ??$forward@ABUPlayerRecords@@@std@@YAABUPlayerRecords@@ABU1@@Z 100027f0 f i LagComp.obj
 0001:000017f0       ??$forward@ABQA_W@std@@YAABQA_WABQA_W@Z 100027f0 f i config_system.obj
 0001:000017f0       ??$addressof@V?$unique_ptr@VNetvarTree@@U?$default_delete@VNetvarTree@@@std@@@std@@@std@@YAPAV?$unique_ptr@VNetvarTree@@U?$default_delete@VNetvarTree@@@std@@@0@AAV10@@Z 100027f0 f i c_hooks.obj
 0001:000017f0       ??$_Unfancy@ULegitPlayerRecords@@@std@@YAPAULegitPlayerRecords@@PAU1@@Z 100027f0 f i Legitbot.obj
 0001:000017f0       ??$forward@ABUpiecewise_construct_t@std@@@std@@YAABUpiecewise_construct_t@0@ABU10@@Z 100027f0 f i c_ragebot.obj
 0001:000017f0       ??$forward@V?$tuple@$$V@std@@@std@@YA$$QAV?$tuple@$$V@0@AAV10@@Z 100027f0 f i c_ragebot.obj
 0001:000017f0       ??$forward@AAPBD@std@@YAAAPBDAAPBD@Z 100027f0 f i config_system.obj
 0001:000017f0       ??$_Get_unwrapped_n@HH$0A@@std@@YAPAHQAHH@Z 100027f0 f i c_ragebot.obj
 0001:000017f0       ??$addressof@PAUPlayerRecords@@@std@@YAPAPAUPlayerRecords@@AAPAU1@@Z 100027f0 f i LagComp.obj
 0001:000017f0       ??$move@AAV?$_List_unchecked_iterator@V?$_List_val@U?$_List_simple_types@U?$pair@$$CBV?$basic_string@DU?$char_traits@D@std@@V?$allocator@D@2@@std@@V?$shared_ptr@UNode@NetvarTree@@@2@@std@@@std@@@std@@@std@@@std@@YA$$QAV?$_List_unchecked_iterator@V?$_List_val@U?$_List_simple_types@U?$pair@$$CBV?$basic_string@DU?$char_traits@D@std@@V?$allocator@D@2@@std@@V?$shared_ptr@UNode@NetvarTree@@@2@@std@@@std@@@std@@@0@AAV10@@Z 100027f0 f i c_ragebot.obj
 0001:000017f0       ??$addressof@PA_W@std@@YAPAPA_WAAPA_W@Z 100027f0 f i config_system.obj
 0001:000017f0       ??$forward@ABW4directory_options@filesystem@std@@@std@@YAABW4directory_options@filesystem@0@ABW4120@@Z 100027f0 f i config_system.obj
 0001:000017f0       ??$forward@U_Container_proxy@std@@@std@@YA$$QAU_Container_proxy@0@AAU10@@Z 100027f0 f i LagComp.obj
 0001:000017f0       ??$_Get_unwrapped@V?$_List_unchecked_iterator@V?$_List_val@U?$_List_simple_types@U?$pair@$$CBV?$basic_string@DU?$char_traits@D@std@@V?$allocator@D@2@@std@@V?$shared_ptr@UNode@NetvarTree@@@2@@std@@@std@@@std@@@std@@@std@@YAPAV?$_List_unchecked_iterator@V?$_List_val@U?$_List_simple_types@U?$pair@$$CBV?$basic_string@DU?$char_traits@D@std@@V?$allocator@D@2@@std@@V?$shared_ptr@UNode@NetvarTree@@@2@@std@@@std@@@std@@@0@QAV10@@Z 100027f0 f i c_ragebot.obj
 0001:000017f0       ??$forward@_N@std@@YA$$QA_NAA_N@Z 100027f0 f i c_ragebot.obj
 0001:000017f0       ??$move@AAV?$allocator@D@std@@@std@@YA$$QAV?$allocator@D@0@AAV10@@Z 100027f0 f i c_ragebot.obj
 0001:000017f0       ??$forward@U_One_then_variadic_args_t@std@@@std@@YA$$QAU_One_then_variadic_args_t@0@AAU10@@Z 100027f0 f i NetvarManager.obj
 0001:000017f0       ??$_Get_unwrapped_n@V?$_List_unchecked_iterator@V?$_List_val@U?$_List_simple_types@U?$pair@$$CBV?$basic_string@DU?$char_traits@D@std@@V?$allocator@D@2@@std@@V?$shared_ptr@UNode@NetvarTree@@@2@@std@@@std@@@std@@@std@@H$0A@@std@@YAPAV?$_List_unchecked_iterator@V?$_List_val@U?$_List_simple_types@U?$pair@$$CBV?$basic_string@DU?$char_traits@D@std@@V?$allocator@D@2@@std@@V?$shared_ptr@UNode@NetvarTree@@@2@@std@@@std@@@std@@@0@QAV10@H@Z 100027f0 f i c_ragebot.obj
 0001:000017f0       ??$_Get_unwrapped_n@V?$basic_string@DU?$char_traits@D@std@@V?$allocator@D@2@@std@@H$0A@@std@@YAPAV?$basic_string@DU?$char_traits@D@std@@V?$allocator@D@2@@0@QAV10@H@Z 100027f0 f i config_system.obj
 0001:000017f0       ??$forward@AAPAU?$_List_node@U?$pair@$$CBV?$basic_string@DU?$char_traits@D@std@@V?$allocator@D@2@@std@@V?$shared_ptr@UNode@NetvarTree@@@2@@std@@PAX@std@@@std@@YAAAPAU?$_List_node@U?$pair@$$CBV?$basic_string@DU?$char_traits@D@std@@V?$allocator@D@2@@std@@V?$shared_ptr@UNode@NetvarTree@@@2@@std@@PAX@0@AAPAU10@@Z 100027f0 f i c_ragebot.obj
 0001:000017f0       ??$_Unfancy@U_Container_proxy@std@@@std@@YAPAU_Container_proxy@0@PAU10@@Z 100027f0 f i LagComp.obj
 0001:000017f0       ??$move@AAV?$shared_ptr@UNode@NetvarTree@@@std@@@std@@YA$$QAV?$shared_ptr@UNode@NetvarTree@@@0@AAV10@@Z 100027f0 f i NetvarManager.obj
 0001:000017f0       ??$forward@AAPAVNetvarTree@@@std@@YAAAPAVNetvarTree@@AAPAV1@@Z 100027f0 f i c_hooks.obj
 0001:000017f0       ??$addressof@V?$_String_val@U?$_Simple_types@D@std@@@std@@@std@@YAPAV?$_String_val@U?$_Simple_types@D@std@@@0@AAV10@@Z 100027f0 f i c_ragebot.obj
 0001:000017f0       ??$forward@U?$default_delete@VNetvarTree@@@std@@@std@@YA$$QAU?$default_delete@VNetvarTree@@@0@AAU10@@Z 100027f0 f i c_hooks.obj
 0001:000017f0       ??$move@AAH@std@@YA$$QAHAAH@Z 100027f0 f i c_ragebot.obj
 0001:000017f0       ??$forward@V?$basic_string@DU?$char_traits@D@std@@V?$allocator@D@2@@std@@@std@@YA$$QAV?$basic_string@DU?$char_traits@D@std@@V?$allocator@D@2@@0@AAV10@@Z 100027f0 f i c_ragebot.obj
 0001:000017f0       ??$addressof@U?$pair@$$CBV?$basic_string@DU?$char_traits@D@std@@V?$allocator@D@2@@std@@V?$shared_ptr@UNode@NetvarTree@@@2@@std@@@std@@YAPAU?$pair@$$CBV?$basic_string@DU?$char_traits@D@std@@V?$allocator@D@2@@std@@V?$shared_ptr@UNode@NetvarTree@@@2@@0@AAU10@@Z 100027f0 f i c_hooks.obj
 0001:000017f0       ??$forward@V?$allocator@_W@std@@@std@@YA$$QAV?$allocator@_W@0@AAV10@@Z 100027f0 f i config_system.obj
 0001:000017f0       ??$_Get_unwrapped_n@PAULegitPlayerRecords@@H$0A@@std@@YAPAPAULegitPlayerRecords@@QAPAU1@H@Z 100027f0 f i Legitbot.obj
 0001:000017f0       ??$forward@V?$allocator@D@std@@@std@@YA$$QAV?$allocator@D@0@AAV10@@Z 100027f0 f i c_ragebot.obj
 0001:000017f0       ??$addressof@$$CBV?$_List_val@U?$_List_simple_types@U?$pair@$$CBV?$basic_string@DU?$char_traits@D@std@@V?$allocator@D@2@@std@@V?$shared_ptr@UNode@NetvarTree@@@2@@std@@@std@@@std@@@std@@YAPBV?$_List_val@U?$_List_simple_types@U?$pair@$$CBV?$basic_string@DU?$char_traits@D@std@@V?$allocator@D@2@@std@@V?$shared_ptr@UNode@NetvarTree@@@2@@std@@@std@@@0@ABV10@@Z 100027f0 f i c_ragebot.obj
 0001:000017f0       ??$forward@$$QAV?$basic_string@DU?$char_traits@D@std@@V?$allocator@D@2@@std@@@std@@YA$$QAV?$basic_string@DU?$char_traits@D@std@@V?$allocator@D@2@@0@AAV10@@Z 100027f0 f i c_ragebot.obj
 0001:000017f0       ??$addressof@V?$_String_val@U?$_Simple_types@_W@std@@@std@@@std@@YAPAV?$_String_val@U?$_Simple_types@_W@std@@@0@AAV10@@Z 100027f0 f i config_system.obj
 0001:000017f0       ??$_Get_size_of_n@$00@std@@YAII@Z 100027f0 f i c_hooks.obj
 0001:000017f0       ??$forward@AAPAV_Facet_base@std@@@std@@YAAAPAV_Facet_base@0@AAPAV10@@Z 100027f0 f i config_system.obj
 0001:000017f0       ??$forward@ABV?$shared_ptr@UNode@NetvarTree@@@std@@@std@@YAABV?$shared_ptr@UNode@NetvarTree@@@0@ABV10@@Z 100027f0 f i NetvarManager.obj
 0001:000017f0       ??$addressof@$$CBV?$_Vector_val@U?$_Simple_types@V?$basic_string@DU?$char_traits@D@std@@V?$allocator@D@2@@std@@@std@@@std@@@std@@YAPBV?$_Vector_val@U?$_Simple_types@V?$basic_string@DU?$char_traits@D@std@@V?$allocator@D@2@@std@@@std@@@0@ABV10@@Z 100027f0 f i config_system.obj
 0001:000017f0       ??$move@AAV?$shared_ptr@U_Dir_enum_impl@filesystem@std@@@std@@@std@@YA$$QAV?$shared_ptr@U_Dir_enum_impl@filesystem@std@@@0@AAV10@@Z 100027f0 f i config_system.obj
 0001:000017f0       ??$forward@AAPAVISurface@@@std@@YAAAPAVISurface@@AAPAV1@@Z 100027f0 f i c_hooks.obj
 0001:000017f0       ??$move@AAV?$basic_string@_WU?$char_traits@_W@std@@V?$allocator@_W@2@@std@@@std@@YA$$QAV?$basic_string@_WU?$char_traits@_W@std@@V?$allocator@_W@2@@0@AAV10@@Z 100027f0 f i config_system.obj
 0001:000017f0       ??$forward@AAPAVCModelRender@@@std@@YAAAPAVCModelRender@@AAPAV1@@Z 100027f0 f i c_hooks.obj
 0001:00001800       ??$_Deallocate@$07$0A@@std@@YAXPAXI@Z 10002800 f i c_hooks.obj
 0001:00001830       ??$_Enable_shared_from_this1@UNode@NetvarTree@@U12@@std@@YAXABV?$shared_ptr@UNode@NetvarTree@@@0@PAUNode@NetvarTree@@U?$integral_constant@_N$0A@@0@@Z 10002830 f i NetvarManager.obj
 0001:00001830       ??$_Adl_verify_range@V?$_Deque_iterator@V?$_Deque_val@U?$_Deque_simple_types@ULegitPlayerRecords@@@std@@@std@@@std@@V12@@std@@YAXABV?$_Deque_iterator@V?$_Deque_val@U?$_Deque_simple_types@ULegitPlayerRecords@@@std@@@std@@@0@0@Z 10002830 f i Legitbot.obj
 0001:00001830       ??$_Destroy_range1@V?$allocator@H@std@@@std@@YAXPAH0AAV?$allocator@H@0@U?$integral_constant@_N$00@0@@Z 10002830 f i c_ragebot.obj
 0001:00001830       ??$destroy@UPlayerRecords@@@?$_Default_allocator_traits@V?$allocator@UPlayerRecords@@@std@@@std@@SAXAAV?$allocator@UPlayerRecords@@@1@QAUPlayerRecords@@@Z 10002830 f i LagComp.obj
 0001:00001830       ??$_Adl_verify_range@PADPAD@std@@YAXABQAD0@Z 10002830 f i c_esp.obj
 0001:00001830       ??$destroy@PAUPlayerRecords@@@?$_Default_allocator_traits@V?$allocator@PAUPlayerRecords@@@std@@@std@@SAXAAV?$allocator@PAUPlayerRecords@@@1@QAPAUPlayerRecords@@@Z 10002830 f i LagComp.obj
 0001:00001830       ??$destroy@PAD@?$_Default_allocator_traits@V?$allocator@D@std@@@std@@SAXAAV?$allocator@D@1@QAPAD@Z 10002830 f i c_hooks.obj
 0001:00001830       ??$_Adl_verify_range@V?$_Deque_iterator@V?$_Deque_val@U?$_Deque_simple_types@UPlayerRecords@@@std@@@std@@@std@@V12@@std@@YAXABV?$_Deque_iterator@V?$_Deque_val@U?$_Deque_simple_types@UPlayerRecords@@@std@@@std@@@0@0@Z 10002830 f i LagComp.obj
 0001:00001830       ??$_Adl_verify_range@V?$_Vector_const_iterator@V?$_Vector_val@U?$_Simple_types@V?$basic_string@DU?$char_traits@D@std@@V?$allocator@D@2@@std@@@std@@@std@@@std@@V12@@std@@YAXABV?$_Vector_const_iterator@V?$_Vector_val@U?$_Simple_types@V?$basic_string@DU?$char_traits@D@std@@V?$allocator@D@2@@std@@@std@@@std@@@0@0@Z 10002830 f i config_system.obj
 0001:00001830       ??$_Destroy_range1@V?$allocator@PAUPlayerRecords@@@std@@@std@@YAXPAPAUPlayerRecords@@0AAV?$allocator@PAUPlayerRecords@@@0@U?$integral_constant@_N$00@0@@Z 10002830 f i LagComp.obj
 0001:00001830       ??$destroy@U_Container_proxy@std@@@?$_Default_allocator_traits@V?$allocator@U_Container_proxy@std@@@std@@@std@@SAXAAV?$allocator@U_Container_proxy@std@@@1@QAU_Container_proxy@1@@Z 10002830 f i LagComp.obj
 0001:00001830       ??$_Enable_shared_from_this1@U_Dir_enum_impl@filesystem@std@@U123@@std@@YAXABV?$shared_ptr@U_Dir_enum_impl@filesystem@std@@@0@PAU_Dir_enum_impl@filesystem@0@U?$integral_constant@_N$0A@@0@@Z 10002830 f i config_system.obj
 0001:00001830       ?Log@Utils@@SAXABV?$basic_string@DU?$char_traits@D@std@@V?$allocator@D@2@@std@@ZZ 10002830 f i c_hooks.obj
 0001:00001830       ??$destroy@PAU?$_List_node@U?$pair@$$CBV?$basic_string@DU?$char_traits@D@std@@V?$allocator@D@2@@std@@V?$shared_ptr@UNode@NetvarTree@@@2@@std@@PAX@std@@@?$_Default_allocator_traits@V?$allocator@U?$_List_node@U?$pair@$$CBV?$basic_string@DU?$char_traits@D@std@@V?$allocator@D@2@@std@@V?$shared_ptr@UNode@NetvarTree@@@2@@std@@PAX@std@@@std@@@std@@SAXAAV?$allocator@U?$_List_node@U?$pair@$$CBV?$basic_string@DU?$char_traits@D@std@@V?$allocator@D@2@@std@@V?$shared_ptr@UNode@NetvarTree@@@2@@std@@PAX@std@@@1@QAPAU?$_List_node@U?$pair@$$CBV?$basic_string@DU?$char_traits@D@std@@V?$allocator@D@2@@std@@V?$shared_ptr@UNode@NetvarTree@@@2@@std@@PAX@1@@Z 10002830 f i c_hooks.obj
 0001:00001830       ??$_Destroy_range1@V?$allocator@PAULegitPlayerRecords@@@std@@@std@@YAXPAPAULegitPlayerRecords@@0AAV?$allocator@PAULegitPlayerRecords@@@0@U?$integral_constant@_N$00@0@@Z 10002830 f i Legitbot.obj
 0001:00001830       ??$_Adl_verify_range@Vdirectory_iterator@filesystem@std@@V123@@std@@YAXABVdirectory_iterator@filesystem@0@0@Z 10002830 f i config_system.obj
 0001:00001830       ??3@YAXPAXUImPlacementNewDummy@@0@Z 10002830 f i imgui.obj
 0001:00001830       ??$_Adl_verify_range@PB_WPB_W@std@@YAXABQB_W0@Z 10002830 f i config_system.obj
 0001:00001830       ??$destroy@PAULegitPlayerRecords@@@?$_Default_allocator_traits@V?$allocator@PAULegitPlayerRecords@@@std@@@std@@SAXAAV?$allocator@PAULegitPlayerRecords@@@1@QAPAULegitPlayerRecords@@@Z 10002830 f i Legitbot.obj
 0001:00001830       ??$_Adl_verify_range@V?$_String_const_iterator@V?$_String_val@U?$_Simple_types@D@std@@@std@@@std@@V12@@std@@YAXABV?$_String_const_iterator@V?$_String_val@U?$_Simple_types@D@std@@@std@@@0@0@Z 10002830 f i c_esp.obj
 0001:00001830       ??$destroy@ULegitPlayerRecords@@@?$_Default_allocator_traits@V?$allocator@ULegitPlayerRecords@@@std@@@std@@SAXAAV?$allocator@ULegitPlayerRecords@@@1@QAULegitPlayerRecords@@@Z 10002830 f i Legitbot.obj
 0001:00001830       ??$_Destroy_range1@V?$allocator@V?$_List_unchecked_iterator@V?$_List_val@U?$_List_simple_types@U?$pair@$$CBV?$basic_string@DU?$char_traits@D@std@@V?$allocator@D@2@@std@@V?$shared_ptr@UNode@NetvarTree@@@2@@std@@@std@@@std@@@std@@@std@@@std@@YAXPAV?$_List_unchecked_iterator@V?$_List_val@U?$_List_simple_types@U?$pair@$$CBV?$basic_string@DU?$char_traits@D@std@@V?$allocator@D@2@@std@@V?$shared_ptr@UNode@NetvarTree@@@2@@std@@@std@@@std@@@0@0AAV?$allocator@V?$_List_unchecked_iterator@V?$_List_val@U?$_List_simple_types@U?$pair@$$CBV?$basic_string@DU?$char_traits@D@std@@V?$allocator@D@2@@std@@V?$shared_ptr@UNode@NetvarTree@@@2@@std@@@std@@@std@@@std@@@0@U?$integral_constant@_N$00@0@@Z 10002830 f i c_hooks.obj
 0001:00001830       ??$_Pocca@V?$allocator@_W@std@@@std@@YAXAAV?$allocator@_W@0@ABV10@U?$integral_constant@_N$0A@@0@@Z 10002830 f i config_system.obj
 0001:00001830       ??$_Adl_verify_range@V?$_String_iterator@V?$_String_val@U?$_Simple_types@D@std@@@std@@@std@@V12@@std@@YAXABV?$_String_iterator@V?$_String_val@U?$_Simple_types@D@std@@@std@@@0@0@Z 10002830 f i c_esp.obj
 0001:00001830       ??$destroy@PA_W@?$_Default_allocator_traits@V?$allocator@_W@std@@@std@@SAXAAV?$allocator@_W@1@QAPA_W@Z 10002830 f i config_system.obj
 0001:00001840       ??$_Destroy_range@V?$allocator@H@std@@@std@@YAXPAH0AAV?$allocator@H@0@@Z 10002840 f i c_ragebot.obj
 0001:00001840       ??$_Destroy_range@V?$allocator@PAUPlayerRecords@@@std@@@std@@YAXPAPAUPlayerRecords@@0AAV?$allocator@PAUPlayerRecords@@@0@@Z 10002840 f i LagComp.obj
 0001:00001840       ??$_Destroy_range@V?$allocator@PAULegitPlayerRecords@@@std@@@std@@YAXPAPAULegitPlayerRecords@@0AAV?$allocator@PAULegitPlayerRecords@@@0@@Z 10002840 f i Legitbot.obj
 0001:00001840       ??$_Destroy_range@V?$allocator@V?$_List_unchecked_iterator@V?$_List_val@U?$_List_simple_types@U?$pair@$$CBV?$basic_string@DU?$char_traits@D@std@@V?$allocator@D@2@@std@@V?$shared_ptr@UNode@NetvarTree@@@2@@std@@@std@@@std@@@std@@@std@@@std@@YAXPAV?$_List_unchecked_iterator@V?$_List_val@U?$_List_simple_types@U?$pair@$$CBV?$basic_string@DU?$char_traits@D@std@@V?$allocator@D@2@@std@@V?$shared_ptr@UNode@NetvarTree@@@2@@std@@@std@@@std@@@0@0AAV?$allocator@V?$_List_unchecked_iterator@V?$_List_val@U?$_List_simple_types@U?$pair@$$CBV?$basic_string@DU?$char_traits@D@std@@V?$allocator@D@2@@std@@V?$shared_ptr@UNode@NetvarTree@@@2@@std@@@std@@@std@@@std@@@0@@Z 10002840 f i c_hooks.obj
 0001:00001870       ??$_Freenode0@V?$allocator@U?$_List_node@U?$pair@$$CBV?$basic_string@DU?$char_traits@D@std@@V?$allocator@D@2@@std@@V?$shared_ptr@UNode@NetvarTree@@@2@@std@@PAX@std@@@std@@@?$_List_node@U?$pair@$$CBV?$basic_string@DU?$char_traits@D@std@@V?$allocator@D@2@@std@@V?$shared_ptr@UNode@NetvarTree@@@2@@std@@PAX@std@@SAXAAV?$allocator@U?$_List_node@U?$pair@$$CBV?$basic_string@DU?$char_traits@D@std@@V?$allocator@D@2@@std@@V?$shared_ptr@UNode@NetvarTree@@@2@@std@@PAX@std@@@1@PAU01@@Z 10002870 f i c_hooks.obj
 0001:000018f0       ??$_Max_value@I@std@@YAABIABI0@Z 100028f0 f i c_hooks.obj
 0001:00001920       ??$_Min_value@I@std@@YAABIABI0@Z 10002920 f i c_hooks.obj
 0001:00001950       ??$_Reallocate_for@V<lambda_9366063389c5f42a00a5088cf24e69de>@@PBD@?$basic_string@DU?$char_traits@D@std@@V?$allocator@D@2@@std@@QAEAAV01@IV<lambda_9366063389c5f42a00a5088cf24e69de>@@PBD@Z 10002950 f i c_hooks.obj
 0001:00001a30       ??$construct@PADABQAD@?$_Default_allocator_traits@V?$allocator@D@std@@@std@@SAXAAV?$allocator@D@1@QAPADABQAD@Z 10002a30 f i c_hooks.obj
 0001:00001a30       ??$construct@HH@?$_Default_allocator_traits@V?$allocator@H@std@@@std@@SAXAAV?$allocator@H@1@QAH$$QAH@Z 10002a30 f i c_ragebot.obj
 0001:00001a30       ??$construct@PAU?$_List_node@U?$pair@$$CBV?$basic_string@DU?$char_traits@D@std@@V?$allocator@D@2@@std@@V?$shared_ptr@UNode@NetvarTree@@@2@@std@@PAX@std@@AAPAU12@@?$_Default_allocator_traits@V?$allocator@U?$_List_node@U?$pair@$$CBV?$basic_string@DU?$char_traits@D@std@@V?$allocator@D@2@@std@@V?$shared_ptr@UNode@NetvarTree@@@2@@std@@PAX@std@@@std@@@std@@SAXAAV?$allocator@U?$_List_node@U?$pair@$$CBV?$basic_string@DU?$char_traits@D@std@@V?$allocator@D@2@@std@@V?$shared_ptr@UNode@NetvarTree@@@2@@std@@PAX@std@@@1@QAPAU?$_List_node@U?$pair@$$CBV?$basic_string@DU?$char_traits@D@std@@V?$allocator@D@2@@std@@V?$shared_ptr@UNode@NetvarTree@@@2@@std@@PAX@1@AAPAU31@@Z 10002a30 f i c_ragebot.obj
 0001:00001a30       ??$construct@PA_WABQA_W@?$_Default_allocator_traits@V?$allocator@_W@std@@@std@@SAXAAV?$allocator@_W@1@QAPA_WABQA_W@Z 10002a30 f i config_system.obj
 0001:00001a60       ??$destroy@U?$pair@$$CBV?$basic_string@DU?$char_traits@D@std@@V?$allocator@D@2@@std@@V?$shared_ptr@UNode@NetvarTree@@@2@@std@@@?$_Default_allocator_traits@V?$allocator@U?$_List_node@U?$pair@$$CBV?$basic_string@DU?$char_traits@D@std@@V?$allocator@D@2@@std@@V?$shared_ptr@UNode@NetvarTree@@@2@@std@@PAX@std@@@std@@@std@@SAXAAV?$allocator@U?$_List_node@U?$pair@$$CBV?$basic_string@DU?$char_traits@D@std@@V?$allocator@D@2@@std@@V?$shared_ptr@UNode@NetvarTree@@@2@@std@@PAX@std@@@1@QAU?$pair@$$CBV?$basic_string@DU?$char_traits@D@std@@V?$allocator@D@2@@std@@V?$shared_ptr@UNode@NetvarTree@@@2@@1@@Z 10002a60 f i c_hooks.obj
 0001:00001a70       ??$make_unique@$$BY0A@I$0A@@std@@YA?AV?$unique_ptr@$$BY0A@IU?$default_delete@$$BY0A@I@std@@@0@I@Z 10002a70 f i c_hooks.obj
 0001:00001af0       ??$make_unique@VNetvarTree@@$$V$0A@@std@@YA?AV?$unique_ptr@VNetvarTree@@U?$default_delete@VNetvarTree@@@std@@@0@XZ 10002af0 f i c_hooks.obj
 0001:00001b80       ??$make_unique@VVMTHook@@AAPAVCModelRender@@$0A@@std@@YA?AV?$unique_ptr@VVMTHook@@U?$default_delete@VVMTHook@@@std@@@0@AAPAVCModelRender@@@Z 10002b80 f i c_hooks.obj
 0001:00001b80       ??$make_unique@VVMTHook@@AAPAVIBaseClientDLL@@$0A@@std@@YA?AV?$unique_ptr@VVMTHook@@U?$default_delete@VVMTHook@@@std@@@0@AAPAVIBaseClientDLL@@@Z 10002b80 f i c_hooks.obj
 0001:00001b80       ??$make_unique@VVMTHook@@AAPAVISurface@@$0A@@std@@YA?AV?$unique_ptr@VVMTHook@@U?$default_delete@VVMTHook@@@std@@@0@AAPAVISurface@@@Z 10002b80 f i c_hooks.obj
 0001:00001b80       ??$make_unique@VVMTHook@@AAPAVIPanel@@$0A@@std@@YA?AV?$unique_ptr@VVMTHook@@U?$default_delete@VVMTHook@@@std@@@0@AAPAVIPanel@@@Z 10002b80 f i c_hooks.obj
 0001:00001b80       ??$make_unique@VVMTHook@@PAPAK$0A@@std@@YA?AV?$unique_ptr@VVMTHook@@U?$default_delete@VVMTHook@@@std@@@0@$$QAPAPAK@Z 10002b80 f i c_hooks.obj
 0001:00001b80       ??$make_unique@VVMTHook@@AAPAVIClientMode@@$0A@@std@@YA?AV?$unique_ptr@VVMTHook@@U?$default_delete@VVMTHook@@@std@@@0@AAPAVIClientMode@@@Z 10002b80 f i c_hooks.obj
 0001:00001b80       ??$make_unique@VVMTHook@@AAPAVIVRenderView@@$0A@@std@@YA?AV?$unique_ptr@VVMTHook@@U?$default_delete@VVMTHook@@@std@@@0@AAPAVIVRenderView@@@Z 10002b80 f i c_hooks.obj
 0001:00001c30       ??$reset@PAIX@?$unique_ptr@$$BY0A@IU?$default_delete@$$BY0A@I@std@@@std@@QAEXPAI@Z 10002c30 f i c_hooks.obj
 0001:00001c80       ??0?$_String_alloc@U?$_String_base_types@DV?$allocator@D@std@@@std@@@std@@QAE@XZ 10002c80 f i c_hooks.obj
 0001:00001c80       ??0?$_String_alloc@U?$_String_base_types@_WV?$allocator@_W@std@@@std@@@std@@QAE@XZ 10002c80 f i config_system.obj
 0001:00001cb0       ??0?$_String_val@U?$_Simple_types@D@std@@@std@@QAE@XZ 10002cb0 f i c_hooks.obj
 0001:00001cb0       ??0?$_String_val@U?$_Simple_types@_W@std@@@std@@QAE@XZ 10002cb0 f i config_system.obj
 0001:00001ce0       ?_Get_first@?$_Compressed_pair@V?$allocator@V?$_List_unchecked_iterator@V?$_List_val@U?$_List_simple_types@U?$pair@$$CBV?$basic_string@DU?$char_traits@D@std@@V?$allocator@D@2@@std@@V?$shared_ptr@UNode@NetvarTree@@@2@@std@@@std@@@std@@@std@@@std@@V?$_Vector_val@U?$_Simple_types@V?$_List_unchecked_iterator@V?$_List_val@U?$_List_simple_types@U?$pair@$$CBV?$basic_string@DU?$char_traits@D@std@@V?$allocator@D@2@@std@@V?$shared_ptr@UNode@NetvarTree@@@2@@std@@@std@@@std@@@std@@@std@@@2@$00@std@@QAEAAV?$allocator@V?$_List_unchecked_iterator@V?$_List_val@U?$_List_simple_types@U?$pair@$$CBV?$basic_string@DU?$char_traits@D@std@@V?$allocator@D@2@@std@@V?$shared_ptr@UNode@NetvarTree@@@2@@std@@@std@@@std@@@std@@@2@XZ 10002ce0 f i c_hooks.obj
 0001:00001ce0       ?_Get_second@?$_Compressed_pair@V?$allocator@H@std@@V?$_Vector_val@U?$_Simple_types@H@std@@@2@$00@std@@QBEABV?$_Vector_val@U?$_Simple_types@H@std@@@2@XZ 10002ce0 f i c_ragebot.obj
 0001:00001ce0       ??0Vector2D@@QAE@XZ        10002ce0 f i Legitbot.obj
 0001:00001ce0       ?_Get_second@?$_Compressed_pair@U?$default_delete@$$BY0A@I@std@@PAI$00@std@@QAEAAPAIXZ 10002ce0 f i c_hooks.obj
 0001:00001ce0       ?_Get_second@?$_Compressed_pair@V?$allocator@UPlayerRecords@@@std@@V?$_Deque_val@U?$_Deque_simple_types@UPlayerRecords@@@std@@@2@$00@std@@QAEAAV?$_Deque_val@U?$_Deque_simple_types@UPlayerRecords@@@std@@@2@XZ 10002ce0 f i c_ragebot.obj
 0001:00001ce0       ?_Get_first@?$_Compressed_pair@U?$default_delete@$$BY0A@I@std@@PAI$00@std@@QAEAAU?$default_delete@$$BY0A@I@2@XZ 10002ce0 f i c_hooks.obj
 0001:00001ce0       ?_Get_second@?$_Compressed_pair@U?$hash@V?$basic_string@DU?$char_traits@D@std@@V?$allocator@D@2@@std@@@std@@V?$_Compressed_pair@U?$equal_to@V?$basic_string@DU?$char_traits@D@std@@V?$allocator@D@2@@std@@@std@@M$00@2@$00@std@@QBEABV?$_Compressed_pair@U?$equal_to@V?$basic_string@DU?$char_traits@D@std@@V?$allocator@D@2@@std@@@std@@M$00@2@XZ 10002ce0 f i c_ragebot.obj
 0001:00001ce0       ?_Get_first@?$_Compressed_pair@V?$allocator@UPlayerRecords@@@std@@V?$_Deque_val@U?$_Deque_simple_types@UPlayerRecords@@@std@@@2@$00@std@@QAEAAV?$allocator@UPlayerRecords@@@2@XZ 10002ce0 f i LagComp.obj
 0001:00001ce0       ?_Get_second@?$_Compressed_pair@V?$allocator@U?$_List_node@U?$pair@$$CBV?$basic_string@DU?$char_traits@D@std@@V?$allocator@D@2@@std@@V?$shared_ptr@UNode@NetvarTree@@@2@@std@@PAX@std@@@std@@V?$_List_val@U?$_List_simple_types@U?$pair@$$CBV?$basic_string@DU?$char_traits@D@std@@V?$allocator@D@2@@std@@V?$shared_ptr@UNode@NetvarTree@@@2@@std@@@std@@@2@$00@std@@QBEABV?$_List_val@U?$_List_simple_types@U?$pair@$$CBV?$basic_string@DU?$char_traits@D@std@@V?$allocator@D@2@@std@@V?$shared_ptr@UNode@NetvarTree@@@2@@std@@@std@@@2@XZ 10002ce0 f i c_ragebot.obj
 0001:00001ce0       ?_Get_second@?$_Compressed_pair@V?$allocator@D@std@@V?$_String_val@U?$_Simple_types@D@std@@@2@$00@std@@QAEAAV?$_String_val@U?$_Simple_types@D@std@@@2@XZ 10002ce0 f i c_hooks.obj
 0001:00001ce0       ?_Get_second@?$_Compressed_pair@U?$default_delete@VShadowVTManager@@@std@@PAVShadowVTManager@@$00@std@@QBEABQAVShadowVTManager@@XZ 10002ce0 f i c_hooks.obj
 0001:00001ce0       ?_Get_second@?$_Compressed_pair@U?$default_delete@$$BY0A@I@std@@PAI$00@std@@QBEABQAIXZ 10002ce0 f i c_hooks.obj
 0001:00001ce0       ??0?$tuple@$$V@std@@QAE@XZ 10002ce0 f i c_ragebot.obj
 0001:00001ce0       ??0?$allocator@UPlayerRecords@@@std@@QAE@XZ 10002ce0 f i LagComp.obj
 0001:00001ce0       ?_Get_first@?$_Compressed_pair@V?$allocator@U?$_List_node@U?$pair@$$CBV?$basic_string@DU?$char_traits@D@std@@V?$allocator@D@2@@std@@V?$shared_ptr@UNode@NetvarTree@@@2@@std@@PAX@std@@@std@@V?$_List_val@U?$_List_simple_types@U?$pair@$$CBV?$basic_string@DU?$char_traits@D@std@@V?$allocator@D@2@@std@@V?$shared_ptr@UNode@NetvarTree@@@2@@std@@@std@@@2@$00@std@@QAEAAV?$allocator@U?$_List_node@U?$pair@$$CBV?$basic_string@DU?$char_traits@D@std@@V?$allocator@D@2@@std@@V?$shared_ptr@UNode@NetvarTree@@@2@@std@@PAX@std@@@2@XZ 10002ce0 f i c_hooks.obj
 0001:00001ce0       ?_Get_second@?$_Compressed_pair@V?$allocator@_W@std@@V?$_String_val@U?$_Simple_types@_W@std@@@2@$00@std@@QBEABV?$_String_val@U?$_Simple_types@_W@std@@@2@XZ 10002ce0 f i config_system.obj
 0001:00001ce0       ?_Get_first@?$_Compressed_pair@V?$allocator@D@std@@V?$_String_val@U?$_Simple_types@D@std@@@2@$00@std@@QAEAAV?$allocator@D@2@XZ 10002ce0 f i c_hooks.obj
 0001:00001ce0       ??0_Bxty@?$_String_val@U?$_Simple_types@_W@std@@@std@@QAE@XZ 10002ce0 f i config_system.obj
 0001:00001ce0       ??0Vector@@QAE@XZ          10002ce0 f i c_ragebot.obj
 0001:00001ce0       ??0?$allocator@H@std@@QAE@XZ 10002ce0 f i c_ragebot.obj
 0001:00001ce0       ?_Get_first@?$_Compressed_pair@U?$default_delete@V_Facet_base@std@@@std@@PAV_Facet_base@2@$00@std@@QAEAAU?$default_delete@V_Facet_base@std@@@2@XZ 10002ce0 f i config_system.obj
 0001:00001ce0       ?_Get_second@?$_Compressed_pair@V?$allocator@H@std@@V?$_Vector_val@U?$_Simple_types@H@std@@@2@$00@std@@QAEAAV?$_Vector_val@U?$_Simple_types@H@std@@@2@XZ 10002ce0 f i c_ragebot.obj
 0001:00001ce0       ?_Get_first@?$_Compressed_pair@V?$allocator@UPlayerRecords@@@std@@V?$_Deque_val@U?$_Deque_simple_types@UPlayerRecords@@@std@@@2@$00@std@@QBEABV?$allocator@UPlayerRecords@@@2@XZ 10002ce0 f i LagComp.obj
 0001:00001ce0       ?_Get_second@?$_Compressed_pair@V?$allocator@ULegitPlayerRecords@@@std@@V?$_Deque_val@U?$_Deque_simple_types@ULegitPlayerRecords@@@std@@@2@$00@std@@QBEABV?$_Deque_val@U?$_Deque_simple_types@ULegitPlayerRecords@@@std@@@2@XZ 10002ce0 f i Legitbot.obj
 0001:00001ce0       ?_Get_second@?$_Compressed_pair@V?$allocator@ULegitPlayerRecords@@@std@@V?$_Deque_val@U?$_Deque_simple_types@ULegitPlayerRecords@@@std@@@2@$00@std@@QAEAAV?$_Deque_val@U?$_Deque_simple_types@ULegitPlayerRecords@@@std@@@2@XZ 10002ce0 f i Legitbot.obj
 0001:00001ce0       ?_Get_first@?$_Compressed_pair@V?$allocator@H@std@@V?$_Vector_val@U?$_Simple_types@H@std@@@2@$00@std@@QAEAAV?$allocator@H@2@XZ 10002ce0 f i c_ragebot.obj
 0001:00001ce0       ?_Get_first@?$_Compressed_pair@V?$allocator@V?$basic_string@DU?$char_traits@D@std@@V?$allocator@D@2@@std@@@std@@V?$_Vector_val@U?$_Simple_types@V?$basic_string@DU?$char_traits@D@std@@V?$allocator@D@2@@std@@@std@@@2@$00@std@@QAEAAV?$allocator@V?$basic_string@DU?$char_traits@D@std@@V?$allocator@D@2@@std@@@2@XZ 10002ce0 f i config_system.obj
 0001:00001ce0       ?_Get_second@?$_Compressed_pair@V?$allocator@V?$basic_string@DU?$char_traits@D@std@@V?$allocator@D@2@@std@@@std@@V?$_Vector_val@U?$_Simple_types@V?$basic_string@DU?$char_traits@D@std@@V?$allocator@D@2@@std@@@std@@@2@$00@std@@QBEABV?$_Vector_val@U?$_Simple_types@V?$basic_string@DU?$char_traits@D@std@@V?$allocator@D@2@@std@@@std@@@2@XZ 10002ce0 f i config_system.obj
 0001:00001ce0       ?_Get_second@?$_Compressed_pair@U?$default_delete@VVMTHook@@@std@@PAVVMTHook@@$00@std@@QBEABQAVVMTHook@@XZ 10002ce0 f i c_hooks.obj
 0001:00001ce0       ?_Get_first@?$_Compressed_pair@V?$allocator@H@std@@V?$_Vector_val@U?$_Simple_types@H@std@@@2@$00@std@@QBEABV?$allocator@H@2@XZ 10002ce0 f i c_ragebot.obj
 0001:00001ce0       ?_Get_first@?$_Compressed_pair@V?$allocator@U?$_List_node@U?$pair@$$CBV?$basic_string@DU?$char_traits@D@std@@V?$allocator@D@2@@std@@V?$shared_ptr@UNode@NetvarTree@@@2@@std@@PAX@std@@@std@@V?$_List_val@U?$_List_simple_types@U?$pair@$$CBV?$basic_string@DU?$char_traits@D@std@@V?$allocator@D@2@@std@@V?$shared_ptr@UNode@NetvarTree@@@2@@std@@@std@@@2@$00@std@@QBEABV?$allocator@U?$_List_node@U?$pair@$$CBV?$basic_string@DU?$char_traits@D@std@@V?$allocator@D@2@@std@@V?$shared_ptr@UNode@NetvarTree@@@2@@std@@PAX@std@@@2@XZ 10002ce0 f i c_ragebot.obj
 0001:00001ce0       ??0?$allocator@_W@std@@QAE@XZ 10002ce0 f i config_system.obj
 0001:00001ce0       ?_Get_second@?$_Compressed_pair@U?$equal_to@V?$basic_string@DU?$char_traits@D@std@@V?$allocator@D@2@@std@@@std@@M$00@std@@QAEAAMXZ 10002ce0 f i NetvarManager.obj
 0001:00001ce0       ??0?$allocator@U?$pair@$$CBV?$basic_string@DU?$char_traits@D@std@@V?$allocator@D@2@@std@@V?$shared_ptr@UNode@NetvarTree@@@2@@std@@@std@@QAE@XZ 10002ce0 f i NetvarManager.obj
 0001:00001ce0       ?_Get_second@?$_Compressed_pair@U?$default_delete@V_Facet_base@std@@@std@@PAV_Facet_base@2@$00@std@@QBEABQAV_Facet_base@2@XZ 10002ce0 f i config_system.obj
 0001:00001ce0       ?_Get_second@?$_Compressed_pair@U?$default_delete@VNetvarTree@@@std@@PAVNetvarTree@@$00@std@@QAEAAPAVNetvarTree@@XZ 10002ce0 f i c_hooks.obj
 0001:00001ce0       ?_Get_second@?$_Compressed_pair@U?$equal_to@V?$basic_string@DU?$char_traits@D@std@@V?$allocator@D@2@@std@@@std@@M$00@std@@QBEABMXZ 10002ce0 f i c_ragebot.obj
 0001:00001ce0       ?_Get_first@?$_Compressed_pair@V?$allocator@ULegitPlayerRecords@@@std@@V?$_Deque_val@U?$_Deque_simple_types@ULegitPlayerRecords@@@std@@@2@$00@std@@QAEAAV?$allocator@ULegitPlayerRecords@@@2@XZ 10002ce0 f i Legitbot.obj
 0001:00001ce0       ?_Get_second@?$_Compressed_pair@U?$default_delete@VVMTHook@@@std@@PAVVMTHook@@$00@std@@QAEAAPAVVMTHook@@XZ 10002ce0 f i c_hooks.obj
 0001:00001ce0       ?_Get_first@?$_Compressed_pair@V?$allocator@V?$_List_unchecked_iterator@V?$_List_val@U?$_List_simple_types@U?$pair@$$CBV?$basic_string@DU?$char_traits@D@std@@V?$allocator@D@2@@std@@V?$shared_ptr@UNode@NetvarTree@@@2@@std@@@std@@@std@@@std@@@std@@V?$_Vector_val@U?$_Simple_types@V?$_List_unchecked_iterator@V?$_List_val@U?$_List_simple_types@U?$pair@$$CBV?$basic_string@DU?$char_traits@D@std@@V?$allocator@D@2@@std@@V?$shared_ptr@UNode@NetvarTree@@@2@@std@@@std@@@std@@@std@@@std@@@2@$00@std@@QBEABV?$allocator@V?$_List_unchecked_iterator@V?$_List_val@U?$_List_simple_types@U?$pair@$$CBV?$basic_string@DU?$char_traits@D@std@@V?$allocator@D@2@@std@@V?$shared_ptr@UNode@NetvarTree@@@2@@std@@@std@@@std@@@std@@@2@XZ 10002ce0 f i c_ragebot.obj
 0001:00001ce0       ??0_Bxty@?$_String_val@U?$_Simple_types@D@std@@@std@@QAE@XZ 10002ce0 f i c_hooks.obj
 0001:00001ce0       ?_Get_first@?$_Compressed_pair@U?$default_delete@VNetvarTree@@@std@@PAVNetvarTree@@$00@std@@QAEAAU?$default_delete@VNetvarTree@@@2@XZ 10002ce0 f i c_hooks.obj
 0001:00001ce0       ??0?$allocator@V?$basic_string@DU?$char_traits@D@std@@V?$allocator@D@2@@std@@@std@@QAE@XZ 10002ce0 f i config_system.obj
 0001:00001ce0       ?_Get_first@?$_Compressed_pair@U?$default_delete@VShadowVTManager@@@std@@PAVShadowVTManager@@$00@std@@QAEAAU?$default_delete@VShadowVTManager@@@2@XZ 10002ce0 f i c_hooks.obj
 0001:00001ce0       ?_Get_first@?$_Compressed_pair@V?$allocator@V?$basic_string@DU?$char_traits@D@std@@V?$allocator@D@2@@std@@@std@@V?$_Vector_val@U?$_Simple_types@V?$basic_string@DU?$char_traits@D@std@@V?$allocator@D@2@@std@@@std@@@2@$00@std@@QBEABV?$allocator@V?$basic_string@DU?$char_traits@D@std@@V?$allocator@D@2@@std@@@2@XZ 10002ce0 f i config_system.obj
 0001:00001ce0       ?_Get_second@?$_Compressed_pair@V?$allocator@V?$_List_unchecked_iterator@V?$_List_val@U?$_List_simple_types@U?$pair@$$CBV?$basic_string@DU?$char_traits@D@std@@V?$allocator@D@2@@std@@V?$shared_ptr@UNode@NetvarTree@@@2@@std@@@std@@@std@@@std@@@std@@V?$_Vector_val@U?$_Simple_types@V?$_List_unchecked_iterator@V?$_List_val@U?$_List_simple_types@U?$pair@$$CBV?$basic_string@DU?$char_traits@D@std@@V?$allocator@D@2@@std@@V?$shared_ptr@UNode@NetvarTree@@@2@@std@@@std@@@std@@@std@@@std@@@2@$00@std@@QBEABV?$_Vector_val@U?$_Simple_types@V?$_List_unchecked_iterator@V?$_List_val@U?$_List_simple_types@U?$pair@$$CBV?$basic_string@DU?$char_traits@D@std@@V?$allocator@D@2@@std@@V?$shared_ptr@UNode@NetvarTree@@@2@@std@@@std@@@std@@@std@@@std@@@2@XZ 10002ce0 f i c_hooks.obj
 0001:00001ce0       ?_Get_second@?$_Compressed_pair@V?$allocator@U?$_List_node@U?$pair@$$CBV?$basic_string@DU?$char_traits@D@std@@V?$allocator@D@2@@std@@V?$shared_ptr@UNode@NetvarTree@@@2@@std@@PAX@std@@@std@@V?$_List_val@U?$_List_simple_types@U?$pair@$$CBV?$basic_string@DU?$char_traits@D@std@@V?$allocator@D@2@@std@@V?$shared_ptr@UNode@NetvarTree@@@2@@std@@@std@@@2@$00@std@@QAEAAV?$_List_val@U?$_List_simple_types@U?$pair@$$CBV?$basic_string@DU?$char_traits@D@std@@V?$allocator@D@2@@std@@V?$shared_ptr@UNode@NetvarTree@@@2@@std@@@std@@@2@XZ 10002ce0 f i c_hooks.obj
 0001:00001ce0       ??E?$back_insert_iterator@V?$vector@V?$basic_string@DU?$char_traits@D@std@@V?$allocator@D@2@@std@@V?$allocator@V?$basic_string@DU?$char_traits@D@std@@V?$allocator@D@2@@std@@@2@@std@@@std@@QAEAAV01@XZ 10002ce0 f i config_system.obj
 0001:00001ce0       ?_Get_second@?$_Compressed_pair@V?$allocator@V?$basic_string@DU?$char_traits@D@std@@V?$allocator@D@2@@std@@@std@@V?$_Vector_val@U?$_Simple_types@V?$basic_string@DU?$char_traits@D@std@@V?$allocator@D@2@@std@@@std@@@2@$00@std@@QAEAAV?$_Vector_val@U?$_Simple_types@V?$basic_string@DU?$char_traits@D@std@@V?$allocator@D@2@@std@@@std@@@2@XZ 10002ce0 f i config_system.obj
 0001:00001ce0       ?_Get_second@?$_Compressed_pair@V?$allocator@_W@std@@V?$_String_val@U?$_Simple_types@_W@std@@@2@$00@std@@QAEAAV?$_String_val@U?$_Simple_types@_W@std@@@2@XZ 10002ce0 f i config_system.obj
 0001:00001ce0       ?_Get_first@?$_Compressed_pair@U?$hash@V?$basic_string@DU?$char_traits@D@std@@V?$allocator@D@2@@std@@@std@@V?$_Compressed_pair@U?$equal_to@V?$basic_string@DU?$char_traits@D@std@@V?$allocator@D@2@@std@@@std@@M$00@2@$00@std@@QBEABU?$hash@V?$basic_string@DU?$char_traits@D@std@@V?$allocator@D@2@@std@@@2@XZ 10002ce0 f i c_ragebot.obj
 0001:00001ce0       ?_Get_second@?$_Compressed_pair@V?$allocator@D@std@@V?$_String_val@U?$_Simple_types@D@std@@@2@$00@std@@QBEABV?$_String_val@U?$_Simple_types@D@std@@@2@XZ 10002ce0 f i c_hooks.obj
 0001:00001ce0       ?_Get_second@?$_Compressed_pair@U?$hash@V?$basic_string@DU?$char_traits@D@std@@V?$allocator@D@2@@std@@@std@@V?$_Compressed_pair@U?$equal_to@V?$basic_string@DU?$char_traits@D@std@@V?$allocator@D@2@@std@@@std@@M$00@2@$00@std@@QAEAAV?$_Compressed_pair@U?$equal_to@V?$basic_string@DU?$char_traits@D@std@@V?$allocator@D@2@@std@@@std@@M$00@2@XZ 10002ce0 f i NetvarManager.obj
 0001:00001ce0       ?_Get_first@?$_Compressed_pair@U?$default_delete@VVMTHook@@@std@@PAVVMTHook@@$00@std@@QAEAAU?$default_delete@VVMTHook@@@2@XZ 10002ce0 f i c_hooks.obj
 0001:00001ce0       ?_Get_first@?$_Compressed_pair@V?$allocator@D@std@@V?$_String_val@U?$_Simple_types@D@std@@@2@$00@std@@QBEABV?$allocator@D@2@XZ 10002ce0 f i c_hooks.obj
 0001:00001ce0       ?_Get_first@?$_Compressed_pair@V?$allocator@_W@std@@V?$_String_val@U?$_Simple_types@_W@std@@@2@$00@std@@QBEABV?$allocator@_W@2@XZ 10002ce0 f i config_system.obj
 0001:00001ce0       ?_Get_second@?$_Compressed_pair@V?$allocator@V?$_List_unchecked_iterator@V?$_List_val@U?$_List_simple_types@U?$pair@$$CBV?$basic_string@DU?$char_traits@D@std@@V?$allocator@D@2@@std@@V?$shared_ptr@UNode@NetvarTree@@@2@@std@@@std@@@std@@@std@@@std@@V?$_Vector_val@U?$_Simple_types@V?$_List_unchecked_iterator@V?$_List_val@U?$_List_simple_types@U?$pair@$$CBV?$basic_string@DU?$char_traits@D@std@@V?$allocator@D@2@@std@@V?$shared_ptr@UNode@NetvarTree@@@2@@std@@@std@@@std@@@std@@@std@@@2@$00@std@@QAEAAV?$_Vector_val@U?$_Simple_types@V?$_List_unchecked_iterator@V?$_List_val@U?$_List_simple_types@U?$pair@$$CBV?$basic_string@DU?$char_traits@D@std@@V?$allocator@D@2@@std@@V?$shared_ptr@UNode@NetvarTree@@@2@@std@@@std@@@std@@@std@@@std@@@2@XZ 10002ce0 f i c_hooks.obj
 0001:00001ce0       ?_Get_first@?$_Compressed_pair@U?$equal_to@V?$basic_string@DU?$char_traits@D@std@@V?$allocator@D@2@@std@@@std@@M$00@std@@QBEABU?$equal_to@V?$basic_string@DU?$char_traits@D@std@@V?$allocator@D@2@@std@@@2@XZ 10002ce0 f i c_ragebot.obj
 0001:00001ce0       ?_Get_second@?$_Compressed_pair@U?$default_delete@V_Facet_base@std@@@std@@PAV_Facet_base@2@$00@std@@QAEAAPAV_Facet_base@2@XZ 10002ce0 f i config_system.obj
 0001:00001ce0       ?_Get_second@?$_Compressed_pair@U?$default_delete@VNetvarTree@@@std@@PAVNetvarTree@@$00@std@@QBEABQAVNetvarTree@@XZ 10002ce0 f i c_hooks.obj
 0001:00001ce0       ??D?$back_insert_iterator@V?$vector@V?$basic_string@DU?$char_traits@D@std@@V?$allocator@D@2@@std@@V?$allocator@V?$basic_string@DU?$char_traits@D@std@@V?$allocator@D@2@@std@@@2@@std@@@std@@QAEAAV01@XZ 10002ce0 f i config_system.obj
 0001:00001ce0       ??0matrix3x4_t@@QAE@XZ     10002ce0 f i c_ragebot.obj
 0001:00001ce0       ??0?$allocator@D@std@@QAE@XZ 10002ce0 f i c_hooks.obj
 0001:00001ce0       ??0?$allocator@ULegitPlayerRecords@@@std@@QAE@XZ 10002ce0 f i Legitbot.obj
 0001:00001ce0       ?_Get_first@?$_Compressed_pair@V?$allocator@ULegitPlayerRecords@@@std@@V?$_Deque_val@U?$_Deque_simple_types@ULegitPlayerRecords@@@std@@@2@$00@std@@QBEABV?$allocator@ULegitPlayerRecords@@@2@XZ 10002ce0 f i Legitbot.obj
 0001:00001ce0       ?_Get_first@?$_Compressed_pair@V?$allocator@_W@std@@V?$_String_val@U?$_Simple_types@_W@std@@@2@$00@std@@QAEAAV?$allocator@_W@2@XZ 10002ce0 f i config_system.obj
 0001:00001ce0       ?_Get_second@?$_Compressed_pair@V?$allocator@UPlayerRecords@@@std@@V?$_Deque_val@U?$_Deque_simple_types@UPlayerRecords@@@std@@@2@$00@std@@QBEABV?$_Deque_val@U?$_Deque_simple_types@UPlayerRecords@@@std@@@2@XZ 10002ce0 f i c_ragebot.obj
 0001:00001cf0       ??0?$basic_string@DU?$char_traits@D@std@@V?$allocator@D@2@@std@@QAE@QBD@Z 10002cf0 f i c_hooks.obj
 0001:00001d60       ??0Event@@QAE@XZ           10002d60 f i c_hooks.obj
 0001:00001d90       ??0IGameEventListener@@QAE@XZ 10002d90 f i c_hooks.obj
 0001:00001db0       ??0ProtectGuard@@QAE@PAXII@Z 10002db0 f i c_hooks.obj
 0001:00001e10       ??0VMTHook@@QAE@PAX@Z      10002e10 f i c_hooks.obj
 0001:00001f30       ??0c_hooks@@QAE@XZ         10002f30 f i c_hooks.obj
 0001:00002000       ??0exception@std@@QAE@ABV01@@Z 10003000 f i c_hooks.obj
 0001:00002040       ??0exception@std@@QAE@QBD@Z 10003040 f i c_hooks.obj
 0001:00002090       ??0runtime_error@std@@QAE@ABV01@@Z 10003090 f i c_hooks.obj
 0001:000020c0       ??0runtime_error@std@@QAE@PBD@Z 100030c0 f i c_hooks.obj
 0001:000020f0       ??1?$_Deque_iterator@V?$_Deque_val@U?$_Deque_simple_types@UPlayerRecords@@@std@@@std@@@std@@QAE@XZ 100030f0 f i c_ragebot.obj
 0001:000020f0       ??1?$_Deque_iterator@V?$_Deque_val@U?$_Deque_simple_types@ULegitPlayerRecords@@@std@@@std@@@std@@QAE@XZ 100030f0 f i Legitbot.obj
 0001:000020f0       ??1?$_Compressed_pair@V?$allocator@D@std@@V?$_String_val@U?$_Simple_types@D@std@@@2@$00@std@@QAE@XZ 100030f0 f i c_hooks.obj
 0001:000020f0       ??1?$_Compressed_pair@V?$allocator@_W@std@@V?$_String_val@U?$_Simple_types@_W@std@@@2@$00@std@@QAE@XZ 100030f0 f i config_system.obj
 0001:00002110       ??1?$_Hash@V?$_Umap_traits@V?$basic_string@DU?$char_traits@D@std@@V?$allocator@D@2@@std@@V?$shared_ptr@UNode@NetvarTree@@@2@V?$_Uhash_compare@V?$basic_string@DU?$char_traits@D@std@@V?$allocator@D@2@@std@@U?$hash@V?$basic_string@DU?$char_traits@D@std@@V?$allocator@D@2@@std@@@2@U?$equal_to@V?$basic_string@DU?$char_traits@D@std@@V?$allocator@D@2@@std@@@2@@2@V?$allocator@U?$pair@$$CBV?$basic_string@DU?$char_traits@D@std@@V?$allocator@D@2@@std@@V?$shared_ptr@UNode@NetvarTree@@@2@@std@@@2@$0A@@std@@@std@@QAE@XZ 10003110 f i c_hooks.obj
 0001:00002140       ??1?$_List_alloc@U?$_List_base_types@U?$pair@$$CBV?$basic_string@DU?$char_traits@D@std@@V?$allocator@D@2@@std@@V?$shared_ptr@UNode@NetvarTree@@@2@@std@@V?$allocator@U?$pair@$$CBV?$basic_string@DU?$char_traits@D@std@@V?$allocator@D@2@@std@@V?$shared_ptr@UNode@NetvarTree@@@2@@std@@@2@@std@@@std@@QAE@XZ 10003140 f i c_hooks.obj
 0001:00002190       ??1?$_List_buy@U?$pair@$$CBV?$basic_string@DU?$char_traits@D@std@@V?$allocator@D@2@@std@@V?$shared_ptr@UNode@NetvarTree@@@2@@std@@V?$allocator@U?$pair@$$CBV?$basic_string@DU?$char_traits@D@std@@V?$allocator@D@2@@std@@V?$shared_ptr@UNode@NetvarTree@@@2@@std@@@2@@std@@QAE@XZ 10003190 f i c_hooks.obj
 0001:000021b0       ??1?$_String_alloc@U?$_String_base_types@DV?$allocator@D@std@@@std@@@std@@QAE@XZ 100031b0 f i c_hooks.obj
 0001:000021b0       ??1?$_String_alloc@U?$_String_base_types@_WV?$allocator@_W@std@@@std@@@std@@QAE@XZ 100031b0 f i config_system.obj
 0001:000021d0       ??1_System_error_category@std@@UAE@XZ 100031d0 f i config_system.obj
 0001:000021d0       ??1?$_Ref_count_obj@U_Dir_enum_impl@filesystem@std@@@std@@UAE@XZ 100031d0 f i config_system.obj
 0001:000021d0       ??1?$_String_val@U?$_Simple_types@D@std@@@std@@QAE@XZ 100031d0 f i c_hooks.obj
 0001:000021d0       ??1?$_Ref_count_obj@UNode@NetvarTree@@@std@@UAE@XZ 100031d0 f i NetvarManager.obj
 0001:000021d0       ??1?$_Deque_const_iterator@V?$_Deque_val@U?$_Deque_simple_types@ULegitPlayerRecords@@@std@@@std@@@std@@QAE@XZ 100031d0 f i Legitbot.obj
 0001:000021d0       ??1?$_Deque_const_iterator@V?$_Deque_val@U?$_Deque_simple_types@UPlayerRecords@@@std@@@std@@@std@@QAE@XZ 100031d0 f i c_ragebot.obj
 0001:000021d0       ??1_Generic_error_category@std@@UAE@XZ 100031d0 f i config_system.obj
 0001:000021d0       ??1?$_String_val@U?$_Simple_types@_W@std@@@std@@QAE@XZ 100031d0 f i config_system.obj
 0001:000021f0       ??1?$basic_string@DU?$char_traits@D@std@@V?$allocator@D@2@@std@@QAE@XZ 100031f0 f i c_hooks.obj
 0001:00002240       ??1?$list@U?$pair@$$CBV?$basic_string@DU?$char_traits@D@std@@V?$allocator@D@2@@std@@V?$shared_ptr@UNode@NetvarTree@@@2@@std@@V?$allocator@U?$pair@$$CBV?$basic_string@DU?$char_traits@D@std@@V?$allocator@D@2@@std@@V?$shared_ptr@UNode@NetvarTree@@@2@@std@@@2@@std@@QAE@XZ 10003240 f i c_hooks.obj
 0001:00002290       ??1?$pair@$$CBV?$basic_string@DU?$char_traits@D@std@@V?$allocator@D@2@@std@@V?$shared_ptr@UNode@NetvarTree@@@2@@std@@QAE@XZ 10003290 f i c_hooks.obj
 0001:000022b0       ??1?$shared_ptr@UNode@NetvarTree@@@std@@QAE@XZ 100032b0 f i c_hooks.obj
 0001:000022b0       ??1?$shared_ptr@U_Dir_enum_impl@filesystem@std@@@std@@QAE@XZ 100032b0 f i config_system.obj
 0001:000022f0       ??1?$unique_ptr@$$BY0A@IU?$default_delete@$$BY0A@I@std@@@std@@QAE@XZ 100032f0 f i c_hooks.obj
 0001:00002330       ??1?$unique_ptr@VNetvarTree@@U?$default_delete@VNetvarTree@@@std@@@std@@QAE@XZ 10003330 f i c_hooks.obj
 0001:00002370       ??1?$unique_ptr@VShadowVTManager@@U?$default_delete@VShadowVTManager@@@std@@@std@@QAE@XZ 10003370 f i c_hooks.obj
 0001:000023b0       ??1?$unique_ptr@VVMTHook@@U?$default_delete@VVMTHook@@@std@@@std@@QAE@XZ 100033b0 f i c_hooks.obj
 0001:000023f0       ??1?$unordered_map@V?$basic_string@DU?$char_traits@D@std@@V?$allocator@D@2@@std@@V?$shared_ptr@UNode@NetvarTree@@@2@U?$hash@V?$basic_string@DU?$char_traits@D@std@@V?$allocator@D@2@@std@@@2@U?$equal_to@V?$basic_string@DU?$char_traits@D@std@@V?$allocator@D@2@@std@@@2@V?$allocator@U?$pair@$$CBV?$basic_string@DU?$char_traits@D@std@@V?$allocator@D@2@@std@@V?$shared_ptr@UNode@NetvarTree@@@2@@std@@@2@@std@@QAE@XZ 100033f0 f i c_hooks.obj
 0001:00002410       ??1?$vector@V?$_List_unchecked_iterator@V?$_List_val@U?$_List_simple_types@U?$pair@$$CBV?$basic_string@DU?$char_traits@D@std@@V?$allocator@D@2@@std@@V?$shared_ptr@UNode@NetvarTree@@@2@@std@@@std@@@std@@@std@@V?$allocator@V?$_List_unchecked_iterator@V?$_List_val@U?$_List_simple_types@U?$pair@$$CBV?$basic_string@DU?$char_traits@D@std@@V?$allocator@D@2@@std@@V?$shared_ptr@UNode@NetvarTree@@@2@@std@@@std@@@std@@@std@@@2@@std@@QAE@XZ 10003410 f i c_hooks.obj
 0001:00002410       ??1?$vector@HV?$allocator@H@std@@@std@@QAE@XZ 10003410 f i c_ragebot.obj
 0001:00002450       ??1Event@@UAE@XZ           10003450 f i c_hooks.obj
 0001:00002470       ??1IGameEventListener@@UAE@XZ 10003470 f i c_hooks.obj
 0001:00002490       ??1Node@NetvarTree@@QAE@XZ 10003490 f i NetvarManager.obj
 0001:00002490       ??1NetvarTree@@QAE@XZ      10003490 f i c_hooks.obj
 0001:000024b0       ??1ProtectGuard@@QAE@XZ    100034b0 f i c_hooks.obj
 0001:000024e0       ??1ShadowVTManager@@QAE@XZ 100034e0 f i c_hooks.obj
 0001:00002540       ??1VMTHook@@QAE@XZ         10003540 f i c_hooks.obj
 0001:00002570       ??1ImGuiListClipper@@QAE@XZ 10003570 f i imgui.obj
 0001:00002570       ??1_Ref_count_base@std@@UAE@XZ 10003570 f i config_system.obj
 0001:00002570       ?_Orphan_all@_Container_base12@std@@QAEXXZ 10003570 f i LagComp.obj
 0001:00002570       ??1_Iterator_base12@std@@QAE@XZ 10003570 f i c_ragebot.obj
 0001:00002570       ??1error_category@std@@UAE@XZ 10003570 f i config_system.obj
 0001:00002570       ??1_Bxty@?$_String_val@U?$_Simple_types@_W@std@@@std@@QAE@XZ 10003570 f i config_system.obj
 0001:00002570       ?_Orphan_all@_Container_base0@std@@QAEXXZ 10003570 f i c_hooks.obj
 0001:00002570       ??1_Bxty@?$_String_val@U?$_Simple_types@D@std@@@std@@QAE@XZ 10003570 f i c_hooks.obj
 0001:00002580       ??1c_hooks@@QAE@XZ         10003580 f i c_hooks.obj
 0001:00002630       ??1exception@std@@UAE@XZ   10003630 f i c_hooks.obj
 0001:00002660       ??1bad_cast@std@@UAE@XZ    10003660 f i config_system.obj
 0001:00002660       ??1runtime_error@std@@UAE@XZ 10003660 f i c_hooks.obj
 0001:00002680       ??2@YAPAXIPAX@Z            10003680 f i c_hooks.obj
 0001:00002690       ??4?$unique_ptr@$$BY0A@IU?$default_delete@$$BY0A@I@std@@@std@@QAEAAV01@$$QAV01@@Z 10003690 f i c_hooks.obj
 0001:000026e0       ??4?$unique_ptr@VNetvarTree@@U?$default_delete@VNetvarTree@@@std@@@std@@QAEAAV01@$$QAV01@@Z 100036e0 f i c_hooks.obj
 0001:00002730       ??4?$unique_ptr@VVMTHook@@U?$default_delete@VVMTHook@@@std@@@std@@QAEAAV01@$$QAV01@@Z 10003730 f i c_hooks.obj
 0001:00002780       ??A?$unique_ptr@$$BY0A@IU?$default_delete@$$BY0A@I@std@@@std@@QBEAAII@Z 10003780 f i c_hooks.obj
 0001:000027a0       ?get@?$unique_ptr@VVMTHook@@U?$default_delete@VVMTHook@@@std@@@std@@QBEPAVVMTHook@@XZ 100037a0 f i c_hooks.obj
 0001:000027a0       ?get@?$unique_ptr@V_Facet_base@std@@U?$default_delete@V_Facet_base@std@@@2@@std@@QBEPAV_Facet_base@2@XZ 100037a0 f i config_system.obj
 0001:000027a0       ?get@?$unique_ptr@VShadowVTManager@@U?$default_delete@VShadowVTManager@@@std@@@std@@QBEPAVShadowVTManager@@XZ 100037a0 f i c_hooks.obj
 0001:000027a0       ??C?$unique_ptr@VVMTHook@@U?$default_delete@VVMTHook@@@std@@@std@@QBEPAVVMTHook@@XZ 100037a0 f i c_hooks.obj
 0001:000027a0       ?get@?$unique_ptr@$$BY0A@IU?$default_delete@$$BY0A@I@std@@@std@@QBEPAIXZ 100037a0 f i c_hooks.obj
 0001:000027a0       ??C?$unique_ptr@VNetvarTree@@U?$default_delete@VNetvarTree@@@std@@@std@@QBEPAVNetvarTree@@XZ 100037a0 f i c_ragebot.obj
 0001:000027a0       ?get@?$unique_ptr@VNetvarTree@@U?$default_delete@VNetvarTree@@@std@@@std@@QBEPAVNetvarTree@@XZ 100037a0 f i c_hooks.obj
 0001:000027c0       ??R<lambda_9366063389c5f42a00a5088cf24e69de>@@QBEXQADIQBD@Z 100037c0 f i c_hooks.obj
 0001:00002800       ??R?$default_delete@VNetvarTree@@@std@@QBEXPAVNetvarTree@@@Z 10003800 f i c_hooks.obj
 0001:00002840       ??R?$default_delete@VShadowVTManager@@@std@@QBEXPAVShadowVTManager@@@Z 10003840 f i c_hooks.obj
 0001:00002880       ??R?$default_delete@VVMTHook@@@std@@QBEXPAVVMTHook@@@Z 10003880 f i c_hooks.obj
 0001:000028c0       ??_G?$pair@$$CBV?$basic_string@DU?$char_traits@D@std@@V?$allocator@D@2@@std@@V?$shared_ptr@UNode@NetvarTree@@@2@@std@@QAEPAXI@Z 100038c0 f i c_hooks.obj
 0001:000028f0       ??_GEvent@@UAEPAXI@Z       100038f0 f i c_hooks.obj
 0001:000028f0       ??_EEvent@@UAEPAXI@Z       100038f0 f i c_hooks.obj
 0001:00002920       ??_EIGameEventListener@@UAEPAXI@Z 10003920 f i c_hooks.obj
 0001:00002920       ??_GIGameEventListener@@UAEPAXI@Z 10003920 f i c_hooks.obj
 0001:00002950       ??_GNetvarTree@@QAEPAXI@Z  10003950 f i c_hooks.obj
 0001:00002980       ??_GShadowVTManager@@QAEPAXI@Z 10003980 f i c_hooks.obj
 0001:000029b0       ??_GVMTHook@@QAEPAXI@Z     100039b0 f i c_hooks.obj
 0001:000029e0       ??_Gexception@std@@UAEPAXI@Z 100039e0 f i c_hooks.obj
 0001:000029e0       ??_Eexception@std@@UAEPAXI@Z 100039e0 f i c_hooks.obj
 0001:00002a10       ??_Ebad_cast@std@@UAEPAXI@Z 10003a10 f i config_system.obj
 0001:00002a10       ??_Eruntime_error@std@@UAEPAXI@Z 10003a10 f i c_hooks.obj
 0001:00002a10       ??_Gbad_cast@std@@UAEPAXI@Z 10003a10 f i config_system.obj
 0001:00002a10       ??_Gruntime_error@std@@UAEPAXI@Z 10003a10 f i c_hooks.obj
 0001:00002a40       ?FindSignature@Utils@@SAIPBD0@Z 10003a40 f i c_hooks.obj
 0001:00002c70       ?GetEventDebugID@IGameEventListener@@UAEHXZ 10003c70 f i c_hooks.obj
 0001:00002c80       ?Hook@VMTHook@@QAEJIPAX@Z  10003c80 f i c_hooks.obj
 0001:00002cc0       ?Init@Event@@QAEXXZ        10003cc0 f i c_hooks.obj
 0001:00002cf0       ?Init@c_hooks@@SAXXZ       10003cf0 f   c_hooks.obj
 0001:00002dc0       ?Restore@c_hooks@@SAXXZ    10003dc0 f   c_hooks.obj
 0001:00002f10       ?RestoreTable@ShadowVTManager@@QAEXXZ 10003f10 f i c_hooks.obj
 0001:00002fb0       ?Unhook@VMTHook@@QAEJI@Z   10003fb0 f i c_hooks.obj
 0001:00003000       ?_Adjust_manually_vector_aligned@std@@YAXAAPAXAAI@Z 10004000 f i c_hooks.obj
 0001:00003070       ?_Allocate@_Default_allocate_traits@std@@SAPAXI@Z 10004070 f i c_hooks.obj
 0001:00003090       ?_Calculate_growth@?$basic_string@DU?$char_traits@D@std@@V?$allocator@D@2@@std@@QBEII@Z 10004090 f i c_hooks.obj
 0001:00003110       ?_Decref@?$_Ptr_base@U_Dir_enum_impl@filesystem@std@@@std@@IAEXXZ 10004110 f i config_system.obj
 0001:00003110       ?_Decref@?$_Ptr_base@UNode@NetvarTree@@@std@@IAEXXZ 10004110 f i c_hooks.obj
 0001:00003130       ?_Decref@_Ref_count_base@std@@QAEXXZ 10004130 f i c_hooks.obj
 0001:00003160       ?_Decwref@_Ref_count_base@std@@QAEXXZ 10004160 f i c_hooks.obj
 0001:00003190       ?_Delete@?$unique_ptr@$$BY0A@IU?$default_delete@$$BY0A@I@std@@@std@@AAEXXZ 10004190 f i c_hooks.obj
 0001:000031d0       ?_Destroy@?$vector@HV?$allocator@H@std@@@std@@AAEXPAH0@Z 100041d0 f i c_ragebot.obj
 0001:000031d0       ?_Destroy@?$vector@V?$_List_unchecked_iterator@V?$_List_val@U?$_List_simple_types@U?$pair@$$CBV?$basic_string@DU?$char_traits@D@std@@V?$allocator@D@2@@std@@V?$shared_ptr@UNode@NetvarTree@@@2@@std@@@std@@@std@@@std@@V?$allocator@V?$_List_unchecked_iterator@V?$_List_val@U?$_List_simple_types@U?$pair@$$CBV?$basic_string@DU?$char_traits@D@std@@V?$allocator@D@2@@std@@V?$shared_ptr@UNode@NetvarTree@@@2@@std@@@std@@@std@@@std@@@2@@std@@AAEXPAV?$_List_unchecked_iterator@V?$_List_val@U?$_List_simple_types@U?$pair@$$CBV?$basic_string@DU?$char_traits@D@std@@V?$allocator@D@2@@std@@V?$shared_ptr@UNode@NetvarTree@@@2@@std@@@std@@@std@@@2@0@Z 100041d0 f i c_hooks.obj
 0001:00003200       ?_Freeheadnode@?$_List_alloc@U?$_List_base_types@U?$pair@$$CBV?$basic_string@DU?$char_traits@D@std@@V?$allocator@D@2@@std@@V?$shared_ptr@UNode@NetvarTree@@@2@@std@@V?$allocator@U?$pair@$$CBV?$basic_string@DU?$char_traits@D@std@@V?$allocator@D@2@@std@@V?$shared_ptr@UNode@NetvarTree@@@2@@std@@@2@@std@@@std@@QAEXPAU?$_List_node@U?$pair@$$CBV?$basic_string@DU?$char_traits@D@std@@V?$allocator@D@2@@std@@V?$shared_ptr@UNode@NetvarTree@@@2@@std@@PAX@2@@Z 10004200 f i c_hooks.obj
 0001:00003230       ?_Freenode@?$_List_buy@U?$pair@$$CBV?$basic_string@DU?$char_traits@D@std@@V?$allocator@D@2@@std@@V?$shared_ptr@UNode@NetvarTree@@@2@@std@@V?$allocator@U?$pair@$$CBV?$basic_string@DU?$char_traits@D@std@@V?$allocator@D@2@@std@@V?$shared_ptr@UNode@NetvarTree@@@2@@std@@@2@@std@@QAEXPAU?$_List_node@U?$pair@$$CBV?$basic_string@DU?$char_traits@D@std@@V?$allocator@D@2@@std@@V?$shared_ptr@UNode@NetvarTree@@@2@@std@@PAX@2@@Z 10004230 f i c_hooks.obj
 0001:00003280       ?_Get_data@?$_Vector_alloc@U?$_Vec_base_types@V?$basic_string@DU?$char_traits@D@std@@V?$allocator@D@2@@std@@V?$allocator@V?$basic_string@DU?$char_traits@D@std@@V?$allocator@D@2@@std@@@2@@std@@@std@@QAEAAV?$_Vector_val@U?$_Simple_types@V?$basic_string@DU?$char_traits@D@std@@V?$allocator@D@2@@std@@@std@@@2@XZ 10004280 f i config_system.obj
 0001:00003280       ?_Myptr@?$_Unique_ptr_base@V_Facet_base@std@@U?$default_delete@V_Facet_base@std@@@2@@std@@QAEAAPAV_Facet_base@2@XZ 10004280 f i config_system.obj
 0001:00003280       ?_Getal@?$_Vector_alloc@U?$_Vec_base_types@V?$_List_unchecked_iterator@V?$_List_val@U?$_List_simple_types@U?$pair@$$CBV?$basic_string@DU?$char_traits@D@std@@V?$allocator@D@2@@std@@V?$shared_ptr@UNode@NetvarTree@@@2@@std@@@std@@@std@@@std@@V?$allocator@V?$_List_unchecked_iterator@V?$_List_val@U?$_List_simple_types@U?$pair@$$CBV?$basic_string@DU?$char_traits@D@std@@V?$allocator@D@2@@std@@V?$shared_ptr@UNode@NetvarTree@@@2@@std@@@std@@@std@@@std@@@2@@std@@@std@@QAEAAV?$allocator@V?$_List_unchecked_iterator@V?$_List_val@U?$_List_simple_types@U?$pair@$$CBV?$basic_string@DU?$char_traits@D@std@@V?$allocator@D@2@@std@@V?$shared_ptr@UNode@NetvarTree@@@2@@std@@@std@@@std@@@std@@@2@XZ 10004280 f i c_hooks.obj
 0001:00003280       ?_Getal@?$_String_alloc@U?$_String_base_types@DV?$allocator@D@std@@@std@@@std@@QAEAAV?$allocator@D@2@XZ 10004280 f i c_hooks.obj
 0001:00003280       ?get_deleter@?$_Unique_ptr_base@VNetvarTree@@U?$default_delete@VNetvarTree@@@std@@@std@@QAEAAU?$default_delete@VNetvarTree@@@2@XZ 10004280 f i c_hooks.obj
 0001:00003280       ?_Getal@?$_Vector_alloc@U?$_Vec_base_types@V?$basic_string@DU?$char_traits@D@std@@V?$allocator@D@2@@std@@V?$allocator@V?$basic_string@DU?$char_traits@D@std@@V?$allocator@D@2@@std@@@2@@std@@@std@@QAEAAV?$allocator@V?$basic_string@DU?$char_traits@D@std@@V?$allocator@D@2@@std@@@2@XZ 10004280 f i config_system.obj
[...]
 0002:0000c65c       __unwindtable$??$_Buynode@PBDABV?$shared_ptr@UNode@NetvarTree@@@std@@@?$_List_buy@U?$pair@$$CBV?$basic_string@DU?$char_traits@D@std@@V?$allocator@D@2@@std@@V?$shared_ptr@UNode@NetvarTree@@@2@@std@@V?$allocator@U?$pair@$$CBV?$basic_string@DU?$char_traits@D@std@@V?$allocator@D@2@@std@@V?$shared_ptr@UNode@NetvarTree@@@2@@std@@@2@@std@@QAEPAU?$_List_node@U?$pair@$$CBV?$basic_string@DU?$char_traits@D@std@@V?$allocator@D@2@@std@@V?$shared_ptr@UNode@NetvarTree@@@2@@std@@PAX@1@PAU21@0$$QAPBDABV?$shared_ptr@UNode@NetvarTree@@@1@@Z 1007465c     NetvarManager.obj
 0002:0000c66c       __tryblocktable$??$_Buynode@PBDABV?$shared_ptr@UNode@NetvarTree@@@std@@@?$_List_buy@U?$pair@$$CBV?$basic_string@DU?$char_traits@D@std@@V?$allocator@D@2@@std@@V?$shared_ptr@UNode@NetvarTree@@@2@@std@@V?$allocator@U?$pair@$$CBV?$basic_string@DU?$char_traits@D@std@@V?$allocator@D@2@@std@@V?$shared_ptr@UNode@NetvarTree@@@2@@std@@@2@@std@@QAEPAU?$_List_node@U?$pair@$$CBV?$basic_string@DU?$char_traits@D@std@@V?$allocator@D@2@@std@@V?$shared_ptr@UNode@NetvarTree@@@2@@std@@PAX@1@PAU21@0$$QAPBDABV?$shared_ptr@UNode@NetvarTree@@@1@@Z 1007466c     NetvarManager.obj
 0002:0000c680       __ehfuncinfo$??$_Buynode@PBDABV?$shared_ptr@UNode@NetvarTree@@@std@@@?$_List_buy@U?$pair@$$CBV?$basic_string@DU?$char_traits@D@std@@V?$allocator@D@2@@std@@V?$shared_ptr@UNode@NetvarTree@@@2@@std@@V?$allocator@U?$pair@$$CBV?$basic_string@DU?$char_traits@D@std@@V?$allocator@D@2@@std@@V?$shared_ptr@UNode@NetvarTree@@@2@@std@@@2@@std@@QAEPAU?$_List_node@U?$pair@$$CBV?$basic_string@DU?$char_traits@D@std@@V?$allocator@D@2@@std@@V?$shared_ptr@UNode@NetvarTree@@@2@@std@@PAX@1@PAU21@0$$QAPBDABV?$shared_ptr@UNode@NetvarTree@@@1@@Z 10074680     NetvarManager.obj
 0002:0000c6a4       __unwindtable$___std_fs_get_stats@16 100746a4     msvcprt:filesystem.obj
 0002:0000c6bc       __ehfuncinfo$___std_fs_get_stats@16 100746bc     msvcprt:filesystem.obj
 0002:0000c6e0       __sehtable$??_L@YGXPAXIIP6EX0@Z1@Z 100746e0     MSVCRT:ehvecctr.obj
 0002:0000c700       __sehtable$??_M@YGXPAXIIP6EX0@Z@Z 10074700     MSVCRT:ehvecdtr.obj
 0002:0000c720       __sehtable$?__ArrayUnwind@@YGXPAXIIP6EX0@Z@Z 10074720     MSVCRT:ehvecdtr.obj
 0002:0000c740       __sehtable$___scrt_is_nonwritable_in_current_image 10074740     MSVCRT:utility.obj
 0002:0000c760       __sehtable$?dllmain_crt_process_attach@@YAHQAUHINSTANCE__@@QAX@Z 10074760     MSVCRT:dll_dllmain.obj
 0002:0000c780       __sehtable$?dllmain_crt_process_detach@@YAH_N@Z 10074780     MSVCRT:dll_dllmain.obj
 0002:0000c7a0       __sehtable$?dllmain_dispatch@@YAHQAUHINSTANCE__@@KQAX@Z 100747a0     MSVCRT:dll_dllmain.obj
 0002:0000ce10       .idata$6                   10074e10     kernel32:KERNEL32.dll
 0002:0000cef8       .idata$6                   10074ef8     user32:USER32.dll
 0002:0000cf1c       .idata$6                   10074f1c     shell32:SHELL32.dll
 0002:0000cf38       .idata$6                   10074f38     ole32:ole32.dll
 0002:0000dd40       .idata$6                   10075d40     msvcprt:MSVCP140.dll
 0002:0000dd78       .idata$6                   10075d78     imm32:IMM32.dll
 0002:0000de7e       .idata$6                   10075e7e     vcruntime:VCRUNTIME140.dll
 0002:0000e216       .idata$6                   10076216     ucrt:api-ms-win-crt-heap-l1-1-0.dll
 0002:0000e236       .idata$6                   10076236     ucrt:api-ms-win-crt-convert-l1-1-0.dll
 0002:0000e258       .idata$6                   10076258     ucrt:api-ms-win-crt-stdio-l1-1-0.dll
 0002:0000e278       .idata$6                   10076278     ucrt:api-ms-win-crt-runtime-l1-1-0.dll
 0002:0000e29a       .idata$6                   1007629a     ucrt:api-ms-win-crt-math-l1-1-0.dll
 0002:0000e2ba       .idata$6                   100762ba     ucrt:api-ms-win-crt-utility-l1-1-0.dll
 0002:0000e2dc       .idata$6                   100762dc     ucrt:api-ms-win-crt-string-l1-1-0.dll
 0002:0000e2fe       .idata$6                   100762fe     ucrt:api-ms-win-crt-filesystem-l1-1-0.dll
 0002:0000e324       .idata$6                   10076324     ucrt:api-ms-win-crt-locale-l1-1-0.dll
 0003:00000000       ?Speed@?1??Autostop@c_aimbot@@QAEXXZ@4MA 10077000     c_ragebot.obj
 0003:00000004       ?HitboxForMuti@?1??Hitscan@c_aimbot@@QAE?AVVector@@PAVC_BaseEntity@@@Z@4PAHA 10077004     c_ragebot.obj
 0003:0000001c       ?g_VertexBufferSize@@3HA   1007701c     imgui_impl_dx9.obj
 0003:00000020       ?g_IndexBufferSize@@3HA    10077020     imgui_impl_dx9.obj
 0003:00000028       ?STB_TEXTEDIT_NEWLINE@ImGuiStb@@3GA 10077028     imgui.obj
 0003:00000038       ?old_time@?1??begin_popup@ImGui@@YAXPBDHPA_N@Z@4JA 10077038     menu_system.obj
 0003:0000003c       ?current_config@?2??config_tab@@YAXXZ@4HA 1007703c     menu_system.obj
 0003:00000504       ?vec2_origin@@3VVector2D@@B 10077504     other_esp.obj
 0003:00000518       ?OldNightmode@?1??night_mode@other_esp@@QAEXXZ@4_NA 10077518     other_esp.obj
 0003:00000658       ?vec2_origin@@3VVector2D@@B 10077658     c_hooks.obj
 0003:0000066c       ?vec2_origin@@3VVector2D@@B 1007766c     dll_main.obj
 0003:00000678       ?vec2_origin@@3VVector2D@@B 10077678     c_ragebot.obj
 0003:00061f70       ?oldSimtime@?1??ShouldBaim@@YA_NPAVC_BaseEntity@@@Z@4PAMA 100d8f70     c_ragebot.obj
 0003:00062078       ?storedSimtime@?1??ShouldBaim@@YA_NPAVC_BaseEntity@@@Z@4PAMA 100d9078     c_ragebot.obj
 0003:00062180       ?ShotTime@?1??ShouldBaim@@YA_NPAVC_BaseEntity@@@Z@4PAMA 100d9180     c_ragebot.obj
 0003:00062288       ?NextShotTime@?1??ShouldBaim@@YA_NPAVC_BaseEntity@@@Z@4PAMA 100d9288     c_ragebot.obj
 0003:00062390       ?BaimShot@?1??ShouldBaim@@YA_NPAVC_BaseEntity@@@Z@4PA_NA 100d9390     c_ragebot.obj
 0003:000623d1       ?shot@?1??OnCreateMove@c_aimbot@@QAEXXZ@4_NA 100d93d1     c_ragebot.obj
 0003:000623d8       ?vec2_origin@@3VVector2D@@B 100d93d8     Autowall.obj
 0003:000623f0       ?dwAddress@?1??UTIL_ClipTraceToPlayers@@YAXABVVector@@0IPAVITraceFilter@@PAUC_Trace@@@Z@4KA 100d93f0     Autowall.obj
 0003:000623f4       ?$TSS0@?1??UTIL_ClipTraceToPlayers@@YAXABVVector@@0IPAVITraceFilter@@PAUC_Trace@@@Z@4HA 100d93f4     Autowall.obj
 0003:000623f8       ?oTraceToExit@?1??TraceToExitalt@@YA_NAAVVector@@AAUC_Trace@@V2@2PAU3@@Z@4P6I_N01MMMMMM3@ZA 100d93f8     Autowall.obj
 0003:000623fc       ?$TSS0@?1??TraceToExitalt@@YA_NAAVVector@@AAUC_Trace@@V2@2PAU3@@Z@4HA 100d93fc     Autowall.obj
 0003:00062410       ?vec2_origin@@3VVector2D@@B 100d9410     EnginePrediction.obj
 0003:00062420       ?vec2_origin@@3VVector2D@@B 100d9420     LagComp.obj
 0003:00062a40       ?ShotTime@?1??StoreRecord@LagComp@@QAEXPAVC_BaseEntity@@@Z@4PAMA 100d9a40     LagComp.obj
 0003:00062b48       ?OldSimtime@?1??StoreRecord@LagComp@@QAEXPAVC_BaseEntity@@@Z@4PAMA 100d9b48     LagComp.obj
 0003:00062c50       ?vec2_origin@@3VVector2D@@B 100d9c50     AntiAim.obj
 0003:00062c58       ?FinalAngle@?1??FreeStanding@@YAXXZ@4MA 100d9c58     AntiAim.obj
 0003:00062c5c       ?oldSwtich@?CL@??FreeStanding@@YAXXZ@4_NA 100d9c5c     AntiAim.obj
 0003:00062c60       ?$TSS0@?CL@??FreeStanding@@YAXXZ@4HA 100d9c60     AntiAim.obj
 0003:00062c64       ?Add@?CL@??FreeStanding@@YAXXZ@4HA 100d9c64     AntiAim.obj
 0003:00062c68       ?Swtich2@?1??Real@@YAXXZ@4_NA 100d9c68     AntiAim.obj
 0003:00062c6c       ?test@?1??Real@@YAXXZ@4MA  100d9c6c     AntiAim.obj
 0003:00062c70       ?vec2_origin@@3VVector2D@@B 100d9c70     Legitbot.obj
 0003:00063190       ?bestEntTick@?1??OnCreateMove@Legitbot@@QAEXXZ@4PAHA 100da190     Legitbot.obj
 0003:00063298       ?StoredSimTime@?9??OnCreateMove@Legitbot@@QAEXXZ@4PAMA 100da298     Legitbot.obj
 0003:000633a0       ?vec2_origin@@3VVector2D@@B 100da3a0     Resolver.obj
 0003:00063618       ?oldSimtime@?1??AnimationFix@Resolver@@AAEXPAVC_BaseEntity@@@Z@4PAMA 100da618     Resolver.obj
 0003:00063720       ?storedSimtime@?1??AnimationFix@Resolver@@AAEXPAVC_BaseEntity@@@Z@4PAMA 100da720     Resolver.obj
 0003:00063828       ?ShotTime@?1??AnimationFix@Resolver@@AAEXPAVC_BaseEntity@@@Z@4PAMA 100da828     Resolver.obj
 0003:00063930       ?SideTime@?1??AnimationFix@Resolver@@AAEXPAVC_BaseEntity@@@Z@4PAY02MA 100da930     Resolver.obj
 0003:00063c40       ?LastDesyncSide@?1??AnimationFix@Resolver@@AAEXPAVC_BaseEntity@@@Z@4PAHA 100dac40     Resolver.obj
 0003:00063d48       ?Delaying@?1??AnimationFix@Resolver@@AAEXPAVC_BaseEntity@@@Z@4PA_NA 100dad48     Resolver.obj
 0003:00063d90       ?StoredLayers@?1??AnimationFix@Resolver@@AAEXPAVC_BaseEntity@@@Z@4PAY0P@VAnimationLayer@@A 100dad90     Resolver.obj
 0003:00070f90       ?StoredAnimState@?1??AnimationFix@Resolver@@AAEXPAVC_BaseEntity@@@Z@4PAPAVC_AnimState@@A 100e7f90     Resolver.obj
 0003:00071098       ?StoredPosParams@?1??AnimationFix@Resolver@@AAEXPAVC_BaseEntity@@@Z@4PAY0BI@MA 100e8098     Resolver.obj
 0003:000728f8       ?oldEyeAngles@?1??AnimationFix@Resolver@@AAEXPAVC_BaseEntity@@@Z@4PAVVector@@A 100e98f8     Resolver.obj
 0003:00072c04       ?$TSS0@?1??AnimationFix@Resolver@@AAEXPAVC_BaseEntity@@@Z@4HA 100e9c04     Resolver.obj
 0003:00072c08       ?oldGoalfeetYaw@?1??AnimationFix@Resolver@@AAEXPAVC_BaseEntity@@@Z@4PAMA 100e9c08     Resolver.obj
 0003:00072d10       ?jittering@?1??AnimationFix@Resolver@@AAEXPAVC_BaseEntity@@@Z@4PA_NA 100e9d10     Resolver.obj
 0003:00072d58       ?predTime@?1??HandleHits@@YAXPAVC_BaseEntity@@@Z@4PAMA 100e9d58     Resolver.obj
 0003:00072e60       ?init@?1??HandleHits@@YAXPAVC_BaseEntity@@@Z@4PA_NA 100e9e60     Resolver.obj
 0003:00072ea8       ?wasDormant@?1??FrameStage@Resolver@@QAEXW4ClientFrameStage_t@@@Z@4PA_NA 100e9ea8     Resolver.obj
 0003:00072f38       ?vec2_origin@@3VVector2D@@B 100e9f38     c_esp.obj
 0003:00072f50       ?g_hWnd@@3PAUHWND__@@A     100e9f50     imgui_impl_dx9.obj
 0003:00072f54       ?g_pd3dDevice@@3PAUIDirect3DDevice9@@A 100e9f54     imgui_impl_dx9.obj
 0003:00072f58       ?g_Time@@3_JA              100e9f58     imgui_impl_dx9.obj
 0003:00072f60       ?g_TicksPerSecond@@3_JA    100e9f60     imgui_impl_dx9.obj
 0003:00072f68       ?g_pVB@@3PAUIDirect3DVertexBuffer9@@A 100e9f68     imgui_impl_dx9.obj
 0003:00072f6c       ?g_pIB@@3PAUIDirect3DIndexBuffer9@@A 100e9f6c     imgui_impl_dx9.obj
 0003:00072f70       ?g_FontTexture@@3PAUIDirect3DTexture9@@A 100e9f70     imgui_impl_dx9.obj
 0003:00072f80       ?GImDefaultFontAtlas@@3UImFontAtlas@@A 100e9f80     imgui.obj
 0003:00072fc8       ?GImDefaultContext@@3UImGuiContext@@A 100e9fc8     imgui.obj
 0003:00076588       ?crc32_lut@?1??ImHash@@YAIPBXHI@Z@4PAIA 100ed588     imgui.obj
 0003:00076988       ?buf_local@?1??GetClipboardTextFn_DefaultImpl@@YAPBDPAX@Z@4V?$ImVector@D@@A 100ed988     imgui.obj
 0003:00076994       ?$TSS0@?1??GetClipboardTextFn_DefaultImpl@@YAPBDPAX@Z@4HA 100ed994     imgui.obj
 0003:00076998       ?GNullClipRect@@3UImVec4@@B 100ed998     imgui_draw.obj
 0003:000769a8       ?stb__barrier@@3PAEA       100ed9a8     imgui_draw.obj
 0003:000769ac       ?stb__barrier2@@3PAEA      100ed9ac     imgui_draw.obj
 0003:000769b0       ?stb__barrier3@@3PAEA      100ed9b0     imgui_draw.obj
 0003:000769b4       ?stb__barrier4@@3PAEA      100ed9b4     imgui_draw.obj
 0003:000769b8       ?stb__dout@@3PAEA          100ed9b8     imgui_draw.obj
 0003:000769c0       ?circle_vtx@?1??PathArcToFast@ImDrawList@@QAEXABUImVec2@@MHH@Z@4PAU3@A 100ed9c0     imgui_draw.obj
 0003:00076a20       ?$TSS0@?1??PathArcToFast@ImDrawList@@QAEXABUImVec2@@MHH@Z@4HA 100eda20     imgui_draw.obj
 0003:00076a24       ?circle_vtx_builds@?1??PathArcToFast@ImDrawList@@QAEXABUImVec2@@MHH@Z@4_NA 100eda24     imgui_draw.obj
 0003:00076a28       ?vec2_origin@@3VVector2D@@B 100eda28     bone_processing_hook.obj
 0003:00076a30       ?vec2_origin@@3VVector2D@@B 100eda30     createmove_hook.obj
 0003:00076a3c       ?oCreateMove@?1??CreateMove@c_hooks@@SI_NPAVIClientMode@@PAXMPAVCUserCmd@@@Z@4P6I_N01M2@ZA 100eda3c     createmove_hook.obj
 0003:00076a40       ?$TSS0@?1??CreateMove@c_hooks@@SI_NPAVIClientMode@@PAXMPAVCUserCmd@@@Z@4HA 100eda40     createmove_hook.obj
 0003:00076a54       ?vec2_origin@@3VVector2D@@B 100eda54     directx_preset_hook.obj
 0003:00076a5c       ?initialized@@3_NA         100eda5c     directx_preset_hook.obj
 0003:00076a60       ?oEndScene@?1??Hooked_EndScene@c_hooks@@SGXPAUIDirect3DDevice9@@@Z@4P6GX0@ZA 100eda60     directx_preset_hook.obj
 0003:00076a64       ?$TSS0@?1??Hooked_EndScene@c_hooks@@SGXPAUIDirect3DDevice9@@@Z@4HA 100eda64     directx_preset_hook.obj
 0003:00076a68       ?oEndSceneReset@?1??Hooked_EndScene_Reset@c_hooks@@SGXPAUIDirect3DDevice9@@PAU_D3DPRESENT_PARAMETERS_@@@Z@4P6GX01@ZA 100eda68     directx_preset_hook.obj
 0003:00076a6c       ?$TSS0@?1??Hooked_EndScene_Reset@c_hooks@@SGXPAUIDirect3DDevice9@@PAU_D3DPRESENT_PARAMETERS_@@@Z@4HA 100eda6c     directx_preset_hook.obj
 0003:00076a70       ?vec2_origin@@3VVector2D@@B 100eda70     dme_hook.obj
 0003:00076a78       ?glowOverlay@@3PAVIMaterial@@A 100eda78     dme_hook.obj
 0003:00076a7c       ?materialRegular@@3PAVIMaterial@@A 100eda7c     dme_hook.obj
 0003:00076a80       ?rifk_glow@@3PAVIMaterial@@A 100eda80     dme_hook.obj
 0003:00076a84       ?oDrawModelExecute@?1??DrawModelExecute@c_hooks@@SIXPAX0PAVIMatRenderContext@@ABUDrawModelState_t@@ABUModelRenderInfo_t@@PAVmatrix3x4_t@@@Z@4P6EX01234@ZA 100eda84     dme_hook.obj
 0003:00076a88       ?$TSS0@?1??DrawModelExecute@c_hooks@@SIXPAX0PAVIMatRenderContext@@ABUDrawModelState_t@@ABUModelRenderInfo_t@@PAVmatrix3x4_t@@@Z@4HA 100eda88     dme_hook.obj
 0003:00076a8c       ?normal_enemy@?1??DrawModelExecute@c_hooks@@SIXPAX0PAVIMatRenderContext@@ABUDrawModelState_t@@ABUModelRenderInfo_t@@PAVmatrix3x4_t@@@Z@4PAVIMaterial@@A 100eda8c     dme_hook.obj
 0003:00076a90       ?overide_enemy@?1??DrawModelExecute@c_hooks@@SIXPAX0PAVIMatRenderContext@@ABUDrawModelState_t@@ABUModelRenderInfo_t@@PAVmatrix3x4_t@@@Z@4PAVIMaterial@@A 100eda90     dme_hook.obj
 0003:00076a94       ?normal_local@?1??DrawModelExecute@c_hooks@@SIXPAX0PAVIMatRenderContext@@ABUDrawModelState_t@@ABUModelRenderInfo_t@@PAVmatrix3x4_t@@@Z@4PAVIMaterial@@A 100eda94     dme_hook.obj
 0003:00076a98       ?overide_local@?1??DrawModelExecute@c_hooks@@SIXPAX0PAVIMatRenderContext@@ABUDrawModelState_t@@ABUModelRenderInfo_t@@PAVmatrix3x4_t@@@Z@4PAVIMaterial@@A 100eda98     dme_hook.obj
 0003:00076a9c       ?vec2_origin@@3VVector2D@@B 100eda9c     event_hook.obj
 0003:00076aa4       ?vec2_origin@@3VVector2D@@B 100edaa4     fsn_hook.obj
 0003:00076ab0       ?oFrameStage@?1??FrameStageNotify@c_hooks@@SGXW4ClientFrameStage_t@@@Z@4P6GX0@ZA 100edab0     fsn_hook.obj
 0003:00076ab4       ?$TSS0@?1??FrameStageNotify@c_hooks@@SGXW4ClientFrameStage_t@@@Z@4HA 100edab4     fsn_hook.obj
 0003:00076abc       ?vec2_origin@@3VVector2D@@B 100edabc     hooking_init.obj
 0003:00076ac4       ?vec2_origin@@3VVector2D@@B 100edac4     lock_cursor_hook.obj
 0003:00076acc       ?oLockCursor@?1??LockCursor@c_hooks@@SIXPAVISurface@@PAX@Z@4P6IX01@ZA 100edacc     lock_cursor_hook.obj
 0003:00076ad0       ?$TSS0@?1??LockCursor@c_hooks@@SIXPAVISurface@@PAX@Z@4HA 100edad0     lock_cursor_hook.obj
 0003:00076ad4       ?vec2_origin@@3VVector2D@@B 100edad4     oview_hook.obj
 0003:00076ae4       ?oOverrideView@?1??OverrideView@c_hooks@@SIXPAX0PAVCViewSetup@@@Z@4P6IX001@ZA 100edae4     oview_hook.obj
 0003:00076ae8       ?$TSS0@?1??OverrideView@c_hooks@@SIXPAX0PAVCViewSetup@@@Z@4HA 100edae8     oview_hook.obj
 0003:00076aec       ?vec2_origin@@3VVector2D@@B 100edaec     painttraverse_hook.obj
 0003:00076af8       ?oPaintTraverse@?1??PaintTraverse@c_hooks@@SIXPAXHI_N1@Z@4P6EX0I11@ZA 100edaf8     painttraverse_hook.obj
 0003:00076afc       ?$TSS0@?1??PaintTraverse@c_hooks@@SIXPAXHI_N1@Z@4HA 100edafc     painttraverse_hook.obj
 0003:00076b00       ?panelID@?1??PaintTraverse@c_hooks@@SIXPAXHI_N1@Z@4IA 100edb00     painttraverse_hook.obj
 0003:00076b04       ?panelHudID@?1??PaintTraverse@c_hooks@@SIXPAXHI_N1@Z@4IA 100edb04     painttraverse_hook.obj
 0003:00076b08       ?vec2_origin@@3VVector2D@@B 100edb08     sceneend_hook.obj
 0003:00076b10       ?oSceneEnd@?1??SceneEnd@c_hooks@@SIXPAX0@Z@4P6IX00@ZA 100edb10     sceneend_hook.obj
 0003:00076b14       ?$TSS0@?1??SceneEnd@c_hooks@@SIXPAX0@Z@4HA 100edb14     sceneend_hook.obj
 0003:00076b18       ?vec2_origin@@3VVector2D@@B 100edb18     wndproc_hook.obj
 0003:00076b20       ?pressed@?1??WndProc@c_hooks@@SGJPAUHWND__@@IIJ@Z@4_NA 100edb20     wndproc_hook.obj
 0003:00076cb4       ?vec2_origin@@3VVector2D@@B 100edcb4     menu_system.obj
 0003:00076cbd       ?w_printf@XorCompileTime@@3V<lambda>@@A 100edcbd     menu_system.obj
 0003:00076cbe       ?w_printf_s@XorCompileTime@@3V<lambda>@@A 100edcbe     menu_system.obj
 0003:00076cbf       ?w_sprintf_s@XorCompileTime@@3V<lambda>@@A 100edcbf     menu_system.obj
 0003:00076cc0       ?w_sprintf@XorCompileTime@@3V<lambda>@@A 100edcc0     menu_system.obj
 0003:00076cc4       ?chams_sub@?3??visuals_tab@@YAXXZ@4HA 100edcc4     menu_system.obj
 0003:00076cc8       ?buffer@?2??config_tab@@YAXXZ@4PADA 100edcc8     menu_system.obj
 0003:00076cd8       ?page@?1??Render@c_menu@@QAEXXZ@4HA 100edcd8     menu_system.obj
 0003:00076cdc       ?vec2_origin@@3VVector2D@@B 100edcdc     CEntity.obj
 0003:00076ce4       ?AbsAngles@?1??SetAbsAngles@C_BaseEntity@@QAEXVVector@@@Z@4P6EXPAV2@ABV3@@ZA 100edce4     CEntity.obj
 0003:00076ce8       ?$TSS0@?1??SetAbsAngles@C_BaseEntity@@QAEXVVector@@@Z@4HA 100edce8     CEntity.obj
 0003:00076cec       ?AbsOrigin@?1??SetAbsOrigin@C_BaseEntity@@QAEXVVector@@@Z@4P6EXPAXABV3@@ZA 100edcec     CEntity.obj
 0003:00076cf0       ?$TSS0@?1??SetAbsOrigin@C_BaseEntity@@QAEXVVector@@@Z@4HA 100edcf0     CEntity.obj
 0003:0007c418       ?vec2_origin@@3VVector2D@@B 100f3418     GlobalVars.obj
 0003:0007c774       ?vec2_origin@@3VVector2D@@B 100f3774     Interfaces.obj
 0003:0007c780       ?vec2_origin@@3VVector2D@@B 100f3780     Math.obj
 0003:0007c788       ?random_float@?1??RandomFloat@Math@@QAEMMM@Z@4P6AMMM@ZA 100f3788     Math.obj
 0003:0007c78c       ?$TSS0@?1??RandomFloat@Math@@QAEMMM@Z@4HA 100f378c     Math.obj
 0003:0007c794       ?_Fac_tidy_reg@std@@3U_Fac_tidy_reg_t@1@B 100f3794     msvcprt:locale0_implib.obj
 0003:0007c798       ?_Fac_head@std@@3PAU_Fac_node@1@A 100f3798     msvcprt:locale0_implib.obj
 0003:0007c7b4       ?is_initialized_as_dll@@3_NA 100f37b4     MSVCRT:utility.obj
 0003:0007c7b5       ?module_local_atexit_table_initialized@@3_NA 100f37b5     MSVCRT:utility.obj
 0003:0007c7b8       ?module_local_atexit_table@@3U_onexit_table_t@@A 100f37b8     MSVCRT:utility.obj
 0003:0007c7c4       ?module_local_at_quick_exit_table@@3U_onexit_table_t@@A 100f37c4     MSVCRT:utility.obj
 0003:0007c7d0       _GS_ExceptionRecord        100f37d0     MSVCRT:gs_report.obj
 0003:0007c820       _GS_ContextRecord          100f3820     MSVCRT:gs_report.obj
 0003:0007caec       ?_Tss_mutex@@3U_RTL_CRITICAL_SECTION@@A 100f3aec     MSVCRT:thread_safe_statics.obj
 0003:0007cb04       ?_Tss_cv@@3U_RTL_CONDITION_VARIABLE@@A 100f3b04     MSVCRT:thread_safe_statics.obj
 0003:0007cb08       ?_Tss_event@@3PAXA         100f3b08     MSVCRT:thread_safe_statics.obj
 0003:0007cb0c       ?encoded_sleep_condition_variable_cs@@3P6GHPAU_RTL_CONDITION_VARIABLE@@PAU_RTL_CRITICAL_SECTION@@K@ZA 100f3b0c     MSVCRT:thread_safe_statics.obj
 0003:0007cb10       ?encoded_wake_all_condition_variable@@3P6GXPAU_RTL_CONDITION_VARIABLE@@@ZA 100f3b10     MSVCRT:thread_safe_statics.obj
 0003:0007cb18       ?__proc_attached@@3HA      100f3b18     MSVCRT:dll_dllmain.obj
 0004:00000060       $R000000                   100f4060     * linker generated manifest res *

 Exports

  ordinal    name

