 hvh

 Timestamp is 5eb5be97 (Fri May  8 23:18:31 2020)

 Preferred load address is 10000000

 Start         Length     Name                   Class
 0001:00000000 00000840H .text$di                CODE
 0001:00000840 00062ed0H .text$mn                CODE
 0001:00063710 00001ed0H .text$x                 CODE
 0001:000655e0 00000099H .text$yd                CODE
 0002:00000000 00000364H .idata$5                DATA
 0002:00000364 00000004H .00cfg                  DATA
 0002:00000368 00000004H .CRT$XCA                DATA
 0002:0000036c 00000004H .CRT$XCL                DATA
 0002:00000370 000000d8H .CRT$XCU                DATA
 0002:00000448 00000004H .CRT$XCZ                DATA
 0002:0000044c 00000004H .CRT$XIA                DATA
 0002:00000450 00000004H .CRT$XIC                DATA
 0002:00000454 00000004H .CRT$XIZ                DATA
 0002:00000458 00000004H .CRT$XLA                DATA
 0002:0000045c 00000004H .CRT$XLZ                DATA
 0002:00000460 00000004H .CRT$XPA                DATA
 0002:00000464 00000004H .CRT$XPZ                DATA
 0002:00000468 00000004H .CRT$XTA                DATA
 0002:0000046c 00000004H .CRT$XTZ                DATA
 0002:00000470 00000000H .gfids$y                DATA
 0002:00000470 00009868H .rdata                  DATA
 0002:00009cd8 00000018H .rdata$T                DATA
 0002:00009cf0 00000850H .rdata$r                DATA
 0002:0000a540 0000024cH .rdata$sxdata           DATA
 0002:0000a78c 00000390H .rdata$zzzdbg           DATA
 0002:0000ab1c 00000004H .rtc$IAA                DATA
 0002:0000ab20 00000004H .rtc$IZZ                DATA
 0002:0000ab24 00000004H .rtc$TAA                DATA
 0002:0000ab28 00000004H .rtc$TZZ                DATA
 0002:0000ab2c 00000004H .tls                    DATA
 0002:0000ab30 00000004H .tls$                   DATA
 0002:0000ab34 00000004H .tls$ZZZ                DATA
 0002:0000ab38 00001eb0H .xdata$x                DATA
 0002:0000c9e8 00000000H .edata                  DATA
 0002:0000c9e8 00000140H .idata$2                DATA
 0002:0000cb28 00000014H .idata$3                DATA
 0002:0000cb3c 00000364H .idata$4                DATA
 0002:0000cea0 0000191cH .idata$6                DATA
 0003:00000000 00000078H .data                   DATA
 0003:00000078 00000488H .data$r                 DATA
 0003:00000500 0007027cH .bss                    DATA
 0004:00000000 00000060H .rsrc$01                DATA
 0004:00000060 00000180H .rsrc$02                DATA

  Address         Publics by Value              Rva+Base       Lib:Object

 0000:00000000       ___guard_fids_table        00000000     <absolute>
 0000:00000000       ___guard_iat_table         00000000     <absolute>
 0000:00000000       ___hybrid_code_map_count   00000000     <absolute>
 0000:00000000       ___guard_longjmp_table     00000000     <absolute>
 0000:00000000       ___guard_fids_count        00000000     <absolute>
 0000:00000000       ___guard_iat_count         00000000     <absolute>
 0000:00000000       ___hybrid_code_map         00000000     <absolute>
 0000:00000000       ___dynamic_value_reloc_table 00000000     <absolute>
 0000:00000000       ___guard_longjmp_count     00000000     <absolute>
 0000:00000000       ___enclave_config          00000000     <absolute>
 0000:00000000       ___hybrid_auxiliary_iat    00000000     <absolute>
 0000:00000000       ___volatile_metadata       00000000     <absolute>
 0000:0000002c       __tls_array                0000002c     <absolute>
 0000:00000093       ___safe_se_handler_count   00000093     <absolute>
 0000:00000100       ___guard_flags             00000100     <absolute>
 0000:00000000       ___ImageBase               10000000     <linker-defined>
 0001:00000840       ??$?0$$QAV?$basic_string@DU?$char_traits@D@std@@V?$allocator@D@2@@std@@$$Z$$V@?$pair@$$CBV?$basic_string@DU?$char_traits@D@std@@V?$allocator@D@2@@std@@V?$shared_ptr@UNode@NetvarTree@@@2@@std@@QAE@Upiecewise_construct_t@1@V?$tuple@$$QAV?$basic_string@DU?$char_traits@D@std@@V?$allocator@D@2@@std@@@1@V?$tuple@$$V@1@@Z 10001840 f i animation_system.obj
 0001:00000870       ??$?0$$V@?$_Compressed_pair@V?$allocator@D@std@@V?$_String_val@U?$_Simple_types@D@std@@@2@$00@std@@QAE@U_Zero_then_variadic_args_t@1@@Z 10001870 f i animation_system.obj
 0001:00000870       ??$?0$$V@?$_Compressed_pair@V?$allocator@_W@std@@V?$_String_val@U?$_Simple_types@_W@std@@@2@$00@std@@QAE@U_Zero_then_variadic_args_t@1@@Z 10001870 f i config_system.obj
 0001:00000890       ??$?0$$V@?$_Compressed_pair@V?$allocator@H@std@@V?$_Vector_val@U?$_Simple_types@H@std@@@2@$00@std@@QAE@U_Zero_then_variadic_args_t@1@@Z 10001890 f i animation_system.obj
 0001:00000890       ??$?0$$V@?$_Compressed_pair@V?$allocator@V?$basic_string@DU?$char_traits@D@std@@V?$allocator@D@2@@std@@@std@@V?$_Vector_val@U?$_Simple_types@V?$basic_string@DU?$char_traits@D@std@@V?$allocator@D@2@@std@@@std@@@2@$00@std@@QAE@U_Zero_then_variadic_args_t@1@@Z 10001890 f i config_system.obj
 0001:000008b0       ??$?0AAV?$_List_iterator@V?$_List_val@U?$_List_simple_types@U?$pair@$$CBV?$basic_string@DU?$char_traits@D@std@@V?$allocator@D@2@@std@@V?$shared_ptr@UNode@NetvarTree@@@2@@std@@@std@@@std@@@std@@_N$0A@@?$pair@V?$_List_iterator@V?$_List_val@U?$_List_simple_types@U?$pair@$$CBV?$basic_string@DU?$char_traits@D@std@@V?$allocator@D@2@@std@@V?$shared_ptr@UNode@NetvarTree@@@2@@std@@@std@@@std@@@std@@_N@std@@QAE@AAV?$_List_iterator@V?$_List_val@U?$_List_simple_types@U?$pair@$$CBV?$basic_string@DU?$char_traits@D@std@@V?$allocator@D@2@@std@@V?$shared_ptr@UNode@NetvarTree@@@2@@std@@@std@@@std@@@1@$$QA_N@Z 100018b0 f i animation_system.obj
 0001:000008b0       ??$?0V?$_List_iterator@V?$_List_val@U?$_List_simple_types@U?$pair@$$CBV?$basic_string@DU?$char_traits@D@std@@V?$allocator@D@2@@std@@V?$shared_ptr@UNode@NetvarTree@@@2@@std@@@std@@@std@@@std@@_N$0A@@?$pair@V?$_List_iterator@V?$_List_val@U?$_List_simple_types@U?$pair@$$CBV?$basic_string@DU?$char_traits@D@std@@V?$allocator@D@2@@std@@V?$shared_ptr@UNode@NetvarTree@@@2@@std@@@std@@@std@@@std@@_N@std@@QAE@$$QAV?$_List_iterator@V?$_List_val@U?$_List_simple_types@U?$pair@$$CBV?$basic_string@DU?$char_traits@D@std@@V?$allocator@D@2@@std@@V?$shared_ptr@UNode@NetvarTree@@@2@@std@@@std@@@std@@@1@$$QA_N@Z 100018b0 f i animation_system.obj
 0001:000008f0       ??$?0U?$pair@$$CBV?$basic_string@DU?$char_traits@D@std@@V?$allocator@D@2@@std@@V?$shared_ptr@UNode@NetvarTree@@@2@@std@@@?$allocator@U?$_List_node@U?$pair@$$CBV?$basic_string@DU?$char_traits@D@std@@V?$allocator@D@2@@std@@V?$shared_ptr@UNode@NetvarTree@@@2@@std@@PAX@std@@@std@@QAE@ABV?$allocator@U?$pair@$$CBV?$basic_string@DU?$char_traits@D@std@@V?$allocator@D@2@@std@@V?$shared_ptr@UNode@NetvarTree@@@2@@std@@@1@@Z 100018f0 f i NetvarManager.obj
 0001:000008f0       ??$?0U_Exact_args_t@std@@$0A@@?$tuple@$$V@std@@QAE@U_Exact_args_t@1@@Z 100018f0 f i animation_system.obj
 0001:000008f0       ??$?0UPlayerRecords@@@?$allocator@U_Container_proxy@std@@@std@@QAE@ABV?$allocator@UPlayerRecords@@@1@@Z 100018f0 f i LagComp.obj
 0001:000008f0       ??$?0ULegitPlayerRecords@@@?$allocator@PAULegitPlayerRecords@@@std@@QAE@ABV?$allocator@ULegitPlayerRecords@@@1@@Z 100018f0 f i Legitbot.obj
 0001:000008f0       ??0?$tuple@$$V@std@@QAE@ABV01@@Z 100018f0 f i animation_system.obj
 0001:000008f0       ??$?0U?$integral_constant@_N$00@std@@@_Unused_parameter@std@@QAE@$$QAU?$integral_constant@_N$00@1@@Z 100018f0 f i animation_system.obj
 0001:000008f0       ??$?0ULegitPlayerRecords@@@?$allocator@U_Container_proxy@std@@@std@@QAE@ABV?$allocator@ULegitPlayerRecords@@@1@@Z 100018f0 f i Legitbot.obj
 0001:000008f0       ??$?0UPlayerRecords@@@?$allocator@PAUPlayerRecords@@@std@@QAE@ABV?$allocator@UPlayerRecords@@@1@@Z 100018f0 f i LagComp.obj
 0001:000008f0       ??$?0U?$pair@$$CBV?$basic_string@DU?$char_traits@D@std@@V?$allocator@D@2@@std@@V?$shared_ptr@UNode@NetvarTree@@@2@@std@@@?$allocator@V?$_List_unchecked_iterator@V?$_List_val@U?$_List_simple_types@U?$pair@$$CBV?$basic_string@DU?$char_traits@D@std@@V?$allocator@D@2@@std@@V?$shared_ptr@UNode@NetvarTree@@@2@@std@@@std@@@std@@@std@@@std@@QAE@ABV?$allocator@U?$pair@$$CBV?$basic_string@DU?$char_traits@D@std@@V?$allocator@D@2@@std@@V?$shared_ptr@UNode@NetvarTree@@@2@@std@@@1@@Z 100018f0 f i NetvarManager.obj
 0001:00000900       ??$?0U_Exact_args_t@std@@V?$basic_string@DU?$char_traits@D@std@@V?$allocator@D@2@@1@$$V$0A@@?$tuple@$$QAV?$basic_string@DU?$char_traits@D@std@@V?$allocator@D@2@@std@@@std@@QAE@U_Exact_args_t@1@$$QAV?$basic_string@DU?$char_traits@D@std@@V?$allocator@D@2@@1@@Z 10001900 f i animation_system.obj
 0001:00000940       ??$?0ABV?$allocator@_W@std@@$$V@?$_Compressed_pair@V?$allocator@_W@std@@V?$_String_val@U?$_Simple_types@_W@std@@@2@$00@std@@QAE@U_One_then_variadic_args_t@1@ABV?$allocator@_W@1@@Z 10001940 f i config_system.obj
 0001:00000940       ??$?0V?$allocator@D@std@@$$V@?$_Compressed_pair@V?$allocator@D@std@@V?$_String_val@U?$_Simple_types@D@std@@@2@$00@std@@QAE@U_One_then_variadic_args_t@1@$$QAV?$allocator@D@1@@Z 10001940 f i animation_system.obj
 0001:00000940       ??$?0V?$allocator@_W@std@@$$V@?$_Compressed_pair@V?$allocator@_W@std@@V?$_String_val@U?$_Simple_types@_W@std@@@2@$00@std@@QAE@U_One_then_variadic_args_t@1@$$QAV?$allocator@_W@1@@Z 10001940 f i config_system.obj
 0001:00000940       ??$?0ABV?$allocator@D@std@@$$V@?$_Compressed_pair@V?$allocator@D@std@@V?$_String_val@U?$_Simple_types@D@std@@@2@$00@std@@QAE@U_One_then_variadic_args_t@1@ABV?$allocator@D@1@@Z 10001940 f i c_esp.obj
 0001:00000970       ??$?0V?$allocator@D@std@@X@?$_String_alloc@U?$_String_base_types@DV?$allocator@D@std@@@std@@@std@@QAE@$$QAV?$allocator@D@1@@Z 10001970 f i animation_system.obj
 0001:00000970       ??$?0V?$allocator@_W@std@@X@?$_String_alloc@U?$_String_base_types@_WV?$allocator@_W@std@@@std@@@std@@QAE@$$QAV?$allocator@_W@1@@Z 10001970 f i config_system.obj
 0001:00000970       ??$?0ABV?$allocator@_W@std@@X@?$_String_alloc@U?$_String_base_types@_WV?$allocator@_W@std@@@std@@@std@@QAE@ABV?$allocator@_W@1@@Z 10001970 f i config_system.obj
 0001:00000970       ??$?0ABV?$allocator@D@std@@X@?$_String_alloc@U?$_String_base_types@DV?$allocator@D@std@@@std@@@std@@QAE@ABV?$allocator@D@1@@Z 10001970 f i c_esp.obj
 0001:000009b0       ??$?0V?$allocator@H@std@@$$V@?$_Compressed_pair@V?$allocator@H@std@@V?$_Vector_val@U?$_Simple_types@H@std@@@2@$00@std@@QAE@U_One_then_variadic_args_t@1@$$QAV?$allocator@H@1@@Z 100019b0 f i animation_system.obj
 0001:000009b0       ??$?0ABV?$allocator@V?$_List_unchecked_iterator@V?$_List_val@U?$_List_simple_types@U?$pair@$$CBV?$basic_string@DU?$char_traits@D@std@@V?$allocator@D@2@@std@@V?$shared_ptr@UNode@NetvarTree@@@2@@std@@@std@@@std@@@std@@@std@@$$V@?$_Compressed_pair@V?$allocator@V?$_List_unchecked_iterator@V?$_List_val@U?$_List_simple_types@U?$pair@$$CBV?$basic_string@DU?$char_traits@D@std@@V?$allocator@D@2@@std@@V?$shared_ptr@UNode@NetvarTree@@@2@@std@@@std@@@std@@@std@@@std@@V?$_Vector_val@U?$_Simple_types@V?$_List_unchecked_iterator@V?$_List_val@U?$_List_simple_types@U?$pair@$$CBV?$basic_string@DU?$char_traits@D@std@@V?$allocator@D@2@@std@@V?$shared_ptr@UNode@NetvarTree@@@2@@std@@@std@@@std@@@std@@@std@@@2@$00@std@@QAE@U_One_then_variadic_args_t@1@ABV?$allocator@V?$_List_unchecked_iterator@V?$_List_val@U?$_List_simple_types@U?$pair@$$CBV?$basic_string@DU?$char_traits@D@std@@V?$allocator@D@2@@std@@V?$shared_ptr@UNode@NetvarTree@@@2@@std@@@std@@@std@@@std@@@1@@Z 100019b0 f i NetvarManager.obj
 0001:000009e0       ??$?0ABV?$allocator@V?$_List_unchecked_iterator@V?$_List_val@U?$_List_simple_types@U?$pair@$$CBV?$basic_string@DU?$char_traits@D@std@@V?$allocator@D@2@@std@@V?$shared_ptr@UNode@NetvarTree@@@2@@std@@@std@@@std@@@std@@@std@@X@?$_Vector_alloc@U?$_Vec_base_types@V?$_List_unchecked_iterator@V?$_List_val@U?$_List_simple_types@U?$pair@$$CBV?$basic_string@DU?$char_traits@D@std@@V?$allocator@D@2@@std@@V?$shared_ptr@UNode@NetvarTree@@@2@@std@@@std@@@std@@@std@@V?$allocator@V?$_List_unchecked_iterator@V?$_List_val@U?$_List_simple_types@U?$pair@$$CBV?$basic_string@DU?$char_traits@D@std@@V?$allocator@D@2@@std@@V?$shared_ptr@UNode@NetvarTree@@@2@@std@@@std@@@std@@@std@@@2@@std@@@std@@QAE@ABV?$allocator@V?$_List_unchecked_iterator@V?$_List_val@U?$_List_simple_types@U?$pair@$$CBV?$basic_string@DU?$char_traits@D@std@@V?$allocator@D@2@@std@@V?$shared_ptr@UNode@NetvarTree@@@2@@std@@@std@@@std@@@std@@@1@@Z 100019e0 f i NetvarManager.obj
 0001:000009e0       ??$?0V?$allocator@H@std@@X@?$_Vector_alloc@U?$_Vec_base_types@HV?$allocator@H@std@@@std@@@std@@QAE@$$QAV?$allocator@H@1@@Z 100019e0 f i animation_system.obj
 0001:00000a20       ??$?0V?$basic_string@DU?$char_traits@D@std@@V?$allocator@D@2@@std@@$$V$0A@@?$tuple@$$QAV?$basic_string@DU?$char_traits@D@std@@V?$allocator@D@2@@std@@@std@@QAE@$$QAV?$basic_string@DU?$char_traits@D@std@@V?$allocator@D@2@@1@@Z 10001a20 f i animation_system.obj
 0001:00000a90       ??0?$back_insert_iterator@V?$vector@V?$basic_string@DU?$char_traits@D@std@@V?$allocator@D@2@@std@@V?$allocator@V?$basic_string@DU?$char_traits@D@std@@V?$allocator@D@2@@std@@@2@@std@@@std@@QAE@AAV?$vector@V?$basic_string@DU?$char_traits@D@std@@V?$allocator@D@2@@std@@V?$allocator@V?$basic_string@DU?$char_traits@D@std@@V?$allocator@D@2@@std@@@2@@1@@Z 10001a90 f i config_system.obj
 0001:00000a90       ??$?0V?$basic_string@DU?$char_traits@D@std@@V?$allocator@D@2@@std@@@?$_Tuple_val@$$QAV?$basic_string@DU?$char_traits@D@std@@V?$allocator@D@2@@std@@@std@@QAE@$$QAV?$basic_string@DU?$char_traits@D@std@@V?$allocator@D@2@@1@@Z 10001a90 f i animation_system.obj
 0001:00000ac0       ??$?0V?$tuple@$$QAV?$basic_string@DU?$char_traits@D@std@@V?$allocator@D@2@@std@@@std@@V?$tuple@$$V@1@$0A@$$Z$S@?$pair@$$CBV?$basic_string@DU?$char_traits@D@std@@V?$allocator@D@2@@std@@V?$shared_ptr@UNode@NetvarTree@@@2@@std@@QAE@AAV?$tuple@$$QAV?$basic_string@DU?$char_traits@D@std@@V?$allocator@D@2@@std@@@1@AAV?$tuple@$$V@1@U?$integer_sequence@I$0A@@1@U?$integer_sequence@I$S@1@@Z 10001ac0 f i animation_system.obj
 0001:00000b10       ??$?8DU?$char_traits@D@std@@V?$allocator@D@1@@std@@YA_NABV?$basic_string@DU?$char_traits@D@std@@V?$allocator@D@2@@0@0@Z 10001b10 f i animation_system.obj
 0001:00000b30       ??$?CUNode@NetvarTree@@$0A@@?$shared_ptr@UNode@NetvarTree@@@std@@QBEPAUNode@NetvarTree@@XZ 10001b30 f i animation_system.obj
 0001:00000b30       ??D?$_String_iterator@V?$_String_val@U?$_Simple_types@D@std@@@std@@@std@@QBEAADXZ 10001b30 f i config_system.obj
 0001:00000b30       ??$?CU_Dir_enum_impl@filesystem@std@@$0A@@?$shared_ptr@U_Dir_enum_impl@filesystem@std@@@std@@QBEPAU_Dir_enum_impl@filesystem@1@XZ 10001b30 f i config_system.obj
 0001:00000b30       ??$?DU_Dir_enum_impl@filesystem@std@@$0A@@?$shared_ptr@U_Dir_enum_impl@filesystem@std@@@std@@QBEAAU_Dir_enum_impl@filesystem@1@XZ 10001b30 f i config_system.obj
 0001:00000b50       ??$CallVFunction@P6EAAVVector@@PAX@Z@C_BaseEntity@@SAP6EAAVVector@@PAX@Z0H@Z 10001b50 f i animation_system.obj
 0001:00000b80       ??$GetOffset@PBD@NetvarTree@@QAEHPBD0@Z 10001b80 f i animation_system.obj
 0001:00000c30       ??$GetOffset@PBDPBD@NetvarTree@@QAEHPBD00@Z 10001c30 f i animation_system.obj
 0001:00000ce0       ??$GetOffsetRecursive@PBD@NetvarTree@@AAEHAAV?$unordered_map@V?$basic_string@DU?$char_traits@D@std@@V?$allocator@D@2@@std@@V?$shared_ptr@UNode@NetvarTree@@@2@U?$hash@V?$basic_string@DU?$char_traits@D@std@@V?$allocator@D@2@@std@@@2@U?$equal_to@V?$basic_string@DU?$char_traits@D@std@@V?$allocator@D@2@@std@@@2@V?$allocator@U?$pair@$$CBV?$basic_string@DU?$char_traits@D@std@@V?$allocator@D@2@@std@@V?$shared_ptr@UNode@NetvarTree@@@2@@std@@@2@@std@@HPBD1@Z 10001ce0 f i animation_system.obj
 0001:00000d90       ??$GetVFunc@P6EMPAX@Z@Utils@@SAP6EMPAX@Z0I@Z 10001d90 f i c_ragebot.obj
 0001:00000d90       ??$GetVFunc@P6EXPAXAAVVector@@@Z@Utils@@SAP6EXPAXAAVVector@@@Z0I@Z 10001d90 f i c_ragebot.obj
 0001:00000d90       ??$GetVFunc@P6EGPAXG@Z@Utils@@SAP6EGPAXG@Z0I@Z 10001d90 f i other_esp.obj
 0001:00000d90       ??$GetVFunc@P6EXPAXH@Z@Utils@@SAP6EXPAXH@Z0I@Z 10001d90 f i other_esp.obj
 0001:00000d90       ??$GetVFunc@P6EAAVVector@@PAX@Z@Utils@@SAP6EAAVVector@@PAX@Z0I@Z 10001d90 f i animation_system.obj
 0001:00000d90       ??$DUMBNIGGERSLOL@P6EPAVNetChannel@@PAX@Z@IVEngineClient@@SAP6EPAVNetChannel@@PAX@Z0I@Z 10001d90 f i Resolver.obj
 0001:00000d90       ??$GetVFunc@P6EXPAXPB_WHH@Z@Utils@@SAP6EXPAXPB_WHH@Z0I@Z 10001d90 f i other_esp.obj
 0001:00000d90       ??$GetVFunc@P6EPBDPAVIPanel@@I@Z@Utils@@SAP6EPBDPAVIPanel@@I@ZPAXI@Z 10001d90 f i painttraverse_hook.obj
 0001:00000d90       ??$GetVFunc@P6EXPAXKPBDHHHHHHH@Z@Utils@@SAP6EXPAXKPBDHHHHHHH@Z0I@Z 10001d90 f i hooking_init.obj
 0001:00000d90       ??$GetVFunc@P6EGPAX@Z@Utils@@SAP6EGPAX@Z0I@Z 10001d90 f i other_esp.obj
 0001:00000d90       ??$GetVFunc@P6EPAVIMaterial@@PAXG@Z@Utils@@SAP6EPAVIMaterial@@PAXG@Z0I@Z 10001d90 f i other_esp.obj
 0001:00000d90       ??$GetVFunc@P6EXPAXHHHH@Z@Utils@@SAP6EXPAXHHHH@Z0I@Z 10001d90 f i other_esp.obj
 0001:00000d90       ??$GetVFunc@P6EPAVIMaterial@@PAXPBD1_N1@Z@Utils@@SAP6EPAVIMaterial@@PAXPBD1_N1@Z0I@Z 10001d90 f i dme_hook.obj
 0001:00000d90       ??$GetVFunc@P6EXPAX@Z@Utils@@SAP6EXPAX@Z0I@Z 10001d90 f i animation_system.obj
 0001:00000d90       ??$GetVFunc@P6EXPAXPAVIMaterial@@W4OverrideType_t@@H@Z@Utils@@SAP6EXPAXPAVIMaterial@@W4OverrideType_t@@H@Z0I@Z 10001d90 f i dme_hook.obj
 0001:00000d90       ??$GetVFunc@P6EXPAXKPB_WAAH2@Z@Utils@@SAP6EXPAXKPB_WAAH2@Z0I@Z 10001d90 f i other_esp.obj
 0001:00000d90       ??$GetVFunc@P6EXPAXK@Z@Utils@@SAP6EXPAXK@Z0I@Z 10001d90 f i other_esp.obj
 0001:00000d90       ??$GetVFunc@P6EIPAX@Z@Utils@@SAP6EIPAX@Z0I@Z 10001d90 f i hooking_init.obj
 0001:00000d90       ??$GetVFunc@P6EXPAXHH@Z@Utils@@SAP6EXPAXHH@Z0I@Z 10001d90 f i other_esp.obj
 0001:00000da0       ??$GetValue@W4EntityFlags@@@C_BaseEntity@@AAE?AW4EntityFlags@@H@Z 10001da0 f i createmove_hook.obj
 0001:00000da0       ??$GetValue@H@C_BaseCombatWeapon@@AAEHH@Z 10001da0 f i c_esp.obj
 0001:00000da0       ??$GetValue@H@C_BaseEntity@@AAEHH@Z 10001da0 f i animation_system.obj
 0001:00000dc0       ??$GetValue@M@C_BaseCombatWeapon@@AAEMH@Z 10001dc0 f i c_ragebot.obj
 0001:00000dc0       ??$GetValue@M@C_BaseEntity@@AAEMH@Z 10001dc0 f i animation_system.obj
 0001:00000de0       ??$GetValue@VVector@@@C_BaseEntity@@AAE?AVVector@@H@Z 10001de0 f i animation_system.obj
 0001:00000e10       ??$GetValue@_N@C_BaseEntity@@AAE_NH@Z 10001e10 f i animation_system.obj
 0001:00000e30       ??$_Allocate@$07U_Default_allocate_traits@std@@$0A@@std@@YAPAXI@Z 10001e30 f i animation_system.obj
 0001:00000e70       ??$_Allocate_manually_vector_aligned@U_Default_allocate_traits@std@@@std@@YAPAXI@Z 10001e70 f i animation_system.obj
 0001:00000ee0       ??$_Buy_if_not_node@AAU?$pair@$$CBV?$basic_string@DU?$char_traits@D@std@@V?$allocator@D@2@@std@@V?$shared_ptr@UNode@NetvarTree@@@2@@std@@@?$_Hash@V?$_Umap_traits@V?$basic_string@DU?$char_traits@D@std@@V?$allocator@D@2@@std@@V?$shared_ptr@UNode@NetvarTree@@@2@V?$_Uhash_compare@V?$basic_string@DU?$char_traits@D@std@@V?$allocator@D@2@@std@@U?$hash@V?$basic_string@DU?$char_traits@D@std@@V?$allocator@D@2@@std@@@2@U?$equal_to@V?$basic_string@DU?$char_traits@D@std@@V?$allocator@D@2@@std@@@2@@2@V?$allocator@U?$pair@$$CBV?$basic_string@DU?$char_traits@D@std@@V?$allocator@D@2@@std@@V?$shared_ptr@UNode@NetvarTree@@@2@@std@@@2@$0A@@std@@@std@@IAE?AV?$_List_unchecked_iterator@V?$_List_val@U?$_List_simple_types@U?$pair@$$CBV?$basic_string@DU?$char_traits@D@std@@V?$allocator@D@2@@std@@V?$shared_ptr@UNode@NetvarTree@@@2@@std@@@std@@@std@@@1@AAU?$pair@$$CBV?$basic_string@DU?$char_traits@D@std@@V?$allocator@D@2@@std@@V?$shared_ptr@UNode@NetvarTree@@@2@@1@V21@@Z 10001ee0 f i animation_system.obj
 0001:00000f00       ??$_Buynode@ABUpiecewise_construct_t@std@@V?$tuple@$$QAV?$basic_string@DU?$char_traits@D@std@@V?$allocator@D@2@@std@@@2@V?$tuple@$$V@2@@?$_List_buy@U?$pair@$$CBV?$basic_string@DU?$char_traits@D@std@@V?$allocator@D@2@@std@@V?$shared_ptr@UNode@NetvarTree@@@2@@std@@V?$allocator@U?$pair@$$CBV?$basic_string@DU?$char_traits@D@std@@V?$allocator@D@2@@std@@V?$shared_ptr@UNode@NetvarTree@@@2@@std@@@2@@std@@QAEPAU?$_List_node@U?$pair@$$CBV?$basic_string@DU?$char_traits@D@std@@V?$allocator@D@2@@std@@V?$shared_ptr@UNode@NetvarTree@@@2@@std@@PAX@1@PAU21@0ABUpiecewise_construct_t@1@$$QAV?$tuple@$$QAV?$basic_string@DU?$char_traits@D@std@@V?$allocator@D@2@@std@@@1@$$QAV?$tuple@$$V@1@@Z 10001f00 f i animation_system.obj
 0001:00001000       ??$addressof@$$CBV?$_Deque_val@U?$_Deque_simple_types@ULegitPlayerRecords@@@std@@@std@@@std@@YAPBV?$_Deque_val@U?$_Deque_simple_types@ULegitPlayerRecords@@@std@@@0@ABV10@@Z 10002000 f i Legitbot.obj
 0001:00001000       ??$_Const_cast@$$CBV?$basic_string@DU?$char_traits@D@std@@V?$allocator@D@2@@std@@@std@@YAPAV?$basic_string@DU?$char_traits@D@std@@V?$allocator@D@2@@0@PBV10@@Z 10002000 f i config_system.obj
 0001:00001000       ??$forward@U_One_then_variadic_args_t@std@@@std@@YA$$QAU_One_then_variadic_args_t@0@AAU10@@Z 10002000 f i NetvarManager.obj
 0001:00001000       ??$forward@ABV?$allocator@_W@std@@@std@@YAABV?$allocator@_W@0@ABV10@@Z 10002000 f i config_system.obj
 0001:00001000       ??$addressof@PAULegitPlayerRecords@@@std@@YAPAPAULegitPlayerRecords@@AAPAU1@@Z 10002000 f i Legitbot.obj
 0001:00001000       ??$_Get_unwrapped_n@PAUPlayerRecords@@H$0A@@std@@YAPAPAUPlayerRecords@@QAPAU1@H@Z 10002000 f i LagComp.obj
 0001:00001000       ??$forward@V?$tuple@$$QAV?$basic_string@DU?$char_traits@D@std@@V?$allocator@D@2@@std@@@std@@@std@@YA$$QAV?$tuple@$$QAV?$basic_string@DU?$char_traits@D@std@@V?$allocator@D@2@@std@@@0@AAV10@@Z 10002000 f i animation_system.obj
 0001:00001000       ??$_Kfn@$$CBV?$basic_string@DU?$char_traits@D@std@@V?$allocator@D@2@@std@@V?$shared_ptr@UNode@NetvarTree@@@2@@?$_Umap_traits@V?$basic_string@DU?$char_traits@D@std@@V?$allocator@D@2@@std@@V?$shared_ptr@UNode@NetvarTree@@@2@V?$_Uhash_compare@V?$basic_string@DU?$char_traits@D@std@@V?$allocator@D@2@@std@@U?$hash@V?$basic_string@DU?$char_traits@D@std@@V?$allocator@D@2@@std@@@2@U?$equal_to@V?$basic_string@DU?$char_traits@D@std@@V?$allocator@D@2@@std@@@2@@2@V?$allocator@U?$pair@$$CBV?$basic_string@DU?$char_traits@D@std@@V?$allocator@D@2@@std@@V?$shared_ptr@UNode@NetvarTree@@@2@@std@@@2@$0A@@std@@SAABV?$basic_string@DU?$char_traits@D@std@@V?$allocator@D@2@@1@ABU?$pair@$$CBV?$basic_string@DU?$char_traits@D@std@@V?$allocator@D@2@@std@@V?$shared_ptr@UNode@NetvarTree@@@2@@1@@Z 10002000 f i animation_system.obj
 0001:00001000       ??$forward@AAV?$_List_iterator@V?$_List_val@U?$_List_simple_types@U?$pair@$$CBV?$basic_string@DU?$char_traits@D@std@@V?$allocator@D@2@@std@@V?$shared_ptr@UNode@NetvarTree@@@2@@std@@@std@@@std@@@std@@@std@@YAAAV?$_List_iterator@V?$_List_val@U?$_List_simple_types@U?$pair@$$CBV?$basic_string@DU?$char_traits@D@std@@V?$allocator@D@2@@std@@V?$shared_ptr@UNode@NetvarTree@@@2@@std@@@std@@@std@@@0@AAV10@@Z 10002000 f i animation_system.obj
 0001:00001000       ??$move@AAV?$basic_string@_WU?$char_traits@_W@std@@V?$allocator@_W@2@@std@@@std@@YA$$QAV?$basic_string@_WU?$char_traits@_W@std@@V?$allocator@_W@2@@0@AAV10@@Z 10002000 f i config_system.obj
 0001:00001000       ??$forward@V?$allocator@H@std@@@std@@YA$$QAV?$allocator@H@0@AAV10@@Z 10002000 f i animation_system.obj
 0001:00001000       ??$addressof@V?$_Deque_val@U?$_Deque_simple_types@ULegitPlayerRecords@@@std@@@std@@@std@@YAPAV?$_Deque_val@U?$_Deque_simple_types@ULegitPlayerRecords@@@std@@@0@AAV10@@Z 10002000 f i Legitbot.obj
 0001:00001000       ??$forward@AAU?$pair@$$CBV?$basic_string@DU?$char_traits@D@std@@V?$allocator@D@2@@std@@V?$shared_ptr@UNode@NetvarTree@@@2@@std@@@std@@YAAAU?$pair@$$CBV?$basic_string@DU?$char_traits@D@std@@V?$allocator@D@2@@std@@V?$shared_ptr@UNode@NetvarTree@@@2@@0@AAU10@@Z 10002000 f i animation_system.obj
 0001:00001000       ??$addressof@V?$_Deque_val@U?$_Deque_simple_types@UPlayerRecords@@@std@@@std@@@std@@YAPAV?$_Deque_val@U?$_Deque_simple_types@UPlayerRecords@@@std@@@0@AAV10@@Z 10002000 f i c_ragebot.obj
 0001:00001000       ??$forward@AAPAVShadowVTManager@@@std@@YAAAPAVShadowVTManager@@AAPAV1@@Z 10002000 f i c_hooks.obj
 0001:00001000       ??$addressof@$$CBV?$codecvt@DDU_Mbstatet@@@std@@@std@@YAPBV?$codecvt@DDU_Mbstatet@@@0@ABV10@@Z 10002000 f i config_system.obj
 0001:00001000       ??$forward@AAPAVNetvarTree@@@std@@YAAAPAVNetvarTree@@AAPAV1@@Z 10002000 f i c_hooks.obj
 0001:00001000       ??$_Get_unwrapped_n@PAULegitPlayerRecords@@H$0A@@std@@YAPAPAULegitPlayerRecords@@QAPAU1@H@Z 10002000 f i Legitbot.obj
 0001:00001000       ??$forward@H@std@@YA$$QAHAAH@Z 10002000 f i animation_system.obj
 0001:00001000       ??$move@AAU?$default_delete@$$BY0A@I@std@@@std@@YA$$QAU?$default_delete@$$BY0A@I@0@AAU10@@Z 10002000 f i c_hooks.obj
 0001:00001000       ??$forward@AAPAVIVRenderView@@@std@@YAAAPAVIVRenderView@@AAPAV1@@Z 10002000 f i c_hooks.obj
 0001:00001000       ??$move@AAPAV_Ref_count_base@std@@@std@@YA$$QAPAV_Ref_count_base@0@AAPAV10@@Z 10002000 f i config_system.obj
 0001:00001000       ??$addressof@PA_W@std@@YAPAPA_WAAPA_W@Z 10002000 f i config_system.obj
 0001:00001000       ?select_on_container_copy_construction@?$_Default_allocator_traits@V?$allocator@D@std@@@std@@SA?AV?$allocator@D@2@ABV32@@Z 10002000 f i c_esp.obj
 0001:00001000       ??$move@AAV?$_List_unchecked_iterator@V?$_List_val@U?$_List_simple_types@U?$pair@$$CBV?$basic_string@DU?$char_traits@D@std@@V?$allocator@D@2@@std@@V?$shared_ptr@UNode@NetvarTree@@@2@@std@@@std@@@std@@@std@@@std@@YA$$QAV?$_List_unchecked_iterator@V?$_List_val@U?$_List_simple_types@U?$pair@$$CBV?$basic_string@DU?$char_traits@D@std@@V?$allocator@D@2@@std@@V?$shared_ptr@UNode@NetvarTree@@@2@@std@@@std@@@std@@@0@AAV10@@Z 10002000 f i animation_system.obj
 0001:00001000       ??$addressof@V?$_List_val@U?$_List_simple_types@U?$pair@$$CBV?$basic_string@DU?$char_traits@D@std@@V?$allocator@D@2@@std@@V?$shared_ptr@UNode@NetvarTree@@@2@@std@@@std@@@std@@@std@@YAPAV?$_List_val@U?$_List_simple_types@U?$pair@$$CBV?$basic_string@DU?$char_traits@D@std@@V?$allocator@D@2@@std@@V?$shared_ptr@UNode@NetvarTree@@@2@@std@@@std@@@0@AAV10@@Z 10002000 f i animation_system.obj
 0001:00001000       ??$addressof@$$CBV?$basic_string@_WU?$char_traits@_W@std@@V?$allocator@_W@2@@std@@@std@@YAPBV?$basic_string@_WU?$char_traits@_W@std@@V?$allocator@_W@2@@0@ABV10@@Z 10002000 f i config_system.obj
 0001:00001000       ??$_Unfancy@UPlayerRecords@@@std@@YAPAUPlayerRecords@@PAU1@@Z 10002000 f i LagComp.obj
 0001:00001000       ??$forward@W4__std_fs_dir_handle@@@std@@YA$$QAW4__std_fs_dir_handle@@AAW41@@Z 10002000 f i config_system.obj
 0001:00001000       ??$forward@AAPAU?$_List_node@U?$pair@$$CBV?$basic_string@DU?$char_traits@D@std@@V?$allocator@D@2@@std@@V?$shared_ptr@UNode@NetvarTree@@@2@@std@@PAX@std@@@std@@YAAAPAU?$_List_node@U?$pair@$$CBV?$basic_string@DU?$char_traits@D@std@@V?$allocator@D@2@@std@@V?$shared_ptr@UNode@NetvarTree@@@2@@std@@PAX@0@AAPAU10@@Z 10002000 f i animation_system.obj
 0001:00001000       ??$move@AAH@std@@YA$$QAHAAH@Z 10002000 f i animation_system.obj
 0001:00001000       ??$forward@U_Creator@_Dir_enum_impl@filesystem@std@@@std@@YA$$QAU_Creator@_Dir_enum_impl@filesystem@0@AAU1230@@Z 10002000 f i config_system.obj
 0001:00001000       ??$addressof@PAU?$_List_node@U?$pair@$$CBV?$basic_string@DU?$char_traits@D@std@@V?$allocator@D@2@@std@@V?$shared_ptr@UNode@NetvarTree@@@2@@std@@PAX@std@@@std@@YAPAPAU?$_List_node@U?$pair@$$CBV?$basic_string@DU?$char_traits@D@std@@V?$allocator@D@2@@std@@V?$shared_ptr@UNode@NetvarTree@@@2@@std@@PAX@0@AAPAU10@@Z 10002000 f i animation_system.obj
 0001:00001000       ?select_on_container_copy_construction@?$_Default_allocator_traits@V?$allocator@_W@std@@@std@@SA?AV?$allocator@_W@2@ABV32@@Z 10002000 f i config_system.obj
 0001:00001000       ??$_Get_size_of_n@$00@std@@YAII@Z 10002000 f i animation_system.obj
 0001:00001000       ??$_Get_unwrapped@D@std@@YAPADQAD@Z 10002000 f i c_esp.obj
 0001:00001000       ??$move@AAULegitPlayerRecords@@@std@@YA$$QAULegitPlayerRecords@@AAU1@@Z 10002000 f i Legitbot.obj
 0001:00001000       ??$_Get_unwrapped_n@V?$back_insert_iterator@V?$vector@V?$basic_string@DU?$char_traits@D@std@@V?$allocator@D@2@@std@@V?$allocator@V?$basic_string@DU?$char_traits@D@std@@V?$allocator@D@2@@std@@@2@@std@@@std@@U_Distance_unknown@2@$0A@@std@@YAABV?$back_insert_iterator@V?$vector@V?$basic_string@DU?$char_traits@D@std@@V?$allocator@D@2@@std@@V?$allocator@V?$basic_string@DU?$char_traits@D@std@@V?$allocator@D@2@@std@@@2@@std@@@0@ABV10@U_Distance_unknown@0@@Z 10002000 f i config_system.obj
 0001:00001000       ??$forward@V?$_List_unchecked_iterator@V?$_List_val@U?$_List_simple_types@U?$pair@$$CBV?$basic_string@DU?$char_traits@D@std@@V?$allocator@D@2@@std@@V?$shared_ptr@UNode@NetvarTree@@@2@@std@@@std@@@std@@@std@@@std@@YA$$QAV?$_List_unchecked_iterator@V?$_List_val@U?$_List_simple_types@U?$pair@$$CBV?$basic_string@DU?$char_traits@D@std@@V?$allocator@D@2@@std@@V?$shared_ptr@UNode@NetvarTree@@@2@@std@@@std@@@std@@@0@AAV10@@Z 10002000 f i animation_system.obj
 0001:00001000       ??$forward@U_Container_proxy@std@@@std@@YA$$QAU_Container_proxy@0@AAU10@@Z 10002000 f i LagComp.obj
 0001:00001000       ??$forward@ABW4directory_options@filesystem@std@@@std@@YAABW4directory_options@filesystem@0@ABW4120@@Z 10002000 f i config_system.obj
 0001:00001000       ??$_Convert_size@I@std@@YAII@Z 10002000 f i animation_system.obj
 0001:00001000       ??$addressof@$$CBV?$_Vector_val@U?$_Simple_types@V?$basic_string@DU?$char_traits@D@std@@V?$allocator@D@2@@std@@@std@@@std@@@std@@YAPBV?$_Vector_val@U?$_Simple_types@V?$basic_string@DU?$char_traits@D@std@@V?$allocator@D@2@@std@@@std@@@0@ABV10@@Z 10002000 f i config_system.obj
 0001:00001000       ??$_Get_unwrapped_unverified@_W@std@@YAPA_WQA_W@Z 10002000 f i config_system.obj
 0001:00001000       ??$forward@V?$allocator@D@std@@@std@@YA$$QAV?$allocator@D@0@AAV10@@Z 10002000 f i animation_system.obj
 0001:00001000       ??$forward@U?$default_delete@VVMTHook@@@std@@@std@@YA$$QAU?$default_delete@VVMTHook@@@0@AAU10@@Z 10002000 f i c_hooks.obj
 0001:00001000       ??$addressof@V?$unique_ptr@VNetvarTree@@U?$default_delete@VNetvarTree@@@std@@@std@@@std@@YAPAV?$unique_ptr@VNetvarTree@@U?$default_delete@VNetvarTree@@@std@@@0@AAV10@@Z 10002000 f i c_hooks.obj
 0001:00001000       ??$move@AAV?$allocator@D@std@@@std@@YA$$QAV?$allocator@D@0@AAV10@@Z 10002000 f i animation_system.obj
 0001:00001000       ??$_Get_unwrapped@H@std@@YAPAHQAH@Z 10002000 f i animation_system.obj
 0001:00001000       ??$_Get_unwrapped_n@HH$0A@@std@@YAPAHQAHH@Z 10002000 f i animation_system.obj
 0001:00001000       ??$forward@U?$default_delete@VNetvarTree@@@std@@@std@@YA$$QAU?$default_delete@VNetvarTree@@@0@AAU10@@Z 10002000 f i c_hooks.obj
 0001:00001000       ??$forward@ABUpiecewise_construct_t@std@@@std@@YAABUpiecewise_construct_t@0@ABU10@@Z 10002000 f i animation_system.obj
 0001:00001000       ??$forward@$$QAV?$basic_string@DU?$char_traits@D@std@@V?$allocator@D@2@@std@@@std@@YA$$QAV?$basic_string@DU?$char_traits@D@std@@V?$allocator@D@2@@0@AAV10@@Z 10002000 f i animation_system.obj
 0001:00001000       ??$_Unfancy@H@std@@YAPAHPAH@Z 10002000 f i animation_system.obj
 0001:00001000       ??$_Get_unwrapped@Vdirectory_iterator@filesystem@std@@$0A@@std@@YAABVdirectory_iterator@filesystem@0@ABV120@@Z 10002000 f i config_system.obj
 0001:00001000       ??$move@AAU_Find_file_handle@filesystem@std@@@std@@YA$$QAU_Find_file_handle@filesystem@0@AAU120@@Z 10002000 f i config_system.obj
 0001:00001000       ??$move@AAV?$basic_string@DU?$char_traits@D@std@@V?$allocator@D@2@@std@@@std@@YA$$QAV?$basic_string@DU?$char_traits@D@std@@V?$allocator@D@2@@0@AAV10@@Z 10002000 f i animation_system.obj
 0001:00001000       ??$addressof@PAD@std@@YAPAPADAAPAD@Z 10002000 f i animation_system.obj
 0001:00001000       ??$_Unfancy@D@std@@YAPADPAD@Z 10002000 f i animation_system.obj
 0001:00001000       ??$addressof@U?$pair@$$CBV?$basic_string@DU?$char_traits@D@std@@V?$allocator@D@2@@std@@V?$shared_ptr@UNode@NetvarTree@@@2@@std@@@std@@YAPAU?$pair@$$CBV?$basic_string@DU?$char_traits@D@std@@V?$allocator@D@2@@std@@V?$shared_ptr@UNode@NetvarTree@@@2@@0@AAU10@@Z 10002000 f i animation_system.obj
 0001:00001000       ??$addressof@V?$unique_ptr@$$BY0A@IU?$default_delete@$$BY0A@I@std@@@std@@@std@@YAPAV?$unique_ptr@$$BY0A@IU?$default_delete@$$BY0A@I@std@@@0@AAV10@@Z 10002000 f i c_hooks.obj
 0001:00001000       ??$forward@AAPAI@std@@YAAAPAIAAPAI@Z 10002000 f i c_hooks.obj
 0001:00001000       ??$_Unfancy@V?$basic_string@DU?$char_traits@D@std@@V?$allocator@D@2@@std@@@std@@YAPAV?$basic_string@DU?$char_traits@D@std@@V?$allocator@D@2@@0@PAV10@@Z 10002000 f i config_system.obj
 0001:00001000       ??$forward@AAPAV_Facet_base@std@@@std@@YAAAPAV_Facet_base@0@AAPAV10@@Z 10002000 f i config_system.obj
 0001:00001000       ??$addressof@V?$basic_string@DU?$char_traits@D@std@@V?$allocator@D@2@@std@@@std@@YAPAV?$basic_string@DU?$char_traits@D@std@@V?$allocator@D@2@@0@AAV10@@Z 10002000 f i imgui.obj
 0001:00001000       ??$_Get_unwrapped@PAUPlayerRecords@@@std@@YAPAPAUPlayerRecords@@QAPAU1@@Z 10002000 f i LagComp.obj
 0001:00001000       ??$addressof@V?$unique_ptr@VVMTHook@@U?$default_delete@VVMTHook@@@std@@@std@@@std@@YAPAV?$unique_ptr@VVMTHook@@U?$default_delete@VVMTHook@@@std@@@0@AAV10@@Z 10002000 f i c_hooks.obj
 0001:00001000       ??$_Unfancy_maybe_null@H@std@@YAPAHPAH@Z 10002000 f i animation_system.obj
 0001:00001000       ??$forward@AAU?$equal_to@V?$basic_string@DU?$char_traits@D@std@@V?$allocator@D@2@@std@@@std@@@std@@YAAAU?$equal_to@V?$basic_string@DU?$char_traits@D@std@@V?$allocator@D@2@@std@@@0@AAU10@@Z 10002000 f i NetvarManager.obj
 0001:00001000       ??$_Get_unwrapped@PAULegitPlayerRecords@@@std@@YAPAPAULegitPlayerRecords@@QAPAU1@@Z 10002000 f i Legitbot.obj
 0001:00001000       ??$move@AAV?$tuple@$$QAV?$basic_string@DU?$char_traits@D@std@@V?$allocator@D@2@@std@@@std@@@std@@YA$$QAV?$tuple@$$QAV?$basic_string@DU?$char_traits@D@std@@V?$allocator@D@2@@std@@@0@AAV10@@Z 10002000 f i animation_system.obj
 0001:00001000       ??$move@AAUPlayerRecords@@@std@@YA$$QAUPlayerRecords@@AAU1@@Z 10002000 f i LagComp.obj
 0001:00001000       ??$addressof@V?$_Vector_val@U?$_Simple_types@V?$basic_string@DU?$char_traits@D@std@@V?$allocator@D@2@@std@@@std@@@std@@@std@@YAPAV?$_Vector_val@U?$_Simple_types@V?$basic_string@DU?$char_traits@D@std@@V?$allocator@D@2@@std@@@std@@@0@AAV10@@Z 10002000 f i config_system.obj
 0001:00001000       ??$forward@ABV?$allocator@U?$pair@$$CBV?$basic_string@DU?$char_traits@D@std@@V?$allocator@D@2@@std@@V?$shared_ptr@UNode@NetvarTree@@@2@@std@@@std@@@std@@YAABV?$allocator@U?$pair@$$CBV?$basic_string@DU?$char_traits@D@std@@V?$allocator@D@2@@std@@V?$shared_ptr@UNode@NetvarTree@@@2@@std@@@0@ABV10@@Z 10002000 f i NetvarManager.obj
 0001:00001000       ??$_Unfancy@_W@std@@YAPA_WPA_W@Z 10002000 f i config_system.obj
 0001:00001000       ??$_Refancy@PAD$0A@@std@@YAPADPAD@Z 10002000 f i c_esp.obj
 0001:00001000       ??$forward@ABV?$shared_ptr@UNode@NetvarTree@@@std@@@std@@YAABV?$shared_ptr@UNode@NetvarTree@@@0@ABV10@@Z 10002000 f i NetvarManager.obj
 0001:00001000       ??$move@AAV?$allocator@H@std@@@std@@YA$$QAV?$allocator@H@0@AAV10@@Z 10002000 f i animation_system.obj
 0001:00001000       ??$addressof@V?$_String_val@U?$_Simple_types@D@std@@@std@@@std@@YAPAV?$_String_val@U?$_Simple_types@D@std@@@0@AAV10@@Z 10002000 f i animation_system.obj
 0001:00001000       ??$_Unfancy@U_Container_proxy@std@@@std@@YAPAU_Container_proxy@0@PAU10@@Z 10002000 f i LagComp.obj
 0001:00001000       ??$forward@AAPAVIBaseClientDLL@@@std@@YAAAPAVIBaseClientDLL@@AAPAV1@@Z 10002000 f i c_hooks.obj
 0001:00001000       ??$move@AAV?$shared_ptr@U_Dir_enum_impl@filesystem@std@@@std@@@std@@YA$$QAV?$shared_ptr@U_Dir_enum_impl@filesystem@std@@@0@AAV10@@Z 10002000 f i config_system.obj
 0001:00001000       ??$_Get_unwrapped_n@V?$_List_unchecked_iterator@V?$_List_val@U?$_List_simple_types@U?$pair@$$CBV?$basic_string@DU?$char_traits@D@std@@V?$allocator@D@2@@std@@V?$shared_ptr@UNode@NetvarTree@@@2@@std@@@std@@@std@@@std@@H$0A@@std@@YAPAV?$_List_unchecked_iterator@V?$_List_val@U?$_List_simple_types@U?$pair@$$CBV?$basic_string@DU?$char_traits@D@std@@V?$allocator@D@2@@std@@V?$shared_ptr@UNode@NetvarTree@@@2@@std@@@std@@@std@@@0@QAV10@H@Z 10002000 f i animation_system.obj
 0001:00001000       ??$forward@V?$_List_iterator@V?$_List_val@U?$_List_simple_types@U?$pair@$$CBV?$basic_string@DU?$char_traits@D@std@@V?$allocator@D@2@@std@@V?$shared_ptr@UNode@NetvarTree@@@2@@std@@@std@@@std@@@std@@@std@@YA$$QAV?$_List_iterator@V?$_List_val@U?$_List_simple_types@U?$pair@$$CBV?$basic_string@DU?$char_traits@D@std@@V?$allocator@D@2@@std@@V?$shared_ptr@UNode@NetvarTree@@@2@@std@@@std@@@std@@@0@AAV10@@Z 10002000 f i animation_system.obj
 0001:00001000       ??$addressof@V?$basic_string@_WU?$char_traits@_W@std@@V?$allocator@_W@2@@std@@@std@@YAPAV?$basic_string@_WU?$char_traits@_W@std@@V?$allocator@_W@2@@0@AAV10@@Z 10002000 f i config_system.obj
 0001:00001000       ??$forward@ABV?$allocator@D@std@@@std@@YAABV?$allocator@D@0@ABV10@@Z 10002000 f i c_esp.obj
 0001:00001000       ??$forward@M@std@@YA$$QAMAAM@Z 10002000 f i NetvarManager.obj
 0001:00001000       ??$_Get_unwrapped_unverified@$$CBD@std@@YAPBDQBD@Z 10002000 f i config_system.obj
 0001:00001000       ??$move@AAVpath@filesystem@std@@@std@@YA$$QAVpath@filesystem@0@AAV120@@Z 10002000 f i config_system.obj
 0001:00001000       ??$addressof@PAUPlayerRecords@@@std@@YAPAPAUPlayerRecords@@AAPAU1@@Z 10002000 f i LagComp.obj
 0001:00001000       ??$_Unfancy@ULegitPlayerRecords@@@std@@YAPAULegitPlayerRecords@@PAU1@@Z 10002000 f i Legitbot.obj
 0001:00001000       ??$forward@ABV?$allocator@V?$_List_unchecked_iterator@V?$_List_val@U?$_List_simple_types@U?$pair@$$CBV?$basic_string@DU?$char_traits@D@std@@V?$allocator@D@2@@std@@V?$shared_ptr@UNode@NetvarTree@@@2@@std@@@std@@@std@@@std@@@std@@@std@@YAABV?$allocator@V?$_List_unchecked_iterator@V?$_List_val@U?$_List_simple_types@U?$pair@$$CBV?$basic_string@DU?$char_traits@D@std@@V?$allocator@D@2@@std@@V?$shared_ptr@UNode@NetvarTree@@@2@@std@@@std@@@std@@@std@@@0@ABV10@@Z 10002000 f i NetvarManager.obj
 0001:00001000       ??$forward@ABQAD@std@@YAABQADABQAD@Z 10002000 f i animation_system.obj
 0001:00001000       ??$move@AAU_Creator@_Dir_enum_impl@filesystem@std@@@std@@YA$$QAU_Creator@_Dir_enum_impl@filesystem@0@AAU1230@@Z 10002000 f i config_system.obj
 0001:00001000       ??$forward@AAPAVIPanel@@@std@@YAAAPAVIPanel@@AAPAV1@@Z 10002000 f i c_hooks.obj
 0001:00001000       ??$forward@V?$basic_string@DU?$char_traits@D@std@@V?$allocator@D@2@@std@@@std@@YA$$QAV?$basic_string@DU?$char_traits@D@std@@V?$allocator@D@2@@0@AAV10@@Z 10002000 f i animation_system.obj
 0001:00001000       ??$forward@AAU?$hash@V?$basic_string@DU?$char_traits@D@std@@V?$allocator@D@2@@std@@@std@@@std@@YAAAU?$hash@V?$basic_string@DU?$char_traits@D@std@@V?$allocator@D@2@@std@@@0@AAU10@@Z 10002000 f i NetvarManager.obj
 0001:00001000       ??$addressof@V?$vector@V?$basic_string@DU?$char_traits@D@std@@V?$allocator@D@2@@std@@V?$allocator@V?$basic_string@DU?$char_traits@D@std@@V?$allocator@D@2@@std@@@2@@std@@@std@@YAPAV?$vector@V?$basic_string@DU?$char_traits@D@std@@V?$allocator@D@2@@std@@V?$allocator@V?$basic_string@DU?$char_traits@D@std@@V?$allocator@D@2@@std@@@2@@0@AAV10@@Z 10002000 f i config_system.obj
 0001:00001000       ??$forward@AAPAVVMTHook@@@std@@YAAAPAVVMTHook@@AAPAV1@@Z 10002000 f i c_hooks.obj
 0001:00001000       ??$_Get_unwrapped@V?$_List_unchecked_iterator@V?$_List_val@U?$_List_simple_types@U?$pair@$$CBV?$basic_string@DU?$char_traits@D@std@@V?$allocator@D@2@@std@@V?$shared_ptr@UNode@NetvarTree@@@2@@std@@@std@@@std@@@std@@@std@@YAPAV?$_List_unchecked_iterator@V?$_List_val@U?$_List_simple_types@U?$pair@$$CBV?$basic_string@DU?$char_traits@D@std@@V?$allocator@D@2@@std@@V?$shared_ptr@UNode@NetvarTree@@@2@@std@@@std@@@std@@@0@QAV10@@Z 10002000 f i animation_system.obj
 0001:00001000       ??$forward@ABV?$_List_unchecked_iterator@V?$_List_val@U?$_List_simple_types@U?$pair@$$CBV?$basic_string@DU?$char_traits@D@std@@V?$allocator@D@2@@std@@V?$shared_ptr@UNode@NetvarTree@@@2@@std@@@std@@@std@@@std@@@std@@YAABV?$_List_unchecked_iterator@V?$_List_val@U?$_List_simple_types@U?$pair@$$CBV?$basic_string@DU?$char_traits@D@std@@V?$allocator@D@2@@std@@V?$shared_ptr@UNode@NetvarTree@@@2@@std@@@std@@@std@@@0@ABV10@@Z 10002000 f i animation_system.obj
 0001:00001000       ??$move@AAV?$vector@HV?$allocator@H@std@@@std@@@std@@YA$$QAV?$vector@HV?$allocator@H@std@@@0@AAV10@@Z 10002000 f i animation_system.obj
 0001:00001000       ??$forward@V?$tuple@$$V@std@@@std@@YA$$QAV?$tuple@$$V@0@AAV10@@Z 10002000 f i animation_system.obj
 0001:00001000       ??$move@AAV?$shared_ptr@UNode@NetvarTree@@@std@@@std@@YA$$QAV?$shared_ptr@UNode@NetvarTree@@@0@AAV10@@Z 10002000 f i NetvarManager.obj
 0001:00001000       ??$forward@_N@std@@YA$$QA_NAA_N@Z 10002000 f i animation_system.obj
 0001:00001000       ??$_Get_unwrapped_n@V?$basic_string@DU?$char_traits@D@std@@V?$allocator@D@2@@std@@H$0A@@std@@YAPAV?$basic_string@DU?$char_traits@D@std@@V?$allocator@D@2@@0@QAV10@H@Z 10002000 f i config_system.obj
 0001:00001000       ??$forward@AAPAVISurface@@@std@@YAAAPAVISurface@@AAPAV1@@Z 10002000 f i c_hooks.obj
 0001:00001000       ??$forward@ABQA_W@std@@YAABQA_WABQA_W@Z 10002000 f i config_system.obj
 0001:00001000       ??$addressof@$$CBV?$_Deque_val@U?$_Deque_simple_types@UPlayerRecords@@@std@@@std@@@std@@YAPBV?$_Deque_val@U?$_Deque_simple_types@UPlayerRecords@@@std@@@0@ABV10@@Z 10002000 f i LagComp.obj
 0001:00001000       ??$forward@AAPAVCModelRender@@@std@@YAAAPAVCModelRender@@AAPAV1@@Z 10002000 f i c_hooks.obj
 0001:00001000       ??$_Get_unwrapped@V?$basic_string@DU?$char_traits@D@std@@V?$allocator@D@2@@std@@@std@@YAPAV?$basic_string@DU?$char_traits@D@std@@V?$allocator@D@2@@0@QAV10@@Z 10002000 f i config_system.obj
 0001:00001000       ??$forward@PAPAK@std@@YA$$QAPAPAKAAPAPAK@Z 10002000 f i c_hooks.obj
 0001:00001000       ??$move@AAV?$basic_ofstream@DU?$char_traits@D@std@@@std@@@std@@YA$$QAV?$basic_ofstream@DU?$char_traits@D@std@@@0@AAV10@@Z 10002000 f i Interfaces.obj
 0001:00001000       ??$_Unfancy@V?$_List_unchecked_iterator@V?$_List_val@U?$_List_simple_types@U?$pair@$$CBV?$basic_string@DU?$char_traits@D@std@@V?$allocator@D@2@@std@@V?$shared_ptr@UNode@NetvarTree@@@2@@std@@@std@@@std@@@std@@@std@@YAPAV?$_List_unchecked_iterator@V?$_List_val@U?$_List_simple_types@U?$pair@$$CBV?$basic_string@DU?$char_traits@D@std@@V?$allocator@D@2@@std@@V?$shared_ptr@UNode@NetvarTree@@@2@@std@@@std@@@std@@@0@PAV10@@Z 10002000 f i animation_system.obj
 0001:00001000       ??$move@AAW4__std_fs_dir_handle@@@std@@YA$$QAW4__std_fs_dir_handle@@AAW41@@Z 10002000 f i config_system.obj
 0001:00001000       ??$forward@PBD@std@@YA$$QAPBDAAPBD@Z 10002000 f i NetvarManager.obj
 0001:00001000       ??$forward@AAPAVIClientMode@@@std@@YAAAPAVIClientMode@@AAPAV1@@Z 10002000 f i c_hooks.obj
 0001:00001000       ??$_Get_unwrapped@$$CB_W@std@@YAPB_WQB_W@Z 10002000 f i config_system.obj
 0001:00001000       ??$forward@AAPBD@std@@YAAAPBDAAPBD@Z 10002000 f i config_system.obj
 0001:00001000       ??$forward@ABULegitPlayerRecords@@@std@@YAABULegitPlayerRecords@@ABU1@@Z 10002000 f i Legitbot.obj
 0001:00001000       ??$addressof@$$CBV?$_List_val@U?$_List_simple_types@U?$pair@$$CBV?$basic_string@DU?$char_traits@D@std@@V?$allocator@D@2@@std@@V?$shared_ptr@UNode@NetvarTree@@@2@@std@@@std@@@std@@@std@@YAPBV?$_List_val@U?$_List_simple_types@U?$pair@$$CBV?$basic_string@DU?$char_traits@D@std@@V?$allocator@D@2@@std@@V?$shared_ptr@UNode@NetvarTree@@@2@@std@@@std@@@0@ABV10@@Z 10002000 f i animation_system.obj
 0001:00001000       ??$move@AAPAU_Dir_enum_impl@filesystem@std@@@std@@YA$$QAPAU_Dir_enum_impl@filesystem@0@AAPAU120@@Z 10002000 f i config_system.obj
 0001:00001000       ??$_Const_cast@$$CBD@std@@YAPADPBD@Z 10002000 f i c_esp.obj
 0001:00001000       ??$move@AAV?$allocator@_W@std@@@std@@YA$$QAV?$allocator@_W@0@AAV10@@Z 10002000 f i config_system.obj
 0001:00001000       ??$forward@ABUPlayerRecords@@@std@@YAABUPlayerRecords@@ABU1@@Z 10002000 f i LagComp.obj
 0001:00001000       ??$addressof@V?$_String_val@U?$_Simple_types@_W@std@@@std@@@std@@YAPAV?$_String_val@U?$_Simple_types@_W@std@@@0@AAV10@@Z 10002000 f i config_system.obj
 0001:00001000       ??$forward@V?$allocator@_W@std@@@std@@YA$$QAV?$allocator@_W@0@AAV10@@Z 10002000 f i config_system.obj
 0001:00001010       ??$_Copy_memmove@PAHPAH@std@@YAPAHPAH00@Z 10002010 f i animation_system.obj
 0001:00001010       ??$_Copy_memmove@PAPAUPlayerRecords@@PAPAU1@@std@@YAPAPAUPlayerRecords@@PAPAU1@00@Z 10002010 f i LagComp.obj
 0001:00001010       ??$_Copy_memmove@PAPAULegitPlayerRecords@@PAPAU1@@std@@YAPAPAULegitPlayerRecords@@PAPAU1@00@Z 10002010 f i Legitbot.obj
 0001:00001050       ??$_Deallocate@$07$0A@@std@@YAXPAXI@Z 10002050 f i animation_system.obj
 0001:00001080       ??$destroy@UPlayerRecords@@@?$_Default_allocator_traits@V?$allocator@UPlayerRecords@@@std@@@std@@SAXAAV?$allocator@UPlayerRecords@@@1@QAUPlayerRecords@@@Z 10002080 f i LagComp.obj
 0001:00001080       ??$_Adl_verify_range@V?$_String_const_iterator@V?$_String_val@U?$_Simple_types@D@std@@@std@@@std@@V12@@std@@YAXABV?$_String_const_iterator@V?$_String_val@U?$_Simple_types@D@std@@@std@@@0@0@Z 10002080 f i c_esp.obj
 0001:00001080       ??$_Adl_verify_range@V?$_Deque_iterator@V?$_Deque_val@U?$_Deque_simple_types@ULegitPlayerRecords@@@std@@@std@@@std@@V12@@std@@YAXABV?$_Deque_iterator@V?$_Deque_val@U?$_Deque_simple_types@ULegitPlayerRecords@@@std@@@std@@@0@0@Z 10002080 f i Legitbot.obj
 0001:00001080       ??$destroy@ULegitPlayerRecords@@@?$_Default_allocator_traits@V?$allocator@ULegitPlayerRecords@@@std@@@std@@SAXAAV?$allocator@ULegitPlayerRecords@@@1@QAULegitPlayerRecords@@@Z 10002080 f i Legitbot.obj
 0001:00001080       ??$_Destroy_range1@V?$allocator@H@std@@@std@@YAXPAH0AAV?$allocator@H@0@U?$integral_constant@_N$00@0@@Z 10002080 f i animation_system.obj
 0001:00001080       ??$_Destroy_range1@V?$allocator@PAUPlayerRecords@@@std@@@std@@YAXPAPAUPlayerRecords@@0AAV?$allocator@PAUPlayerRecords@@@0@U?$integral_constant@_N$00@0@@Z 10002080 f i LagComp.obj
 0001:00001080       ??$_Pocca@V?$allocator@_W@std@@@std@@YAXAAV?$allocator@_W@0@ABV10@U?$integral_constant@_N$0A@@0@@Z 10002080 f i config_system.obj
 0001:00001080       ??$_Adl_verify_range@Vdirectory_iterator@filesystem@std@@V123@@std@@YAXABVdirectory_iterator@filesystem@0@0@Z 10002080 f i config_system.obj
 0001:00001080       ??$_Adl_verify_range@V?$_Vector_const_iterator@V?$_Vector_val@U?$_Simple_types@V?$basic_string@DU?$char_traits@D@std@@V?$allocator@D@2@@std@@@std@@@std@@@std@@V12@@std@@YAXABV?$_Vector_const_iterator@V?$_Vector_val@U?$_Simple_types@V?$basic_string@DU?$char_traits@D@std@@V?$allocator@D@2@@std@@@std@@@std@@@0@0@Z 10002080 f i config_system.obj
 0001:00001080       ??$_Enable_shared_from_this1@UNode@NetvarTree@@U12@@std@@YAXABV?$shared_ptr@UNode@NetvarTree@@@0@PAUNode@NetvarTree@@U?$integral_constant@_N$0A@@0@@Z 10002080 f i NetvarManager.obj
 0001:00001080       ??$destroy@PAULegitPlayerRecords@@@?$_Default_allocator_traits@V?$allocator@PAULegitPlayerRecords@@@std@@@std@@SAXAAV?$allocator@PAULegitPlayerRecords@@@1@QAPAULegitPlayerRecords@@@Z 10002080 f i Legitbot.obj
 0001:00001080       ??$_Destroy_range1@V?$allocator@V?$_List_unchecked_iterator@V?$_List_val@U?$_List_simple_types@U?$pair@$$CBV?$basic_string@DU?$char_traits@D@std@@V?$allocator@D@2@@std@@V?$shared_ptr@UNode@NetvarTree@@@2@@std@@@std@@@std@@@std@@@std@@@std@@YAXPAV?$_List_unchecked_iterator@V?$_List_val@U?$_List_simple_types@U?$pair@$$CBV?$basic_string@DU?$char_traits@D@std@@V?$allocator@D@2@@std@@V?$shared_ptr@UNode@NetvarTree@@@2@@std@@@std@@@std@@@0@0AAV?$allocator@V?$_List_unchecked_iterator@V?$_List_val@U?$_List_simple_types@U?$pair@$$CBV?$basic_string@DU?$char_traits@D@std@@V?$allocator@D@2@@std@@V?$shared_ptr@UNode@NetvarTree@@@2@@std@@@std@@@std@@@std@@@0@U?$integral_constant@_N$00@0@@Z 10002080 f i animation_system.obj
 0001:00001080       ??3@YAXPAXUImPlacementNewDummy@@0@Z 10002080 f i imgui.obj
 0001:00001080       ??$destroy@U_Container_proxy@std@@@?$_Default_allocator_traits@V?$allocator@U_Container_proxy@std@@@std@@@std@@SAXAAV?$allocator@U_Container_proxy@std@@@1@QAU_Container_proxy@1@@Z 10002080 f i LagComp.obj
 0001:00001080       ??$_Adl_verify_range@PB_WPB_W@std@@YAXABQB_W0@Z 10002080 f i config_system.obj
 0001:00001080       ?Log@Utils@@SAXABV?$basic_string@DU?$char_traits@D@std@@V?$allocator@D@2@@std@@ZZ 10002080 f i c_hooks.obj
 0001:00001080       ??$destroy@PAU?$_List_node@U?$pair@$$CBV?$basic_string@DU?$char_traits@D@std@@V?$allocator@D@2@@std@@V?$shared_ptr@UNode@NetvarTree@@@2@@std@@PAX@std@@@?$_Default_allocator_traits@V?$allocator@U?$_List_node@U?$pair@$$CBV?$basic_string@DU?$char_traits@D@std@@V?$allocator@D@2@@std@@V?$shared_ptr@UNode@NetvarTree@@@2@@std@@PAX@std@@@std@@@std@@SAXAAV?$allocator@U?$_List_node@U?$pair@$$CBV?$basic_string@DU?$char_traits@D@std@@V?$allocator@D@2@@std@@V?$shared_ptr@UNode@NetvarTree@@@2@@std@@PAX@std@@@1@QAPAU?$_List_node@U?$pair@$$CBV?$basic_string@DU?$char_traits@D@std@@V?$allocator@D@2@@std@@V?$shared_ptr@UNode@NetvarTree@@@2@@std@@PAX@1@@Z 10002080 f i animation_system.obj
 0001:00001080       ??$_Enable_shared_from_this1@U_Dir_enum_impl@filesystem@std@@U123@@std@@YAXABV?$shared_ptr@U_Dir_enum_impl@filesystem@std@@@0@PAU_Dir_enum_impl@filesystem@0@U?$integral_constant@_N$0A@@0@@Z 10002080 f i config_system.obj
 0001:00001080       ??$destroy@PAD@?$_Default_allocator_traits@V?$allocator@D@std@@@std@@SAXAAV?$allocator@D@1@QAPAD@Z 10002080 f i animation_system.obj
 0001:00001080       ??$_Adl_verify_range@V?$_Deque_iterator@V?$_Deque_val@U?$_Deque_simple_types@UPlayerRecords@@@std@@@std@@@std@@V12@@std@@YAXABV?$_Deque_iterator@V?$_Deque_val@U?$_Deque_simple_types@UPlayerRecords@@@std@@@std@@@0@0@Z 10002080 f i LagComp.obj
 0001:00001080       ??$destroy@PA_W@?$_Default_allocator_traits@V?$allocator@_W@std@@@std@@SAXAAV?$allocator@_W@1@QAPA_W@Z 10002080 f i config_system.obj
 0001:00001080       ??$_Adl_verify_range@V?$_String_iterator@V?$_String_val@U?$_Simple_types@D@std@@@std@@@std@@V12@@std@@YAXABV?$_String_iterator@V?$_String_val@U?$_Simple_types@D@std@@@std@@@0@0@Z 10002080 f i c_esp.obj
 0001:00001080       ??$_Destroy_range1@V?$allocator@PAULegitPlayerRecords@@@std@@@std@@YAXPAPAULegitPlayerRecords@@0AAV?$allocator@PAULegitPlayerRecords@@@0@U?$integral_constant@_N$00@0@@Z 10002080 f i Legitbot.obj
 0001:00001080       ??$destroy@PAUPlayerRecords@@@?$_Default_allocator_traits@V?$allocator@PAUPlayerRecords@@@std@@@std@@SAXAAV?$allocator@PAUPlayerRecords@@@1@QAPAUPlayerRecords@@@Z 10002080 f i LagComp.obj
 0001:00001080       ??$_Adl_verify_range@PADPAD@std@@YAXABQAD0@Z 10002080 f i c_esp.obj
 0001:00001090       ??$_Destroy_range@V?$allocator@PAUPlayerRecords@@@std@@@std@@YAXPAPAUPlayerRecords@@0AAV?$allocator@PAUPlayerRecords@@@0@@Z 10002090 f i LagComp.obj
 0001:00001090       ??$_Destroy_range@V?$allocator@PAULegitPlayerRecords@@@std@@@std@@YAXPAPAULegitPlayerRecords@@0AAV?$allocator@PAULegitPlayerRecords@@@0@@Z 10002090 f i Legitbot.obj
 0001:00001090       ??$_Destroy_range@V?$allocator@H@std@@@std@@YAXPAH0AAV?$allocator@H@0@@Z 10002090 f i animation_system.obj
 0001:00001090       ??$_Destroy_range@V?$allocator@V?$_List_unchecked_iterator@V?$_List_val@U?$_List_simple_types@U?$pair@$$CBV?$basic_string@DU?$char_traits@D@std@@V?$allocator@D@2@@std@@V?$shared_ptr@UNode@NetvarTree@@@2@@std@@@std@@@std@@@std@@@std@@@std@@YAXPAV?$_List_unchecked_iterator@V?$_List_val@U?$_List_simple_types@U?$pair@$$CBV?$basic_string@DU?$char_traits@D@std@@V?$allocator@D@2@@std@@V?$shared_ptr@UNode@NetvarTree@@@2@@std@@@std@@@std@@@0@0AAV?$allocator@V?$_List_unchecked_iterator@V?$_List_val@U?$_List_simple_types@U?$pair@$$CBV?$basic_string@DU?$char_traits@D@std@@V?$allocator@D@2@@std@@V?$shared_ptr@UNode@NetvarTree@@@2@@std@@@std@@@std@@@std@@@0@@Z 10002090 f i animation_system.obj
 0001:000010c0       ??$_Emplace_back@V?$_List_unchecked_iterator@V?$_List_val@U?$_List_simple_types@U?$pair@$$CBV?$basic_string@DU?$char_traits@D@std@@V?$allocator@D@2@@std@@V?$shared_ptr@UNode@NetvarTree@@@2@@std@@@std@@@std@@@std@@@?$_Uninitialized_backout_al@PAV?$_List_unchecked_iterator@V?$_List_val@U?$_List_simple_types@U?$pair@$$CBV?$basic_string@DU?$char_traits@D@std@@V?$allocator@D@2@@std@@V?$shared_ptr@UNode@NetvarTree@@@2@@std@@@std@@@std@@@std@@V?$allocator@V?$_List_unchecked_iterator@V?$_List_val@U?$_List_simple_types@U?$pair@$$CBV?$basic_string@DU?$char_traits@D@std@@V?$allocator@D@2@@std@@V?$shared_ptr@UNode@NetvarTree@@@2@@std@@@std@@@std@@@std@@@2@@std@@QAEX$$QAV?$_List_unchecked_iterator@V?$_List_val@U?$_List_simple_types@U?$pair@$$CBV?$basic_string@DU?$char_traits@D@std@@V?$allocator@D@2@@std@@V?$shared_ptr@UNode@NetvarTree@@@2@@std@@@std@@@std@@@1@@Z 100020c0 f i animation_system.obj
 0001:000010c0       ??$_Emplace_back@ABV?$_List_unchecked_iterator@V?$_List_val@U?$_List_simple_types@U?$pair@$$CBV?$basic_string@DU?$char_traits@D@std@@V?$allocator@D@2@@std@@V?$shared_ptr@UNode@NetvarTree@@@2@@std@@@std@@@std@@@std@@@?$_Uninitialized_backout_al@PAV?$_List_unchecked_iterator@V?$_List_val@U?$_List_simple_types@U?$pair@$$CBV?$basic_string@DU?$char_traits@D@std@@V?$allocator@D@2@@std@@V?$shared_ptr@UNode@NetvarTree@@@2@@std@@@std@@@std@@@std@@V?$allocator@V?$_List_unchecked_iterator@V?$_List_val@U?$_List_simple_types@U?$pair@$$CBV?$basic_string@DU?$char_traits@D@std@@V?$allocator@D@2@@std@@V?$shared_ptr@UNode@NetvarTree@@@2@@std@@@std@@@std@@@std@@@2@@std@@QAEXABV?$_List_unchecked_iterator@V?$_List_val@U?$_List_simple_types@U?$pair@$$CBV?$basic_string@DU?$char_traits@D@std@@V?$allocator@D@2@@std@@V?$shared_ptr@UNode@NetvarTree@@@2@@std@@@std@@@std@@@1@@Z 100020c0 f i animation_system.obj
 0001:00001120       ??$_Emplace_back_with_unused_capacity@H@?$vector@HV?$allocator@H@std@@@std@@AAEAAH$$QAH@Z 10002120 f i animation_system.obj
 0001:000011d0       ??$_Emplace_reallocate@H@?$vector@HV?$allocator@H@std@@@std@@QAEPAHQAH$$QAH@Z 100021d0 f i animation_system.obj
 0001:000013c0       ??$_Fill_memset_is_safe@PAV?$_List_unchecked_iterator@V?$_List_val@U?$_List_simple_types@U?$pair@$$CBV?$basic_string@DU?$char_traits@D@std@@V?$allocator@D@2@@std@@V?$shared_ptr@UNode@NetvarTree@@@2@@std@@@std@@@std@@@std@@V12@@std@@YA?AU?$integral_constant@_N$0A@@0@ABQAV?$_List_unchecked_iterator@V?$_List_val@U?$_List_simple_types@U?$pair@$$CBV?$basic_string@DU?$char_traits@D@std@@V?$allocator@D@2@@std@@V?$shared_ptr@UNode@NetvarTree@@@2@@std@@@std@@@std@@@0@ABV20@@Z 100023c0 f i animation_system.obj
 0001:000013c0       ??$_Idl_distance@Vdirectory_iterator@filesystem@std@@V123@@std@@YA?AU_Distance_unknown@0@ABVdirectory_iterator@filesystem@0@0@Z 100023c0 f i config_system.obj
 0001:000013c0       ??$_Ptr_move_cat@V?$_Deque_unchecked_iterator@V?$_Deque_val@U?$_Deque_simple_types@ULegitPlayerRecords@@@std@@@std@@@std@@V12@@std@@YA?AU_General_ptr_iterator_tag@0@ABV?$_Deque_unchecked_iterator@V?$_Deque_val@U?$_Deque_simple_types@ULegitPlayerRecords@@@std@@@std@@@0@0@Z 100023c0 f i Legitbot.obj
 0001:000013c0       ??$_Ptr_move_cat@V?$_Deque_unchecked_iterator@V?$_Deque_val@U?$_Deque_simple_types@UPlayerRecords@@@std@@@std@@@std@@V12@@std@@YA?AU_General_ptr_iterator_tag@0@ABV?$_Deque_unchecked_iterator@V?$_Deque_val@U?$_Deque_simple_types@UPlayerRecords@@@std@@@std@@@0@0@Z 100023c0 f i LagComp.obj
 0001:000013c0       ??$_Ptr_move_cat@V?$basic_string@DU?$char_traits@D@std@@V?$allocator@D@2@@std@@V12@@std@@YA?AU_General_ptr_iterator_tag@0@ABQAV?$basic_string@DU?$char_traits@D@std@@V?$allocator@D@2@@0@0@Z 100023c0 f i config_system.obj
 0001:000013d0       ??$_Fill_unchecked1@PAV?$_List_unchecked_iterator@V?$_List_val@U?$_List_simple_types@U?$pair@$$CBV?$basic_string@DU?$char_traits@D@std@@V?$allocator@D@2@@std@@V?$shared_ptr@UNode@NetvarTree@@@2@@std@@@std@@@std@@@std@@V12@@std@@YAXPAV?$_List_unchecked_iterator@V?$_List_val@U?$_List_simple_types@U?$pair@$$CBV?$basic_string@DU?$char_traits@D@std@@V?$allocator@D@2@@std@@V?$shared_ptr@UNode@NetvarTree@@@2@@std@@@std@@@std@@@0@0ABV10@U?$integral_constant@_N$0A@@0@@Z 100023d0 f i animation_system.obj
 0001:00001400       ??$_Fill_unchecked@PAV?$_List_unchecked_iterator@V?$_List_val@U?$_List_simple_types@U?$pair@$$CBV?$basic_string@DU?$char_traits@D@std@@V?$allocator@D@2@@std@@V?$shared_ptr@UNode@NetvarTree@@@2@@std@@@std@@@std@@@std@@V12@@std@@YAXPAV?$_List_unchecked_iterator@V?$_List_val@U?$_List_simple_types@U?$pair@$$CBV?$basic_string@DU?$char_traits@D@std@@V?$allocator@D@2@@std@@V?$shared_ptr@UNode@NetvarTree@@@2@@std@@@std@@@std@@@0@0ABV10@@Z 10002400 f i animation_system.obj
 0001:00001440       ??$_Freenode0@V?$allocator@U?$_List_node@U?$pair@$$CBV?$basic_string@DU?$char_traits@D@std@@V?$allocator@D@2@@std@@V?$shared_ptr@UNode@NetvarTree@@@2@@std@@PAX@std@@@std@@@?$_List_node@U?$pair@$$CBV?$basic_string@DU?$char_traits@D@std@@V?$allocator@D@2@@std@@V?$shared_ptr@UNode@NetvarTree@@@2@@std@@PAX@std@@SAXAAV?$allocator@U?$_List_node@U?$pair@$$CBV?$basic_string@DU?$char_traits@D@std@@V?$allocator@D@2@@std@@V?$shared_ptr@UNode@NetvarTree@@@2@@std@@PAX@std@@@1@PAU01@@Z 10002440 f i animation_system.obj
 0001:000014c0       ??$_Get_size_of_n@$03@std@@YAII@Z 100024c0 f i animation_system.obj
 0001:000014f0       ??$_Get_size_of_n@$0CI@@std@@YAII@Z 100024f0 f i animation_system.obj
 0001:00001520       ??$_Hash_array_representation@D@std@@YAIQBDI@Z 10002520 f i animation_system.obj
 0001:00001540       ??$_Idl_distance@PAHPAH@std@@YAHABQAH0@Z 10002540 f i animation_system.obj
 0001:00001540       ??$_Idl_distance@PAPAUPlayerRecords@@PAPAU1@@std@@YAHABQAPAUPlayerRecords@@0@Z 10002540 f i LagComp.obj
 0001:00001540       ??$_Idl_distance@PAPAULegitPlayerRecords@@PAPAU1@@std@@YAHABQAPAULegitPlayerRecords@@0@Z 10002540 f i Legitbot.obj
 0001:00001540       ??$_Idl_distance@PAV?$_List_unchecked_iterator@V?$_List_val@U?$_List_simple_types@U?$pair@$$CBV?$basic_string@DU?$char_traits@D@std@@V?$allocator@D@2@@std@@V?$shared_ptr@UNode@NetvarTree@@@2@@std@@@std@@@std@@@std@@PAV12@@std@@YAHABQAV?$_List_unchecked_iterator@V?$_List_val@U?$_List_simple_types@U?$pair@$$CBV?$basic_string@DU?$char_traits@D@std@@V?$allocator@D@2@@std@@V?$shared_ptr@UNode@NetvarTree@@@2@@std@@@std@@@std@@@0@0@Z 10002540 f i animation_system.obj
 0001:00001560       ??$_Insert@AAU?$pair@$$CBV?$basic_string@DU?$char_traits@D@std@@V?$allocator@D@2@@std@@V?$shared_ptr@UNode@NetvarTree@@@2@@std@@V?$_List_unchecked_iterator@V?$_List_val@U?$_List_simple_types@U?$pair@$$CBV?$basic_string@DU?$char_traits@D@std@@V?$allocator@D@2@@std@@V?$shared_ptr@UNode@NetvarTree@@@2@@std@@@std@@@std@@@2@@?$_Hash@V?$_Umap_traits@V?$basic_string@DU?$char_traits@D@std@@V?$allocator@D@2@@std@@V?$shared_ptr@UNode@NetvarTree@@@2@V?$_Uhash_compare@V?$basic_string@DU?$char_traits@D@std@@V?$allocator@D@2@@std@@U?$hash@V?$basic_string@DU?$char_traits@D@std@@V?$allocator@D@2@@std@@@2@U?$equal_to@V?$basic_string@DU?$char_traits@D@std@@V?$allocator@D@2@@std@@@2@@2@V?$allocator@U?$pair@$$CBV?$basic_string@DU?$char_traits@D@std@@V?$allocator@D@2@@std@@V?$shared_ptr@UNode@NetvarTree@@@2@@std@@@2@$0A@@std@@@std@@IAE?AU?$pair@V?$_List_iterator@V?$_List_val@U?$_List_simple_types@U?$pair@$$CBV?$basic_string@DU?$char_traits@D@std@@V?$allocator@D@2@@std@@V?$shared_ptr@UNode@NetvarTree@@@2@@std@@@std@@@std@@@std@@_N@1@AAU?$pair@$$CBV?$basic_string@DU?$char_traits@D@std@@V?$allocator@D@2@@std@@V?$shared_ptr@UNode@NetvarTree@@@2@@1@V?$_List_unchecked_iterator@V?$_List_val@U?$_List_simple_types@U?$pair@$$CBV?$basic_string@DU?$char_traits@D@std@@V?$allocator@D@2@@std@@V?$shared_ptr@UNode@NetvarTree@@@2@@std@@@std@@@std@@@1@@Z 10002560 f i animation_system.obj
 0001:00001810       ??$_Insert@ABUpiecewise_construct_t@std@@V?$tuple@$$QAV?$basic_string@DU?$char_traits@D@std@@V?$allocator@D@2@@std@@@2@V?$tuple@$$V@2@@?$list@U?$pair@$$CBV?$basic_string@DU?$char_traits@D@std@@V?$allocator@D@2@@std@@V?$shared_ptr@UNode@NetvarTree@@@2@@std@@V?$allocator@U?$pair@$$CBV?$basic_string@DU?$char_traits@D@std@@V?$allocator@D@2@@std@@V?$shared_ptr@UNode@NetvarTree@@@2@@std@@@2@@std@@QAEXV?$_List_unchecked_const_iterator@V?$_List_val@U?$_List_simple_types@U?$pair@$$CBV?$basic_string@DU?$char_traits@D@std@@V?$allocator@D@2@@std@@V?$shared_ptr@UNode@NetvarTree@@@2@@std@@@std@@@std@@U_Iterator_base0@2@@1@ABUpiecewise_construct_t@1@$$QAV?$tuple@$$QAV?$basic_string@DU?$char_traits@D@std@@V?$allocator@D@2@@std@@@1@$$QAV?$tuple@$$V@1@@Z 10002810 f i animation_system.obj
 0001:000018a0       ??$_Max_value@I@std@@YAABIABI0@Z 100028a0 f i animation_system.obj
 0001:000018d0       ??$_Min_value@I@std@@YAABIABI0@Z 100028d0 f i animation_system.obj
 0001:00001900       ??$_Ptr_copy_cat@PAULegitPlayerRecords@@PAU1@@std@@YA?AU_Really_trivial_ptr_iterator_tag@0@ABQAPAULegitPlayerRecords@@0@Z 10002900 f i Legitbot.obj
 0001:00001900       ??$_Ptr_move_cat@HH@std@@YA?AU_Really_trivial_ptr_iterator_tag@0@ABQAH0@Z 10002900 f i animation_system.obj
 0001:00001900       ??$_Ptr_move_cat@V?$_List_unchecked_iterator@V?$_List_val@U?$_List_simple_types@U?$pair@$$CBV?$basic_string@DU?$char_traits@D@std@@V?$allocator@D@2@@std@@V?$shared_ptr@UNode@NetvarTree@@@2@@std@@@std@@@std@@@std@@V12@@std@@YA?AU_Trivially_copyable_ptr_iterator_tag@0@ABQAV?$_List_unchecked_iterator@V?$_List_val@U?$_List_simple_types@U?$pair@$$CBV?$basic_string@DU?$char_traits@D@std@@V?$allocator@D@2@@std@@V?$shared_ptr@UNode@NetvarTree@@@2@@std@@@std@@@std@@@0@0@Z 10002900 f i animation_system.obj
 0001:00001900       ??$_Ptr_copy_cat@PAUPlayerRecords@@PAU1@@std@@YA?AU_Really_trivial_ptr_iterator_tag@0@ABQAPAUPlayerRecords@@0@Z 10002900 f i LagComp.obj
 0001:00001910       ??$_Reallocate_for@V<lambda_9366063389c5f42a00a5088cf24e69de>@@PBD@?$basic_string@DU?$char_traits@D@std@@V?$allocator@D@2@@std@@QAEAAV01@IV<lambda_9366063389c5f42a00a5088cf24e69de>@@PBD@Z 10002910 f i animation_system.obj
 0001:000019f0       ??$_Seek_wrapped@$$CB_W@std@@YAXAAPB_WQB_W@Z 100029f0 f i config_system.obj
 0001:000019f0       ??$_Seek_wrapped@H@std@@YAXAAPAHQAH@Z 100029f0 f i animation_system.obj
 0001:000019f0       ??$_Seek_wrapped@V?$basic_string@DU?$char_traits@D@std@@V?$allocator@D@2@@std@@@std@@YAXAAPAV?$basic_string@DU?$char_traits@D@std@@V?$allocator@D@2@@0@QAV10@@Z 100029f0 f i config_system.obj
 0001:000019f0       ??$_Seek_wrapped@PAULegitPlayerRecords@@@std@@YAXAAPAPAULegitPlayerRecords@@QAPAU1@@Z 100029f0 f i Legitbot.obj
 0001:000019f0       ??$_Seek_wrapped@V?$_List_unchecked_iterator@V?$_List_val@U?$_List_simple_types@U?$pair@$$CBV?$basic_string@DU?$char_traits@D@std@@V?$allocator@D@2@@std@@V?$shared_ptr@UNode@NetvarTree@@@2@@std@@@std@@@std@@@std@@@std@@YAXAAPAV?$_List_unchecked_iterator@V?$_List_val@U?$_List_simple_types@U?$pair@$$CBV?$basic_string@DU?$char_traits@D@std@@V?$allocator@D@2@@std@@V?$shared_ptr@UNode@NetvarTree@@@2@@std@@@std@@@std@@@0@QAV10@@Z 100029f0 f i animation_system.obj
 0001:000019f0       ??$_Seek_wrapped@PAUPlayerRecords@@@std@@YAXAAPAPAUPlayerRecords@@QAPAU1@@Z 100029f0 f i LagComp.obj
 0001:00001a00       ??$_Traits_equal@U?$char_traits@D@std@@@std@@YA_NQBDI0I@Z 10002a00 f i animation_system.obj
 0001:00001a40       ??$_Try_emplace@V?$basic_string@DU?$char_traits@D@std@@V?$allocator@D@2@@std@@$$V@?$unordered_map@V?$basic_string@DU?$char_traits@D@std@@V?$allocator@D@2@@std@@V?$shared_ptr@UNode@NetvarTree@@@2@U?$hash@V?$basic_string@DU?$char_traits@D@std@@V?$allocator@D@2@@std@@@2@U?$equal_to@V?$basic_string@DU?$char_traits@D@std@@V?$allocator@D@2@@std@@@2@V?$allocator@U?$pair@$$CBV?$basic_string@DU?$char_traits@D@std@@V?$allocator@D@2@@std@@V?$shared_ptr@UNode@NetvarTree@@@2@@std@@@2@@std@@QAE?AU?$pair@V?$_List_iterator@V?$_List_val@U?$_List_simple_types@U?$pair@$$CBV?$basic_string@DU?$char_traits@D@std@@V?$allocator@D@2@@std@@V?$shared_ptr@UNode@NetvarTree@@@2@@std@@@std@@@std@@@std@@_N@1@$$QAV?$basic_string@DU?$char_traits@D@std@@V?$allocator@D@2@@1@@Z 10002a40 f i animation_system.obj
 0001:00001ae0       ??$_Uninit_alloc_fill_n1@PAV?$_List_unchecked_iterator@V?$_List_val@U?$_List_simple_types@U?$pair@$$CBV?$basic_string@DU?$char_traits@D@std@@V?$allocator@D@2@@std@@V?$shared_ptr@UNode@NetvarTree@@@2@@std@@@std@@@std@@@std@@IV?$allocator@V?$_List_unchecked_iterator@V?$_List_val@U?$_List_simple_types@U?$pair@$$CBV?$basic_string@DU?$char_traits@D@std@@V?$allocator@D@2@@std@@V?$shared_ptr@UNode@NetvarTree@@@2@@std@@@std@@@std@@@std@@@2@@std@@YAPAV?$_List_unchecked_iterator@V?$_List_val@U?$_List_simple_types@U?$pair@$$CBV?$basic_string@DU?$char_traits@D@std@@V?$allocator@D@2@@std@@V?$shared_ptr@UNode@NetvarTree@@@2@@std@@@std@@@std@@@0@QAV10@IABV10@AAV?$allocator@V?$_List_unchecked_iterator@V?$_List_val@U?$_List_simple_types@U?$pair@$$CBV?$basic_string@DU?$char_traits@D@std@@V?$allocator@D@2@@std@@V?$shared_ptr@UNode@NetvarTree@@@2@@std@@@std@@@std@@@std@@@0@U?$integral_constant@_N$0A@@0@@Z 10002ae0 f i animation_system.obj
 0001:00001b70       ??$_Uninitialized_fill_n@PAV?$_List_unchecked_iterator@V?$_List_val@U?$_List_simple_types@U?$pair@$$CBV?$basic_string@DU?$char_traits@D@std@@V?$allocator@D@2@@std@@V?$shared_ptr@UNode@NetvarTree@@@2@@std@@@std@@@std@@@std@@IV?$allocator@V?$_List_unchecked_iterator@V?$_List_val@U?$_List_simple_types@U?$pair@$$CBV?$basic_string@DU?$char_traits@D@std@@V?$allocator@D@2@@std@@V?$shared_ptr@UNode@NetvarTree@@@2@@std@@@std@@@std@@@std@@@2@@std@@YAPAV?$_List_unchecked_iterator@V?$_List_val@U?$_List_simple_types@U?$pair@$$CBV?$basic_string@DU?$char_traits@D@std@@V?$allocator@D@2@@std@@V?$shared_ptr@UNode@NetvarTree@@@2@@std@@@std@@@std@@@0@QAV10@IABV10@AAV?$allocator@V?$_List_unchecked_iterator@V?$_List_val@U?$_List_simple_types@U?$pair@$$CBV?$basic_string@DU?$char_traits@D@std@@V?$allocator@D@2@@std@@V?$shared_ptr@UNode@NetvarTree@@@2@@std@@@std@@@std@@@std@@@0@@Z 10002b70 f i animation_system.obj
 0001:00001ba0       ??$_Uninitialized_copy@PAPAULegitPlayerRecords@@PAPAU1@V?$allocator@PAULegitPlayerRecords@@@std@@@std@@YAPAPAULegitPlayerRecords@@QAPAU1@0PAPAU1@AAV?$allocator@PAULegitPlayerRecords@@@0@@Z 10002ba0 f i Legitbot.obj
 0001:00001ba0       ??$_Uninitialized_move@PAHPAHV?$allocator@H@std@@@std@@YAPAHQAH0PAHAAV?$allocator@H@0@@Z 10002ba0 f i animation_system.obj
 0001:00001ba0       ??$_Uninitialized_copy@PAPAUPlayerRecords@@PAPAU1@V?$allocator@PAUPlayerRecords@@@std@@@std@@YAPAPAUPlayerRecords@@QAPAU1@0PAPAU1@AAV?$allocator@PAUPlayerRecords@@@0@@Z 10002ba0 f i LagComp.obj
 0001:00001c70       ??$_Uninitialized_move@PAV?$_List_unchecked_iterator@V?$_List_val@U?$_List_simple_types@U?$pair@$$CBV?$basic_string@DU?$char_traits@D@std@@V?$allocator@D@2@@std@@V?$shared_ptr@UNode@NetvarTree@@@2@@std@@@std@@@std@@@std@@PAV12@V?$allocator@V?$_List_unchecked_iterator@V?$_List_val@U?$_List_simple_types@U?$pair@$$CBV?$basic_string@DU?$char_traits@D@std@@V?$allocator@D@2@@std@@V?$shared_ptr@UNode@NetvarTree@@@2@@std@@@std@@@std@@@std@@@2@@std@@YAPAV?$_List_unchecked_iterator@V?$_List_val@U?$_List_simple_types@U?$pair@$$CBV?$basic_string@DU?$char_traits@D@std@@V?$allocator@D@2@@std@@V?$shared_ptr@UNode@NetvarTree@@@2@@std@@@std@@@std@@@0@QAV10@0PAV10@AAV?$allocator@V?$_List_unchecked_iterator@V?$_List_val@U?$_List_simple_types@U?$pair@$$CBV?$basic_string@DU?$char_traits@D@std@@V?$allocator@D@2@@std@@V?$shared_ptr@UNode@NetvarTree@@@2@@std@@@std@@@std@@@std@@@0@@Z 10002c70 f i animation_system.obj
 0001:00001d30       ??$_Uninitialized_copy_al_unchecked@PAUPlayerRecords@@PAU1@V?$allocator@PAUPlayerRecords@@@std@@@std@@YAPAPAUPlayerRecords@@QAPAU1@00AAV?$allocator@PAUPlayerRecords@@@0@U_Really_trivial_ptr_iterator_tag@0@U?$integral_constant@_N$00@0@@Z 10002d30 f i LagComp.obj
 0001:00001d30       ??$_Uninitialized_copy_al_unchecked@PAULegitPlayerRecords@@PAU1@V?$allocator@PAULegitPlayerRecords@@@std@@@std@@YAPAPAULegitPlayerRecords@@QAPAU1@00AAV?$allocator@PAULegitPlayerRecords@@@0@U_Really_trivial_ptr_iterator_tag@0@U?$integral_constant@_N$00@0@@Z 10002d30 f i Legitbot.obj
 0001:00001d30       ??$_Uninitialized_move_al_unchecked@HHV?$allocator@H@std@@@std@@YAPAHQAH00AAV?$allocator@H@0@U_Really_trivial_ptr_iterator_tag@0@U?$integral_constant@_N$00@0@@Z 10002d30 f i animation_system.obj
 0001:00001d50       ??$_Uninitialized_move_al_unchecked@PAV?$_List_unchecked_iterator@V?$_List_val@U?$_List_simple_types@U?$pair@$$CBV?$basic_string@DU?$char_traits@D@std@@V?$allocator@D@2@@std@@V?$shared_ptr@UNode@NetvarTree@@@2@@std@@@std@@@std@@@std@@PAV12@V?$allocator@V?$_List_unchecked_iterator@V?$_List_val@U?$_List_simple_types@U?$pair@$$CBV?$basic_string@DU?$char_traits@D@std@@V?$allocator@D@2@@std@@V?$shared_ptr@UNode@NetvarTree@@@2@@std@@@std@@@std@@@std@@@2@@std@@YAPAV?$_List_unchecked_iterator@V?$_List_val@U?$_List_simple_types@U?$pair@$$CBV?$basic_string@DU?$char_traits@D@std@@V?$allocator@D@2@@std@@V?$shared_ptr@UNode@NetvarTree@@@2@@std@@@std@@@std@@@0@PAV10@QAV10@1AAV?$allocator@V?$_List_unchecked_iterator@V?$_List_val@U?$_List_simple_types@U?$pair@$$CBV?$basic_string@DU?$char_traits@D@std@@V?$allocator@D@2@@std@@V?$shared_ptr@UNode@NetvarTree@@@2@@std@@@std@@@std@@@std@@@0@U_General_ptr_iterator_tag@0@U_Unused_parameter@0@@Z 10002d50 f i animation_system.obj
 0001:00001df0       ??$construct@PADABQAD@?$_Default_allocator_traits@V?$allocator@D@std@@@std@@SAXAAV?$allocator@D@1@QAPADABQAD@Z 10002df0 f i animation_system.obj
 0001:00001df0       ??$construct@PA_WABQA_W@?$_Default_allocator_traits@V?$allocator@_W@std@@@std@@SAXAAV?$allocator@_W@1@QAPA_WABQA_W@Z 10002df0 f i config_system.obj
 0001:00001df0       ??$construct@PAU?$_List_node@U?$pair@$$CBV?$basic_string@DU?$char_traits@D@std@@V?$allocator@D@2@@std@@V?$shared_ptr@UNode@NetvarTree@@@2@@std@@PAX@std@@AAPAU12@@?$_Default_allocator_traits@V?$allocator@U?$_List_node@U?$pair@$$CBV?$basic_string@DU?$char_traits@D@std@@V?$allocator@D@2@@std@@V?$shared_ptr@UNode@NetvarTree@@@2@@std@@PAX@std@@@std@@@std@@SAXAAV?$allocator@U?$_List_node@U?$pair@$$CBV?$basic_string@DU?$char_traits@D@std@@V?$allocator@D@2@@std@@V?$shared_ptr@UNode@NetvarTree@@@2@@std@@PAX@std@@@1@QAPAU?$_List_node@U?$pair@$$CBV?$basic_string@DU?$char_traits@D@std@@V?$allocator@D@2@@std@@V?$shared_ptr@UNode@NetvarTree@@@2@@std@@PAX@1@AAPAU31@@Z 10002df0 f i animation_system.obj
 0001:00001df0       ??$construct@HH@?$_Default_allocator_traits@V?$allocator@H@std@@@std@@SAXAAV?$allocator@H@1@QAH$$QAH@Z 10002df0 f i animation_system.obj
 0001:00001e20       ??$construct@U?$pair@$$CBV?$basic_string@DU?$char_traits@D@std@@V?$allocator@D@2@@std@@V?$shared_ptr@UNode@NetvarTree@@@2@@std@@ABUpiecewise_construct_t@2@V?$tuple@$$QAV?$basic_string@DU?$char_traits@D@std@@V?$allocator@D@2@@std@@@2@V?$tuple@$$V@2@@?$_Default_allocator_traits@V?$allocator@U?$_List_node@U?$pair@$$CBV?$basic_string@DU?$char_traits@D@std@@V?$allocator@D@2@@std@@V?$shared_ptr@UNode@NetvarTree@@@2@@std@@PAX@std@@@std@@@std@@SAXAAV?$allocator@U?$_List_node@U?$pair@$$CBV?$basic_string@DU?$char_traits@D@std@@V?$allocator@D@2@@std@@V?$shared_ptr@UNode@NetvarTree@@@2@@std@@PAX@std@@@1@QAU?$pair@$$CBV?$basic_string@DU?$char_traits@D@std@@V?$allocator@D@2@@std@@V?$shared_ptr@UNode@NetvarTree@@@2@@1@ABUpiecewise_construct_t@1@$$QAV?$tuple@$$QAV?$basic_string@DU?$char_traits@D@std@@V?$allocator@D@2@@std@@@1@$$QAV?$tuple@$$V@1@@Z 10002e20 f i animation_system.obj
 0001:00001ea0       ??$construct@V?$_List_unchecked_iterator@V?$_List_val@U?$_List_simple_types@U?$pair@$$CBV?$basic_string@DU?$char_traits@D@std@@V?$allocator@D@2@@std@@V?$shared_ptr@UNode@NetvarTree@@@2@@std@@@std@@@std@@@std@@ABV12@@?$_Default_allocator_traits@V?$allocator@V?$_List_unchecked_iterator@V?$_List_val@U?$_List_simple_types@U?$pair@$$CBV?$basic_string@DU?$char_traits@D@std@@V?$allocator@D@2@@std@@V?$shared_ptr@UNode@NetvarTree@@@2@@std@@@std@@@std@@@std@@@std@@@std@@SAXAAV?$allocator@V?$_List_unchecked_iterator@V?$_List_val@U?$_List_simple_types@U?$pair@$$CBV?$basic_string@DU?$char_traits@D@std@@V?$allocator@D@2@@std@@V?$shared_ptr@UNode@NetvarTree@@@2@@std@@@std@@@std@@@std@@@1@QAV?$_List_unchecked_iterator@V?$_List_val@U?$_List_simple_types@U?$pair@$$CBV?$basic_string@DU?$char_traits@D@std@@V?$allocator@D@2@@std@@V?$shared_ptr@UNode@NetvarTree@@@2@@std@@@std@@@std@@@1@ABV31@@Z 10002ea0 f i animation_system.obj
 0001:00001ea0       ??$construct@V?$_List_unchecked_iterator@V?$_List_val@U?$_List_simple_types@U?$pair@$$CBV?$basic_string@DU?$char_traits@D@std@@V?$allocator@D@2@@std@@V?$shared_ptr@UNode@NetvarTree@@@2@@std@@@std@@@std@@@std@@V12@@?$_Default_allocator_traits@V?$allocator@V?$_List_unchecked_iterator@V?$_List_val@U?$_List_simple_types@U?$pair@$$CBV?$basic_string@DU?$char_traits@D@std@@V?$allocator@D@2@@std@@V?$shared_ptr@UNode@NetvarTree@@@2@@std@@@std@@@std@@@std@@@std@@@std@@SAXAAV?$allocator@V?$_List_unchecked_iterator@V?$_List_val@U?$_List_simple_types@U?$pair@$$CBV?$basic_string@DU?$char_traits@D@std@@V?$allocator@D@2@@std@@V?$shared_ptr@UNode@NetvarTree@@@2@@std@@@std@@@std@@@std@@@1@QAV?$_List_unchecked_iterator@V?$_List_val@U?$_List_simple_types@U?$pair@$$CBV?$basic_string@DU?$char_traits@D@std@@V?$allocator@D@2@@std@@V?$shared_ptr@UNode@NetvarTree@@@2@@std@@@std@@@std@@@1@$$QAV31@@Z 10002ea0 f i animation_system.obj
 0001:00001ed0       ??$destroy@U?$pair@$$CBV?$basic_string@DU?$char_traits@D@std@@V?$allocator@D@2@@std@@V?$shared_ptr@UNode@NetvarTree@@@2@@std@@@?$_Default_allocator_traits@V?$allocator@U?$_List_node@U?$pair@$$CBV?$basic_string@DU?$char_traits@D@std@@V?$allocator@D@2@@std@@V?$shared_ptr@UNode@NetvarTree@@@2@@std@@PAX@std@@@std@@@std@@SAXAAV?$allocator@U?$_List_node@U?$pair@$$CBV?$basic_string@DU?$char_traits@D@std@@V?$allocator@D@2@@std@@V?$shared_ptr@UNode@NetvarTree@@@2@@std@@PAX@std@@@1@QAU?$pair@$$CBV?$basic_string@DU?$char_traits@D@std@@V?$allocator@D@2@@std@@V?$shared_ptr@UNode@NetvarTree@@@2@@1@@Z 10002ed0 f i animation_system.obj
 0001:00001ee0       ??$emplace@ABUpiecewise_construct_t@std@@V?$tuple@$$QAV?$basic_string@DU?$char_traits@D@std@@V?$allocator@D@2@@std@@@2@V?$tuple@$$V@2@@?$_Hash@V?$_Umap_traits@V?$basic_string@DU?$char_traits@D@std@@V?$allocator@D@2@@std@@V?$shared_ptr@UNode@NetvarTree@@@2@V?$_Uhash_compare@V?$basic_string@DU?$char_traits@D@std@@V?$allocator@D@2@@std@@U?$hash@V?$basic_string@DU?$char_traits@D@std@@V?$allocator@D@2@@std@@@2@U?$equal_to@V?$basic_string@DU?$char_traits@D@std@@V?$allocator@D@2@@std@@@2@@2@V?$allocator@U?$pair@$$CBV?$basic_string@DU?$char_traits@D@std@@V?$allocator@D@2@@std@@V?$shared_ptr@UNode@NetvarTree@@@2@@std@@@2@$0A@@std@@@std@@QAE?AU?$pair@V?$_List_iterator@V?$_List_val@U?$_List_simple_types@U?$pair@$$CBV?$basic_string@DU?$char_traits@D@std@@V?$allocator@D@2@@std@@V?$shared_ptr@UNode@NetvarTree@@@2@@std@@@std@@@std@@@std@@_N@1@ABUpiecewise_construct_t@1@$$QAV?$tuple@$$QAV?$basic_string@DU?$char_traits@D@std@@V?$allocator@D@2@@std@@@1@$$QAV?$tuple@$$V@1@@Z 10002ee0 f i animation_system.obj
 0001:00001f70       ??$emplace_back@H@?$vector@HV?$allocator@H@std@@@std@@QAEAAH$$QAH@Z 10002f70 f i animation_system.obj
 0001:00001fe0       ??$emplace_front@ABUpiecewise_construct_t@std@@V?$tuple@$$QAV?$basic_string@DU?$char_traits@D@std@@V?$allocator@D@2@@std@@@2@V?$tuple@$$V@2@@?$list@U?$pair@$$CBV?$basic_string@DU?$char_traits@D@std@@V?$allocator@D@2@@std@@V?$shared_ptr@UNode@NetvarTree@@@2@@std@@V?$allocator@U?$pair@$$CBV?$basic_string@DU?$char_traits@D@std@@V?$allocator@D@2@@std@@V?$shared_ptr@UNode@NetvarTree@@@2@@std@@@2@@std@@QAEAAU?$pair@$$CBV?$basic_string@DU?$char_traits@D@std@@V?$allocator@D@2@@std@@V?$shared_ptr@UNode@NetvarTree@@@2@@1@ABUpiecewise_construct_t@1@$$QAV?$tuple@$$QAV?$basic_string@DU?$char_traits@D@std@@V?$allocator@D@2@@std@@@1@$$QAV?$tuple@$$V@1@@Z 10002fe0 f i animation_system.obj
 0001:00002060       ??$erase@V?$_List_iterator@V?$_List_val@U?$_List_simple_types@U?$pair@$$CBV?$basic_string@DU?$char_traits@D@std@@V?$allocator@D@2@@std@@V?$shared_ptr@UNode@NetvarTree@@@2@@std@@@std@@@std@@@std@@X@?$_Hash@V?$_Umap_traits@V?$basic_string@DU?$char_traits@D@std@@V?$allocator@D@2@@std@@V?$shared_ptr@UNode@NetvarTree@@@2@V?$_Uhash_compare@V?$basic_string@DU?$char_traits@D@std@@V?$allocator@D@2@@std@@U?$hash@V?$basic_string@DU?$char_traits@D@std@@V?$allocator@D@2@@std@@@2@U?$equal_to@V?$basic_string@DU?$char_traits@D@std@@V?$allocator@D@2@@std@@@2@@2@V?$allocator@U?$pair@$$CBV?$basic_string@DU?$char_traits@D@std@@V?$allocator@D@2@@std@@V?$shared_ptr@UNode@NetvarTree@@@2@@std@@@2@$0A@@std@@@std@@QAE?AV?$_List_iterator@V?$_List_val@U?$_List_simple_types@U?$pair@$$CBV?$basic_string@DU?$char_traits@D@std@@V?$allocator@D@2@@std@@V?$shared_ptr@UNode@NetvarTree@@@2@@std@@@std@@@std@@@1@V21@@Z 10003060 f i animation_system.obj
 0001:00002090       ??$forward_as_tuple@$$V@std@@YA?AV?$tuple@$$V@0@XZ 10003090 f i animation_system.obj
 0001:000020a0       ??$forward_as_tuple@V?$basic_string@DU?$char_traits@D@std@@V?$allocator@D@2@@std@@@std@@YA?AV?$tuple@$$QAV?$basic_string@DU?$char_traits@D@std@@V?$allocator@D@2@@std@@@0@$$QAV?$basic_string@DU?$char_traits@D@std@@V?$allocator@D@2@@0@@Z 100030a0 f i animation_system.obj
 0001:000020c0       ??$get@$0A@$$QAV?$basic_string@DU?$char_traits@D@std@@V?$allocator@D@2@@std@@@std@@YA$$QAV?$basic_string@DU?$char_traits@D@std@@V?$allocator@D@2@@0@$$QAV?$tuple@$$QAV?$basic_string@DU?$char_traits@D@std@@V?$allocator@D@2@@std@@@0@@Z 100030c0 f i animation_system.obj
 0001:000020e0       ??$try_emplace@$$V@?$unordered_map@V?$basic_string@DU?$char_traits@D@std@@V?$allocator@D@2@@std@@V?$shared_ptr@UNode@NetvarTree@@@2@U?$hash@V?$basic_string@DU?$char_traits@D@std@@V?$allocator@D@2@@std@@@2@U?$equal_to@V?$basic_string@DU?$char_traits@D@std@@V?$allocator@D@2@@std@@@2@V?$allocator@U?$pair@$$CBV?$basic_string@DU?$char_traits@D@std@@V?$allocator@D@2@@std@@V?$shared_ptr@UNode@NetvarTree@@@2@@std@@@2@@std@@QAE?AU?$pair@V?$_List_iterator@V?$_List_val@U?$_List_simple_types@U?$pair@$$CBV?$basic_string@DU?$char_traits@D@std@@V?$allocator@D@2@@std@@V?$shared_ptr@UNode@NetvarTree@@@2@@std@@@std@@@std@@@std@@_N@1@$$QAV?$basic_string@DU?$char_traits@D@std@@V?$allocator@D@2@@1@@Z 100030e0 f i animation_system.obj
 0001:00002110       ??0?$_List_const_iterator@V?$_List_val@U?$_List_simple_types@U?$pair@$$CBV?$basic_string@DU?$char_traits@D@std@@V?$allocator@D@2@@std@@V?$shared_ptr@UNode@NetvarTree@@@2@@std@@@std@@@std@@@std@@QAE@PAU?$_List_node@U?$pair@$$CBV?$basic_string@DU?$char_traits@D@std@@V?$allocator@D@2@@std@@V?$shared_ptr@UNode@NetvarTree@@@2@@std@@PAX@1@PBV?$_List_val@U?$_List_simple_types@U?$pair@$$CBV?$basic_string@DU?$char_traits@D@std@@V?$allocator@D@2@@std@@V?$shared_ptr@UNode@NetvarTree@@@2@@std@@@std@@@1@@Z 10003110 f i animation_system.obj
 0001:00002110       ??0?$_String_iterator@V?$_String_val@U?$_Simple_types@D@std@@@std@@@std@@QAE@PADPBU_Container_base0@1@@Z 10003110 f i c_esp.obj
 0001:00002110       ??0?$_List_unchecked_iterator@V?$_List_val@U?$_List_simple_types@U?$pair@$$CBV?$basic_string@DU?$char_traits@D@std@@V?$allocator@D@2@@std@@V?$shared_ptr@UNode@NetvarTree@@@2@@std@@@std@@@std@@@std@@QAE@PAU?$_List_node@U?$pair@$$CBV?$basic_string@DU?$char_traits@D@std@@V?$allocator@D@2@@std@@V?$shared_ptr@UNode@NetvarTree@@@2@@std@@PAX@1@PBV?$_List_val@U?$_List_simple_types@U?$pair@$$CBV?$basic_string@DU?$char_traits@D@std@@V?$allocator@D@2@@std@@V?$shared_ptr@UNode@NetvarTree@@@2@@std@@@std@@@1@@Z 10003110 f i animation_system.obj
 0001:00002110       ??0?$_Vector_iterator@V?$_Vector_val@U?$_Simple_types@V?$basic_string@DU?$char_traits@D@std@@V?$allocator@D@2@@std@@@std@@@std@@@std@@QAE@PAV?$basic_string@DU?$char_traits@D@std@@V?$allocator@D@2@@1@PBU_Container_base0@1@@Z 10003110 f i config_system.obj
[...]
 0002:0000c7a0       __unwindtable$??$make_shared@UNode@NetvarTree@@H@std@@YA?AV?$shared_ptr@UNode@NetvarTree@@@0@$$QAH@Z 100737a0     NetvarManager.obj
 0002:0000c7b0       __ehfuncinfo$??$make_shared@UNode@NetvarTree@@H@std@@YA?AV?$shared_ptr@UNode@NetvarTree@@@0@$$QAH@Z 100737b0     NetvarManager.obj
 0002:0000c7d4       __unwindtable$??$?0H@?$_Ref_count_obj@UNode@NetvarTree@@@std@@QAE@$$QAH@Z 100737d4     NetvarManager.obj
 0002:0000c7dc       __ehfuncinfo$??$?0H@?$_Ref_count_obj@UNode@NetvarTree@@@std@@QAE@$$QAH@Z 100737dc     NetvarManager.obj
 0002:0000c800       __catchsym$??$_Buynode@PBDABV?$shared_ptr@UNode@NetvarTree@@@std@@@?$_List_buy@U?$pair@$$CBV?$basic_string@DU?$char_traits@D@std@@V?$allocator@D@2@@std@@V?$shared_ptr@UNode@NetvarTree@@@2@@std@@V?$allocator@U?$pair@$$CBV?$basic_string@DU?$char_traits@D@std@@V?$allocator@D@2@@std@@V?$shared_ptr@UNode@NetvarTree@@@2@@std@@@2@@std@@QAEPAU?$_List_node@U?$pair@$$CBV?$basic_string@DU?$char_traits@D@std@@V?$allocator@D@2@@std@@V?$shared_ptr@UNode@NetvarTree@@@2@@std@@PAX@1@PAU21@0$$QAPBDABV?$shared_ptr@UNode@NetvarTree@@@1@@Z$2 10073800     NetvarManager.obj
 0002:0000c810       __unwindtable$??$_Buynode@PBDABV?$shared_ptr@UNode@NetvarTree@@@std@@@?$_List_buy@U?$pair@$$CBV?$basic_string@DU?$char_traits@D@std@@V?$allocator@D@2@@std@@V?$shared_ptr@UNode@NetvarTree@@@2@@std@@V?$allocator@U?$pair@$$CBV?$basic_string@DU?$char_traits@D@std@@V?$allocator@D@2@@std@@V?$shared_ptr@UNode@NetvarTree@@@2@@std@@@2@@std@@QAEPAU?$_List_node@U?$pair@$$CBV?$basic_string@DU?$char_traits@D@std@@V?$allocator@D@2@@std@@V?$shared_ptr@UNode@NetvarTree@@@2@@std@@PAX@1@PAU21@0$$QAPBDABV?$shared_ptr@UNode@NetvarTree@@@1@@Z 10073810     NetvarManager.obj
 0002:0000c820       __tryblocktable$??$_Buynode@PBDABV?$shared_ptr@UNode@NetvarTree@@@std@@@?$_List_buy@U?$pair@$$CBV?$basic_string@DU?$char_traits@D@std@@V?$allocator@D@2@@std@@V?$shared_ptr@UNode@NetvarTree@@@2@@std@@V?$allocator@U?$pair@$$CBV?$basic_string@DU?$char_traits@D@std@@V?$allocator@D@2@@std@@V?$shared_ptr@UNode@NetvarTree@@@2@@std@@@2@@std@@QAEPAU?$_List_node@U?$pair@$$CBV?$basic_string@DU?$char_traits@D@std@@V?$allocator@D@2@@std@@V?$shared_ptr@UNode@NetvarTree@@@2@@std@@PAX@1@PAU21@0$$QAPBDABV?$shared_ptr@UNode@NetvarTree@@@1@@Z 10073820     NetvarManager.obj
 0002:0000c834       __ehfuncinfo$??$_Buynode@PBDABV?$shared_ptr@UNode@NetvarTree@@@std@@@?$_List_buy@U?$pair@$$CBV?$basic_string@DU?$char_traits@D@std@@V?$allocator@D@2@@std@@V?$shared_ptr@UNode@NetvarTree@@@2@@std@@V?$allocator@U?$pair@$$CBV?$basic_string@DU?$char_traits@D@std@@V?$allocator@D@2@@std@@V?$shared_ptr@UNode@NetvarTree@@@2@@std@@@2@@std@@QAEPAU?$_List_node@U?$pair@$$CBV?$basic_string@DU?$char_traits@D@std@@V?$allocator@D@2@@std@@V?$shared_ptr@UNode@NetvarTree@@@2@@std@@PAX@1@PAU21@0$$QAPBDABV?$shared_ptr@UNode@NetvarTree@@@1@@Z 10073834     NetvarManager.obj
 0002:0000c858       __unwindtable$___std_fs_get_stats@16 10073858     msvcprt:filesystem.obj
 0002:0000c870       __ehfuncinfo$___std_fs_get_stats@16 10073870     msvcprt:filesystem.obj
 0002:0000c898       __sehtable$??_L@YGXPAXIIP6EX0@Z1@Z 10073898     MSVCRT:ehvecctr.obj
 0002:0000c8b8       __sehtable$??_M@YGXPAXIIP6EX0@Z@Z 100738b8     MSVCRT:ehvecdtr.obj
 0002:0000c8d8       __sehtable$?__ArrayUnwind@@YGXPAXIIP6EX0@Z@Z 100738d8     MSVCRT:ehvecdtr.obj
 0002:0000c8f8       __sehtable$___scrt_is_nonwritable_in_current_image 100738f8     MSVCRT:utility.obj
 0002:0000c918       __sehtable$?dllmain_crt_process_attach@@YAHQAUHINSTANCE__@@QAX@Z 10073918     MSVCRT:dll_dllmain.obj
 0002:0000c938       __sehtable$?dllmain_crt_process_detach@@YAH_N@Z 10073938     MSVCRT:dll_dllmain.obj
 0002:0000c958       __sehtable$?dllmain_dispatch@@YAHQAUHINSTANCE__@@KQAX@Z 10073958     MSVCRT:dll_dllmain.obj
 0002:0000cfcc       .idata$6                   10073fcc     kernel32:KERNEL32.dll
 0002:0000d0b4       .idata$6                   100740b4     user32:USER32.dll
 0002:0000d0d8       .idata$6                   100740d8     shell32:SHELL32.dll
 0002:0000d0f4       .idata$6                   100740f4     ole32:ole32.dll
 0002:0000defc       .idata$6                   10074efc     msvcprt:MSVCP140.dll
 0002:0000df34       .idata$6                   10074f34     imm32:IMM32.dll
 0002:0000e03a       .idata$6                   1007503a     vcruntime:VCRUNTIME140.dll
 0002:0000e3dc       .idata$6                   100753dc     ucrt:api-ms-win-crt-runtime-l1-1-0.dll
 0002:0000e3fe       .idata$6                   100753fe     ucrt:api-ms-win-crt-heap-l1-1-0.dll
 0002:0000e41e       .idata$6                   1007541e     ucrt:api-ms-win-crt-convert-l1-1-0.dll
 0002:0000e440       .idata$6                   10075440     ucrt:api-ms-win-crt-stdio-l1-1-0.dll
 0002:0000e460       .idata$6                   10075460     ucrt:api-ms-win-crt-math-l1-1-0.dll
 0002:0000e480       .idata$6                   10075480     ucrt:api-ms-win-crt-utility-l1-1-0.dll
 0002:0000e4a2       .idata$6                   100754a2     ucrt:api-ms-win-crt-string-l1-1-0.dll
 0002:0000e4c4       .idata$6                   100754c4     ucrt:api-ms-win-crt-filesystem-l1-1-0.dll
 0002:0000e4ea       .idata$6                   100754ea     ucrt:api-ms-win-crt-locale-l1-1-0.dll
 0003:00000000       ?Speed@?1??Autostop@c_aimbot@@QAEXXZ@4MA 10076000     c_ragebot.obj
 0003:00000004       ?HitboxForMuti@?1??Hitscan@c_aimbot@@QAE?AVVector@@PAVC_BaseEntity@@@Z@4PAHA 10076004     c_ragebot.obj
 0003:0000001c       ?g_VertexBufferSize@@3HA   1007601c     imgui_impl_dx9.obj
 0003:00000020       ?g_IndexBufferSize@@3HA    10076020     imgui_impl_dx9.obj
 0003:00000028       ?STB_TEXTEDIT_NEWLINE@ImGuiStb@@3GA 10076028     imgui.obj
 0003:00000038       ?old_time@?1??begin_popup@ImGui@@YAXPBDHPA_N@Z@4JA 10076038     menu_system.obj
 0003:0000003c       ?current_config@?2??config_tab@@YAXXZ@4HA 1007603c     menu_system.obj
 0003:00000504       ?vec2_origin@@3VVector2D@@B 10076504     animation_system.obj
 0003:0000054c       ?old_tick_count@?1??fresh_tick@@YA_NXZ@4HA 1007654c     animation_system.obj
 0003:00000550       ?proper_abs@?1??LocalAnimFix@animations_system@@QAEXPAVC_BaseEntity@@@Z@4MA 10076550     animation_system.obj
 0003:00000554       ?$TSS0@?1??LocalAnimFix@animations_system@@QAEXPAVC_BaseEntity@@@Z@4HA 10076554     animation_system.obj
 0003:00000558       ?sent_pose_params@?1??LocalAnimFix@animations_system@@QAEXPAVC_BaseEntity@@@Z@4V?$array@M$0BI@@std@@A 10076558     animation_system.obj
 0003:000005b8       ?$TSS1@?1??LocalAnimFix@animations_system@@QAEXPAVC_BaseEntity@@@Z@4HA 100765b8     animation_system.obj
 0003:000005c0       ?backup_layers@?1??LocalAnimFix@animations_system@@QAEXPAVC_BaseEntity@@@Z@4PAVAnimationLayer@@A 100765c0     animation_system.obj
 0003:0000090c       ?vec2_origin@@3VVector2D@@B 1007690c     other_esp.obj
 0003:00000920       ?OldNightmode@?1??night_mode@other_esp@@QAEXXZ@4_NA 10076920     other_esp.obj
 0003:00000a60       ?vec2_origin@@3VVector2D@@B 10076a60     c_hooks.obj
 0003:00000a74       ?vec2_origin@@3VVector2D@@B 10076a74     dll_main.obj
 0003:00000a80       ?vec2_origin@@3VVector2D@@B 10076a80     c_ragebot.obj
 0003:0006233c       ?shot@?1??OnCreateMove@c_aimbot@@QAEXXZ@4_NA 100d833c     c_ragebot.obj
 0003:00062344       ?vec2_origin@@3VVector2D@@B 100d8344     Autowall.obj
 0003:0006235c       ?dwAddress@?1??UTIL_ClipTraceToPlayers@@YAXABVVector@@0IPAVITraceFilter@@PAUC_Trace@@@Z@4KA 100d835c     Autowall.obj
 0003:00062360       ?$TSS0@?1??UTIL_ClipTraceToPlayers@@YAXABVVector@@0IPAVITraceFilter@@PAUC_Trace@@@Z@4HA 100d8360     Autowall.obj
 0003:00062364       ?oTraceToExit@?1??TraceToExitalt@@YA_NAAVVector@@AAUC_Trace@@V2@2PAU3@@Z@4P6I_N01MMMMMM3@ZA 100d8364     Autowall.obj
 0003:00062368       ?$TSS0@?1??TraceToExitalt@@YA_NAAVVector@@AAUC_Trace@@V2@2PAU3@@Z@4HA 100d8368     Autowall.obj
 0003:0006237c       ?vec2_origin@@3VVector2D@@B 100d837c     EnginePrediction.obj
 0003:00062390       ?vec2_origin@@3VVector2D@@B 100d8390     LagComp.obj
 0003:000629b8       ?ShotTime@?1??StoreRecord@LagComp@@QAEXPAVC_BaseEntity@@@Z@4PAMA 100d89b8     LagComp.obj
 0003:00062ac0       ?OldSimtime@?1??StoreRecord@LagComp@@QAEXPAVC_BaseEntity@@@Z@4PAMA 100d8ac0     LagComp.obj
 0003:00064780       ?vec2_origin@@3VVector2D@@B 100da780     AntiAim.obj
 0003:00064790       ?host_timescale@?BA@??desyncchams@AntiAim@@QAEXXZ@4PAVConVar@@A 100da790     AntiAim.obj
 0003:00064794       ?$TSS0@?BA@??desyncchams@AntiAim@@QAEXXZ@4HA 100da794     AntiAim.obj
 0003:00064798       ?FinalAngle@?1??FreeStanding@@YAXXZ@4MA 100da798     AntiAim.obj
 0003:0006479c       ?oldSwtich@?CL@??FreeStanding@@YAXXZ@4_NA 100da79c     AntiAim.obj
 0003:000647a0       ?$TSS0@?CL@??FreeStanding@@YAXXZ@4HA 100da7a0     AntiAim.obj
 0003:000647a4       ?Add@?CL@??FreeStanding@@YAXXZ@4HA 100da7a4     AntiAim.obj
 0003:000647a8       ?Swtich2@?1??Real@@YAXXZ@4_NA 100da7a8     AntiAim.obj
 0003:000647ac       ?test@?1??Real@@YAXXZ@4MA  100da7ac     AntiAim.obj
 0003:000647b0       ?vec2_origin@@3VVector2D@@B 100da7b0     Legitbot.obj
 0003:00064cd0       ?bestEntTick@?1??OnCreateMove@Legitbot@@QAEXXZ@4PAHA 100dacd0     Legitbot.obj
 0003:00064dd8       ?StoredSimTime@?9??OnCreateMove@Legitbot@@QAEXXZ@4PAMA 100dadd8     Legitbot.obj
 0003:00064ee0       ?vec2_origin@@3VVector2D@@B 100daee0     Resolver.obj
 0003:00065140       ?predTime@?1??HandleHits@@YAXPAVC_BaseEntity@@@Z@4PAMA 100db140     Resolver.obj
 0003:00065248       ?init@?1??HandleHits@@YAXPAVC_BaseEntity@@@Z@4PA_NA 100db248     Resolver.obj
 0003:00065290       ?wasDormant@?1??FrameStage@Resolver@@QAEXW4ClientFrameStage_t@@@Z@4PA_NA 100db290     Resolver.obj
 0003:00065320       ?vec2_origin@@3VVector2D@@B 100db320     c_esp.obj
 0003:00065338       ?g_hWnd@@3PAUHWND__@@A     100db338     imgui_impl_dx9.obj
 0003:0006533c       ?g_pd3dDevice@@3PAUIDirect3DDevice9@@A 100db33c     imgui_impl_dx9.obj
 0003:00065340       ?g_Time@@3_JA              100db340     imgui_impl_dx9.obj
 0003:00065348       ?g_TicksPerSecond@@3_JA    100db348     imgui_impl_dx9.obj
 0003:00065350       ?g_pVB@@3PAUIDirect3DVertexBuffer9@@A 100db350     imgui_impl_dx9.obj
 0003:00065354       ?g_pIB@@3PAUIDirect3DIndexBuffer9@@A 100db354     imgui_impl_dx9.obj
 0003:00065358       ?g_FontTexture@@3PAUIDirect3DTexture9@@A 100db358     imgui_impl_dx9.obj
 0003:00065368       ?GImDefaultFontAtlas@@3UImFontAtlas@@A 100db368     imgui.obj
 0003:000653b0       ?GImDefaultContext@@3UImGuiContext@@A 100db3b0     imgui.obj
 0003:00068970       ?crc32_lut@?1??ImHash@@YAIPBXHI@Z@4PAIA 100de970     imgui.obj
 0003:00068d70       ?buf_local@?1??GetClipboardTextFn_DefaultImpl@@YAPBDPAX@Z@4V?$ImVector@D@@A 100ded70     imgui.obj
 0003:00068d7c       ?$TSS0@?1??GetClipboardTextFn_DefaultImpl@@YAPBDPAX@Z@4HA 100ded7c     imgui.obj
 0003:00068d80       ?GNullClipRect@@3UImVec4@@B 100ded80     imgui_draw.obj
 0003:00068d90       ?stb__barrier@@3PAEA       100ded90     imgui_draw.obj
 0003:00068d94       ?stb__barrier2@@3PAEA      100ded94     imgui_draw.obj
 0003:00068d98       ?stb__barrier3@@3PAEA      100ded98     imgui_draw.obj
 0003:00068d9c       ?stb__barrier4@@3PAEA      100ded9c     imgui_draw.obj
 0003:00068da0       ?stb__dout@@3PAEA          100deda0     imgui_draw.obj
 0003:00068da8       ?circle_vtx@?1??PathArcToFast@ImDrawList@@QAEXABUImVec2@@MHH@Z@4PAU3@A 100deda8     imgui_draw.obj
 0003:00068e08       ?$TSS0@?1??PathArcToFast@ImDrawList@@QAEXABUImVec2@@MHH@Z@4HA 100dee08     imgui_draw.obj
 0003:00068e0c       ?circle_vtx_builds@?1??PathArcToFast@ImDrawList@@QAEXABUImVec2@@MHH@Z@4_NA 100dee0c     imgui_draw.obj
 0003:00068e10       ?vec2_origin@@3VVector2D@@B 100dee10     bone_processing_hook.obj
 0003:00068e18       ?vec2_origin@@3VVector2D@@B 100dee18     createmove_hook.obj
 0003:00068e2c       ?oCreateMove@?1??CreateMove@c_hooks@@SI_NPAVIClientMode@@PAXMPAVCUserCmd@@@Z@4P6I_N01M2@ZA 100dee2c     createmove_hook.obj
 0003:00068e30       ?$TSS0@?1??CreateMove@c_hooks@@SI_NPAVIClientMode@@PAXMPAVCUserCmd@@@Z@4HA 100dee30     createmove_hook.obj
 0003:00068e44       ?vec2_origin@@3VVector2D@@B 100dee44     directx_preset_hook.obj
 0003:00068e4c       ?initialized@@3_NA         100dee4c     directx_preset_hook.obj
 0003:00068e50       ?oEndScene@?1??Hooked_EndScene@c_hooks@@SGXPAUIDirect3DDevice9@@@Z@4P6GX0@ZA 100dee50     directx_preset_hook.obj
 0003:00068e54       ?$TSS0@?1??Hooked_EndScene@c_hooks@@SGXPAUIDirect3DDevice9@@@Z@4HA 100dee54     directx_preset_hook.obj
 0003:00068e58       ?oEndSceneReset@?1??Hooked_EndScene_Reset@c_hooks@@SGXPAUIDirect3DDevice9@@PAU_D3DPRESENT_PARAMETERS_@@@Z@4P6GX01@ZA 100dee58     directx_preset_hook.obj
 0003:00068e5c       ?$TSS0@?1??Hooked_EndScene_Reset@c_hooks@@SGXPAUIDirect3DDevice9@@PAU_D3DPRESENT_PARAMETERS_@@@Z@4HA 100dee5c     directx_preset_hook.obj
 0003:00068e60       ?vec2_origin@@3VVector2D@@B 100dee60     dme_hook.obj
 0003:00068e68       ?glowOverlay@@3PAVIMaterial@@A 100dee68     dme_hook.obj
 0003:00068e6c       ?materialRegular@@3PAVIMaterial@@A 100dee6c     dme_hook.obj
 0003:00068e70       ?rifk_glow@@3PAVIMaterial@@A 100dee70     dme_hook.obj
 0003:00068e74       ?oDrawModelExecute@?1??DrawModelExecute@c_hooks@@SIXPAX0PAVIMatRenderContext@@ABUDrawModelState_t@@ABUModelRenderInfo_t@@PAVmatrix3x4_t@@@Z@4P6EX01234@ZA 100dee74     dme_hook.obj
 0003:00068e78       ?$TSS0@?1??DrawModelExecute@c_hooks@@SIXPAX0PAVIMatRenderContext@@ABUDrawModelState_t@@ABUModelRenderInfo_t@@PAVmatrix3x4_t@@@Z@4HA 100dee78     dme_hook.obj
 0003:00068e7c       ?normal_enemy@?1??DrawModelExecute@c_hooks@@SIXPAX0PAVIMatRenderContext@@ABUDrawModelState_t@@ABUModelRenderInfo_t@@PAVmatrix3x4_t@@@Z@4PAVIMaterial@@A 100dee7c     dme_hook.obj
 0003:00068e80       ?overide_enemy@?1??DrawModelExecute@c_hooks@@SIXPAX0PAVIMatRenderContext@@ABUDrawModelState_t@@ABUModelRenderInfo_t@@PAVmatrix3x4_t@@@Z@4PAVIMaterial@@A 100dee80     dme_hook.obj
 0003:00068e84       ?normal_local@?1??DrawModelExecute@c_hooks@@SIXPAX0PAVIMatRenderContext@@ABUDrawModelState_t@@ABUModelRenderInfo_t@@PAVmatrix3x4_t@@@Z@4PAVIMaterial@@A 100dee84     dme_hook.obj
 0003:00068e88       ?overide_local@?1??DrawModelExecute@c_hooks@@SIXPAX0PAVIMatRenderContext@@ABUDrawModelState_t@@ABUModelRenderInfo_t@@PAVmatrix3x4_t@@@Z@4PAVIMaterial@@A 100dee88     dme_hook.obj
 0003:00068e8c       ?desync_material@?1??DrawModelExecute@c_hooks@@SIXPAX0PAVIMatRenderContext@@ABUDrawModelState_t@@ABUModelRenderInfo_t@@PAVmatrix3x4_t@@@Z@4PAVIMaterial@@A 100dee8c     dme_hook.obj
 0003:00068e90       ?vec2_origin@@3VVector2D@@B 100dee90     event_hook.obj
 0003:00068e98       ?vec2_origin@@3VVector2D@@B 100dee98     fsn_hook.obj
 0003:00068ea4       ?oFrameStage@?1??FrameStageNotify@c_hooks@@SGXW4ClientFrameStage_t@@@Z@4P6GX0@ZA 100deea4     fsn_hook.obj
 0003:00068ea8       ?$TSS0@?1??FrameStageNotify@c_hooks@@SGXW4ClientFrameStage_t@@@Z@4HA 100deea8     fsn_hook.obj
 0003:00068eb0       ?vec2_origin@@3VVector2D@@B 100deeb0     hooking_init.obj
 0003:00068eb8       ?vec2_origin@@3VVector2D@@B 100deeb8     lock_cursor_hook.obj
 0003:00068ec0       ?oLockCursor@?1??LockCursor@c_hooks@@SIXPAVISurface@@PAX@Z@4P6IX01@ZA 100deec0     lock_cursor_hook.obj
 0003:00068ec4       ?$TSS0@?1??LockCursor@c_hooks@@SIXPAVISurface@@PAX@Z@4HA 100deec4     lock_cursor_hook.obj
 0003:00068ec8       ?vec2_origin@@3VVector2D@@B 100deec8     oview_hook.obj
 0003:00068ed8       ?oOverrideView@?1??OverrideView@c_hooks@@SIXPAX0PAVCViewSetup@@@Z@4P6IX001@ZA 100deed8     oview_hook.obj
 0003:00068edc       ?$TSS0@?1??OverrideView@c_hooks@@SIXPAX0PAVCViewSetup@@@Z@4HA 100deedc     oview_hook.obj
 0003:00068ee0       ?vec2_origin@@3VVector2D@@B 100deee0     painttraverse_hook.obj
 0003:00068eec       ?oPaintTraverse@?1??PaintTraverse@c_hooks@@SIXPAXHI_N1@Z@4P6EX0I11@ZA 100deeec     painttraverse_hook.obj
 0003:00068ef0       ?$TSS0@?1??PaintTraverse@c_hooks@@SIXPAXHI_N1@Z@4HA 100deef0     painttraverse_hook.obj
 0003:00068ef4       ?panelID@?1??PaintTraverse@c_hooks@@SIXPAXHI_N1@Z@4IA 100deef4     painttraverse_hook.obj
 0003:00068ef8       ?panelHudID@?1??PaintTraverse@c_hooks@@SIXPAXHI_N1@Z@4IA 100deef8     painttraverse_hook.obj
 0003:00068efc       ?vec2_origin@@3VVector2D@@B 100deefc     sceneend_hook.obj
 0003:00068f04       ?oSceneEnd@?1??SceneEnd@c_hooks@@SIXPAX0@Z@4P6IX00@ZA 100def04     sceneend_hook.obj
 0003:00068f08       ?$TSS0@?1??SceneEnd@c_hooks@@SIXPAX0@Z@4HA 100def08     sceneend_hook.obj
 0003:00068f0c       ?vec2_origin@@3VVector2D@@B 100def0c     wndproc_hook.obj
 0003:00068f14       ?pressed@?1??WndProc@c_hooks@@SGJPAUHWND__@@IIJ@Z@4_NA 100def14     wndproc_hook.obj
 0003:000690d4       ?vec2_origin@@3VVector2D@@B 100df0d4     menu_system.obj
 0003:000690dd       ?w_printf@XorCompileTime@@3V<lambda>@@A 100df0dd     menu_system.obj
 0003:000690de       ?w_printf_s@XorCompileTime@@3V<lambda>@@A 100df0de     menu_system.obj
 0003:000690df       ?w_sprintf_s@XorCompileTime@@3V<lambda>@@A 100df0df     menu_system.obj
 0003:000690e0       ?w_sprintf@XorCompileTime@@3V<lambda>@@A 100df0e0     menu_system.obj
 0003:000690e4       ?chams_sub@?3??visuals_tab@@YAXXZ@4HA 100df0e4     menu_system.obj
 0003:000690e8       ?buffer@?2??config_tab@@YAXXZ@4PADA 100df0e8     menu_system.obj
 0003:000690f8       ?page@?1??Render@c_menu@@QAEXXZ@4HA 100df0f8     menu_system.obj
 0003:000690fc       ?vec2_origin@@3VVector2D@@B 100df0fc     CEntity.obj
 0003:00069104       ?AbsAngles@?1??SetAbsAngles@C_BaseEntity@@QAEXVVector@@@Z@4P6EXPAV2@ABV3@@ZA 100df104     CEntity.obj
 0003:00069108       ?$TSS0@?1??SetAbsAngles@C_BaseEntity@@QAEXVVector@@@Z@4HA 100df108     CEntity.obj
 0003:0006910c       ?AbsOrigin@?1??SetAbsOrigin@C_BaseEntity@@QAEXVVector@@@Z@4P6EXPAXABV3@@ZA 100df10c     CEntity.obj
 0003:00069110       ?$TSS0@?1??SetAbsOrigin@C_BaseEntity@@QAEXVVector@@@Z@4HA 100df110     CEntity.obj
 0003:0006e838       ?vec2_origin@@3VVector2D@@B 100e4838     GlobalVars.obj
 0003:00070398       ?vec2_origin@@3VVector2D@@B 100e6398     Interfaces.obj
 0003:000703b0       ?signmask@@3T__m128@@B     100e63b0     Math.obj
 0003:000703c0       ?vec2_origin@@3VVector2D@@B 100e63c0     Math.obj
 0003:000703c8       ?random_float@?1??RandomFloat@Math@@QAEMMM@Z@4P6AMMM@ZA 100e63c8     Math.obj
 0003:000703cc       ?$TSS0@?1??RandomFloat@Math@@QAEMMM@Z@4HA 100e63cc     Math.obj
 0003:000703d4       ?_Fac_tidy_reg@std@@3U_Fac_tidy_reg_t@1@B 100e63d4     msvcprt:locale0_implib.obj
 0003:000703d8       ?_Fac_head@std@@3PAU_Fac_node@1@A 100e63d8     msvcprt:locale0_implib.obj
 0003:000703ec       ?_Tss_mutex@@3U_RTL_CRITICAL_SECTION@@A 100e63ec     MSVCRT:thread_safe_statics.obj
 0003:00070404       ?_Tss_cv@@3U_RTL_CONDITION_VARIABLE@@A 100e6404     MSVCRT:thread_safe_statics.obj
 0003:00070408       ?_Tss_event@@3PAXA         100e6408     MSVCRT:thread_safe_statics.obj
 0003:0007040c       ?encoded_sleep_condition_variable_cs@@3P6GHPAU_RTL_CONDITION_VARIABLE@@PAU_RTL_CRITICAL_SECTION@@K@ZA 100e640c     MSVCRT:thread_safe_statics.obj
 0003:00070410       ?encoded_wake_all_condition_variable@@3P6GXPAU_RTL_CONDITION_VARIABLE@@@ZA 100e6410     MSVCRT:thread_safe_statics.obj
 0003:00070420       ?is_initialized_as_dll@@3_NA 100e6420     MSVCRT:utility.obj
 0003:00070421       ?module_local_atexit_table_initialized@@3_NA 100e6421     MSVCRT:utility.obj
 0003:00070424       ?module_local_atexit_table@@3U_onexit_table_t@@A 100e6424     MSVCRT:utility.obj
 0003:00070430       ?module_local_at_quick_exit_table@@3U_onexit_table_t@@A 100e6430     MSVCRT:utility.obj
 0003:00070440       _GS_ExceptionRecord        100e6440     MSVCRT:gs_report.obj
 0003:00070490       _GS_ContextRecord          100e6490     MSVCRT:gs_report.obj
 0003:0007075c       ?__proc_attached@@3HA      100e675c     MSVCRT:dll_dllmain.obj
 0004:00000060       $R000000                   100e7060     * linker generated manifest res *

 Exports

  ordinal    name

